<html>
<body>
<pre>
<h1>µVision Build Log</h1>
<h2>Tool Versions:</h2>
IDE-Version: ¦ÌVision V5.38.0.0
Copyright (C) 2022 ARM Ltd and ARM Germany GmbH. All rights reserved.
License Information: °¡ 534299650@qq.com,  , LIC=VGXG8-3PBYS-QD9KD-8W7I1-WCZLV-LRJ1C
 
Tool Versions:
Toolchain:       MDK-ARM Plus  Version: 5.38.0.0
Toolchain Path:  E:\Keil_v5\ARM\ARMCC\Bin
C Compiler:      Armcc.exe V5.06 update 7 (build 960)
Assembler:       Armasm.exe V5.06 update 7 (build 960)
Linker/Locator:  ArmLink.exe V5.06 update 7 (build 960)
Library Manager: ArmAr.exe V5.06 update 7 (build 960)
Hex Converter:   FromElf.exe V5.06 update 7 (build 960)
CPU DLL:         SARMCM3.DLL V5.38.0.0
Dialog DLL:      DCM.DLL V1.17.5.0
Target DLL:      STLink\ST-LINKIII-KEIL_SWO.dll V3.1.0.0
Dialog DLL:      TCM.DLL V1.56.4.0
 
<h2>Project:</h2>
H:\plc\STM32CubeFunctionPack_PLCWIFI1_V1.0.1\Projects\Multi\Applications\FP_IND_PLCWIFI1\MDK-ARM\STM32F401RE-Nucleo\Project.uvprojx
Project File Date:  06/17/2024

<h2>Output:</h2>
*** Using Compiler 'V5.06 update 7 (build 960)', folder: 'E:\Keil_v5\ARM\ARMCC\Bin'
Rebuild target 'PLC01A1_OUT01A1'
compiling VNI8200XP.c...
compiling ISO8200BQ.c...
compiling CLT01_38S.c...
compiling X_NUCLEO_01A1.c...
compiling X_NUCLEO_PLC01A1.c...
../../../../../../Drivers/BSP/X-NUCLEO/X-NUCLEO-PLC01A1/X_NUCLEO_PLC01A1.c(962): warning:  #1035-D: single-precision operand implicitly converted to double-precision
    if(num3>0.5)
../../../../../../Drivers/BSP/X-NUCLEO/X-NUCLEO-PLC01A1/X_NUCLEO_PLC01A1.c: 1 warning, 0 errors
compiling system_stm32f4xx.c...
compiling wifi_interface.c...
compiling stm32_xx_hal_msp.c...
compiling wifi_module.c...
compiling console.c...
compiling stm32_xx_it.c...
compiling stm32f4xx_hal_pwr_ex.c...
compiling main.c...
compiling PLC_Handling.c...
compiling stm32f4xx_hal_flash_ex.c...
compiling stm32_spwf_wifi.c...
compiling stm32f4xx_nucleo.c...
compiling stm32f4xx_hal_flash_ramfunc.c...
compiling stm32f4xx_hal_adc_ex.c...
compiling stm32f4xx_hal_gpio.c...
compiling stm32f4xx_hal_flash.c...
compiling stm32f4xx_hal_adc.c...
compiling stm32f4xx_hal_tim_ex.c...
compiling stm32f4xx_hal_pwr.c...
compiling stm32f4xx_hal_dma.c...
compiling stm32f4xx_hal_rcc.c...
compiling stm32f4xx_hal_spi.c...
compiling stm32f4xx_hal_uart.c...
compiling stm32f4xx_hal.c...
assembling startup_stm32f401xe.s...
compiling stm32f4xx_hal_usart.c...
compiling stm32f4xx_hal_cortex.c...
compiling event_buffer.c...
compiling ring_buffer.c...
compiling wifi_globals.c...
compiling stm32f4xx_hal_rcc_ex.c...
compiling stm32f4xx_hal_tim.c...
compiling Ladder_Lib.c...
linking...
Program Size: Code=41952 RO-data=648 RW-data=344 ZI-data=25176  
FromELF: creating hex file...
".\PLC01A1_OUT01A1\PLC01A1_OUT01A1.axf" - 0 Error(s), 1 Warning(s).

<h2>Software Packages used:</h2>

Package Vendor: ARM
                http://www.keil.com/pack/ARM.CMSIS.5.9.0.pack
                ARM.CMSIS.5.9.0
                CMSIS (Common Microcontroller Software Interface Standard)
   * Component: CORE Version: 5.6.0

Package Vendor: Keil
                https://www.keil.com/pack/Keil.STM32F4xx_DFP.2.17.1.pack
                Keil.STM32F4xx_DFP.2.17.1
                STMicroelectronics STM32F4 Series Device Support, Drivers and Examples

<h2>Collection of Component include folders:</h2>
  ./RTE/_PLC01A1_OUT01A1
  E:/Users/53429/AppData/Local/Arm/Packs/ARM/CMSIS/5.9.0/CMSIS/Core/Include
  E:/Users/53429/AppData/Local/Arm/Packs/Keil/STM32F4xx_DFP/2.17.1/Drivers/CMSIS/Device/ST/STM32F4xx/Include

<h2>Collection of Component Files used:</h2>

   * Component: ARM::CMSIS:CORE:5.6.0
Build Time Elapsed:  00:00:03
</pre>
</body>
</html>
