Component: ARM Compiler 5.06 update 7 (build 960) Tool: armlink [4d3601]

==============================================================================

Section Cross References

    iso8200bq.o(i.ISO_DriveLoad) refers to x_nucleo_01a1.o(i.ISO8200BQ_IO_Write) for ISO8200BQ_IO_Write
    iso8200bq.o(i.ISO_DrivePin) refers to x_nucleo_01a1.o(i.ISO8200BQ_IO_Write) for ISO8200BQ_IO_Write
    iso8200bq.o(i.ISO_DriveSinch) refers to x_nucleo_01a1.o(i.ISO8200BQ_IO_Write) for ISO8200BQ_IO_Write
    iso8200bq.o(.data) refers to iso8200bq.o(i.ISO_DrivePin) for ISO_DrivePin
    iso8200bq.o(.data) refers to iso8200bq.o(i.ISO_DriveLoad) for ISO_DriveLoad
    iso8200bq.o(.data) refers to iso8200bq.o(i.ISO_DriveSinch) for ISO_DriveSinch
    vni8200xp.o(i.VNI8200XP_Deinit) refers to x_nucleo_plc01a1.o(i.VNI8200XP_IO_Deinit) for VNI8200XP_IO_Deinit
    vni8200xp.o(i.VNI8200XP_EnableOutputs) refers to x_nucleo_plc01a1.o(i.VNI8200XP_EnOut) for VNI8200XP_EnOut
    vni8200xp.o(i.VNI8200XP_GetChFaultStatus) refers to x_nucleo_plc01a1.o(i.VNI8200XP_FaultStatus) for VNI8200XP_FaultStatus
    vni8200xp.o(i.VNI8200XP_GetCommErrorStatus) refers to x_nucleo_plc01a1.o(i.VNI8200XP_CommErrorStatus) for VNI8200XP_CommErrorStatus
    vni8200xp.o(i.VNI8200XP_GetFbOkStatus) refers to x_nucleo_plc01a1.o(i.VNI8200XP_FbOkStatus) for VNI8200XP_FbOkStatus
    vni8200xp.o(i.VNI8200XP_GetPcFailStatus) refers to x_nucleo_plc01a1.o(i.VNI8200XP_PcFailStatus) for VNI8200XP_PcFailStatus
    vni8200xp.o(i.VNI8200XP_GetPowerGoodStatus) refers to x_nucleo_plc01a1.o(i.VNI8200XP_PowerGoodStatus) for VNI8200XP_PowerGoodStatus
    vni8200xp.o(i.VNI8200XP_GetTempWarningStatus) refers to x_nucleo_plc01a1.o(i.VNI8200XP_TempWarningStatus) for VNI8200XP_TempWarningStatus
    vni8200xp.o(i.VNI8200XP_Init) refers to x_nucleo_plc01a1.o(i.VNI8200XP_IO_Init) for VNI8200XP_IO_Init
    vni8200xp.o(i.VNI8200XP_Init) refers to x_nucleo_plc01a1.o(i.VNI8200XP_IO_Config) for VNI8200XP_IO_Config
    vni8200xp.o(i.VNI8200XP_Reset) refers to x_nucleo_plc01a1.o(i.VNI8200XP_ResetIt) for VNI8200XP_ResetIt
    vni8200xp.o(i.VNI8200XP_SetOutput) refers to x_nucleo_plc01a1.o(i.VNI8200XP_SendOutputData) for VNI8200XP_SendOutputData
    vni8200xp.o(.data) refers to vni8200xp.o(i.VNI8200XP_Init) for VNI8200XP_Init
    vni8200xp.o(.data) refers to vni8200xp.o(i.VNI8200XP_Deinit) for VNI8200XP_Deinit
    vni8200xp.o(.data) refers to vni8200xp.o(i.VNI8200XP_Reset) for VNI8200XP_Reset
    vni8200xp.o(.data) refers to vni8200xp.o(i.VNI8200XP_EnableOutputs) for VNI8200XP_EnableOutputs
    vni8200xp.o(.data) refers to vni8200xp.o(i.VNI8200XP_SetOutput) for VNI8200XP_SetOutput
    vni8200xp.o(.data) refers to vni8200xp.o(i.VNI8200XP_GetChFaultStatus) for VNI8200XP_GetChFaultStatus
    vni8200xp.o(.data) refers to vni8200xp.o(i.VNI8200XP_GetFbOkStatus) for VNI8200XP_GetFbOkStatus
    vni8200xp.o(.data) refers to vni8200xp.o(i.VNI8200XP_GetTempWarningStatus) for VNI8200XP_GetTempWarningStatus
    vni8200xp.o(.data) refers to vni8200xp.o(i.VNI8200XP_GetPcFailStatus) for VNI8200XP_GetPcFailStatus
    vni8200xp.o(.data) refers to vni8200xp.o(i.VNI8200XP_GetPowerGoodStatus) for VNI8200XP_GetPowerGoodStatus
    vni8200xp.o(.data) refers to vni8200xp.o(i.VNI8200XP_GetCommErrorStatus) for VNI8200XP_GetCommErrorStatus
    clt01_38s.o(i.CLT01_38S_GetCommErrorStatus) refers to x_nucleo_plc01a1.o(i.CLT01_38S_CommErrorStatus) for CLT01_38S_CommErrorStatus
    clt01_38s.o(i.CLT01_38S_GetData) refers to x_nucleo_plc01a1.o(i.CLT01_38S_GetInpData) for CLT01_38S_GetInpData
    clt01_38s.o(i.CLT01_38S_GetOtaStatus) refers to x_nucleo_plc01a1.o(i.CLT01_38S_OtaStatus) for CLT01_38S_OtaStatus
    clt01_38s.o(i.CLT01_38S_GetUvaStatus) refers to x_nucleo_plc01a1.o(i.CLT01_38S_UvaStatus) for CLT01_38S_UvaStatus
    clt01_38s.o(i.CLT01_38S_Init) refers to x_nucleo_plc01a1.o(i.CURRENT_LIMITER_IO_Init) for CURRENT_LIMITER_IO_Init
    clt01_38s.o(i.CLT01_38S_Init) refers to x_nucleo_plc01a1.o(i.CLT01_38S_IO_Config) for CLT01_38S_IO_Config
    clt01_38s.o(.data) refers to clt01_38s.o(i.CLT01_38S_Init) for CLT01_38S_Init
    clt01_38s.o(.data) refers to clt01_38s.o(i.CLT01_38S_Deinit) for CLT01_38S_Deinit
    clt01_38s.o(.data) refers to clt01_38s.o(i.CLT01_38S_GetData) for CLT01_38S_GetData
    clt01_38s.o(.data) refers to clt01_38s.o(i.CLT01_38S_GetOtaStatus) for CLT01_38S_GetOtaStatus
    clt01_38s.o(.data) refers to clt01_38s.o(i.CLT01_38S_GetUvaStatus) for CLT01_38S_GetUvaStatus
    clt01_38s.o(.data) refers to clt01_38s.o(i.CLT01_38S_GetCommErrorStatus) for CLT01_38S_GetCommErrorStatus
    x_nucleo_plc01a1.o(i.BSP_CURRENT_LIMITER_Read) refers to x_nucleo_plc01a1.o(.data) for CurrentLimiterDrv
    x_nucleo_plc01a1.o(i.BSP_CurrentLimiter_Init) refers to clt01_38s.o(.data) for CLT0138SQ7Drv
    x_nucleo_plc01a1.o(i.BSP_CurrentLimiter_Init) refers to x_nucleo_plc01a1.o(.data) for CurrentLimiterDrv
    x_nucleo_plc01a1.o(i.BSP_GetCurrentLimiterStatus) refers to x_nucleo_plc01a1.o(.data) for CurrentLimiterDrv
[...]
    __Vectors_End                            0x08000194   Data           0  startup_stm32f401xe.o(RESET)
    __main                                   0x08000195   Thumb Code     0  entry.o(.ARM.Collect$$$$00000000)
    _main_stk                                0x08000195   Thumb Code     0  entry2.o(.ARM.Collect$$$$00000001)
    _main_scatterload                        0x08000199   Thumb Code     0  entry5.o(.ARM.Collect$$$$00000004)
    __main_after_scatterload                 0x0800019d   Thumb Code     0  entry5.o(.ARM.Collect$$$$00000004)
    _main_clock                              0x0800019d   Thumb Code     0  entry7b.o(.ARM.Collect$$$$00000008)
    _main_cpp_init                           0x0800019d   Thumb Code     0  entry8b.o(.ARM.Collect$$$$0000000A)
    _main_init                               0x0800019d   Thumb Code     0  entry9a.o(.ARM.Collect$$$$0000000B)
    __rt_lib_shutdown_fini                   0x080001a5   Thumb Code     0  entry12b.o(.ARM.Collect$$$$0000000E)
    __rt_final_cpp                           0x080001a9   Thumb Code     0  entry10a.o(.ARM.Collect$$$$0000000F)
    __rt_final_exit                          0x080001a9   Thumb Code     0  entry11a.o(.ARM.Collect$$$$00000011)
    Reset_Handler                            0x080001ad   Thumb Code     8  startup_stm32f401xe.o(.text)
    HardFault_Handler                        0x080001b7   Thumb Code    84  startup_stm32f401xe.o(.text)
    ADC_IRQHandler                           0x08000219   Thumb Code     0  startup_stm32f401xe.o(.text)
    DMA1_Stream0_IRQHandler                  0x08000219   Thumb Code     0  startup_stm32f401xe.o(.text)
    DMA1_Stream1_IRQHandler                  0x08000219   Thumb Code     0  startup_stm32f401xe.o(.text)
    DMA1_Stream2_IRQHandler                  0x08000219   Thumb Code     0  startup_stm32f401xe.o(.text)
    DMA1_Stream3_IRQHandler                  0x08000219   Thumb Code     0  startup_stm32f401xe.o(.text)
    DMA1_Stream4_IRQHandler                  0x08000219   Thumb Code     0  startup_stm32f401xe.o(.text)
    DMA1_Stream5_IRQHandler                  0x08000219   Thumb Code     0  startup_stm32f401xe.o(.text)
    DMA1_Stream6_IRQHandler                  0x08000219   Thumb Code     0  startup_stm32f401xe.o(.text)
    DMA1_Stream7_IRQHandler                  0x08000219   Thumb Code     0  startup_stm32f401xe.o(.text)
    DMA2_Stream0_IRQHandler                  0x08000219   Thumb Code     0  startup_stm32f401xe.o(.text)
    DMA2_Stream1_IRQHandler                  0x08000219   Thumb Code     0  startup_stm32f401xe.o(.text)
    DMA2_Stream2_IRQHandler                  0x08000219   Thumb Code     0  startup_stm32f401xe.o(.text)
    DMA2_Stream3_IRQHandler                  0x08000219   Thumb Code     0  startup_stm32f401xe.o(.text)
    DMA2_Stream4_IRQHandler                  0x08000219   Thumb Code     0  startup_stm32f401xe.o(.text)
    DMA2_Stream5_IRQHandler                  0x08000219   Thumb Code     0  startup_stm32f401xe.o(.text)
    DMA2_Stream6_IRQHandler                  0x08000219   Thumb Code     0  startup_stm32f401xe.o(.text)
    DMA2_Stream7_IRQHandler                  0x08000219   Thumb Code     0  startup_stm32f401xe.o(.text)
    EXTI0_IRQHandler                         0x08000219   Thumb Code     0  startup_stm32f401xe.o(.text)
    EXTI15_10_IRQHandler                     0x08000219   Thumb Code     0  startup_stm32f401xe.o(.text)
    EXTI1_IRQHandler                         0x08000219   Thumb Code     0  startup_stm32f401xe.o(.text)
    EXTI2_IRQHandler                         0x08000219   Thumb Code     0  startup_stm32f401xe.o(.text)
    EXTI3_IRQHandler                         0x08000219   Thumb Code     0  startup_stm32f401xe.o(.text)
    EXTI4_IRQHandler                         0x08000219   Thumb Code     0  startup_stm32f401xe.o(.text)
    EXTI9_5_IRQHandler                       0x08000219   Thumb Code     0  startup_stm32f401xe.o(.text)
    FLASH_IRQHandler                         0x08000219   Thumb Code     0  startup_stm32f401xe.o(.text)
    FPU_IRQHandler                           0x08000219   Thumb Code     0  startup_stm32f401xe.o(.text)
    I2C1_ER_IRQHandler                       0x08000219   Thumb Code     0  startup_stm32f401xe.o(.text)
    I2C1_EV_IRQHandler                       0x08000219   Thumb Code     0  startup_stm32f401xe.o(.text)
    I2C2_ER_IRQHandler                       0x08000219   Thumb Code     0  startup_stm32f401xe.o(.text)
    I2C2_EV_IRQHandler                       0x08000219   Thumb Code     0  startup_stm32f401xe.o(.text)
    I2C3_ER_IRQHandler                       0x08000219   Thumb Code     0  startup_stm32f401xe.o(.text)
    I2C3_EV_IRQHandler                       0x08000219   Thumb Code     0  startup_stm32f401xe.o(.text)
    OTG_FS_IRQHandler                        0x08000219   Thumb Code     0  startup_stm32f401xe.o(.text)
    OTG_FS_WKUP_IRQHandler                   0x08000219   Thumb Code     0  startup_stm32f401xe.o(.text)
    PVD_IRQHandler                           0x08000219   Thumb Code     0  startup_stm32f401xe.o(.text)
    RCC_IRQHandler                           0x08000219   Thumb Code     0  startup_stm32f401xe.o(.text)
    RTC_Alarm_IRQHandler                     0x08000219   Thumb Code     0  startup_stm32f401xe.o(.text)
    RTC_WKUP_IRQHandler                      0x08000219   Thumb Code     0  startup_stm32f401xe.o(.text)
    SDIO_IRQHandler                          0x08000219   Thumb Code     0  startup_stm32f401xe.o(.text)
    SPI1_IRQHandler                          0x08000219   Thumb Code     0  startup_stm32f401xe.o(.text)
    SPI2_IRQHandler                          0x08000219   Thumb Code     0  startup_stm32f401xe.o(.text)
    SPI3_IRQHandler                          0x08000219   Thumb Code     0  startup_stm32f401xe.o(.text)
    SPI4_IRQHandler                          0x08000219   Thumb Code     0  startup_stm32f401xe.o(.text)
    TAMP_STAMP_IRQHandler                    0x08000219   Thumb Code     0  startup_stm32f401xe.o(.text)
    TIM1_BRK_TIM9_IRQHandler                 0x08000219   Thumb Code     0  startup_stm32f401xe.o(.text)
    TIM1_CC_IRQHandler                       0x08000219   Thumb Code     0  startup_stm32f401xe.o(.text)
    TIM1_TRG_COM_TIM11_IRQHandler            0x08000219   Thumb Code     0  startup_stm32f401xe.o(.text)
    TIM5_IRQHandler                          0x08000219   Thumb Code     0  startup_stm32f401xe.o(.text)
    USART6_IRQHandler                        0x08000219   Thumb Code     0  startup_stm32f401xe.o(.text)
    WWDG_IRQHandler                          0x08000219   Thumb Code     0  startup_stm32f401xe.o(.text)
    __aeabi_memcpy                           0x08000225   Thumb Code    36  memcpya.o(.text)
    __aeabi_memcpy4                          0x08000225   Thumb Code     0  memcpya.o(.text)
    __aeabi_memcpy8                          0x08000225   Thumb Code     0  memcpya.o(.text)
    __aeabi_memset                           0x08000249   Thumb Code    14  memseta.o(.text)
    __aeabi_memset4                          0x08000249   Thumb Code     0  memseta.o(.text)
    __aeabi_memset8                          0x08000249   Thumb Code     0  memseta.o(.text)
    __aeabi_memclr                           0x08000257   Thumb Code     4  memseta.o(.text)
    __aeabi_memclr4                          0x08000257   Thumb Code     0  memseta.o(.text)
    __aeabi_memclr8                          0x08000257   Thumb Code     0  memseta.o(.text)
    _memset$wrapper                          0x0800025b   Thumb Code    18  memseta.o(.text)
    strstr                                   0x0800026d   Thumb Code    36  strstr.o(.text)
    strlen                                   0x08000291   Thumb Code    14  strlen.o(.text)
    __aeabi_d2uiz                            0x0800029f   Thumb Code    50  dfixui.o(.text)
    __aeabi_f2d                              0x080002d1   Thumb Code    38  f2d.o(.text)
    __aeabi_cdrcmple                         0x080002f9   Thumb Code    48  cdrcmple.o(.text)
    __aeabi_uldivmod                         0x08000329   Thumb Code    98  uldiv.o(.text)
    __aeabi_llsr                             0x0800038b   Thumb Code    32  llushr.o(.text)
    _ll_ushift_r                             0x0800038b   Thumb Code     0  llushr.o(.text)
    __I$use$fp                               0x080003ab   Thumb Code     0  iusefp.o(.text)
    __aeabi_dadd                             0x080003ab   Thumb Code   322  dadd.o(.text)
    __aeabi_dsub                             0x080004ed   Thumb Code     6  dadd.o(.text)
    __aeabi_drsub                            0x080004f3   Thumb Code     6  dadd.o(.text)
    __aeabi_dmul                             0x080004f9   Thumb Code   228  dmul.o(.text)
    __aeabi_ddiv                             0x080005dd   Thumb Code   222  ddiv.o(.text)
    __ARM_scalbn                             0x080006bb   Thumb Code    46  dscalb.o(.text)
    scalbn                                   0x080006bb   Thumb Code     0  dscalb.o(.text)
    __aeabi_i2d                              0x080006e9   Thumb Code    34  dflti.o(.text)
    __scatterload                            0x0800070d   Thumb Code    28  init.o(.text)
    __scatterload_rt2                        0x0800070d   Thumb Code     0  init.o(.text)
    __aeabi_llsl                             0x08000731   Thumb Code    30  llshl.o(.text)
    _ll_shift_l                              0x08000731   Thumb Code     0  llshl.o(.text)
    __aeabi_lasr                             0x0800074f   Thumb Code    36  llsshr.o(.text)
    _ll_sshift_r                             0x0800074f   Thumb Code     0  llsshr.o(.text)
    _double_round                            0x08000773   Thumb Code    30  depilogue.o(.text)
    _double_epilogue                         0x08000791   Thumb Code   156  depilogue.o(.text)
    _dsqrt                                   0x0800082d   Thumb Code   162  dsqrt.o(.text)
    __decompress                             0x080008cf   Thumb Code     0  __dczerorl2.o(.text)
    __decompress1                            0x080008cf   Thumb Code    86  __dczerorl2.o(.text)
    BSP_CurrentLimiter_Init                  0x08000925   Thumb Code    50  x_nucleo_plc01a1.o(i.BSP_CurrentLimiter_Init)
    BSP_GetRelayStatus                       0x08000961   Thumb Code   104  x_nucleo_plc01a1.o(i.BSP_GetRelayStatus)
    BSP_LED_On                               0x080009cd   Thumb Code    24  stm32f4xx_nucleo.o(i.BSP_LED_On)
    BSP_RELAY_EN_Out                         0x080009ed   Thumb Code    12  x_nucleo_plc01a1.o(i.BSP_RELAY_EN_Out)
    BSP_RELAY_Reset                          0x080009fd   Thumb Code    12  x_nucleo_plc01a1.o(i.BSP_RELAY_Reset)
    BSP_RELAY_SetOutputs                     0x08000a0d   Thumb Code    16  x_nucleo_plc01a1.o(i.BSP_RELAY_SetOutputs)
    BSP_Relay_Init                           0x08000a21   Thumb Code    54  x_nucleo_plc01a1.o(i.BSP_Relay_Init)
    BusFault_Handler                         0x08000a61   Thumb Code    10  stm32_xx_it.o(i.BusFault_Handler)
    CLT01_38S_CommErrorStatus                0x08000a6d   Thumb Code   228  x_nucleo_plc01a1.o(i.CLT01_38S_CommErrorStatus)
    CLT01_38S_GetInpData                     0x08000b7d   Thumb Code    44  x_nucleo_plc01a1.o(i.CLT01_38S_GetInpData)
    CLT01_38S_IO_Config                      0x08000bd1   Thumb Code    62  x_nucleo_plc01a1.o(i.CLT01_38S_IO_Config)
    CLT01_38S_OtaStatus                      0x08000c2f   Thumb Code    12  x_nucleo_plc01a1.o(i.CLT01_38S_OtaStatus)
    CLT01_38S_UvaStatus                      0x08000c3b   Thumb Code    12  x_nucleo_plc01a1.o(i.CLT01_38S_UvaStatus)
    CLT_VNI_RxTx                             0x08000c49   Thumb Code    26  plc_handling.o(i.CLT_VNI_RxTx)
    CURRENT_LIMITER_IO_Init                  0x08000c6d   Thumb Code    16  x_nucleo_plc01a1.o(i.CURRENT_LIMITER_IO_Init)
    ClearFlag_ResetOUT                       0x08000c7d   Thumb Code     8  ladder_lib.o(i.ClearFlag_ResetOUT)
    Component_parser                         0x08000c89   Thumb Code   582  ladder_lib.o(i.Component_parser)
    DebugMon_Handler                         0x08000f09   Thumb Code    10  stm32_xx_it.o(i.DebugMon_Handler)
    Error_Handler                            0x08000f13   Thumb Code    14  wifi_module.o(i.Error_Handler)
    Evalute_Expression                       0x08000f21   Thumb Code  1628  ladder_lib.o(i.Evalute_Expression)
    GET_CLT_FB                               0x080015ad   Thumb Code   754  plc_handling.o(i.GET_CLT_FB)
    GET_VNI_FB                               0x080018b1   Thumb Code  1104  plc_handling.o(i.GET_VNI_FB)
    GET_VNI_OutFB                            0x08001d05   Thumb Code   664  plc_handling.o(i.GET_VNI_OutFB)
    GPIO_Config                              0x08001fad   Thumb Code   290  plc_handling.o(i.GPIO_Config)
    Get_AND                                  0x080020e1   Thumb Code    24  ladder_lib.o(i.Get_AND)
    Get_FeedbackICs                          0x080020f9   Thumb Code   714  plc_handling.o(i.Get_FeedbackICs)
    Get_FlagStatus                           0x080023d5   Thumb Code     8  ladder_lib.o(i.Get_FlagStatus)
    Get_Input                                0x080023e1   Thumb Code    12  ladder_lib.o(i.Get_Input)
    Get_NOT                                  0x080023ed   Thumb Code    18  ladder_lib.o(i.Get_NOT)
    Get_Next                                 0x08002401   Thumb Code    52  ladder_lib.o(i.Get_Next)
    Get_OR                                   0x08002439   Thumb Code    36  ladder_lib.o(i.Get_OR)
    Get_ResetOUT                             0x08002461   Thumb Code     6  ladder_lib.o(i.Get_ResetOUT)
    HAL_DMA_Abort_IT                         0x0800246d   Thumb Code    40  stm32f4xx_hal_dma.o(i.HAL_DMA_Abort_IT)
    HAL_Delay                                0x08002495   Thumb Code    30  stm32f4xx_hal.o(i.HAL_Delay)
    HAL_GPIO_DeInit                          0x080024b5   Thumb Code   282  stm32f4xx_hal_gpio.o(i.HAL_GPIO_DeInit)
    HAL_GPIO_Init                            0x080025ed   Thumb Code   436  stm32f4xx_hal_gpio.o(i.HAL_GPIO_Init)
    HAL_GPIO_WritePin                        0x080027c1   Thumb Code    12  stm32f4xx_hal_gpio.o(i.HAL_GPIO_WritePin)
    HAL_GetTick                              0x080027cd   Thumb Code     6  stm32f4xx_hal.o(i.HAL_GetTick)
    HAL_IncTick                              0x080027d9   Thumb Code    12  stm32f4xx_hal.o(i.HAL_IncTick)
    HAL_Init                                 0x080027e9   Thumb Code    54  stm32f4xx_hal.o(i.HAL_Init)
    HAL_InitTick                             0x08002825   Thumb Code    36  stm32f4xx_hal.o(i.HAL_InitTick)
    HAL_MspInit                              0x0800284d   Thumb Code     2  stm32f4xx_hal.o(i.HAL_MspInit)
    HAL_NVIC_DisableIRQ                      0x08002851   Thumb Code    22  stm32f4xx_hal_cortex.o(i.HAL_NVIC_DisableIRQ)
    HAL_NVIC_EnableIRQ                       0x0800286d   Thumb Code    26  stm32f4xx_hal_cortex.o(i.HAL_NVIC_EnableIRQ)
    HAL_NVIC_SetPriority                     0x08002887   Thumb Code   124  stm32f4xx_hal_cortex.o(i.HAL_NVIC_SetPriority)
    HAL_NVIC_SetPriorityGrouping             0x08002905   Thumb Code    32  stm32f4xx_hal_cortex.o(i.HAL_NVIC_SetPriorityGrouping)
    HAL_RCC_ClockConfig                      0x0800292d   Thumb Code   446  stm32f4xx_hal_rcc.o(i.HAL_RCC_ClockConfig)
    HAL_RCC_GetHCLKFreq                      0x08002afd   Thumb Code     6  stm32f4xx_hal_rcc.o(i.HAL_RCC_GetHCLKFreq)
    HAL_RCC_GetPCLK1Freq                     0x08002b09   Thumb Code    36  stm32f4xx_hal_rcc.o(i.HAL_RCC_GetPCLK1Freq)
    HAL_RCC_GetPCLK2Freq                     0x08002b35   Thumb Code    36  stm32f4xx_hal_rcc.o(i.HAL_RCC_GetPCLK2Freq)
    HAL_RCC_GetSysClockFreq                  0x08002b61   Thumb Code   168  stm32f4xx_hal_rcc.o(i.HAL_RCC_GetSysClockFreq)
    HAL_RCC_OscConfig                        0x08002c15   Thumb Code  1090  stm32f4xx_hal_rcc.o(i.HAL_RCC_OscConfig)
    HAL_SPI_GetState                         0x08003061   Thumb Code     8  stm32f4xx_hal_spi.o(i.HAL_SPI_GetState)
    HAL_SPI_Init                             0x08003069   Thumb Code   140  stm32f4xx_hal_spi.o(i.HAL_SPI_Init)
    HAL_SPI_MspInit                          0x080030f5   Thumb Code    78  stm32_xx_hal_msp.o(i.HAL_SPI_MspInit)
    HAL_SPI_TransmitReceive                  0x08003151   Thumb Code   542  stm32f4xx_hal_spi.o(i.HAL_SPI_TransmitReceive)
    HAL_SYSTICK_CLKSourceConfig              0x0800336f   Thumb Code    40  stm32f4xx_hal_cortex.o(i.HAL_SYSTICK_CLKSourceConfig)
    HAL_SYSTICK_Config                       0x08003397   Thumb Code    52  stm32f4xx_hal_cortex.o(i.HAL_SYSTICK_Config)
    HAL_TIMEx_BreakCallback                  0x080033cb   Thumb Code     2  stm32f4xx_hal_tim_ex.o(i.HAL_TIMEx_BreakCallback)
    HAL_TIMEx_CommutationCallback            0x080033cd   Thumb Code     2  stm32f4xx_hal_tim_ex.o(i.HAL_TIMEx_CommutationCallback)
    HAL_TIMEx_MasterConfigSynchronization    0x080033cf   Thumb Code    98  stm32f4xx_hal_tim_ex.o(i.HAL_TIMEx_MasterConfigSynchronization)
    HAL_TIM_Base_DeInit                      0x08003431   Thumb Code    70  stm32f4xx_hal_tim.o(i.HAL_TIM_Base_DeInit)
    HAL_TIM_Base_Init                        0x08003477   Thumb Code    52  stm32f4xx_hal_tim.o(i.HAL_TIM_Base_Init)
    HAL_TIM_Base_MspDeInit                   0x080034ab   Thumb Code     2  stm32f4xx_hal_tim.o(i.HAL_TIM_Base_MspDeInit)
    HAL_TIM_Base_MspInit                     0x080034ad   Thumb Code   230  stm32_xx_hal_msp.o(i.HAL_TIM_Base_MspInit)
    HAL_TIM_Base_Start_IT                    0x080035a5   Thumb Code    30  stm32f4xx_hal_tim.o(i.HAL_TIM_Base_Start_IT)
    HAL_TIM_Base_Stop_IT                     0x080035c3   Thumb Code    56  stm32f4xx_hal_tim.o(i.HAL_TIM_Base_Stop_IT)
    HAL_TIM_ConfigClockSource                0x080035fb   Thumb Code   306  stm32f4xx_hal_tim.o(i.HAL_TIM_ConfigClockSource)
    HAL_TIM_IC_CaptureCallback               0x0800372d   Thumb Code     2  stm32f4xx_hal_tim.o(i.HAL_TIM_IC_CaptureCallback)
    HAL_TIM_IRQHandler                       0x0800372f   Thumb Code   406  stm32f4xx_hal_tim.o(i.HAL_TIM_IRQHandler)
    HAL_TIM_OC_DelayElapsedCallback          0x080038c5   Thumb Code     2  stm32f4xx_hal_tim.o(i.HAL_TIM_OC_DelayElapsedCallback)
    HAL_TIM_PWM_PulseFinishedCallback        0x080038c7   Thumb Code     2  stm32f4xx_hal_tim.o(i.HAL_TIM_PWM_PulseFinishedCallback)
    HAL_TIM_PeriodElapsedCallback            0x080038c9   Thumb Code   124  stm32_xx_it.o(i.HAL_TIM_PeriodElapsedCallback)
    HAL_TIM_TriggerCallback                  0x08003969   Thumb Code     2  stm32f4xx_hal_tim.o(i.HAL_TIM_TriggerCallback)
    HAL_UART_DeInit                          0x0800396b   Thumb Code    46  stm32f4xx_hal_uart.o(i.HAL_UART_DeInit)
    HAL_UART_ErrorCallback                   0x08003999   Thumb Code    12  stm32_xx_it.o(i.HAL_UART_ErrorCallback)
    HAL_UART_IRQHandler                      0x080039a5   Thumb Code   326  stm32f4xx_hal_uart.o(i.HAL_UART_IRQHandler)
    HAL_UART_Init                            0x08003af1   Thumb Code   114  stm32f4xx_hal_uart.o(i.HAL_UART_Init)
    HAL_UART_MspDeInit                       0x08003b65   Thumb Code    58  stm32_xx_hal_msp.o(i.HAL_UART_MspDeInit)
    HAL_UART_MspInit                         0x08003bad   Thumb Code   228  stm32_xx_hal_msp.o(i.HAL_UART_MspInit)
    HAL_UART_Receive_IT                      0x08003c9d   Thumb Code   100  stm32f4xx_hal_uart.o(i.HAL_UART_Receive_IT)
    HAL_UART_RxCpltCallback                  0x08003d01   Thumb Code    12  stm32_xx_it.o(i.HAL_UART_RxCpltCallback)
    HAL_UART_Transmit                        0x08003d0d   Thumb Code   214  stm32f4xx_hal_uart.o(i.HAL_UART_Transmit)
    HAL_UART_TxCpltCallback                  0x08003de3   Thumb Code    12  stm32_xx_it.o(i.HAL_UART_TxCpltCallback)
    HardFaultHandlerd_dispatch               0x08003def   Thumb Code     8  stm32_xx_it.o(i.HardFaultHandlerd_dispatch)
    Init_Output                              0x08003df9   Thumb Code   212  ladder_lib.o(i.Init_Output)
    MemManage_Handler                        0x08003ef9   Thumb Code    10  stm32_xx_it.o(i.MemManage_Handler)
    NMI_Handler                              0x08003f03   Thumb Code     2  stm32_xx_it.o(i.NMI_Handler)
    PLC_GetOutput                            0x08003f3d   Thumb Code   216  ladder_lib.o(i.PLC_GetOutput)
    PLC_Polling                              0x0800401d   Thumb Code    46  plc_handling.o(i.PLC_Polling)
    PLC_TimComp_Init                         0x08004059   Thumb Code   248  x_nucleo_plc01a1.o(i.PLC_TimComp_Init)
    PLC_WD                                   0x08004171   Thumb Code    24  plc_handling.o(i.PLC_WD)
    PLC_WiFi_Interface                       0x0800418d   Thumb Code   212  plc_handling.o(i.PLC_WiFi_Interface)
    PendSV_Handler                           0x080042cd   Thumb Code     2  stm32_xx_it.o(i.PendSV_Handler)
    Process_Buffer                           0x080042d1   Thumb Code  4426  wifi_module.o(i.Process_Buffer)
    Process_DeQed_Wind_Indication            0x080054a1   Thumb Code   596  wifi_module.o(i.Process_DeQed_Wind_Indication)
    Process_WiFi                             0x08005711   Thumb Code    66  wifi_module.o(i.Process_WiFi)
    Process_Wind_Indication                  0x08005761   Thumb Code  1184  wifi_module.o(i.Process_Wind_Indication)
    Queue_Client_Close_Event                 0x08005c05   Thumb Code    52  wifi_module.o(i.Queue_Client_Close_Event)
    RELAY_IO_Init                            0x08005c3d   Thumb Code    16  x_nucleo_plc01a1.o(i.RELAY_IO_Init)
    Receive_Data                             0x08005c4d   Thumb Code    46  wifi_module.o(i.Receive_Data)
    Reset_AT_CMD_Buffer                      0x08005c91   Thumb Code    14  wifi_module.o(i.Reset_AT_CMD_Buffer)
    Reset_Count                              0x08005ca5   Thumb Code    50  ladder_lib.o(i.Reset_Count)
    Reset_FlagStatus                         0x08005ce5   Thumb Code     8  ladder_lib.o(i.Reset_FlagStatus)
    Restore                                  0x08005cf1   Thumb Code    16  ladder_lib.o(i.Restore)
    Resume_Dequeue                           0x08005d09   Thumb Code     8  wifi_module.o(i.Resume_Dequeue)
    Round_Number                             0x08005d15   Thumb Code   100  x_nucleo_plc01a1.o(i.Round_Number)
    SET_Configuration_Addr                   0x08005d85   Thumb Code    56  wifi_module.o(i.SET_Configuration_Addr)
    SET_Configuration_Value                  0x08005dd5   Thumb Code    56  wifi_module.o(i.SET_Configuration_Value)
    SET_Power_State                          0x08005e25   Thumb Code    78  wifi_module.o(i.SET_Power_State)
    SET_SSID                                 0x08005e89   Thumb Code    48  wifi_module.o(i.SET_SSID)
    SPI1_Config                              0x08005ed1   Thumb Code    58  plc_handling.o(i.SPI1_Config)
    SVC_Handler                              0x080060fb   Thumb Code    10  stm32_xx_it.o(i.SVC_Handler)
    Save                                     0x08006105   Thumb Code    16  ladder_lib.o(i.Save)
    Save_Current_Setting                     0x0800611d   Thumb Code    44  wifi_module.o(i.Save_Current_Setting)
    Set_WiFi_Control_Variables               0x08006155   Thumb Code    44  wifi_module.o(i.Set_WiFi_Control_Variables)
    Set_WiFi_Counter_Variables               0x08006189   Thumb Code    38  wifi_module.o(i.Set_WiFi_Counter_Variables)
    Socket_Pending_Data                      0x080061b5   Thumb Code    66  wifi_interface.o(i.Socket_Pending_Data)
    Socket_Read                              0x08006219   Thumb Code    80  wifi_interface.o(i.Socket_Read)
    Start_DeepSleep_Timer                    0x08006289   Thumb Code    16  wifi_module.o(i.Start_DeepSleep_Timer)
    Start_Timer                              0x080062a1   Thumb Code    12  wifi_module.o(i.Start_Timer)
    Stop_DeepSleep_Timer                     0x080062b1   Thumb Code    14  wifi_module.o(i.Stop_DeepSleep_Timer)
    Stop_Dequeue                             0x080062c9   Thumb Code     8  wifi_module.o(i.Stop_Dequeue)
    Stop_Timer                               0x080062d5   Thumb Code    14  wifi_module.o(i.Stop_Timer)
    SysTick_Handler                          0x080062e9   Thumb Code   238  stm32_xx_it.o(i.SysTick_Handler)
    SystemClock_Config                       0x08006401   Thumb Code   174  main.o(i.SystemClock_Config)
    SystemInit                               0x080064b9   Thumb Code    82  system_stm32f4xx.o(i.SystemInit)
    TIM1_UP_TIM10_IRQHandler                 0x0800651d   Thumb Code    10  stm32_xx_it.o(i.TIM1_UP_TIM10_IRQHandler)
    TIM2_IRQHandler                          0x0800652d   Thumb Code    10  stm32_xx_it.o(i.TIM2_IRQHandler)
    TIM3_IRQHandler                          0x0800653d   Thumb Code    10  stm32_xx_it.o(i.TIM3_IRQHandler)
    TIM4_IRQHandler                          0x0800654d   Thumb Code    10  stm32_xx_it.o(i.TIM4_IRQHandler)
    TIM_Base_SetConfig                       0x0800655d   Thumb Code   148  stm32f4xx_hal_tim.o(i.TIM_Base_SetConfig)
    Timer_Config                             0x08006691   Thumb Code    60  stm32_spwf_wifi.o(i.Timer_Config)
    ToAnalizeCounterIN                       0x080066dd   Thumb Code   106  ladder_lib.o(i.ToAnalizeCounterIN)
    To_Evaluated                             0x08006761   Thumb Code    40  ladder_lib.o(i.To_Evaluated)
    UART_Configuration                       0x0800678d   Thumb Code    60  stm32_spwf_wifi.o(i.UART_Configuration)
    UART_Msg_Gpio_Init                       0x08006825   Thumb Code   190  stm32_spwf_wifi.o(i.UART_Msg_Gpio_Init)
    USART1_IRQHandler                        0x08006dc5   Thumb Code    10  stm32_xx_it.o(i.USART1_IRQHandler)
    USART2_IRQHandler                        0x08006dd5   Thumb Code    10  stm32_xx_it.o(i.USART2_IRQHandler)
    USART_PRINT_MSG_Configuration            0x08006de5   Thumb Code    52  stm32_spwf_wifi.o(i.USART_PRINT_MSG_Configuration)
    USART_Receive_AT_Resp                    0x08006e21   Thumb Code    26  wifi_module.o(i.USART_Receive_AT_Resp)
    USART_Transmit_AT_Cmd                    0x08006e45   Thumb Code    96  wifi_module.o(i.USART_Transmit_AT_Cmd)
    UsageFault_Handler                       0x08006ed5   Thumb Code    10  stm32_xx_it.o(i.UsageFault_Handler)
    VNI8200XP_CommErrorStatus                0x08006ee1   Thumb Code   208  x_nucleo_plc01a1.o(i.VNI8200XP_CommErrorStatus)
    VNI8200XP_EnOut                          0x08006fd1   Thumb Code    14  x_nucleo_plc01a1.o(i.VNI8200XP_EnOut)
    VNI8200XP_FaultStatus                    0x08006fed   Thumb Code    14  x_nucleo_plc01a1.o(i.VNI8200XP_FaultStatus)
    VNI8200XP_FbOkStatus                     0x08006ffb   Thumb Code    12  x_nucleo_plc01a1.o(i.VNI8200XP_FbOkStatus)
    VNI8200XP_IO_Config                      0x08007051   Thumb Code   106  x_nucleo_plc01a1.o(i.VNI8200XP_IO_Config)
    VNI8200XP_IO_Deinit                      0x080070c9   Thumb Code     2  x_nucleo_plc01a1.o(i.VNI8200XP_IO_Deinit)
    VNI8200XP_IO_Init                        0x080070cb   Thumb Code     8  x_nucleo_plc01a1.o(i.VNI8200XP_IO_Init)
    VNI8200XP_PcFailStatus                   0x080070e9   Thumb Code    10  x_nucleo_plc01a1.o(i.VNI8200XP_PcFailStatus)
    VNI8200XP_PowerGoodStatus                0x080070f3   Thumb Code    10  x_nucleo_plc01a1.o(i.VNI8200XP_PowerGoodStatus)
    VNI8200XP_ResetIt                        0x08007105   Thumb Code    14  x_nucleo_plc01a1.o(i.VNI8200XP_ResetIt)
    VNI8200XP_SendOutputData                 0x08007119   Thumb Code   190  x_nucleo_plc01a1.o(i.VNI8200XP_SendOutputData)
    VNI8200XP_TempWarningStatus              0x08007209   Thumb Code    10  x_nucleo_plc01a1.o(i.VNI8200XP_TempWarningStatus)
    VNI_TxRx                                 0x08007215   Thumb Code   114  plc_handling.o(i.VNI_TxRx)
    Wait_For_Sock_Read_To_Complete           0x0800729d   Thumb Code    30  wifi_module.o(i.Wait_For_Sock_Read_To_Complete)
    WiFiServer_Answer                        0x080072c1   Thumb Code    38  plc_handling.o(i.WiFiServer_Answer)
    WiFi_Decode                              0x080072ed   Thumb Code  1214  ladder_lib.o(i.WiFi_Decode)
    WiFi_HAL_UART_ErrorCallback              0x080077d5   Thumb Code    10  wifi_module.o(i.WiFi_HAL_UART_ErrorCallback)
    WiFi_HAL_UART_RxCpltCallback             0x080077e1   Thumb Code    96  wifi_module.o(i.WiFi_HAL_UART_RxCpltCallback)
    WiFi_HAL_UART_TxCpltCallback             0x08007855   Thumb Code     8  wifi_module.o(i.WiFi_HAL_UART_TxCpltCallback)
    WiFi_Module_Init                         0x08007861   Thumb Code    70  wifi_module.o(i.WiFi_Module_Init)
    WiFi_switch_to_command_mode              0x080078bd   Thumb Code    34  wifi_module.o(i.WiFi_switch_to_command_mode)
    WiFi_switch_to_data_mode                 0x080078ed   Thumb Code    34  wifi_module.o(i.WiFi_switch_to_data_mode)
    Wifi_SysTick_Isr                         0x0800791d   Thumb Code   214  wifi_module.o(i.Wifi_SysTick_Isr)
    Wifi_TIM_Handler                         0x08007a05   Thumb Code  2080  wifi_module.o(i.Wifi_TIM_Handler)
    __0printf$4                              0x08008239   Thumb Code    22  printf4.o(i.__0printf$4)
    __1printf$4                              0x08008239   Thumb Code     0  printf4.o(i.__0printf$4)
    __2printf                                0x08008239   Thumb Code     0  printf4.o(i.__0printf$4)
    __0sprintf$4                             0x08008259   Thumb Code    34  printf4.o(i.__0sprintf$4)
    __1sprintf$4                             0x08008259   Thumb Code     0  printf4.o(i.__0sprintf$4)
    __2sprintf                               0x08008259   Thumb Code     0  printf4.o(i.__0sprintf$4)
    __ARM_fpclassify                         0x08008281   Thumb Code    48  fpclassify.o(i.__ARM_fpclassify)
    __hardfp_pow                             0x080082b1   Thumb Code  3072  pow.o(i.__hardfp_pow)
    __kernel_poly                            0x08008f01   Thumb Code   248  poly.o(i.__kernel_poly)
    __mathlib_dbl_divzero                    0x08008ff9   Thumb Code    28  dunder.o(i.__mathlib_dbl_divzero)
    __mathlib_dbl_infnan2                    0x08009029   Thumb Code    20  dunder.o(i.__mathlib_dbl_infnan2)
    __mathlib_dbl_invalid                    0x08009041   Thumb Code    24  dunder.o(i.__mathlib_dbl_invalid)
    __mathlib_dbl_overflow                   0x08009061   Thumb Code    24  dunder.o(i.__mathlib_dbl_overflow)
    __mathlib_dbl_underflow                  0x08009081   Thumb Code    24  dunder.o(i.__mathlib_dbl_underflow)
    __scatterload_copy                       0x080090a1   Thumb Code    14  handlers.o(i.__scatterload_copy)
    __scatterload_null                       0x080090af   Thumb Code     2  handlers.o(i.__scatterload_null)
    __scatterload_zeroinit                   0x080090b1   Thumb Code    14  handlers.o(i.__scatterload_zeroinit)
    __set_errno                              0x080090c1   Thumb Code     6  errno.o(i.__set_errno)
    empty                                    0x08009303   Thumb Code    14  ring_buffer.o(i.empty)
    event_empty                              0x08009311   Thumb Code    14  event_buffer.o(i.event_empty)
    event_full                               0x0800931f   Thumb Code    20  event_buffer.o(i.event_full)
    event_init                               0x08009335   Thumb Code    22  event_buffer.o(i.event_init)
    fabs                                     0x08009351   Thumb Code    24  fabs.o(i.fabs)
    fputc                                    0x08009369   Thumb Code    14  console.o(i.fputc)
    full                                     0x08009377   Thumb Code    18  ring_buffer.o(i.full)
    ind_socket_server_client_joined          0x08009389   Thumb Code    20  main.o(i.ind_socket_server_client_joined)
    ind_socket_server_client_left            0x080093b1   Thumb Code    16  main.o(i.ind_socket_server_client_left)
    ind_wifi_ap_client_joined                0x080093e9   Thumb Code     2  main.o(i.ind_wifi_ap_client_joined)
    ind_wifi_ap_client_left                  0x080093ed   Thumb Code    24  main.o(i.ind_wifi_ap_client_left)
    ind_wifi_ap_ready                        0x08009429   Thumb Code     2  wifi_module.o(i.ind_wifi_ap_ready)
    ind_wifi_connected                       0x0800942d   Thumb Code     8  main.o(i.ind_wifi_connected)
    ind_wifi_connection_error                0x08009439   Thumb Code     2  wifi_module.o(i.ind_wifi_connection_error)
    ind_wifi_error                           0x0800943b   Thumb Code     2  wifi_module.o(i.ind_wifi_error)
    ind_wifi_file_data_available             0x0800943d   Thumb Code     2  wifi_module.o(i.ind_wifi_file_data_available)
    ind_wifi_http_data_available             0x0800943f   Thumb Code     2  wifi_module.o(i.ind_wifi_http_data_available)
    ind_wifi_on                              0x08009441   Thumb Code     8  main.o(i.ind_wifi_on)
    ind_wifi_packet_lost                     0x0800944d   Thumb Code     2  wifi_module.o(i.ind_wifi_packet_lost)
    ind_wifi_resuming                        0x0800944f   Thumb Code     2  wifi_module.o(i.ind_wifi_resuming)
    ind_wifi_socket_client_remote_server_closed 0x08009451   Thumb Code     2  wifi_module.o(i.ind_wifi_socket_client_remote_server_closed)
    ind_wifi_socket_data_received            0x08009455   Thumb Code   112  main.o(i.ind_wifi_socket_data_received)
    ind_wifi_socket_server_data_lost         0x080094f1   Thumb Code     2  wifi_module.o(i.ind_wifi_socket_server_data_lost)
    ind_wifi_warning                         0x080094f3   Thumb Code     2  wifi_module.o(i.ind_wifi_warning)
    init                                     0x080094f5   Thumb Code    16  ring_buffer.o(i.init)
    initializePlc                            0x08009509   Thumb Code   106  plc_handling.o(i.initializePlc)
    is_half_empty                            0x08009589   Thumb Code    16  ring_buffer.o(i.is_half_empty)
    is_half_full                             0x08009599   Thumb Code    22  ring_buffer.o(i.is_half_full)
    main                                     0x080095b1   Thumb Code   272  main.o(i.main)
    pop_buffer_queue                         0x080096fd   Thumb Code   322  ring_buffer.o(i.pop_buffer_queue)
    pop_eventbuffer_queue                    0x0800984d   Thumb Code   130  event_buffer.o(i.pop_eventbuffer_queue)
    push_buffer_queue                        0x080098d5   Thumb Code    54  ring_buffer.o(i.push_buffer_queue)
    push_eventbuffer_queue                   0x0800990b   Thumb Code   144  event_buffer.o(i.push_eventbuffer_queue)
    reset_event                              0x0800999b   Thumb Code    26  event_buffer.o(i.reset_event)
    rewind_buffer_queue                      0x080099b5   Thumb Code    62  ring_buffer.o(i.rewind_buffer_queue)
    sqrt                                     0x080099f3   Thumb Code   110  sqrt.o(i.sqrt)
    uartSendChar                             0x08009a61   Thumb Code    20  console.o(i.uartSendChar)
    wait_for_command_mode                    0x08009a79   Thumb Code    14  wifi_interface.o(i.wait_for_command_mode)
    wifi_ap_start                            0x08009a8d   Thumb Code   102  wifi_interface.o(i.wifi_ap_start)
    wifi_init                                0x08009b29   Thumb Code   852  wifi_interface.o(i.wifi_init)
    wifi_reset                               0x0800a035   Thumb Code   176  wifi_module.o(i.wifi_reset)
    wifi_socket_server_open                  0x0800a0f9   Thumb Code    56  wifi_interface.o(i.wifi_socket_server_open)
    wifi_socket_server_write                 0x0800a14d   Thumb Code   150  wifi_interface.o(i.wifi_socket_server_write)
    wifi_wakeup                              0x0800a1f5   Thumb Code    92  wifi_interface.o(i.wifi_wakeup)
    AHBPrescTable                            0x0800a25c   Data          16  system_stm32f4xx.o(.constdata)
    APBPrescTable                            0x0800a26c   Data           8  system_stm32f4xx.o(.constdata)
    GPIO_PIN                                 0x0800a274   Data           2  stm32f4xx_nucleo.o(.constdata)
    BUTTON_PIN                               0x0800a276   Data           2  stm32f4xx_nucleo.o(.constdata)
    BUTTON_IRQn                              0x0800a278   Data           1  stm32f4xx_nucleo.o(.constdata)
    __mathlib_zero                           0x0800a308   Data           8  qnan.o(.constdata)
    Region$$Table$$Base                      0x0800a330   Number         0  anon$$obj.o(Region$$Table)
    Region$$Table$$Limit                     0x0800a350   Number         0  anon$$obj.o(Region$$Table)
    VNI8200XPDrv                             0x20000000   Data          44  vni8200xp.o(.data)
    CLT0138SQ7Drv                            0x2000002c   Data          24  clt01_38s.o(.data)
    uwPrescalerValue                         0x20000070   Data           4  stm32_spwf_wifi.o(.data)
    SystemCoreClock                          0x20000080   Data           4  system_stm32f4xx.o(.data)
    WD_Reset                                 0x20000084   Data           2  main.o(.data)
    CLT_READ                                 0x20000086   Data           1  main.o(.data)
    output_status                            0x20000087   Data           1  main.o(.data)
    ToISOPLC                                 0x20000088   Data           2  main.o(.data)
    ToSPI                                    0x2000008a   Data           1  main.o(.data)
    ToIPS                                    0x2000008b   Data           1  main.o(.data)
    Array_Index                              0x2000008c   Data           2  main.o(.data)
    param_array                              0x20000090   Data           4  main.o(.data)
    var                                      0x20000094   Data           4  main.o(.data)
    RX_ClientFrame                           0x20000098   Data           1  main.o(.data)
    client_connection                        0x20000099   Data           1  main.o(.data)
    PLC_State                                0x2000009a   Data           1  main.o(.data)
    CLT_State                                0x2000009b   Data           1  main.o(.data)
    Board_State                              0x2000009c   Data           1  main.o(.data)
    Tim_Struct                               0x2000009e   Data           8  main.o(.data)
    Tim_Setting                              0x200000a6   Data           8  main.o(.data)
    Frame_decoding                           0x200000ae   Data           1  main.o(.data)
    wifi_state                               0x200000af   Data           1  main.o(.data)
    set_AP_config                            0x200000b0   Data           1  main.o(.data)
    mode                                     0x200000b1   Data           1  main.o(.data)
    console_input                            0x200000b2   Data           1  main.o(.data)
    console_count                            0x200000b3   Data           1  main.o(.data)
    ssid                                     0x200000b4   Data           4  main.o(.data)
    channel_num                              0x200000b8   Data           1  main.o(.data)
    len                                      0x200000ba   Data           2  main.o(.data)
    answer                                   0x200000bc   Data           4  main.o(.data)
    seckey                                   0x200000c0   Data           4  main.o(.data)
    Query_CLT                                0x200000c4   Data           1  stm32_xx_it.o(.data)
    WD_Refresh                               0x200000c5   Data           1  stm32_xx_it.o(.data)
    npolling                                 0x200000c6   Data           2  stm32_xx_it.o(.data)
    fault_tick                               0x200000c8   Data           1  stm32_xx_it.o(.data)
    refresh                                  0x200000c9   Data           1  stm32_xx_it.o(.data)
    ret_VNI                                  0x200000cc   Data           1  plc_handling.o(.data)
    ret_byte                                 0x200000d0   Data           4  plc_handling.o(.data)
    var1                                     0x200000d4   Data           1  plc_handling.o(.data)
    Output_Index                             0x200000d5   Data           1  plc_handling.o(.data)
    FB_Data                                  0x200000d6   Data           3  plc_handling.o(.data)
    FB_Data1                                 0x200000d9   Data           3  plc_handling.o(.data)
    str_data                                 0x200000dc   Data           8  plc_handling.o(.data)
    output_prog                              0x200000e4   Data           1  plc_handling.o(.data)
    device_FB                                0x200000e5   Data           1  plc_handling.o(.data)
    VNI_TxBuffer                             0x200000e6   Data           2  plc_handling.o(.data)
    VNI_RxBuffer                             0x200000e8   Data           2  plc_handling.o(.data)
    CLT_TxBuffer                             0x200000ea   Data           2  plc_handling.o(.data)
    CLT_RxBuffer                             0x200000ec   Data           2  plc_handling.o(.data)
    Parity_Cal0                              0x200000ee   Data           1  plc_handling.o(.data)
    Parity_Cal1                              0x200000ef   Data           1  plc_handling.o(.data)
    Parity_Cal2                              0x200000f0   Data           1  plc_handling.o(.data)
    Parity_Cal3                              0x200000f1   Data           1  plc_handling.o(.data)
    Parity_Cal4                              0x200000f2   Data           1  plc_handling.o(.data)
    Parity_Cal5                              0x200000f3   Data           1  plc_handling.o(.data)
    Parity_Cal6                              0x200000f4   Data           1  plc_handling.o(.data)
    Parity_Cal7                              0x200000f5   Data           1  plc_handling.o(.data)
    nP0                                      0x200000f6   Data           1  plc_handling.o(.data)
    P0                                       0x200000f7   Data           1  plc_handling.o(.data)
    P1                                       0x200000f8   Data           1  plc_handling.o(.data)
    P2                                       0x200000f9   Data           1  plc_handling.o(.data)
    Input_CHS                                0x200000fa   Data           1  plc_handling.o(.data)
    com_flag                                 0x200000fb   Data           1  plc_handling.o(.data)
    GPIO_PORT                                0x200000fc   Data           4  stm32f4xx_nucleo.o(.data)
    BUTTON_PORT                              0x20000100   Data           4  stm32f4xx_nucleo.o(.data)
    SpixTimeout                              0x20000104   Data           4  stm32f4xx_nucleo.o(.data)
    uwTick                                   0x20000108   Data           4  stm32f4xx_hal.o(.data)
    wifi_connected                           0x2000010c   Data           1  wifi_globals.o(.data)
    wifi_client_connected                    0x2000010d   Data           1  wifi_globals.o(.data)
    wifi_client_disconnected                 0x2000010e   Data           1  wifi_globals.o(.data)
    open_sockets                             0x2000010f   Data           8  wifi_globals.o(.data)
    wifi_scanned_list                        0x20000118   Data           4  wifi_globals.o(.data)
    check_status                             0x2000011c   Data           1  ladder_lib.o(.data)
    argument                                 0x2000011d   Data           1  ladder_lib.o(.data)
    decode                                   0x2000011e   Data           1  ladder_lib.o(.data)
    dec_index                                0x20000120   Data           2  ladder_lib.o(.data)
    output_buffer                            0x20000122   Data           1  ladder_lib.o(.data)
    decoded_index                            0x20000123   Data           1  ladder_lib.o(.data)
    element_index                            0x20000124   Data           1  ladder_lib.o(.data)
    res_index                                0x20000125   Data           1  ladder_lib.o(.data)
    rung_pos                                 0x20000126   Data           1  ladder_lib.o(.data)
    reset_request                            0x20000127   Data           1  ladder_lib.o(.data)
    var_tim                                  0x20000128   Data           1  ladder_lib.o(.data)
    component_index                          0x2000012a   Data           2  ladder_lib.o(.data)
    comp_param                               0x2000012c   Data           8  ladder_lib.o(.data)
    htim4_idx                                0x20000134   Data           1  ladder_lib.o(.data)
    htim1_idx                                0x20000135   Data           1  ladder_lib.o(.data)
    index_t                                  0x20000136   Data           1  ladder_lib.o(.data)
    index_c                                  0x20000137   Data           1  ladder_lib.o(.data)
    cnt1TH                                   0x20000138   Data           1  ladder_lib.o(.data)
    cnt2TH                                   0x20000139   Data           1  ladder_lib.o(.data)
    timer1_cnt                               0x2000013a   Data           1  ladder_lib.o(.data)
    timer2_cnt                               0x2000013b   Data           1  ladder_lib.o(.data)
    POG                                      0x2000013c   Data           1  ladder_lib.o(.data)
    __stdout                                 0x20000140   Data           4  stdout.o(.data)
    TIM_EXPBD_Handle                         0x200001a0   Data          60  x_nucleo_plc01a1.o(.bss)
    wifi_instances                           0x200001dc   Data          84  wifi_module.o(.bss)
    WAKEUP_InitStruct                        0x20000430   Data          20  wifi_interface.o(.bss)
    ServerData_RX                            0x20000444   Data         512  main.o(.bss)
    rung_conf                                0x20000644   Data         512  main.o(.bss)
    FB_ARRAY                                 0x20000844   Data         300  main.o(.bss)
    hspi1                                    0x20000970   Data          88  main.o(.bss)
    htim2                                    0x200009c8   Data          60  main.o(.bss)
    htim1                                    0x20000a04   Data          60  main.o(.bss)
    htim                                     0x20000a40   Data          60  main.o(.bss)
    htim4                                    0x20000a7c   Data          60  main.o(.bss)
    config                                   0x20000ab8   Data          52  main.o(.bss)
    console_ssid                             0x20000aec   Data          40  main.o(.bss)
    echo                                     0x20000b14   Data         512  main.o(.bss)
    print_msg_buff                           0x20000d14   Data         512  main.o(.bss)
    UserDataBuff                             0x20001634   Data         512  wifi_globals.o(.bss)
    pop_buffer                               0x20001834   Data         512  wifi_globals.o(.bss)
    element                                  0x20001a34   Data          16  wifi_globals.o(.bss)
    TimHandle                                0x20001a44   Data          60  wifi_globals.o(.bss)
    PushTimHandle                            0x20001a80   Data          60  wifi_globals.o(.bss)
    UartWiFiHandle                           0x20001abc   Data          64  wifi_globals.o(.bss)
    UartMsgHandle                            0x20001afc   Data          64  wifi_globals.o(.bss)
    WiFi_Config_Variables                    0x20001b3c   Data          52  wifi_globals.o(.bss)
    WiFi_Counter_Variables                   0x20001b70   Data         204  wifi_globals.o(.bss)
    WiFi_Control_Variables                   0x20001c3c   Data          42  wifi_globals.o(.bss)
    IO_status_flag                           0x20001c68   Data          52  wifi_globals.o(.bss)
    WiFi_AT_Cmd_Buff                         0x20001c9c   Data        2048  wifi_globals.o(.bss)
    cnt1                                     0x2000249c   Data         100  ladder_lib.o(.bss)
    num_obj                                  0x20002500   Data         100  ladder_lib.o(.bss)
    start_delay                              0x20002564   Data          50  ladder_lib.o(.bss)
    delay_CNT                                0x20002596   Data         100  ladder_lib.o(.bss)
    objects1                                 0x200025fa   Data          50  ladder_lib.o(.bss)
    objects2                                 0x2000262c   Data          50  ladder_lib.o(.bss)
    timer_1                                  0x2000265e   Data          50  ladder_lib.o(.bss)
    out_tim                                  0x20002690   Data          50  ladder_lib.o(.bss)
    Component                                0x200026c2   Data         512  ladder_lib.o(.bss)
    element_buffer                           0x200028c2   Data          64  ladder_lib.o(.bss)
    output                                   0x20002902   Data        1980  ladder_lib.o(.bss)
    output_temp                              0x200030be   Data        1980  ladder_lib.o(.bss)
    tim_setting                              0x2000387a   Data         400  ladder_lib.o(.bss)
    counter_up                               0x20003a0a   Data         400  ladder_lib.o(.bss)
    __initial_sp                             0x200063a0   Data           0  startup_stm32f401xe.o(STACK)



==============================================================================

Memory Map of the image

  Image Entry point : 0x08000195

  Load Region LR_IROM1 (Base: 0x08000000, Size: 0x0000a498, Max: 0x00080000, ABSOLUTE, COMPRESSED[0x0000a3b0])

    Execution Region ER_IROM1 (Exec base: 0x08000000, Load base: 0x08000000, Size: 0x0000a350, Max: 0x00080000, ABSOLUTE)

    Exec Addr    Load Addr    Size         Type   Attr      Idx    E Section Name        Object

    0x08000000   0x08000000   0x00000194   Data   RO         5012    RESET               startup_stm32f401xe.o
    0x08000194   0x08000194   0x00000000   Code   RO         5366  * .ARM.Collect$$$$00000000  mc_w.l(entry.o)
    0x08000194   0x08000194   0x00000004   Code   RO         5692    .ARM.Collect$$$$00000001  mc_w.l(entry2.o)
    0x08000198   0x08000198   0x00000004   Code   RO         5695    .ARM.Collect$$$$00000004  mc_w.l(entry5.o)
    0x0800019c   0x0800019c   0x00000000   Code   RO         5697    .ARM.Collect$$$$00000008  mc_w.l(entry7b.o)
    0x0800019c   0x0800019c   0x00000000   Code   RO         5699    .ARM.Collect$$$$0000000A  mc_w.l(entry8b.o)
    0x0800019c   0x0800019c   0x00000008   Code   RO         5700    .ARM.Collect$$$$0000000B  mc_w.l(entry9a.o)
    0x080001a4   0x080001a4   0x00000004   Code   RO         5707    .ARM.Collect$$$$0000000E  mc_w.l(entry12b.o)
    0x080001a8   0x080001a8   0x00000000   Code   RO         5702    .ARM.Collect$$$$0000000F  mc_w.l(entry10a.o)
    0x080001a8   0x080001a8   0x00000000   Code   RO         5704    .ARM.Collect$$$$00000011  mc_w.l(entry11a.o)
    0x080001a8   0x080001a8   0x00000004   Code   RO         5693    .ARM.Collect$$$$00002712  mc_w.l(entry2.o)
    0x080001ac   0x080001ac   0x00000078   Code   RO         5013    .text               startup_stm32f401xe.o
    0x08000224   0x08000224   0x00000024   Code   RO         5372    .text               mc_w.l(memcpya.o)
    0x08000248   0x08000248   0x00000024   Code   RO         5374    .text               mc_w.l(memseta.o)
    0x0800026c   0x0800026c   0x00000024   Code   RO         5376    .text               mc_w.l(strstr.o)
    0x08000290   0x08000290   0x0000000e   Code   RO         5378    .text               mc_w.l(strlen.o)
    0x0800029e   0x0800029e   0x00000032   Code   RO         5649    .text               mf_w.l(dfixui.o)
    0x080002d0   0x080002d0   0x00000026   Code   RO         5651    .text               mf_w.l(f2d.o)
    0x080002f6   0x080002f6   0x00000002   PAD
    0x080002f8   0x080002f8   0x00000030   Code   RO         5653    .text               mf_w.l(cdrcmple.o)
    0x08000328   0x08000328   0x00000062   Code   RO         5711    .text               mc_w.l(uldiv.o)
    0x0800038a   0x0800038a   0x00000020   Code   RO         5713    .text               mc_w.l(llushr.o)
    0x080003aa   0x080003aa   0x00000000   Code   RO         5726    .text               mc_w.l(iusefp.o)
    0x080003aa   0x080003aa   0x0000014e   Code   RO         5727    .text               mf_w.l(dadd.o)
    0x080004f8   0x080004f8   0x000000e4   Code   RO         5729    .text               mf_w.l(dmul.o)
    0x080005dc   0x080005dc   0x000000de   Code   RO         5731    .text               mf_w.l(ddiv.o)
    0x080006ba   0x080006ba   0x0000002e   Code   RO         5735    .text               mf_w.l(dscalb.o)
    0x080006e8   0x080006e8   0x00000022   Code   RO         5737    .text               mf_w.l(dflti.o)
    0x0800070a   0x0800070a   0x00000002   PAD
    0x0800070c   0x0800070c   0x00000024   Code   RO         5741    .text               mc_w.l(init.o)
    0x08000730   0x08000730   0x0000001e   Code   RO         5746    .text               mc_w.l(llshl.o)
    0x0800074e   0x0800074e   0x00000024   Code   RO         5748    .text               mc_w.l(llsshr.o)
    0x08000772   0x08000772   0x000000ba   Code   RO         5752    .text               mf_w.l(depilogue.o)
    0x0800082c   0x0800082c   0x000000a2   Code   RO         5754    .text               mf_w.l(dsqrt.o)
    0x080008ce   0x080008ce   0x00000056   Code   RO         5775    .text               mc_w.l(__dczerorl2.o)
    0x08000924   0x08000924   0x0000003c   Code   RO          160    i.BSP_CurrentLimiter_Init  x_nucleo_plc01a1.o
    0x08000960   0x08000960   0x0000006c   Code   RO          162    i.BSP_GetRelayStatus  x_nucleo_plc01a1.o
    0x080009cc   0x080009cc   0x00000020   Code   RO         1927    i.BSP_LED_On        stm32f4xx_nucleo.o
    0x080009ec   0x080009ec   0x00000010   Code   RO          173    i.BSP_RELAY_EN_Out  x_nucleo_plc01a1.o
    0x080009fc   0x080009fc   0x00000010   Code   RO          174    i.BSP_RELAY_Reset   x_nucleo_plc01a1.o
    0x08000a0c   0x08000a0c   0x00000014   Code   RO          175    i.BSP_RELAY_SetOutputs  x_nucleo_plc01a1.o
    0x08000a20   0x08000a20   0x00000040   Code   RO          176    i.BSP_Relay_Init    x_nucleo_plc01a1.o
    0x08000a60   0x08000a60   0x0000000a   Code   RO         1610    i.BusFault_Handler  stm32_xx_it.o
    0x08000a6a   0x08000a6a   0x00000002   PAD
    0x08000a6c   0x08000a6c   0x000000f8   Code   RO          178    i.CLT01_38S_CommErrorStatus  x_nucleo_plc01a1.o
    0x08000b64   0x08000b64   0x00000002   Code   RO          111    i.CLT01_38S_Deinit  clt01_38s.o
    0x08000b66   0x08000b66   0x0000000c   Code   RO          112    i.CLT01_38S_GetCommErrorStatus  clt01_38s.o
    0x08000b72   0x08000b72   0x00000008   Code   RO          113    i.CLT01_38S_GetData  clt01_38s.o
    0x08000b7a   0x08000b7a   0x00000002   PAD
    0x08000b7c   0x08000b7c   0x0000003c   Code   RO          179    i.CLT01_38S_GetInpData  x_nucleo_plc01a1.o
    0x08000bb8   0x08000bb8   0x0000000c   Code   RO          114    i.CLT01_38S_GetOtaStatus  clt01_38s.o
    0x08000bc4   0x08000bc4   0x0000000c   Code   RO          115    i.CLT01_38S_GetUvaStatus  clt01_38s.o
    0x08000bd0   0x08000bd0   0x00000048   Code   RO          180    i.CLT01_38S_IO_Config  x_nucleo_plc01a1.o
    0x08000c18   0x08000c18   0x00000016   Code   RO          116    i.CLT01_38S_Init    clt01_38s.o
    0x08000c2e   0x08000c2e   0x0000000c   Code   RO          183    i.CLT01_38S_OtaStatus  x_nucleo_plc01a1.o
    0x08000c3a   0x08000c3a   0x0000000c   Code   RO          184    i.CLT01_38S_UvaStatus  x_nucleo_plc01a1.o
    0x08000c46   0x08000c46   0x00000002   PAD
    0x08000c48   0x08000c48   0x00000024   Code   RO         1804    i.CLT_VNI_RxTx      plc_handling.o
    0x08000c6c   0x08000c6c   0x00000010   Code   RO          186    i.CURRENT_LIMITER_IO_Init  x_nucleo_plc01a1.o
    0x08000c7c   0x08000c7c   0x0000000c   Code   RO         5201    i.ClearFlag_ResetOUT  ladder_lib.o
    0x08000c88   0x08000c88   0x00000280   Code   RO         5202    i.Component_parser  ladder_lib.o
    0x08000f08   0x08000f08   0x0000000a   Code   RO         1611    i.DebugMon_Handler  stm32_xx_it.o
    0x08000f12   0x08000f12   0x0000000e   Code   RO          731    i.Error_Handler     wifi_module.o
    0x08000f20   0x08000f20   0x0000068c   Code   RO         5203    i.Evalute_Expression  ladder_lib.o
    0x080015ac   0x080015ac   0x00000304   Code   RO         1805    i.GET_CLT_FB        plc_handling.o
    0x080018b0   0x080018b0   0x00000454   Code   RO         1806    i.GET_VNI_FB        plc_handling.o
    0x08001d04   0x08001d04   0x000002a8   Code   RO         1807    i.GET_VNI_OutFB     plc_handling.o
    0x08001fac   0x08001fac   0x00000134   Code   RO         1808    i.GPIO_Config       plc_handling.o
    0x080020e0   0x080020e0   0x00000018   Code   RO         5204    i.Get_AND           ladder_lib.o
    0x080020f8   0x080020f8   0x000002dc   Code   RO         1809    i.Get_FeedbackICs   plc_handling.o
    0x080023d4   0x080023d4   0x0000000c   Code   RO         5205    i.Get_FlagStatus    ladder_lib.o
    0x080023e0   0x080023e0   0x0000000c   Code   RO         5206    i.Get_Input         ladder_lib.o
    0x080023ec   0x080023ec   0x00000012   Code   RO         5207    i.Get_NOT           ladder_lib.o
    0x080023fe   0x080023fe   0x00000002   PAD
    0x08002400   0x08002400   0x00000038   Code   RO         5208    i.Get_Next          ladder_lib.o
    0x08002438   0x08002438   0x00000028   Code   RO         5209    i.Get_OR            ladder_lib.o
    0x08002460   0x08002460   0x0000000c   Code   RO         5210    i.Get_ResetOUT      ladder_lib.o
    0x0800246c   0x0800246c   0x00000028   Code   RO         3917    i.HAL_DMA_Abort_IT  stm32f4xx_hal_dma.o
    0x08002494   0x08002494   0x0000001e   Code   RO         4026    i.HAL_Delay         stm32f4xx_hal.o
    0x080024b2   0x080024b2   0x00000002   PAD
    0x080024b4   0x080024b4   0x00000138   Code   RO         2738    i.HAL_GPIO_DeInit   stm32f4xx_hal_gpio.o
    0x080025ec   0x080025ec   0x000001d4   Code   RO         2741    i.HAL_GPIO_Init     stm32f4xx_hal_gpio.o
    0x080027c0   0x080027c0   0x0000000c   Code   RO         2745    i.HAL_GPIO_WritePin  stm32f4xx_hal_gpio.o
    0x080027cc   0x080027cc   0x0000000c   Code   RO         4032    i.HAL_GetTick       stm32f4xx_hal.o
    0x080027d8   0x080027d8   0x00000010   Code   RO         4034    i.HAL_IncTick       stm32f4xx_hal.o
    0x080027e8   0x080027e8   0x0000003c   Code   RO         4035    i.HAL_Init          stm32f4xx_hal.o
    0x08002824   0x08002824   0x00000028   Code   RO         4036    i.HAL_InitTick      stm32f4xx_hal.o
    0x0800284c   0x0800284c   0x00000002   Code   RO         4038    i.HAL_MspInit       stm32f4xx_hal.o
    0x0800284e   0x0800284e   0x00000002   PAD
    0x08002850   0x08002850   0x0000001c   Code   RO         4859    i.HAL_NVIC_DisableIRQ  stm32f4xx_hal_cortex.o
    0x0800286c   0x0800286c   0x0000001a   Code   RO         4860    i.HAL_NVIC_EnableIRQ  stm32f4xx_hal_cortex.o
    0x08002886   0x08002886   0x0000007c   Code   RO         4866    i.HAL_NVIC_SetPriority  stm32f4xx_hal_cortex.o
    0x08002902   0x08002902   0x00000002   PAD
    0x08002904   0x08002904   0x00000028   Code   RO         4867    i.HAL_NVIC_SetPriorityGrouping  stm32f4xx_hal_cortex.o
    0x0800292c   0x0800292c   0x000001d0   Code   RO         3812    i.HAL_RCC_ClockConfig  stm32f4xx_hal_rcc.o
    0x08002afc   0x08002afc   0x0000000c   Code   RO         3817    i.HAL_RCC_GetHCLKFreq  stm32f4xx_hal_rcc.o
    0x08002b08   0x08002b08   0x0000002c   Code   RO         3819    i.HAL_RCC_GetPCLK1Freq  stm32f4xx_hal_rcc.o
    0x08002b34   0x08002b34   0x0000002c   Code   RO         3820    i.HAL_RCC_GetPCLK2Freq  stm32f4xx_hal_rcc.o
    0x08002b60   0x08002b60   0x000000b4   Code   RO         3821    i.HAL_RCC_GetSysClockFreq  stm32f4xx_hal_rcc.o
    0x08002c14   0x08002c14   0x0000044c   Code   RO         3824    i.HAL_RCC_OscConfig  stm32f4xx_hal_rcc.o
    0x08003060   0x08003060   0x00000008   Code   RO         3052    i.HAL_SPI_GetState  stm32f4xx_hal_spi.o
    0x08003068   0x08003068   0x0000008c   Code   RO         3054    i.HAL_SPI_Init      stm32f4xx_hal_spi.o
    0x080030f4   0x080030f4   0x0000005c   Code   RO         1457    i.HAL_SPI_MspInit   stm32_xx_hal_msp.o
    0x08003150   0x08003150   0x0000021e   Code   RO         3063    i.HAL_SPI_TransmitReceive  stm32f4xx_hal_spi.o
    0x0800336e   0x0800336e   0x00000028   Code   RO         4869    i.HAL_SYSTICK_CLKSourceConfig  stm32f4xx_hal_cortex.o
    0x08003396   0x08003396   0x00000034   Code   RO         4871    i.HAL_SYSTICK_Config  stm32f4xx_hal_cortex.o
    0x080033ca   0x080033ca   0x00000002   Code   RO         2804    i.HAL_TIMEx_BreakCallback  stm32f4xx_hal_tim_ex.o
    0x080033cc   0x080033cc   0x00000002   Code   RO         2805    i.HAL_TIMEx_CommutationCallback  stm32f4xx_hal_tim_ex.o
    0x080033ce   0x080033ce   0x00000062   Code   RO         2821    i.HAL_TIMEx_MasterConfigSynchronization  stm32f4xx_hal_tim_ex.o
    0x08003430   0x08003430   0x00000046   Code   RO         4214    i.HAL_TIM_Base_DeInit  stm32f4xx_hal_tim.o
    0x08003476   0x08003476   0x00000034   Code   RO         4216    i.HAL_TIM_Base_Init  stm32f4xx_hal_tim.o
    0x080034aa   0x080034aa   0x00000002   Code   RO         4217    i.HAL_TIM_Base_MspDeInit  stm32f4xx_hal_tim.o
    0x080034ac   0x080034ac   0x000000f8   Code   RO         1458    i.HAL_TIM_Base_MspInit  stm32_xx_hal_msp.o
    0x080035a4   0x080035a4   0x0000001e   Code   RO         4221    i.HAL_TIM_Base_Start_IT  stm32f4xx_hal_tim.o
    0x080035c2   0x080035c2   0x00000038   Code   RO         4224    i.HAL_TIM_Base_Stop_IT  stm32f4xx_hal_tim.o
    0x080035fa   0x080035fa   0x00000132   Code   RO         4225    i.HAL_TIM_ConfigClockSource  stm32f4xx_hal_tim.o
    0x0800372c   0x0800372c   0x00000002   Code   RO         4245    i.HAL_TIM_IC_CaptureCallback  stm32f4xx_hal_tim.o
    0x0800372e   0x0800372e   0x00000196   Code   RO         4258    i.HAL_TIM_IRQHandler  stm32f4xx_hal_tim.o
    0x080038c4   0x080038c4   0x00000002   Code   RO         4261    i.HAL_TIM_OC_DelayElapsedCallback  stm32f4xx_hal_tim.o
    0x080038c6   0x080038c6   0x00000002   Code   RO         4288    i.HAL_TIM_PWM_PulseFinishedCallback  stm32f4xx_hal_tim.o
    0x080038c8   0x080038c8   0x000000a0   Code   RO         1613    i.HAL_TIM_PeriodElapsedCallback  stm32_xx_it.o
    0x08003968   0x08003968   0x00000002   Code   RO         4299    i.HAL_TIM_TriggerCallback  stm32f4xx_hal_tim.o
    0x0800396a   0x0800396a   0x0000002e   Code   RO         3380    i.HAL_UART_DeInit   stm32f4xx_hal_uart.o
    0x08003998   0x08003998   0x0000000c   Code   RO         1614    i.HAL_UART_ErrorCallback  stm32_xx_it.o
    0x080039a4   0x080039a4   0x0000014c   Code   RO         3384    i.HAL_UART_IRQHandler  stm32f4xx_hal_uart.o
    0x08003af0   0x08003af0   0x00000072   Code   RO         3385    i.HAL_UART_Init     stm32f4xx_hal_uart.o
    0x08003b62   0x08003b62   0x00000002   PAD
    0x08003b64   0x08003b64   0x00000048   Code   RO         1459    i.HAL_UART_MspDeInit  stm32_xx_hal_msp.o
    0x08003bac   0x08003bac   0x000000f0   Code   RO         1460    i.HAL_UART_MspInit  stm32_xx_hal_msp.o
    0x08003c9c   0x08003c9c   0x00000064   Code   RO         3390    i.HAL_UART_Receive_IT  stm32f4xx_hal_uart.o
    0x08003d00   0x08003d00   0x0000000c   Code   RO         1615    i.HAL_UART_RxCpltCallback  stm32_xx_it.o
    0x08003d0c   0x08003d0c   0x000000d6   Code   RO         3393    i.HAL_UART_Transmit  stm32f4xx_hal_uart.o
    0x08003de2   0x08003de2   0x0000000c   Code   RO         1616    i.HAL_UART_TxCpltCallback  stm32_xx_it.o
    0x08003dee   0x08003dee   0x00000008   Code   RO         1617    i.HardFaultHandlerd_dispatch  stm32_xx_it.o
    0x08003df6   0x08003df6   0x00000002   PAD
    0x08003df8   0x08003df8   0x00000100   Code   RO         5211    i.Init_Output       ladder_lib.o
    0x08003ef8   0x08003ef8   0x0000000a   Code   RO         1618    i.MemManage_Handler  stm32_xx_it.o
    0x08003f02   0x08003f02   0x00000002   Code   RO         1619    i.NMI_Handler       stm32_xx_it.o
    0x08003f04   0x08003f04   0x00000010   Code   RO         4873    i.NVIC_GetPriorityGrouping  stm32f4xx_hal_cortex.o
    0x08003f14   0x08003f14   0x00000028   Code   RO         4874    i.NVIC_SetPriority  stm32f4xx_hal_cortex.o
    0x08003f3c   0x08003f3c   0x000000e0   Code   RO         5212    i.PLC_GetOutput     ladder_lib.o
    0x0800401c   0x0800401c   0x0000003c   Code   RO         1811    i.PLC_Polling       plc_handling.o
    0x08004058   0x08004058   0x00000118   Code   RO          187    i.PLC_TimComp_Init  x_nucleo_plc01a1.o
    0x08004170   0x08004170   0x0000001c   Code   RO         1812    i.PLC_WD            plc_handling.o
    0x0800418c   0x0800418c   0x00000140   Code   RO         1813    i.PLC_WiFi_Interface  plc_handling.o
    0x080042cc   0x080042cc   0x00000002   Code   RO         1620    i.PendSV_Handler    stm32_xx_it.o
    0x080042ce   0x080042ce   0x00000002   PAD
    0x080042d0   0x080042d0   0x000011d0   Code   RO          736    i.Process_Buffer    wifi_module.o
    0x080054a0   0x080054a0   0x00000270   Code   RO          737    i.Process_DeQed_Wind_Indication  wifi_module.o
    0x08005710   0x08005710   0x00000050   Code   RO          738    i.Process_WiFi      wifi_module.o
    0x08005760   0x08005760   0x000004a4   Code   RO          739    i.Process_Wind_Indication  wifi_module.o
    0x08005c04   0x08005c04   0x00000038   Code   RO          740    i.Queue_Client_Close_Event  wifi_module.o
    0x08005c3c   0x08005c3c   0x00000010   Code   RO          189    i.RELAY_IO_Init     x_nucleo_plc01a1.o
    0x08005c4c   0x08005c4c   0x00000044   Code   RO          747    i.Receive_Data      wifi_module.o
    0x08005c90   0x08005c90   0x00000014   Code   RO          749    i.Reset_AT_CMD_Buffer  wifi_module.o
    0x08005ca4   0x08005ca4   0x00000040   Code   RO         5213    i.Reset_Count       ladder_lib.o
    0x08005ce4   0x08005ce4   0x0000000c   Code   RO         5214    i.Reset_FlagStatus  ladder_lib.o
    0x08005cf0   0x08005cf0   0x00000018   Code   RO         5215    i.Restore           ladder_lib.o
    0x08005d08   0x08005d08   0x0000000c   Code   RO          751    i.Resume_Dequeue    wifi_module.o
    0x08005d14   0x08005d14   0x00000070   Code   RO          190    i.Round_Number      x_nucleo_plc01a1.o
    0x08005d84   0x08005d84   0x00000050   Code   RO          752    i.SET_Configuration_Addr  wifi_module.o
    0x08005dd4   0x08005dd4   0x00000050   Code   RO          753    i.SET_Configuration_Value  wifi_module.o
    0x08005e24   0x08005e24   0x00000064   Code   RO          754    i.SET_Power_State   wifi_module.o
    0x08005e88   0x08005e88   0x00000048   Code   RO          755    i.SET_SSID          wifi_module.o
    0x08005ed0   0x08005ed0   0x00000044   Code   RO         1815    i.SPI1_Config       plc_handling.o
    0x08005f14   0x08005f14   0x00000028   Code   RO         3078    i.SPI_CheckFlag_BSY  stm32f4xx_hal_spi.o
    0x08005f3c   0x08005f3c   0x0000006c   Code   RO          191    i.SPI_EXPBD_Init    x_nucleo_plc01a1.o
    0x08005fa8   0x08005fa8   0x000000a8   Code   RO          192    i.SPI_EXPBD_MspInit  x_nucleo_plc01a1.o
    0x08006050   0x08006050   0x000000aa   Code   RO         3096    i.SPI_WaitFlagStateUntilTimeout  stm32f4xx_hal_spi.o
    0x080060fa   0x080060fa   0x0000000a   Code   RO         1621    i.SVC_Handler       stm32_xx_it.o
    0x08006104   0x08006104   0x00000018   Code   RO         5216    i.Save              ladder_lib.o
    0x0800611c   0x0800611c   0x00000038   Code   RO          757    i.Save_Current_Setting  wifi_module.o
    0x08006154   0x08006154   0x00000034   Code   RO          758    i.Set_WiFi_Control_Variables  wifi_module.o
    0x08006188   0x08006188   0x0000002c   Code   RO          759    i.Set_WiFi_Counter_Variables  wifi_module.o
    0x080061b4   0x080061b4   0x00000064   Code   RO         1190    i.Socket_Pending_Data  wifi_interface.o
    0x08006218   0x08006218   0x00000070   Code   RO         1191    i.Socket_Read       wifi_interface.o
    0x08006288   0x08006288   0x00000018   Code   RO          760    i.Start_DeepSleep_Timer  wifi_module.o
    0x080062a0   0x080062a0   0x00000010   Code   RO          761    i.Start_Timer       wifi_module.o
    0x080062b0   0x080062b0   0x00000018   Code   RO          762    i.Stop_DeepSleep_Timer  wifi_module.o
    0x080062c8   0x080062c8   0x0000000c   Code   RO          763    i.Stop_Dequeue      wifi_module.o
    0x080062d4   0x080062d4   0x00000014   Code   RO          764    i.Stop_Timer        wifi_module.o
    0x080062e8   0x080062e8   0x00000118   Code   RO         1622    i.SysTick_Handler   stm32_xx_it.o
    0x08006400   0x08006400   0x000000b8   Code   RO         1502    i.SystemClock_Config  main.o
    0x080064b8   0x080064b8   0x00000064   Code   RO         1421    i.SystemInit        system_stm32f4xx.o
    0x0800651c   0x0800651c   0x00000010   Code   RO         1623    i.TIM1_UP_TIM10_IRQHandler  stm32_xx_it.o
    0x0800652c   0x0800652c   0x00000010   Code   RO         1624    i.TIM2_IRQHandler   stm32_xx_it.o
    0x0800653c   0x0800653c   0x00000010   Code   RO         1625    i.TIM3_IRQHandler   stm32_xx_it.o
    0x0800654c   0x0800654c   0x00000010   Code   RO         1626    i.TIM4_IRQHandler   stm32_xx_it.o
    0x0800655c   0x0800655c   0x000000b0   Code   RO         4300    i.TIM_Base_SetConfig  stm32f4xx_hal_tim.o
    0x0800660c   0x0800660c   0x00000018   Code   RO         4307    i.TIM_ETR_SetConfig  stm32f4xx_hal_tim.o
    0x08006624   0x08006624   0x00000014   Code   RO         4308    i.TIM_ITRx_SetConfig  stm32f4xx_hal_tim.o
    0x08006638   0x08006638   0x0000002a   Code   RO         4314    i.TIM_TI1_ConfigInputStage  stm32f4xx_hal_tim.o
    0x08006662   0x08006662   0x0000002c   Code   RO         4316    i.TIM_TI2_ConfigInputStage  stm32f4xx_hal_tim.o
    0x0800668e   0x0800668e   0x00000002   PAD
    0x08006690   0x08006690   0x0000004c   Code   RO          648    i.Timer_Config      stm32_spwf_wifi.o
    0x080066dc   0x080066dc   0x00000084   Code   RO         5217    i.ToAnalizeCounterIN  ladder_lib.o
    0x08006760   0x08006760   0x0000002c   Code   RO         5218    i.To_Evaluated      ladder_lib.o
    0x0800678c   0x0800678c   0x00000044   Code   RO          649    i.UART_Configuration  stm32_spwf_wifi.o
    0x080067d0   0x080067d0   0x00000014   Code   RO         3398    i.UART_DMAAbortOnError  stm32f4xx_hal_uart.o
    0x080067e4   0x080067e4   0x00000020   Code   RO         3408    i.UART_EndRxTransfer  stm32f4xx_hal_uart.o
    0x08006804   0x08006804   0x00000020   Code   RO         3409    i.UART_EndTransmit_IT  stm32f4xx_hal_uart.o
    0x08006824   0x08006824   0x000000c8   Code   RO          650    i.UART_Msg_Gpio_Init  stm32_spwf_wifi.o
    0x080068ec   0x080068ec   0x0000009a   Code   RO         3411    i.UART_Receive_IT   stm32f4xx_hal_uart.o
    0x08006986   0x08006986   0x00000002   PAD
    0x08006988   0x08006988   0x00000368   Code   RO         3412    i.UART_SetConfig    stm32f4xx_hal_uart.o
    0x08006cf0   0x08006cf0   0x00000068   Code   RO         3413    i.UART_Transmit_IT  stm32f4xx_hal_uart.o
    0x08006d58   0x08006d58   0x0000006c   Code   RO         3414    i.UART_WaitOnFlagUntilTimeout  stm32f4xx_hal_uart.o
    0x08006dc4   0x08006dc4   0x00000010   Code   RO         1627    i.USART1_IRQHandler  stm32_xx_it.o
    0x08006dd4   0x08006dd4   0x00000010   Code   RO         1628    i.USART2_IRQHandler  stm32_xx_it.o
    0x08006de4   0x08006de4   0x0000003c   Code   RO          651    i.USART_PRINT_MSG_Configuration  stm32_spwf_wifi.o
    0x08006e20   0x08006e20   0x00000024   Code   RO          765    i.USART_Receive_AT_Resp  wifi_module.o
    0x08006e44   0x08006e44   0x00000090   Code   RO          766    i.USART_Transmit_AT_Cmd  wifi_module.o
    0x08006ed4   0x08006ed4   0x0000000a   Code   RO         1629    i.UsageFault_Handler  stm32_xx_it.o
    0x08006ede   0x08006ede   0x00000002   PAD
    0x08006ee0   0x08006ee0   0x000000e8   Code   RO          195    i.VNI8200XP_CommErrorStatus  x_nucleo_plc01a1.o
    0x08006fc8   0x08006fc8   0x00000008   Code   RO           41    i.VNI8200XP_Deinit  vni8200xp.o
    0x08006fd0   0x08006fd0   0x00000014   Code   RO          196    i.VNI8200XP_EnOut   x_nucleo_plc01a1.o
    0x08006fe4   0x08006fe4   0x00000008   Code   RO           42    i.VNI8200XP_EnableOutputs  vni8200xp.o
    0x08006fec   0x08006fec   0x0000000e   Code   RO          197    i.VNI8200XP_FaultStatus  x_nucleo_plc01a1.o
    0x08006ffa   0x08006ffa   0x0000000c   Code   RO          198    i.VNI8200XP_FbOkStatus  x_nucleo_plc01a1.o
    0x08007006   0x08007006   0x0000000c   Code   RO           43    i.VNI8200XP_GetChFaultStatus  vni8200xp.o
    0x08007012   0x08007012   0x0000000c   Code   RO           44    i.VNI8200XP_GetCommErrorStatus  vni8200xp.o
    0x0800701e   0x0800701e   0x0000000c   Code   RO           45    i.VNI8200XP_GetFbOkStatus  vni8200xp.o
    0x0800702a   0x0800702a   0x0000000c   Code   RO           46    i.VNI8200XP_GetPcFailStatus  vni8200xp.o
    0x08007036   0x08007036   0x0000000c   Code   RO           47    i.VNI8200XP_GetPowerGoodStatus  vni8200xp.o
    0x08007042   0x08007042   0x0000000c   Code   RO           48    i.VNI8200XP_GetTempWarningStatus  vni8200xp.o
    0x0800704e   0x0800704e   0x00000002   PAD
    0x08007050   0x08007050   0x00000078   Code   RO          199    i.VNI8200XP_IO_Config  x_nucleo_plc01a1.o
    0x080070c8   0x080070c8   0x00000002   Code   RO          200    i.VNI8200XP_IO_Deinit  x_nucleo_plc01a1.o
    0x080070ca   0x080070ca   0x00000008   Code   RO          201    i.VNI8200XP_IO_Init  x_nucleo_plc01a1.o
    0x080070d2   0x080070d2   0x00000016   Code   RO           49    i.VNI8200XP_Init    vni8200xp.o
    0x080070e8   0x080070e8   0x0000000a   Code   RO          202    i.VNI8200XP_PcFailStatus  x_nucleo_plc01a1.o
    0x080070f2   0x080070f2   0x0000000a   Code   RO          203    i.VNI8200XP_PowerGoodStatus  x_nucleo_plc01a1.o
    0x080070fc   0x080070fc   0x00000008   Code   RO           50    i.VNI8200XP_Reset   vni8200xp.o
    0x08007104   0x08007104   0x00000014   Code   RO          204    i.VNI8200XP_ResetIt  x_nucleo_plc01a1.o
    0x08007118   0x08007118   0x000000e4   Code   RO          205    i.VNI8200XP_SendOutputData  x_nucleo_plc01a1.o
    0x080071fc   0x080071fc   0x0000000c   Code   RO           51    i.VNI8200XP_SetOutput  vni8200xp.o
    0x08007208   0x08007208   0x0000000a   Code   RO          206    i.VNI8200XP_TempWarningStatus  x_nucleo_plc01a1.o
    0x08007212   0x08007212   0x00000002   PAD
    0x08007214   0x08007214   0x00000088   Code   RO         1816    i.VNI_TxRx          plc_handling.o
    0x0800729c   0x0800729c   0x00000024   Code   RO          768    i.Wait_For_Sock_Read_To_Complete  wifi_module.o
    0x080072c0   0x080072c0   0x0000002c   Code   RO         1817    i.WiFiServer_Answer  plc_handling.o
    0x080072ec   0x080072ec   0x000004e8   Code   RO         5219    i.WiFi_Decode       ladder_lib.o
    0x080077d4   0x080077d4   0x0000000a   Code   RO          770    i.WiFi_HAL_UART_ErrorCallback  wifi_module.o
    0x080077de   0x080077de   0x00000002   PAD
    0x080077e0   0x080077e0   0x00000074   Code   RO          771    i.WiFi_HAL_UART_RxCpltCallback  wifi_module.o
    0x08007854   0x08007854   0x0000000c   Code   RO          772    i.WiFi_HAL_UART_TxCpltCallback  wifi_module.o
    0x08007860   0x08007860   0x0000005c   Code   RO          773    i.WiFi_Module_Init  wifi_module.o
    0x080078bc   0x080078bc   0x00000030   Code   RO          774    i.WiFi_switch_to_command_mode  wifi_module.o
    0x080078ec   0x080078ec   0x00000030   Code   RO          775    i.WiFi_switch_to_data_mode  wifi_module.o
    0x0800791c   0x0800791c   0x000000e8   Code   RO          776    i.Wifi_SysTick_Isr  wifi_module.o
    0x08007a04   0x08007a04   0x00000834   Code   RO          777    i.Wifi_TIM_Handler  wifi_module.o
    0x08008238   0x08008238   0x00000020   Code   RO         5493    i.__0printf$4       mc_w.l(printf4.o)
    0x08008258   0x08008258   0x00000028   Code   RO         5495    i.__0sprintf$4      mc_w.l(printf4.o)
    0x08008280   0x08008280   0x00000030   Code   RO         5675    i.__ARM_fpclassify  m_wm.l(fpclassify.o)
    0x080082b0   0x080082b0   0x00000c50   Code   RO         5352    i.__hardfp_pow      m_wm.l(pow.o)
    0x08008f00   0x08008f00   0x000000f8   Code   RO         5677    i.__kernel_poly     m_wm.l(poly.o)
    0x08008ff8   0x08008ff8   0x00000030   Code   RO         5655    i.__mathlib_dbl_divzero  m_wm.l(dunder.o)
    0x08009028   0x08009028   0x00000014   Code   RO         5657    i.__mathlib_dbl_infnan2  m_wm.l(dunder.o)
    0x0800903c   0x0800903c   0x00000004   PAD
    0x08009040   0x08009040   0x00000020   Code   RO         5658    i.__mathlib_dbl_invalid  m_wm.l(dunder.o)
    0x08009060   0x08009060   0x00000020   Code   RO         5659    i.__mathlib_dbl_overflow  m_wm.l(dunder.o)
    0x08009080   0x08009080   0x00000020   Code   RO         5661    i.__mathlib_dbl_underflow  m_wm.l(dunder.o)
    0x080090a0   0x080090a0   0x0000000e   Code   RO         5769    i.__scatterload_copy  mc_w.l(handlers.o)
    0x080090ae   0x080090ae   0x00000002   Code   RO         5770    i.__scatterload_null  mc_w.l(handlers.o)
    0x080090b0   0x080090b0   0x0000000e   Code   RO         5771    i.__scatterload_zeroinit  mc_w.l(handlers.o)
    0x080090be   0x080090be   0x00000002   PAD
    0x080090c0   0x080090c0   0x0000000c   Code   RO         5717    i.__set_errno       mc_w.l(errno.o)
    0x080090cc   0x080090cc   0x0000022c   Code   RO         5500    i._printf_core      mc_w.l(printf4.o)
    0x080092f8   0x080092f8   0x0000000a   Code   RO         5502    i._sputc            mc_w.l(printf4.o)
    0x08009302   0x08009302   0x0000000e   Code   RO         5086    i.empty             ring_buffer.o
    0x08009310   0x08009310   0x0000000e   Code   RO         5020    i.event_empty       event_buffer.o
    0x0800931e   0x0800931e   0x00000014   Code   RO         5021    i.event_full        event_buffer.o
    0x08009332   0x08009332   0x00000002   PAD
    0x08009334   0x08009334   0x0000001c   Code   RO         5022    i.event_init        event_buffer.o
    0x08009350   0x08009350   0x00000018   Code   RO         5671    i.fabs              m_wm.l(fabs.o)
    0x08009368   0x08009368   0x0000000e   Code   RO         1757    i.fputc             console.o
    0x08009376   0x08009376   0x00000012   Code   RO         5088    i.full              ring_buffer.o
    0x08009388   0x08009388   0x00000028   Code   RO         1503    i.ind_socket_server_client_joined  main.o
    0x080093b0   0x080093b0   0x00000038   Code   RO         1504    i.ind_socket_server_client_left  main.o
    0x080093e8   0x080093e8   0x00000002   Code   RO         1505    i.ind_wifi_ap_client_joined  main.o
    0x080093ea   0x080093ea   0x00000002   PAD
    0x080093ec   0x080093ec   0x0000003c   Code   RO         1506    i.ind_wifi_ap_client_left  main.o
    0x08009428   0x08009428   0x00000002   Code   RO          786    i.ind_wifi_ap_ready  wifi_module.o
    0x0800942a   0x0800942a   0x00000002   PAD
    0x0800942c   0x0800942c   0x0000000c   Code   RO         1507    i.ind_wifi_connected  main.o
    0x08009438   0x08009438   0x00000002   Code   RO          788    i.ind_wifi_connection_error  wifi_module.o
    0x0800943a   0x0800943a   0x00000002   Code   RO          789    i.ind_wifi_error    wifi_module.o
    0x0800943c   0x0800943c   0x00000002   Code   RO          790    i.ind_wifi_file_data_available  wifi_module.o
    0x0800943e   0x0800943e   0x00000002   Code   RO          792    i.ind_wifi_http_data_available  wifi_module.o
    0x08009440   0x08009440   0x0000000c   Code   RO         1508    i.ind_wifi_on       main.o
    0x0800944c   0x0800944c   0x00000002   Code   RO          794    i.ind_wifi_packet_lost  wifi_module.o
    0x0800944e   0x0800944e   0x00000002   Code   RO          795    i.ind_wifi_resuming  wifi_module.o
    0x08009450   0x08009450   0x00000002   Code   RO          796    i.ind_wifi_socket_client_remote_server_closed  wifi_module.o
    0x08009452   0x08009452   0x00000002   PAD
    0x08009454   0x08009454   0x0000009c   Code   RO         1509    i.ind_wifi_socket_data_received  main.o
    0x080094f0   0x080094f0   0x00000002   Code   RO          798    i.ind_wifi_socket_server_data_lost  wifi_module.o
    0x080094f2   0x080094f2   0x00000002   Code   RO          799    i.ind_wifi_warning  wifi_module.o
    0x080094f4   0x080094f4   0x00000014   Code   RO         5089    i.init              ring_buffer.o
    0x08009508   0x08009508   0x00000080   Code   RO         1818    i.initializePlc     plc_handling.o
    0x08009588   0x08009588   0x00000010   Code   RO         5090    i.is_half_empty     ring_buffer.o
    0x08009598   0x08009598   0x00000016   Code   RO         5091    i.is_half_full      ring_buffer.o
    0x080095ae   0x080095ae   0x00000002   PAD
    0x080095b0   0x080095b0   0x0000014c   Code   RO         1510    i.main              main.o
    0x080096fc   0x080096fc   0x00000150   Code   RO         5092    i.pop_buffer_queue  ring_buffer.o
    0x0800984c   0x0800984c   0x00000088   Code   RO         5023    i.pop_eventbuffer_queue  event_buffer.o
    0x080098d4   0x080098d4   0x00000036   Code   RO         5093    i.push_buffer_queue  ring_buffer.o
    0x0800990a   0x0800990a   0x00000090   Code   RO         5024    i.push_eventbuffer_queue  event_buffer.o
    0x0800999a   0x0800999a   0x0000001a   Code   RO         5025    i.reset_event       event_buffer.o
    0x080099b4   0x080099b4   0x0000003e   Code   RO         5094    i.rewind_buffer_queue  ring_buffer.o
    0x080099f2   0x080099f2   0x0000006e   Code   RO         5682    i.sqrt              m_wm.l(sqrt.o)
    0x08009a60   0x08009a60   0x00000018   Code   RO         1759    i.uartSendChar      console.o
    0x08009a78   0x08009a78   0x00000014   Code   RO         1194    i.wait_for_command_mode  wifi_interface.o
    0x08009a8c   0x08009a8c   0x0000009c   Code   RO         1196    i.wifi_ap_start     wifi_interface.o
    0x08009b28   0x08009b28   0x0000050c   Code   RO         1212    i.wifi_init         wifi_interface.o
    0x0800a034   0x0800a034   0x000000c4   Code   RO          801    i.wifi_reset        wifi_module.o
    0x0800a0f8   0x0800a0f8   0x00000054   Code   RO         1220    i.wifi_socket_server_open  wifi_interface.o
    0x0800a14c   0x0800a14c   0x000000a8   Code   RO         1221    i.wifi_socket_server_write  wifi_interface.o
    0x0800a1f4   0x0800a1f4   0x00000068   Code   RO         1223    i.wifi_wakeup       wifi_interface.o
    0x0800a25c   0x0800a25c   0x00000018   Data   RO         1422    .constdata          system_stm32f4xx.o
    0x0800a274   0x0800a274   0x00000005   Data   RO         1947    .constdata          stm32f4xx_nucleo.o
    0x0800a279   0x0800a279   0x00000007   PAD
    0x0800a280   0x0800a280   0x00000088   Data   RO         5355    .constdata          m_wm.l(pow.o)
    0x0800a308   0x0800a308   0x00000008   Data   RO         5679    .constdata          m_wm.l(qnan.o)
    0x0800a310   0x0800a310   0x0000001e   Data   RO         1513    .conststring        main.o
    0x0800a32e   0x0800a32e   0x00000002   PAD
    0x0800a330   0x0800a330   0x00000020   Data   RO         5767    Region$$Table       anon$$obj.o


    Execution Region RW_IRAM1 (Exec base: 0x20000000, Load base: 0x0800a350, Size: 0x000063a0, Max: 0x00018000, ABSOLUTE, COMPRESSED[0x00000060])

    Exec Addr    Load Addr    Size         Type   Attr      Idx    E Section Name        Object

    0x20000000   COMPRESSED   0x0000002c   Data   RW           52    .data               vni8200xp.o
    0x2000002c   COMPRESSED   0x00000018   Data   RW          117    .data               clt01_38s.o
    0x20000044   COMPRESSED   0x00000029   Data   RW          208    .data               x_nucleo_plc01a1.o
    0x2000006d   COMPRESSED   0x00000003   PAD
    0x20000070   COMPRESSED   0x00000004   Data   RW          652    .data               stm32_spwf_wifi.o
    0x20000074   COMPRESSED   0x0000000c   Data   RW          803    .data               wifi_module.o
    0x20000080   COMPRESSED   0x00000004   Data   RW         1423    .data               system_stm32f4xx.o
    0x20000084   COMPRESSED   0x00000040   Data   RW         1514    .data               main.o
    0x200000c4   COMPRESSED   0x00000006   Data   RW         1630    .data               stm32_xx_it.o
    0x200000ca   COMPRESSED   0x00000002   PAD
    0x200000cc   COMPRESSED   0x00000030   Data   RW         1819    .data               plc_handling.o
    0x200000fc   COMPRESSED   0x0000000c   Data   RW         1948    .data               stm32f4xx_nucleo.o
    0x20000108   COMPRESSED   0x00000004   Data   RW         4041    .data               stm32f4xx_hal.o
    0x2000010c   COMPRESSED   0x00000010   Data   RW         5171    .data               wifi_globals.o
    0x2000011c   COMPRESSED   0x00000021   Data   RW         5221    .data               ladder_lib.o
    0x2000013d   COMPRESSED   0x00000003   PAD
    0x20000140   COMPRESSED   0x00000004   Data   RW         5371    .data               mc_w.l(stdout.o)
    0x20000144   COMPRESSED   0x00000004   Data   RW         5718    .data               mc_w.l(errno.o)
    0x20000148        -       0x00000094   Zero   RW          207    .bss                x_nucleo_plc01a1.o
    0x200001dc        -       0x00000254   Zero   RW          802    .bss                wifi_module.o
    0x20000430        -       0x00000014   Zero   RW         1224    .bss                wifi_interface.o
    0x20000444        -       0x00000ad0   Zero   RW         1512    .bss                main.o
    0x20000f14        -       0x00000320   Zero   RW         5026    .bss                event_buffer.o
    0x20001234        -       0x00000400   Zero   RW         5095    .bss                ring_buffer.o
    0x20001634        -       0x00000e68   Zero   RW         5170    .bss                wifi_globals.o
    0x2000249c        -       0x000016fe   Zero   RW         5220    .bss                ladder_lib.o
    0x20003b9a   COMPRESSED   0x00000006   PAD
    0x20003ba0        -       0x00002800   Zero   RW         5010    STACK               startup_stm32f401xe.o


==============================================================================

Image component sizes


      Code (inc. data)   RO Data    RW Data    ZI Data      Debug   Object Name

        68          0          0         24          0       5740   clt01_38s.o
        38          4          0          0          0       1227   console.o
       368         12          0          0        800       7019   event_buffer.o
         0          0          0          0          0       4508   iso8200bq.o
      4538        456          0         33       5886      19086   ladder_lib.o
       854        226         30         64       2768      12723   main.o
      4420        310          0         48          0      12749   plc_handling.o
       542         18          0          0       1024       8022   ring_buffer.o
       120         10        404          0      10240        904   startup_stm32f401xe.o
       404         42          0          4          0      19392   stm32_spwf_wifi.o
       652         58          0          0          0       4473   stm32_xx_hal_msp.o
       634        114          0          6          0      13749   stm32_xx_it.o
       160         20          0          4          0       5733   stm32f4xx_hal.o
       366         28          0          0          0      33175   stm32f4xx_hal_cortex.o
        40          0          0          0          0       1347   stm32f4xx_hal_dma.o
       792         62          0          0          0       3566   stm32f4xx_hal_gpio.o
      1844         80          0          0          0       6188   stm32f4xx_hal_rcc.o
       900          0          0          0          0       5520   stm32f4xx_hal_spi.o
      1236         28          0          0          0      13025   stm32f4xx_hal_tim.o
       102          0          0          0          0       2750   stm32f4xx_hal_tim_ex.o
      2128         14          0          0          0      10758   stm32f4xx_hal_uart.o
        32          8          5         12          0       2261   stm32f4xx_nucleo.o
       100         18         24          4          0       1391   system_stm32f4xx.o
       130          0          0         44          0       9167   vni8200xp.o
         0          0          0         16       3688       9472   wifi_globals.o
      2036        624          0          0         20       8079   wifi_interface.o
     10292       1594          0         12        596      35868   wifi_module.o
      2074        236          0         41        148     446553   x_nucleo_plc01a1.o

    ----------------------------------------------------------------------
     34912       3962        504        320      25176     704445   Object Totals
         0          0         32          0          0          0   (incl. Generated)
        42          0          9          8          6          0   (incl. Padding)

    ----------------------------------------------------------------------

      Code (inc. data)   RO Data    RW Data    ZI Data      Debug   Library Member Name

       164         44          0          0          0        620   dunder.o
        24          0          0          0          0        124   fabs.o
        48          0          0          0          0        124   fpclassify.o
       248          0          0          0          0        152   poly.o
      3152        296        136          0          0        352   pow.o
         0          0          8          0          0          0   qnan.o
       110          0          0          0          0        148   sqrt.o
        86          0          0          0          0          0   __dczerorl2.o
         0          0          0          0          0          0   entry.o
         0          0          0          0          0          0   entry10a.o
         0          0          0          0          0          0   entry11a.o
         4          0          0          0          0          0   entry12b.o
         8          4          0          0          0          0   entry2.o
         4          0          0          0          0          0   entry5.o
         0          0          0          0          0          0   entry7b.o
         0          0          0          0          0          0   entry8b.o
         8          4          0          0          0          0   entry9a.o
        12          6          0          4          0         68   errno.o
        30          0          0          0          0          0   handlers.o
        36          8          0          0          0         68   init.o
         0          0          0          0          0          0   iusefp.o
        30          0          0          0          0         68   llshl.o
        36          0          0          0          0         68   llsshr.o
        32          0          0          0          0         68   llushr.o
        36          0          0          0          0         68   memcpya.o
        36          0          0          0          0        108   memseta.o
       638         20          0          0          0        336   printf4.o
         0          0          0          4          0          0   stdout.o
        14          0          0          0          0         68   strlen.o
        36          0          0          0          0         80   strstr.o
        98          0          0          0          0         92   uldiv.o
        48          0          0          0          0         68   cdrcmple.o
       334          0          0          0          0        148   dadd.o
       222          0          0          0          0        100   ddiv.o
       186          0          0          0          0        176   depilogue.o
        50          0          0          0          0         76   dfixui.o
        34          0          0          0          0         76   dflti.o
       228          0          0          0          0         96   dmul.o
        46          0          0          0          0         80   dscalb.o
       162          0          0          0          0        100   dsqrt.o
        38          0          0          0          0         68   f2d.o

    ----------------------------------------------------------------------
      6248        382        144          8          0       3600   Library Totals
        10          0          0          0          0          0   (incl. Padding)

    ----------------------------------------------------------------------

      Code (inc. data)   RO Data    RW Data    ZI Data      Debug   Library Name

      3746        340        144          0          0       1520   m_wm.l
      1144         42          0          8          0       1092   mc_w.l
      1348          0          0          0          0        988   mf_w.l

    ----------------------------------------------------------------------
      6248        382        144          8          0       3600   Library Totals

    ----------------------------------------------------------------------

==============================================================================


      Code (inc. data)   RO Data    RW Data    ZI Data      Debug   

     41160       4344        648        328      25176     682589   Grand Totals
     41160       4344        648         96      25176     682589   ELF Image Totals (compressed)
     41160       4344        648         96          0          0   ROM Totals

==============================================================================

    Total RO  Size (Code + RO Data)                41808 (  40.83kB)
    Total RW  Size (RW Data + ZI Data)             25504 (  24.91kB)
    Total ROM Size (Code + RO Data + RW Data)      41904 (  40.92kB)

==============================================================================

