<!doctype html public "-//w3c//dtd html 4.0 transitional//en">
<html><head>
<title>Static Call Graph - [..\..\Output\f401re.axf]</title></head>
<body><HR>
<H1>Static Call Graph for image ..\..\Output\f401re.axf</H1><HR>
<BR><P>#&#060CALLGRAPH&#062# ARM Linker, 5060750: Last Updated: Sun Jan 18 21:10:01 2026
<BR><P>
<H3>Maximum Stack Usage =        324 bytes + Unknown(Functions without stacksize, Cycles, Untraceable Function Pointers)</H3><H3>
Call chain for Maximum Stack Depth:</H3>
_printf_f &rArr; _printf_fp_dec &rArr; _printf_fp_dec_real &rArr; _fp_digits &rArr; _btod_etento &rArr; _btod_emul &rArr; _e2e
<P>
<H3>
Functions with no stack information
</H3><UL>
 <LI><a href="#[84]">__user_initial_stackheap</a>
</UL>
</UL>
<P>
<H3>
Mutually Recursive functions
</H3> <LI><a href="#[20]">ADC_IRQHandler</a>&nbsp;&nbsp;&nbsp;&rArr;&nbsp;&nbsp;&nbsp;<a href="#[20]">ADC_IRQHandler</a><BR>
</UL>
<P>
<H3>
Function Pointers
</H3><UL>
 <LI><a href="#[20]">ADC_IRQHandler</a> from startup_stm32f401xe.o(.text) referenced from startup_stm32f401xe.o(RESET)
 <LI><a href="#[8]">BusFault_Handler</a> from stm32f4xx_it.o(i.BusFault_Handler) referenced from startup_stm32f401xe.o(RESET)
 <LI><a href="#[19]">DMA1_Stream0_IRQHandler</a> from startup_stm32f401xe.o(.text) referenced from startup_stm32f401xe.o(RESET)
 <LI><a href="#[1a]">DMA1_Stream1_IRQHandler</a> from startup_stm32f401xe.o(.text) referenced from startup_stm32f401xe.o(RESET)
 <LI><a href="#[1b]">DMA1_Stream2_IRQHandler</a> from startup_stm32f401xe.o(.text) referenced from startup_stm32f401xe.o(RESET)
 <LI><a href="#[1c]">DMA1_Stream3_IRQHandler</a> from startup_stm32f401xe.o(.text) referenced from startup_stm32f401xe.o(RESET)
 <LI><a href="#[1d]">DMA1_Stream4_IRQHandler</a> from startup_stm32f401xe.o(.text) referenced from startup_stm32f401xe.o(RESET)
 <LI><a href="#[1e]">DMA1_Stream5_IRQHandler</a> from startup_stm32f401xe.o(.text) referenced from startup_stm32f401xe.o(RESET)
 <LI><a href="#[1f]">DMA1_Stream6_IRQHandler</a> from startup_stm32f401xe.o(.text) referenced from startup_stm32f401xe.o(RESET)
 <LI><a href="#[34]">DMA1_Stream7_IRQHandler</a> from startup_stm32f401xe.o(.text) referenced from startup_stm32f401xe.o(RESET)
 <LI><a href="#[38]">DMA2_Stream0_IRQHandler</a> from startup_stm32f401xe.o(.text) referenced from startup_stm32f401xe.o(RESET)
 <LI><a href="#[39]">DMA2_Stream1_IRQHandler</a> from startup_stm32f401xe.o(.text) referenced from startup_stm32f401xe.o(RESET)
 <LI><a href="#[3a]">DMA2_Stream2_IRQHandler</a> from startup_stm32f401xe.o(.text) referenced from startup_stm32f401xe.o(RESET)
 <LI><a href="#[3b]">DMA2_Stream3_IRQHandler</a> from startup_stm32f401xe.o(.text) referenced from startup_stm32f401xe.o(RESET)
 <LI><a href="#[3c]">DMA2_Stream4_IRQHandler</a> from startup_stm32f401xe.o(.text) referenced from startup_stm32f401xe.o(RESET)
 <LI><a href="#[3e]">DMA2_Stream5_IRQHandler</a> from startup_stm32f401xe.o(.text) referenced from startup_stm32f401xe.o(RESET)
 <LI><a href="#[3f]">DMA2_Stream6_IRQHandler</a> from startup_stm32f401xe.o(.text) referenced from startup_stm32f401xe.o(RESET)
 <LI><a href="#[40]">DMA2_Stream7_IRQHandler</a> from startup_stm32f401xe.o(.text) referenced from startup_stm32f401xe.o(RESET)
 <LI><a href="#[b]">DebugMon_Handler</a> from stm32f4xx_it.o(i.DebugMon_Handler) referenced from startup_stm32f401xe.o(RESET)
 <LI><a href="#[14]">EXTI0_IRQHandler</a> from startup_stm32f401xe.o(.text) referenced from startup_stm32f401xe.o(RESET)
 <LI><a href="#[31]">EXTI15_10_IRQHandler</a> from startup_stm32f401xe.o(.text) referenced from startup_stm32f401xe.o(RESET)
 <LI><a href="#[15]">EXTI1_IRQHandler</a> from startup_stm32f401xe.o(.text) referenced from startup_stm32f401xe.o(RESET)
 <LI><a href="#[16]">EXTI2_IRQHandler</a> from startup_stm32f401xe.o(.text) referenced from startup_stm32f401xe.o(RESET)
 <LI><a href="#[17]">EXTI3_IRQHandler</a> from startup_stm32f401xe.o(.text) referenced from startup_stm32f401xe.o(RESET)
 <LI><a href="#[18]">EXTI4_IRQHandler</a> from startup_stm32f401xe.o(.text) referenced from startup_stm32f401xe.o(RESET)
 <LI><a href="#[21]">EXTI9_5_IRQHandler</a> from startup_stm32f401xe.o(.text) referenced from startup_stm32f401xe.o(RESET)
 <LI><a href="#[12]">FLASH_IRQHandler</a> from startup_stm32f401xe.o(.text) referenced from startup_stm32f401xe.o(RESET)
 <LI><a href="#[44]">FPU_IRQHandler</a> from startup_stm32f401xe.o(.text) referenced from startup_stm32f401xe.o(RESET)
 <LI><a href="#[6]">HardFault_Handler</a> from startup_stm32f401xe.o(.text) referenced from startup_stm32f401xe.o(RESET)
 <LI><a href="#[2a]">I2C1_ER_IRQHandler</a> from startup_stm32f401xe.o(.text) referenced from startup_stm32f401xe.o(RESET)
 <LI><a href="#[29]">I2C1_EV_IRQHandler</a> from startup_stm32f401xe.o(.text) referenced from startup_stm32f401xe.o(RESET)
 <LI><a href="#[2c]">I2C2_ER_IRQHandler</a> from startup_stm32f401xe.o(.text) referenced from startup_stm32f401xe.o(RESET)
 <LI><a href="#[2b]">I2C2_EV_IRQHandler</a> from startup_stm32f401xe.o(.text) referenced from startup_stm32f401xe.o(RESET)
 <LI><a href="#[43]">I2C3_ER_IRQHandler</a> from startup_stm32f401xe.o(.text) referenced from startup_stm32f401xe.o(RESET)
 <LI><a href="#[42]">I2C3_EV_IRQHandler</a> from startup_stm32f401xe.o(.text) referenced from startup_stm32f401xe.o(RESET)
 <LI><a href="#[7]">MemManage_Handler</a> from stm32f4xx_it.o(i.MemManage_Handler) referenced from startup_stm32f401xe.o(RESET)
 <LI><a href="#[5]">NMI_Handler</a> from stm32f4xx_it.o(i.NMI_Handler) referenced from startup_stm32f401xe.o(RESET)
 <LI><a href="#[3d]">OTG_FS_IRQHandler</a> from startup_stm32f401xe.o(.text) referenced from startup_stm32f401xe.o(RESET)
 <LI><a href="#[33]">OTG_FS_WKUP_IRQHandler</a> from startup_stm32f401xe.o(.text) referenced from startup_stm32f401xe.o(RESET)
 <LI><a href="#[f]">PVD_IRQHandler</a> from startup_stm32f401xe.o(.text) referenced from startup_stm32f401xe.o(RESET)
 <LI><a href="#[c]">PendSV_Handler</a> from port.o(.emb_text) referenced from startup_stm32f401xe.o(RESET)
 <LI><a href="#[13]">RCC_IRQHandler</a> from startup_stm32f401xe.o(.text) referenced from startup_stm32f401xe.o(RESET)
 <LI><a href="#[32]">RTC_Alarm_IRQHandler</a> from startup_stm32f401xe.o(.text) referenced from startup_stm32f401xe.o(RESET)
 <LI><a href="#[11]">RTC_WKUP_IRQHandler</a> from startup_stm32f401xe.o(.text) referenced from startup_stm32f401xe.o(RESET)
 <LI><a href="#[4]">Reset_Handler</a> from startup_stm32f401xe.o(.text) referenced from startup_stm32f401xe.o(RESET)
 <LI><a href="#[35]">SDIO_IRQHandler</a> from startup_stm32f401xe.o(.text) referenced from startup_stm32f401xe.o(RESET)
 <LI><a href="#[2d]">SPI1_IRQHandler</a> from startup_stm32f401xe.o(.text) referenced from startup_stm32f401xe.o(RESET)
 <LI><a href="#[2e]">SPI2_IRQHandler</a> from startup_stm32f401xe.o(.text) referenced from startup_stm32f401xe.o(RESET)
 <LI><a href="#[37]">SPI3_IRQHandler</a> from startup_stm32f401xe.o(.text) referenced from startup_stm32f401xe.o(RESET)
 <LI><a href="#[45]">SPI4_IRQHandler</a> from startup_stm32f401xe.o(.text) referenced from startup_stm32f401xe.o(RESET)
 <LI><a href="#[a]">SVC_Handler</a> from port.o(.emb_text) referenced from startup_stm32f401xe.o(RESET)
 <LI><a href="#[d]">SysTick_Handler</a> from delay.o(i.SysTick_Handler) referenced from startup_stm32f401xe.o(RESET)
 <LI><a href="#[46]">SystemInit</a> from system_stm32f4xx.o(i.SystemInit) referenced from startup_stm32f401xe.o(.text)
 <LI><a href="#[10]">TAMP_STAMP_IRQHandler</a> from startup_stm32f401xe.o(.text) referenced from startup_stm32f401xe.o(RESET)
 <LI><a href="#[22]">TIM1_BRK_TIM9_IRQHandler</a> from startup_stm32f401xe.o(.text) referenced from startup_stm32f401xe.o(RESET)
 <LI><a href="#[25]">TIM1_CC_IRQHandler</a> from startup_stm32f401xe.o(.text) referenced from startup_stm32f401xe.o(RESET)
 <LI><a href="#[24]">TIM1_TRG_COM_TIM11_IRQHandler</a> from startup_stm32f401xe.o(.text) referenced from startup_stm32f401xe.o(RESET)
 <LI><a href="#[23]">TIM1_UP_TIM10_IRQHandler</a> from startup_stm32f401xe.o(.text) referenced from startup_stm32f401xe.o(RESET)
 <LI><a href="#[26]">TIM2_IRQHandler</a> from startup_stm32f401xe.o(.text) referenced from startup_stm32f401xe.o(RESET)
 <LI><a href="#[27]">TIM3_IRQHandler</a> from patch_delay_test.o(i.TIM3_IRQHandler) referenced from startup_stm32f401xe.o(RESET)
 <LI><a href="#[28]">TIM4_IRQHandler</a> from startup_stm32f401xe.o(.text) referenced from startup_stm32f401xe.o(RESET)
 <LI><a href="#[36]">TIM5_IRQHandler</a> from startup_stm32f401xe.o(.text) referenced from startup_stm32f401xe.o(RESET)
 <LI><a href="#[4a]">UART_DMAAbortOnError</a> from stm32f4xx_hal_uart.o(i.UART_DMAAbortOnError) referenced from stm32f4xx_hal_uart.o(i.HAL_UART_IRQHandler)
 <LI><a href="#[2f]">USART1_IRQHandler</a> from startup_stm32f401xe.o(.text) referenced from startup_stm32f401xe.o(RESET)
 <LI><a href="#[30]">USART2_IRQHandler</a> from usart.o(i.USART2_IRQHandler) referenced from startup_stm32f401xe.o(RESET)
 <LI><a href="#[41]">USART6_IRQHandler</a> from startup_stm32f401xe.o(.text) referenced from startup_stm32f401xe.o(RESET)
 <LI><a href="#[9]">UsageFault_Handler</a> from stm32f4xx_it.o(i.UsageFault_Handler) referenced from startup_stm32f401xe.o(RESET)
 <LI><a href="#[e]">WWDG_IRQHandler</a> from startup_stm32f401xe.o(.text) referenced from startup_stm32f401xe.o(RESET)
 <LI><a href="#[51]">__main</a> from __main.o(!!!main) referenced from startup_stm32f401xe.o(.text)
 <LI><a href="#[48]">_printf_input_char</a> from _printf_char_common.o(.text) referenced from _printf_char_common.o(.text)
 <LI><a href="#[49]">fputc</a> from usart.o(i.fputc) referenced from _printf_char_file.o(.text)
 <LI><a href="#[4e]">patchtask</a> from freertos_demo.o(i.patchtask) referenced from freertos_demo.o(i.start_task)
 <LI><a href="#[4f]">prvIdleTask</a> from tasks.o(i.prvIdleTask) referenced from tasks.o(i.vTaskStartScheduler)
 <LI><a href="#[4c]">prvTaskExitError</a> from port.o(i.prvTaskExitError) referenced from port.o(i.pxPortInitialiseStack)
 <LI><a href="#[50]">prvTimerTask</a> from timers.o(i.prvTimerTask) referenced from timers.o(i.xTimerCreateTimerTask)
 <LI><a href="#[4b]">start_task</a> from freertos_demo.o(i.start_task) referenced from freertos_demo.o(i.freertos_demo)
 <LI><a href="#[4d]">task1</a> from freertos_demo.o(i.task1) referenced from freertos_demo.o(i.start_task)
</UL>
<P>
<H3>
Global Symbols
</H3>
<P><STRONG><a name="[51]"></a>__main</STRONG> (Thumb, 8 bytes, Stack size 0 bytes, __main.o(!!!main))
<BR><BR>[Calls]<UL><LI><a href="#[53]">&gt;&gt;</a>&nbsp;&nbsp;&nbsp;__scatterload
<LI><a href="#[54]">&gt;&gt;</a>&nbsp;&nbsp;&nbsp;__rt_entry
</UL>

<P><STRONG><a name="[53]"></a>__scatterload</STRONG> (Thumb, 0 bytes, Stack size unknown bytes, __scatter.o(!!!scatter))
<BR><BR>[Called By]<UL><LI><a href="#[51]">&gt;&gt;</a>&nbsp;&nbsp;&nbsp;__main
</UL>

<P><STRONG><a name="[55]"></a>__scatterload_rt2</STRONG> (Thumb, 44 bytes, Stack size unknown bytes, __scatter.o(!!!scatter), UNUSED)
<BR><BR>[Calls]<UL><LI><a href="#[54]">&gt;&gt;</a>&nbsp;&nbsp;&nbsp;__rt_entry
</UL>

<P><STRONG><a name="[109]"></a>__scatterload_rt2_thumb_only</STRONG> (Thumb, 0 bytes, Stack size unknown bytes, __scatter.o(!!!scatter), UNUSED)

<P><STRONG><a name="[10a]"></a>__scatterload_null</STRONG> (Thumb, 0 bytes, Stack size unknown bytes, __scatter.o(!!!scatter), UNUSED)

<P><STRONG><a name="[10b]"></a>__decompress</STRONG> (Thumb, 90 bytes, Stack size unknown bytes, __dczerorl2.o(!!dczerorl2), UNUSED)

<P><STRONG><a name="[10c]"></a>__decompress1</STRONG> (Thumb, 0 bytes, Stack size unknown bytes, __dczerorl2.o(!!dczerorl2), UNUSED)

<P><STRONG><a name="[10d]"></a>__scatterload_zeroinit</STRONG> (Thumb, 28 bytes, Stack size unknown bytes, __scatter_zi.o(!!handler_zi), UNUSED)

<P><STRONG><a name="[56]"></a>_printf_f</STRONG> (Thumb, 0 bytes, Stack size unknown bytes, _printf_f.o(.ARM.Collect$$_printf_percent$$00000003))
<BR><BR>[Stack]<UL><LI>Max Depth = 324 + Unknown Stack Size
<LI>Call Chain = _printf_f &rArr; _printf_fp_dec &rArr; _printf_fp_dec_real &rArr; _fp_digits &rArr; _btod_etento &rArr; _btod_emul &rArr; _e2e
</UL>
<BR>[Calls]<UL><LI><a href="#[57]">&gt;&gt;</a>&nbsp;&nbsp;&nbsp;_printf_fp_dec
</UL>

<P><STRONG><a name="[71]"></a>_printf_percent</STRONG> (Thumb, 0 bytes, Stack size unknown bytes, _printf_percent.o(.ARM.Collect$$_printf_percent$$00000000))
<BR><BR>[Called By]<UL><LI><a href="#[6f]">&gt;&gt;</a>&nbsp;&nbsp;&nbsp;__printf
</UL>

<P><STRONG><a name="[58]"></a>_printf_u</STRONG> (Thumb, 0 bytes, Stack size unknown bytes, _printf_u.o(.ARM.Collect$$_printf_percent$$0000000A))
<BR><BR>[Stack]<UL><LI>Max Depth = 56 + Unknown Stack Size
<LI>Call Chain = _printf_u &rArr; _printf_int_dec &rArr; _printf_int_common
</UL>
<BR>[Calls]<UL><LI><a href="#[59]">&gt;&gt;</a>&nbsp;&nbsp;&nbsp;_printf_int_dec
</UL>

<P><STRONG><a name="[10e]"></a>_printf_percent_end</STRONG> (Thumb, 0 bytes, Stack size unknown bytes, _printf_percent_end.o(.ARM.Collect$$_printf_percent$$00000017))

<P><STRONG><a name="[63]"></a>__rt_lib_init</STRONG> (Thumb, 0 bytes, Stack size unknown bytes, libinit.o(.ARM.Collect$$libinit$$00000000))
<BR><BR>[Called By]<UL><LI><a href="#[62]">&gt;&gt;</a>&nbsp;&nbsp;&nbsp;__rt_entry_li
</UL>

<P><STRONG><a name="[5a]"></a>__rt_lib_init_fp_1</STRONG> (Thumb, 0 bytes, Stack size unknown bytes, libinit2.o(.ARM.Collect$$libinit$$00000001))
<BR><BR>[Calls]<UL><LI><a href="#[5b]">&gt;&gt;</a>&nbsp;&nbsp;&nbsp;_fp_init
</UL>

<P><STRONG><a name="[10f]"></a>__rt_lib_init_heap_1</STRONG> (Thumb, 0 bytes, Stack size unknown bytes, libinit2.o(.ARM.Collect$$libinit$$0000000A))

<P><STRONG><a name="[5c]"></a>__rt_lib_init_lc_common</STRONG> (Thumb, 0 bytes, Stack size unknown bytes, libinit2.o(.ARM.Collect$$libinit$$0000000F))
<BR><BR>[Calls]<UL><LI><a href="#[5d]">&gt;&gt;</a>&nbsp;&nbsp;&nbsp;__rt_locale
</UL>

<P><STRONG><a name="[110]"></a>__rt_lib_init_preinit_1</STRONG> (Thumb, 0 bytes, Stack size unknown bytes, libinit2.o(.ARM.Collect$$libinit$$00000004))

<P><STRONG><a name="[111]"></a>__rt_lib_init_rand_1</STRONG> (Thumb, 0 bytes, Stack size unknown bytes, libinit2.o(.ARM.Collect$$libinit$$0000000E))

<P><STRONG><a name="[112]"></a>__rt_lib_init_user_alloc_1</STRONG> (Thumb, 0 bytes, Stack size unknown bytes, libinit2.o(.ARM.Collect$$libinit$$0000000C))

<P><STRONG><a name="[113]"></a>__rt_lib_init_lc_collate_1</STRONG> (Thumb, 0 bytes, Stack size unknown bytes, libinit2.o(.ARM.Collect$$libinit$$00000011))

<P><STRONG><a name="[114]"></a>__rt_lib_init_lc_ctype_1</STRONG> (Thumb, 0 bytes, Stack size unknown bytes, libinit2.o(.ARM.Collect$$libinit$$00000013))

<P><STRONG><a name="[115]"></a>__rt_lib_init_lc_monetary_1</STRONG> (Thumb, 0 bytes, Stack size unknown bytes, libinit2.o(.ARM.Collect$$libinit$$00000015))

<P><STRONG><a name="[5e]"></a>__rt_lib_init_lc_numeric_2</STRONG> (Thumb, 0 bytes, Stack size unknown bytes, libinit2.o(.ARM.Collect$$libinit$$00000016))
<BR><BR>[Stack]<UL><LI>Max Depth = 8 + Unknown Stack Size
<LI>Call Chain = __rt_lib_init_lc_numeric_2 &rArr; _get_lc_numeric
</UL>
<BR>[Calls]<UL><LI><a href="#[5f]">&gt;&gt;</a>&nbsp;&nbsp;&nbsp;_get_lc_numeric
</UL>

<P><STRONG><a name="[116]"></a>__rt_lib_init_alloca_1</STRONG> (Thumb, 0 bytes, Stack size unknown bytes, libinit2.o(.ARM.Collect$$libinit$$0000002E))

<P><STRONG><a name="[117]"></a>__rt_lib_init_argv_1</STRONG> (Thumb, 0 bytes, Stack size unknown bytes, libinit2.o(.ARM.Collect$$libinit$$0000002C))

<P><STRONG><a name="[118]"></a>__rt_lib_init_atexit_1</STRONG> (Thumb, 0 bytes, Stack size unknown bytes, libinit2.o(.ARM.Collect$$libinit$$0000001B))

<P><STRONG><a name="[119]"></a>__rt_lib_init_clock_1</STRONG> (Thumb, 0 bytes, Stack size unknown bytes, libinit2.o(.ARM.Collect$$libinit$$00000021))

<P><STRONG><a name="[11a]"></a>__rt_lib_init_cpp_1</STRONG> (Thumb, 0 bytes, Stack size unknown bytes, libinit2.o(.ARM.Collect$$libinit$$00000032))

<P><STRONG><a name="[11b]"></a>__rt_lib_init_exceptions_1</STRONG> (Thumb, 0 bytes, Stack size unknown bytes, libinit2.o(.ARM.Collect$$libinit$$00000030))

<P><STRONG><a name="[11c]"></a>__rt_lib_init_fp_trap_1</STRONG> (Thumb, 0 bytes, Stack size unknown bytes, libinit2.o(.ARM.Collect$$libinit$$0000001F))

<P><STRONG><a name="[11d]"></a>__rt_lib_init_getenv_1</STRONG> (Thumb, 0 bytes, Stack size unknown bytes, libinit2.o(.ARM.Collect$$libinit$$00000023))

<P><STRONG><a name="[11e]"></a>__rt_lib_init_lc_numeric_1</STRONG> (Thumb, 0 bytes, Stack size unknown bytes, libinit2.o(.ARM.Collect$$libinit$$00000017))

<P><STRONG><a name="[11f]"></a>__rt_lib_init_lc_time_1</STRONG> (Thumb, 0 bytes, Stack size unknown bytes, libinit2.o(.ARM.Collect$$libinit$$00000019))

<P><STRONG><a name="[120]"></a>__rt_lib_init_return</STRONG> (Thumb, 0 bytes, Stack size unknown bytes, libinit2.o(.ARM.Collect$$libinit$$00000033))

<P><STRONG><a name="[121]"></a>__rt_lib_init_signal_1</STRONG> (Thumb, 0 bytes, Stack size unknown bytes, libinit2.o(.ARM.Collect$$libinit$$0000001D))

<P><STRONG><a name="[122]"></a>__rt_lib_init_stdio_1</STRONG> (Thumb, 0 bytes, Stack size unknown bytes, libinit2.o(.ARM.Collect$$libinit$$00000025))

<P><STRONG><a name="[68]"></a>__rt_lib_shutdown</STRONG> (Thumb, 0 bytes, Stack size unknown bytes, libshutdown.o(.ARM.Collect$$libshutdown$$00000000))
<BR><BR>[Called By]<UL><LI><a href="#[67]">&gt;&gt;</a>&nbsp;&nbsp;&nbsp;__rt_exit_ls
</UL>

<P><STRONG><a name="[123]"></a>__rt_lib_shutdown_cpp_1</STRONG> (Thumb, 0 bytes, Stack size unknown bytes, libshutdown2.o(.ARM.Collect$$libshutdown$$00000002))

<P><STRONG><a name="[124]"></a>__rt_lib_shutdown_fp_trap_1</STRONG> (Thumb, 0 bytes, Stack size unknown bytes, libshutdown2.o(.ARM.Collect$$libshutdown$$00000007))

<P><STRONG><a name="[125]"></a>__rt_lib_shutdown_heap_1</STRONG> (Thumb, 0 bytes, Stack size unknown bytes, libshutdown2.o(.ARM.Collect$$libshutdown$$0000000F))

<P><STRONG><a name="[126]"></a>__rt_lib_shutdown_return</STRONG> (Thumb, 0 bytes, Stack size unknown bytes, libshutdown2.o(.ARM.Collect$$libshutdown$$00000010))

<P><STRONG><a name="[127]"></a>__rt_lib_shutdown_signal_1</STRONG> (Thumb, 0 bytes, Stack size unknown bytes, libshutdown2.o(.ARM.Collect$$libshutdown$$0000000A))

<P><STRONG><a name="[128]"></a>__rt_lib_shutdown_stdio_1</STRONG> (Thumb, 0 bytes, Stack size unknown bytes, libshutdown2.o(.ARM.Collect$$libshutdown$$00000004))

<P><STRONG><a name="[129]"></a>__rt_lib_shutdown_user_alloc_1</STRONG> (Thumb, 0 bytes, Stack size unknown bytes, libshutdown2.o(.ARM.Collect$$libshutdown$$0000000C))

<P><STRONG><a name="[54]"></a>__rt_entry</STRONG> (Thumb, 0 bytes, Stack size unknown bytes, __rtentry.o(.ARM.Collect$$rtentry$$00000000))
<BR><BR>[Called By]<UL><LI><a href="#[55]">&gt;&gt;</a>&nbsp;&nbsp;&nbsp;__scatterload_rt2
<LI><a href="#[51]">&gt;&gt;</a>&nbsp;&nbsp;&nbsp;__main
</UL>

<P><STRONG><a name="[12a]"></a>__rt_entry_presh_1</STRONG> (Thumb, 0 bytes, Stack size unknown bytes, __rtentry2.o(.ARM.Collect$$rtentry$$00000002))

<P><STRONG><a name="[60]"></a>__rt_entry_sh</STRONG> (Thumb, 0 bytes, Stack size unknown bytes, __rtentry4.o(.ARM.Collect$$rtentry$$00000004))
<BR><BR>[Stack]<UL><LI>Max Depth = 8 + Unknown Stack Size
<LI>Call Chain = __rt_entry_sh &rArr; __user_setup_stackheap
</UL>
<BR>[Calls]<UL><LI><a href="#[61]">&gt;&gt;</a>&nbsp;&nbsp;&nbsp;__user_setup_stackheap
</UL>

<P><STRONG><a name="[62]"></a>__rt_entry_li</STRONG> (Thumb, 0 bytes, Stack size unknown bytes, __rtentry2.o(.ARM.Collect$$rtentry$$0000000A))
<BR><BR>[Calls]<UL><LI><a href="#[63]">&gt;&gt;</a>&nbsp;&nbsp;&nbsp;__rt_lib_init
</UL>

<P><STRONG><a name="[12b]"></a>__rt_entry_postsh_1</STRONG> (Thumb, 0 bytes, Stack size unknown bytes, __rtentry2.o(.ARM.Collect$$rtentry$$00000009))

<P><STRONG><a name="[64]"></a>__rt_entry_main</STRONG> (Thumb, 0 bytes, Stack size unknown bytes, __rtentry2.o(.ARM.Collect$$rtentry$$0000000D))
<BR><BR>[Stack]<UL><LI>Max Depth = 200 + Unknown Stack Size
<LI>Call Chain = __rt_entry_main &rArr; main &rArr; freertos_demo &rArr; vTaskStartScheduler &rArr; xTimerCreateTimerTask &rArr; xTaskCreate &rArr; pvPortMalloc &rArr; xTaskResumeAll &rArr; xTaskIncrementTick
</UL>
<BR>[Calls]<UL><LI><a href="#[65]">&gt;&gt;</a>&nbsp;&nbsp;&nbsp;main
<LI><a href="#[66]">&gt;&gt;</a>&nbsp;&nbsp;&nbsp;exit
</UL>

<P><STRONG><a name="[12c]"></a>__rt_entry_postli_1</STRONG> (Thumb, 0 bytes, Stack size unknown bytes, __rtentry2.o(.ARM.Collect$$rtentry$$0000000C))

<P><STRONG><a name="[85]"></a>__rt_exit</STRONG> (Thumb, 0 bytes, Stack size unknown bytes, rtexit.o(.ARM.Collect$$rtexit$$00000000))
<BR><BR>[Called By]<UL><LI><a href="#[66]">&gt;&gt;</a>&nbsp;&nbsp;&nbsp;exit
</UL>

<P><STRONG><a name="[67]"></a>__rt_exit_ls</STRONG> (Thumb, 0 bytes, Stack size unknown bytes, rtexit2.o(.ARM.Collect$$rtexit$$00000003))
<BR><BR>[Calls]<UL><LI><a href="#[68]">&gt;&gt;</a>&nbsp;&nbsp;&nbsp;__rt_lib_shutdown
</UL>

<P><STRONG><a name="[12d]"></a>__rt_exit_prels_1</STRONG> (Thumb, 0 bytes, Stack size unknown bytes, rtexit2.o(.ARM.Collect$$rtexit$$00000002))

<P><STRONG><a name="[69]"></a>__rt_exit_exit</STRONG> (Thumb, 0 bytes, Stack size unknown bytes, rtexit2.o(.ARM.Collect$$rtexit$$00000004))
<BR><BR>[Calls]<UL><LI><a href="#[6a]">&gt;&gt;</a>&nbsp;&nbsp;&nbsp;_sys_exit
</UL>

<P><STRONG><a name="[a]"></a>SVC_Handler</STRONG> (Thumb, 28 bytes, Stack size 0 bytes, port.o(.emb_text))
<BR>[Address Reference Count : 1]<UL><LI> startup_stm32f401xe.o(RESET)
</UL>
<P><STRONG><a name="[101]"></a>__asm___6_port_c_39a90d8d__prvStartFirstTask</STRONG> (Thumb, 36 bytes, Stack size 0 bytes, port.o(.emb_text))
<BR><BR>[Called By]<UL><LI><a href="#[fe]">&gt;&gt;</a>&nbsp;&nbsp;&nbsp;xPortStartScheduler
</UL>

<P><STRONG><a name="[100]"></a>__asm___6_port_c_39a90d8d__prvEnableVFP</STRONG> (Thumb, 16 bytes, Stack size 0 bytes, port.o(.emb_text))
<BR><BR>[Called By]<UL><LI><a href="#[fe]">&gt;&gt;</a>&nbsp;&nbsp;&nbsp;xPortStartScheduler
</UL>

<P><STRONG><a name="[c]"></a>PendSV_Handler</STRONG> (Thumb, 88 bytes, Stack size 0 bytes, port.o(.emb_text))
<BR><BR>[Calls]<UL><LI><a href="#[6b]">&gt;&gt;</a>&nbsp;&nbsp;&nbsp;vTaskSwitchContext
</UL>
<BR>[Address Reference Count : 1]<UL><LI> startup_stm32f401xe.o(RESET)
</UL>
<P><STRONG><a name="[12e]"></a>vPortGetIPSR</STRONG> (Thumb, 6 bytes, Stack size 0 bytes, port.o(.emb_text), UNUSED)

<P><STRONG><a name="[4]"></a>Reset_Handler</STRONG> (Thumb, 8 bytes, Stack size 0 bytes, startup_stm32f401xe.o(.text))
<BR>[Address Reference Count : 1]<UL><LI> startup_stm32f401xe.o(RESET)
</UL>
<P><STRONG><a name="[6]"></a>HardFault_Handler</STRONG> (Thumb, 78 bytes, Stack size 0 bytes, startup_stm32f401xe.o(.text))
<BR>[Address Reference Count : 1]<UL><LI> startup_stm32f401xe.o(RESET)
</UL>
<P><STRONG><a name="[20]"></a>ADC_IRQHandler</STRONG> (Thumb, 0 bytes, Stack size 0 bytes, startup_stm32f401xe.o(.text))
<BR><BR>[Calls]<UL><LI><a href="#[20]">&gt;&gt;</a>&nbsp;&nbsp;&nbsp;ADC_IRQHandler
</UL>
<BR>[Called By]<UL><LI><a href="#[20]">&gt;&gt;</a>&nbsp;&nbsp;&nbsp;ADC_IRQHandler
</UL>
<BR>[Address Reference Count : 1]<UL><LI> startup_stm32f401xe.o(RESET)
</UL>
<P><STRONG><a name="[19]"></a>DMA1_Stream0_IRQHandler</STRONG> (Thumb, 0 bytes, Stack size 0 bytes, startup_stm32f401xe.o(.text))
<BR>[Address Reference Count : 1]<UL><LI> startup_stm32f401xe.o(RESET)
</UL>
<P><STRONG><a name="[1a]"></a>DMA1_Stream1_IRQHandler</STRONG> (Thumb, 0 bytes, Stack size 0 bytes, startup_stm32f401xe.o(.text))
<BR>[Address Reference Count : 1]<UL><LI> startup_stm32f401xe.o(RESET)
</UL>
<P><STRONG><a name="[1b]"></a>DMA1_Stream2_IRQHandler</STRONG> (Thumb, 0 bytes, Stack size 0 bytes, startup_stm32f401xe.o(.text))
<BR>[Address Reference Count : 1]<UL><LI> startup_stm32f401xe.o(RESET)
</UL>
<P><STRONG><a name="[1c]"></a>DMA1_Stream3_IRQHandler</STRONG> (Thumb, 0 bytes, Stack size 0 bytes, startup_stm32f401xe.o(.text))
<BR>[Address Reference Count : 1]<UL><LI> startup_stm32f401xe.o(RESET)
</UL>
<P><STRONG><a name="[1d]"></a>DMA1_Stream4_IRQHandler</STRONG> (Thumb, 0 bytes, Stack size 0 bytes, startup_stm32f401xe.o(.text))
<BR>[Address Reference Count : 1]<UL><LI> startup_stm32f401xe.o(RESET)
</UL>
<P><STRONG><a name="[1e]"></a>DMA1_Stream5_IRQHandler</STRONG> (Thumb, 0 bytes, Stack size 0 bytes, startup_stm32f401xe.o(.text))
<BR>[Address Reference Count : 1]<UL><LI> startup_stm32f401xe.o(RESET)
</UL>
<P><STRONG><a name="[1f]"></a>DMA1_Stream6_IRQHandler</STRONG> (Thumb, 0 bytes, Stack size 0 bytes, startup_stm32f401xe.o(.text))
<BR>[Address Reference Count : 1]<UL><LI> startup_stm32f401xe.o(RESET)
</UL>
<P><STRONG><a name="[34]"></a>DMA1_Stream7_IRQHandler</STRONG> (Thumb, 0 bytes, Stack size 0 bytes, startup_stm32f401xe.o(.text))
<BR>[Address Reference Count : 1]<UL><LI> startup_stm32f401xe.o(RESET)
</UL>
<P><STRONG><a name="[38]"></a>DMA2_Stream0_IRQHandler</STRONG> (Thumb, 0 bytes, Stack size 0 bytes, startup_stm32f401xe.o(.text))
<BR>[Address Reference Count : 1]<UL><LI> startup_stm32f401xe.o(RESET)
</UL>
<P><STRONG><a name="[39]"></a>DMA2_Stream1_IRQHandler</STRONG> (Thumb, 0 bytes, Stack size 0 bytes, startup_stm32f401xe.o(.text))
<BR>[Address Reference Count : 1]<UL><LI> startup_stm32f401xe.o(RESET)
</UL>
<P><STRONG><a name="[3a]"></a>DMA2_Stream2_IRQHandler</STRONG> (Thumb, 0 bytes, Stack size 0 bytes, startup_stm32f401xe.o(.text))
<BR>[Address Reference Count : 1]<UL><LI> startup_stm32f401xe.o(RESET)
</UL>
<P><STRONG><a name="[3b]"></a>DMA2_Stream3_IRQHandler</STRONG> (Thumb, 0 bytes, Stack size 0 bytes, startup_stm32f401xe.o(.text))
<BR>[Address Reference Count : 1]<UL><LI> startup_stm32f401xe.o(RESET)
</UL>
<P><STRONG><a name="[3c]"></a>DMA2_Stream4_IRQHandler</STRONG> (Thumb, 0 bytes, Stack size 0 bytes, startup_stm32f401xe.o(.text))
<BR>[Address Reference Count : 1]<UL><LI> startup_stm32f401xe.o(RESET)
</UL>
<P><STRONG><a name="[3e]"></a>DMA2_Stream5_IRQHandler</STRONG> (Thumb, 0 bytes, Stack size 0 bytes, startup_stm32f401xe.o(.text))
<BR>[Address Reference Count : 1]<UL><LI> startup_stm32f401xe.o(RESET)
</UL>
<P><STRONG><a name="[3f]"></a>DMA2_Stream6_IRQHandler</STRONG> (Thumb, 0 bytes, Stack size 0 bytes, startup_stm32f401xe.o(.text))
<BR>[Address Reference Count : 1]<UL><LI> startup_stm32f401xe.o(RESET)
</UL>
<P><STRONG><a name="[40]"></a>DMA2_Stream7_IRQHandler</STRONG> (Thumb, 0 bytes, Stack size 0 bytes, startup_stm32f401xe.o(.text))
<BR>[Address Reference Count : 1]<UL><LI> startup_stm32f401xe.o(RESET)
</UL>
<P><STRONG><a name="[14]"></a>EXTI0_IRQHandler</STRONG> (Thumb, 0 bytes, Stack size 0 bytes, startup_stm32f401xe.o(.text))
<BR>[Address Reference Count : 1]<UL><LI> startup_stm32f401xe.o(RESET)
</UL>
<P><STRONG><a name="[31]"></a>EXTI15_10_IRQHandler</STRONG> (Thumb, 0 bytes, Stack size 0 bytes, startup_stm32f401xe.o(.text))
<BR>[Address Reference Count : 1]<UL><LI> startup_stm32f401xe.o(RESET)
</UL>
<P><STRONG><a name="[15]"></a>EXTI1_IRQHandler</STRONG> (Thumb, 0 bytes, Stack size 0 bytes, startup_stm32f401xe.o(.text))
<BR>[Address Reference Count : 1]<UL><LI> startup_stm32f401xe.o(RESET)
</UL>
<P><STRONG><a name="[16]"></a>EXTI2_IRQHandler</STRONG> (Thumb, 0 bytes, Stack size 0 bytes, startup_stm32f401xe.o(.text))
<BR>[Address Reference Count : 1]<UL><LI> startup_stm32f401xe.o(RESET)
</UL>
<P><STRONG><a name="[17]"></a>EXTI3_IRQHandler</STRONG> (Thumb, 0 bytes, Stack size 0 bytes, startup_stm32f401xe.o(.text))
<BR>[Address Reference Count : 1]<UL><LI> startup_stm32f401xe.o(RESET)
</UL>
<P><STRONG><a name="[18]"></a>EXTI4_IRQHandler</STRONG> (Thumb, 0 bytes, Stack size 0 bytes, startup_stm32f401xe.o(.text))
<BR>[Address Reference Count : 1]<UL><LI> startup_stm32f401xe.o(RESET)
</UL>
<P><STRONG><a name="[21]"></a>EXTI9_5_IRQHandler</STRONG> (Thumb, 0 bytes, Stack size 0 bytes, startup_stm32f401xe.o(.text))
<BR>[Address Reference Count : 1]<UL><LI> startup_stm32f401xe.o(RESET)
</UL>
<P><STRONG><a name="[12]"></a>FLASH_IRQHandler</STRONG> (Thumb, 0 bytes, Stack size 0 bytes, startup_stm32f401xe.o(.text))
<BR>[Address Reference Count : 1]<UL><LI> startup_stm32f401xe.o(RESET)
</UL>
<P><STRONG><a name="[44]"></a>FPU_IRQHandler</STRONG> (Thumb, 0 bytes, Stack size 0 bytes, startup_stm32f401xe.o(.text))
<BR>[Address Reference Count : 1]<UL><LI> startup_stm32f401xe.o(RESET)
</UL>
<P><STRONG><a name="[2a]"></a>I2C1_ER_IRQHandler</STRONG> (Thumb, 0 bytes, Stack size 0 bytes, startup_stm32f401xe.o(.text))
<BR>[Address Reference Count : 1]<UL><LI> startup_stm32f401xe.o(RESET)
</UL>
<P><STRONG><a name="[29]"></a>I2C1_EV_IRQHandler</STRONG> (Thumb, 0 bytes, Stack size 0 bytes, startup_stm32f401xe.o(.text))
<BR>[Address Reference Count : 1]<UL><LI> startup_stm32f401xe.o(RESET)
</UL>
<P><STRONG><a name="[2c]"></a>I2C2_ER_IRQHandler</STRONG> (Thumb, 0 bytes, Stack size 0 bytes, startup_stm32f401xe.o(.text))
<BR>[Address Reference Count : 1]<UL><LI> startup_stm32f401xe.o(RESET)
</UL>
<P><STRONG><a name="[2b]"></a>I2C2_EV_IRQHandler</STRONG> (Thumb, 0 bytes, Stack size 0 bytes, startup_stm32f401xe.o(.text))
<BR>[Address Reference Count : 1]<UL><LI> startup_stm32f401xe.o(RESET)
</UL>
<P><STRONG><a name="[43]"></a>I2C3_ER_IRQHandler</STRONG> (Thumb, 0 bytes, Stack size 0 bytes, startup_stm32f401xe.o(.text))
<BR>[Address Reference Count : 1]<UL><LI> startup_stm32f401xe.o(RESET)
</UL>
<P><STRONG><a name="[42]"></a>I2C3_EV_IRQHandler</STRONG> (Thumb, 0 bytes, Stack size 0 bytes, startup_stm32f401xe.o(.text))
<BR>[Address Reference Count : 1]<UL><LI> startup_stm32f401xe.o(RESET)
</UL>
<P><STRONG><a name="[3d]"></a>OTG_FS_IRQHandler</STRONG> (Thumb, 0 bytes, Stack size 0 bytes, startup_stm32f401xe.o(.text))
<BR>[Address Reference Count : 1]<UL><LI> startup_stm32f401xe.o(RESET)
</UL>
<P><STRONG><a name="[33]"></a>OTG_FS_WKUP_IRQHandler</STRONG> (Thumb, 0 bytes, Stack size 0 bytes, startup_stm32f401xe.o(.text))
<BR>[Address Reference Count : 1]<UL><LI> startup_stm32f401xe.o(RESET)
</UL>
<P><STRONG><a name="[f]"></a>PVD_IRQHandler</STRONG> (Thumb, 0 bytes, Stack size 0 bytes, startup_stm32f401xe.o(.text))
<BR>[Address Reference Count : 1]<UL><LI> startup_stm32f401xe.o(RESET)
</UL>
<P><STRONG><a name="[13]"></a>RCC_IRQHandler</STRONG> (Thumb, 0 bytes, Stack size 0 bytes, startup_stm32f401xe.o(.text))
<BR>[Address Reference Count : 1]<UL><LI> startup_stm32f401xe.o(RESET)
</UL>
<P><STRONG><a name="[32]"></a>RTC_Alarm_IRQHandler</STRONG> (Thumb, 0 bytes, Stack size 0 bytes, startup_stm32f401xe.o(.text))
<BR>[Address Reference Count : 1]<UL><LI> startup_stm32f401xe.o(RESET)
</UL>
<P><STRONG><a name="[11]"></a>RTC_WKUP_IRQHandler</STRONG> (Thumb, 0 bytes, Stack size 0 bytes, startup_stm32f401xe.o(.text))
<BR>[Address Reference Count : 1]<UL><LI> startup_stm32f401xe.o(RESET)
</UL>
<P><STRONG><a name="[35]"></a>SDIO_IRQHandler</STRONG> (Thumb, 0 bytes, Stack size 0 bytes, startup_stm32f401xe.o(.text))
<BR>[Address Reference Count : 1]<UL><LI> startup_stm32f401xe.o(RESET)
</UL>
<P><STRONG><a name="[2d]"></a>SPI1_IRQHandler</STRONG> (Thumb, 0 bytes, Stack size 0 bytes, startup_stm32f401xe.o(.text))
<BR>[Address Reference Count : 1]<UL><LI> startup_stm32f401xe.o(RESET)
</UL>
<P><STRONG><a name="[2e]"></a>SPI2_IRQHandler</STRONG> (Thumb, 0 bytes, Stack size 0 bytes, startup_stm32f401xe.o(.text))
<BR>[Address Reference Count : 1]<UL><LI> startup_stm32f401xe.o(RESET)
</UL>
<P><STRONG><a name="[37]"></a>SPI3_IRQHandler</STRONG> (Thumb, 0 bytes, Stack size 0 bytes, startup_stm32f401xe.o(.text))
<BR>[Address Reference Count : 1]<UL><LI> startup_stm32f401xe.o(RESET)
</UL>
<P><STRONG><a name="[45]"></a>SPI4_IRQHandler</STRONG> (Thumb, 0 bytes, Stack size 0 bytes, startup_stm32f401xe.o(.text))
<BR>[Address Reference Count : 1]<UL><LI> startup_stm32f401xe.o(RESET)
</UL>
<P><STRONG><a name="[10]"></a>TAMP_STAMP_IRQHandler</STRONG> (Thumb, 0 bytes, Stack size 0 bytes, startup_stm32f401xe.o(.text))
<BR>[Address Reference Count : 1]<UL><LI> startup_stm32f401xe.o(RESET)
</UL>
<P><STRONG><a name="[22]"></a>TIM1_BRK_TIM9_IRQHandler</STRONG> (Thumb, 0 bytes, Stack size 0 bytes, startup_stm32f401xe.o(.text))
<BR>[Address Reference Count : 1]<UL><LI> startup_stm32f401xe.o(RESET)
</UL>
<P><STRONG><a name="[25]"></a>TIM1_CC_IRQHandler</STRONG> (Thumb, 0 bytes, Stack size 0 bytes, startup_stm32f401xe.o(.text))
<BR>[Address Reference Count : 1]<UL><LI> startup_stm32f401xe.o(RESET)
</UL>
<P><STRONG><a name="[24]"></a>TIM1_TRG_COM_TIM11_IRQHandler</STRONG> (Thumb, 0 bytes, Stack size 0 bytes, startup_stm32f401xe.o(.text))
<BR>[Address Reference Count : 1]<UL><LI> startup_stm32f401xe.o(RESET)
</UL>
<P><STRONG><a name="[23]"></a>TIM1_UP_TIM10_IRQHandler</STRONG> (Thumb, 0 bytes, Stack size 0 bytes, startup_stm32f401xe.o(.text))
<BR>[Address Reference Count : 1]<UL><LI> startup_stm32f401xe.o(RESET)
</UL>
<P><STRONG><a name="[26]"></a>TIM2_IRQHandler</STRONG> (Thumb, 0 bytes, Stack size 0 bytes, startup_stm32f401xe.o(.text))
<BR>[Address Reference Count : 1]<UL><LI> startup_stm32f401xe.o(RESET)
</UL>
<P><STRONG><a name="[28]"></a>TIM4_IRQHandler</STRONG> (Thumb, 0 bytes, Stack size 0 bytes, startup_stm32f401xe.o(.text))
<BR>[Address Reference Count : 1]<UL><LI> startup_stm32f401xe.o(RESET)
</UL>
<P><STRONG><a name="[36]"></a>TIM5_IRQHandler</STRONG> (Thumb, 0 bytes, Stack size 0 bytes, startup_stm32f401xe.o(.text))
<BR>[Address Reference Count : 1]<UL><LI> startup_stm32f401xe.o(RESET)
</UL>
<P><STRONG><a name="[2f]"></a>USART1_IRQHandler</STRONG> (Thumb, 0 bytes, Stack size 0 bytes, startup_stm32f401xe.o(.text))
<BR>[Address Reference Count : 1]<UL><LI> startup_stm32f401xe.o(RESET)
</UL>
<P><STRONG><a name="[41]"></a>USART6_IRQHandler</STRONG> (Thumb, 0 bytes, Stack size 0 bytes, startup_stm32f401xe.o(.text))
<BR>[Address Reference Count : 1]<UL><LI> startup_stm32f401xe.o(RESET)
</UL>
<P><STRONG><a name="[e]"></a>WWDG_IRQHandler</STRONG> (Thumb, 0 bytes, Stack size 0 bytes, startup_stm32f401xe.o(.text))
<BR>[Address Reference Count : 1]<UL><LI> startup_stm32f401xe.o(RESET)
</UL>
<P><STRONG><a name="[84]"></a>__user_initial_stackheap</STRONG> (Thumb, 0 bytes, Stack size unknown bytes, startup_stm32f401xe.o(.text))
<BR><BR>[Called By]<UL><LI><a href="#[61]">&gt;&gt;</a>&nbsp;&nbsp;&nbsp;__user_setup_stackheap
</UL>

<P><STRONG><a name="[12f]"></a>__use_no_semihosting</STRONG> (Thumb, 2 bytes, Stack size 0 bytes, use_no_semi_2.o(.text), UNUSED)

<P><STRONG><a name="[9a]"></a>__aeabi_uldivmod</STRONG> (Thumb, 0 bytes, Stack size 48 bytes, lludivv7m.o(.text))
<BR><BR>[Stack]<UL><LI>Max Depth = 48<LI>Call Chain = __aeabi_uldivmod
</UL>
<BR>[Called By]<UL><LI><a href="#[ae]">&gt;&gt;</a>&nbsp;&nbsp;&nbsp;UART_SetConfig
<LI><a href="#[96]">&gt;&gt;</a>&nbsp;&nbsp;&nbsp;HAL_RCC_GetSysClockFreq
</UL>

<P><STRONG><a name="[130]"></a>_ll_udiv</STRONG> (Thumb, 238 bytes, Stack size 48 bytes, lludivv7m.o(.text), UNUSED)

<P><STRONG><a name="[6c]"></a>__2printf</STRONG> (Thumb, 20 bytes, Stack size 24 bytes, noretval__2printf.o(.text))
<BR><BR>[Stack]<UL><LI>Max Depth = 144 + Unknown Stack Size
<LI>Call Chain = __2printf &rArr; _printf_char_file &rArr; _printf_char_common &rArr; __printf
</UL>
<BR>[Calls]<UL><LI><a href="#[6d]">&gt;&gt;</a>&nbsp;&nbsp;&nbsp;_printf_char_file
</UL>
<BR>[Called By]<UL><LI><a href="#[f2]">&gt;&gt;</a>&nbsp;&nbsp;&nbsp;test_cve2018_16601
<LI><a href="#[4d]">&gt;&gt;</a>&nbsp;&nbsp;&nbsp;task1
</UL>

<P><STRONG><a name="[59]"></a>_printf_int_dec</STRONG> (Thumb, 104 bytes, Stack size 24 bytes, _printf_dec.o(.text))
<BR><BR>[Stack]<UL><LI>Max Depth = 56<LI>Call Chain = _printf_int_dec &rArr; _printf_int_common
</UL>
<BR>[Calls]<UL><LI><a href="#[6e]">&gt;&gt;</a>&nbsp;&nbsp;&nbsp;_printf_int_common
</UL>
<BR>[Called By]<UL><LI><a href="#[58]">&gt;&gt;</a>&nbsp;&nbsp;&nbsp;_printf_u
</UL>

<P><STRONG><a name="[6f]"></a>__printf</STRONG> (Thumb, 308 bytes, Stack size 40 bytes, __printf_flags_wp.o(.text))
<BR><BR>[Stack]<UL><LI>Max Depth = 40 + Unknown Stack Size
<LI>Call Chain = __printf
</UL>
<BR>[Calls]<UL><LI><a href="#[71]">&gt;&gt;</a>&nbsp;&nbsp;&nbsp;_printf_percent
<LI><a href="#[70]">&gt;&gt;</a>&nbsp;&nbsp;&nbsp;_is_digit
</UL>
<BR>[Called By]<UL><LI><a href="#[81]">&gt;&gt;</a>&nbsp;&nbsp;&nbsp;_printf_char_common
</UL>

<P><STRONG><a name="[d3]"></a>__aeabi_memcpy</STRONG> (Thumb, 0 bytes, Stack size 0 bytes, rt_memcpy_v6.o(.text))
<BR><BR>[Called By]<UL><LI><a href="#[d4]">&gt;&gt;</a>&nbsp;&nbsp;&nbsp;prvCopyDataToQueue
<LI><a href="#[d2]">&gt;&gt;</a>&nbsp;&nbsp;&nbsp;prvCopyDataFromQueue
</UL>

<P><STRONG><a name="[72]"></a>__rt_memcpy</STRONG> (Thumb, 138 bytes, Stack size 0 bytes, rt_memcpy_v6.o(.text), UNUSED)
<BR><BR>[Calls]<UL><LI><a href="#[73]">&gt;&gt;</a>&nbsp;&nbsp;&nbsp;__aeabi_memcpy4
</UL>

<P><STRONG><a name="[131]"></a>_memcpy_lastbytes</STRONG> (Thumb, 0 bytes, Stack size unknown bytes, rt_memcpy_v6.o(.text), UNUSED)

<P><STRONG><a name="[73]"></a>__aeabi_memcpy4</STRONG> (Thumb, 0 bytes, Stack size 8 bytes, rt_memcpy_w.o(.text))
<BR><BR>[Stack]<UL><LI>Max Depth = 8<LI>Call Chain = __aeabi_memcpy4
</UL>
<BR>[Called By]<UL><LI><a href="#[f2]">&gt;&gt;</a>&nbsp;&nbsp;&nbsp;test_cve2018_16601
<LI><a href="#[72]">&gt;&gt;</a>&nbsp;&nbsp;&nbsp;__rt_memcpy
</UL>

<P><STRONG><a name="[132]"></a>__aeabi_memcpy8</STRONG> (Thumb, 0 bytes, Stack size 8 bytes, rt_memcpy_w.o(.text), UNUSED)

<P><STRONG><a name="[133]"></a>__rt_memcpy_w</STRONG> (Thumb, 100 bytes, Stack size 8 bytes, rt_memcpy_w.o(.text), UNUSED)

<P><STRONG><a name="[134]"></a>_memcpy_lastbytes_aligned</STRONG> (Thumb, 0 bytes, Stack size unknown bytes, rt_memcpy_w.o(.text), UNUSED)

<P><STRONG><a name="[74]"></a>__aeabi_memset</STRONG> (Thumb, 16 bytes, Stack size 0 bytes, aeabi_memset.o(.text))
<BR><BR>[Calls]<UL><LI><a href="#[75]">&gt;&gt;</a>&nbsp;&nbsp;&nbsp;_memset
</UL>
<BR>[Called By]<UL><LI><a href="#[d9]">&gt;&gt;</a>&nbsp;&nbsp;&nbsp;prvInitialiseNewTask
</UL>

<P><STRONG><a name="[135]"></a>__aeabi_memclr</STRONG> (Thumb, 0 bytes, Stack size 0 bytes, rt_memclr.o(.text), UNUSED)

<P><STRONG><a name="[76]"></a>__rt_memclr</STRONG> (Thumb, 68 bytes, Stack size 0 bytes, rt_memclr.o(.text), UNUSED)
<BR><BR>[Calls]<UL><LI><a href="#[77]">&gt;&gt;</a>&nbsp;&nbsp;&nbsp;_memset_w
</UL>

<P><STRONG><a name="[75]"></a>_memset</STRONG> (Thumb, 0 bytes, Stack size unknown bytes, rt_memclr.o(.text))
<BR><BR>[Called By]<UL><LI><a href="#[74]">&gt;&gt;</a>&nbsp;&nbsp;&nbsp;__aeabi_memset
</UL>

<P><STRONG><a name="[b4]"></a>__aeabi_memclr4</STRONG> (Thumb, 0 bytes, Stack size 4 bytes, rt_memclr_w.o(.text))
<BR><BR>[Stack]<UL><LI>Max Depth = 4<LI>Call Chain = __aeabi_memclr4
</UL>
<BR>[Called By]<UL><LI><a href="#[c1]">&gt;&gt;</a>&nbsp;&nbsp;&nbsp;xTaskCreate
<LI><a href="#[b3]">&gt;&gt;</a>&nbsp;&nbsp;&nbsp;Led_Init
<LI><a href="#[b9]">&gt;&gt;</a>&nbsp;&nbsp;&nbsp;SystemClock_Config
</UL>

<P><STRONG><a name="[136]"></a>__aeabi_memclr8</STRONG> (Thumb, 0 bytes, Stack size 4 bytes, rt_memclr_w.o(.text), UNUSED)

<P><STRONG><a name="[137]"></a>__rt_memclr_w</STRONG> (Thumb, 78 bytes, Stack size 4 bytes, rt_memclr_w.o(.text), UNUSED)

<P><STRONG><a name="[77]"></a>_memset_w</STRONG> (Thumb, 0 bytes, Stack size unknown bytes, rt_memclr_w.o(.text), UNUSED)
<BR><BR>[Called By]<UL><LI><a href="#[76]">&gt;&gt;</a>&nbsp;&nbsp;&nbsp;__rt_memclr
</UL>

<P><STRONG><a name="[138]"></a>__use_two_region_memory</STRONG> (Thumb, 2 bytes, Stack size 0 bytes, heapauxi.o(.text), UNUSED)

<P><STRONG><a name="[139]"></a>__rt_heap_escrow$2region</STRONG> (Thumb, 2 bytes, Stack size 0 bytes, heapauxi.o(.text), UNUSED)

<P><STRONG><a name="[13a]"></a>__rt_heap_expand$2region</STRONG> (Thumb, 2 bytes, Stack size 0 bytes, heapauxi.o(.text), UNUSED)

<P><STRONG><a name="[13b]"></a>__semihosting$guard</STRONG> (Thumb, 0 bytes, Stack size 0 bytes, use_no_semi.o(.text), UNUSED)

<P><STRONG><a name="[13c]"></a>__use_no_semihosting_swi</STRONG> (Thumb, 2 bytes, Stack size 0 bytes, use_no_semi.o(.text), UNUSED)

<P><STRONG><a name="[6e]"></a>_printf_int_common</STRONG> (Thumb, 178 bytes, Stack size 32 bytes, _printf_intcommon.o(.text))
<BR><BR>[Stack]<UL><LI>Max Depth = 32<LI>Call Chain = _printf_int_common
</UL>
<BR>[Called By]<UL><LI><a href="#[59]">&gt;&gt;</a>&nbsp;&nbsp;&nbsp;_printf_int_dec
</UL>

<P><STRONG><a name="[13d]"></a>__lib_sel_fp_printf</STRONG> (Thumb, 2 bytes, Stack size 0 bytes, _printf_fp_dec.o(.text), UNUSED)

<P><STRONG><a name="[7e]"></a>_printf_fp_dec_real</STRONG> (Thumb, 620 bytes, Stack size 104 bytes, _printf_fp_dec.o(.text))
<BR><BR>[Stack]<UL><LI>Max Depth = 324<LI>Call Chain = _printf_fp_dec_real &rArr; _fp_digits &rArr; _btod_etento &rArr; _btod_emul &rArr; _e2e
</UL>
<BR>[Calls]<UL><LI><a href="#[7f]">&gt;&gt;</a>&nbsp;&nbsp;&nbsp;__ARM_fpclassify
<LI><a href="#[80]">&gt;&gt;</a>&nbsp;&nbsp;&nbsp;_printf_fp_infnan
<LI><a href="#[5d]">&gt;&gt;</a>&nbsp;&nbsp;&nbsp;__rt_locale
<LI><a href="#[78]">&gt;&gt;</a>&nbsp;&nbsp;&nbsp;_fp_digits
</UL>
<BR>[Called By]<UL><LI><a href="#[57]">&gt;&gt;</a>&nbsp;&nbsp;&nbsp;_printf_fp_dec
</UL>

<P><STRONG><a name="[81]"></a>_printf_char_common</STRONG> (Thumb, 32 bytes, Stack size 64 bytes, _printf_char_common.o(.text))
<BR><BR>[Stack]<UL><LI>Max Depth = 104 + Unknown Stack Size
<LI>Call Chain = _printf_char_common &rArr; __printf
</UL>
<BR>[Calls]<UL><LI><a href="#[6f]">&gt;&gt;</a>&nbsp;&nbsp;&nbsp;__printf
</UL>
<BR>[Called By]<UL><LI><a href="#[6d]">&gt;&gt;</a>&nbsp;&nbsp;&nbsp;_printf_char_file
</UL>

<P><STRONG><a name="[6d]"></a>_printf_char_file</STRONG> (Thumb, 32 bytes, Stack size 16 bytes, _printf_char_file.o(.text))
<BR><BR>[Stack]<UL><LI>Max Depth = 120 + Unknown Stack Size
<LI>Call Chain = _printf_char_file &rArr; _printf_char_common &rArr; __printf
</UL>
<BR>[Calls]<UL><LI><a href="#[82]">&gt;&gt;</a>&nbsp;&nbsp;&nbsp;ferror
<LI><a href="#[81]">&gt;&gt;</a>&nbsp;&nbsp;&nbsp;_printf_char_common
</UL>
<BR>[Called By]<UL><LI><a href="#[6c]">&gt;&gt;</a>&nbsp;&nbsp;&nbsp;__2printf
</UL>

<P><STRONG><a name="[5d]"></a>__rt_locale</STRONG> (Thumb, 8 bytes, Stack size 0 bytes, rt_locale_intlibspace.o(.text))
<BR><BR>[Called By]<UL><LI><a href="#[5c]">&gt;&gt;</a>&nbsp;&nbsp;&nbsp;__rt_lib_init_lc_common
<LI><a href="#[7e]">&gt;&gt;</a>&nbsp;&nbsp;&nbsp;_printf_fp_dec_real
</UL>

<P><STRONG><a name="[7d]"></a>_ll_udiv10</STRONG> (Thumb, 138 bytes, Stack size 12 bytes, lludiv10.o(.text))
<BR><BR>[Stack]<UL><LI>Max Depth = 12<LI>Call Chain = _ll_udiv10
</UL>
<BR>[Called By]<UL><LI><a href="#[78]">&gt;&gt;</a>&nbsp;&nbsp;&nbsp;_fp_digits
</UL>

<P><STRONG><a name="[80]"></a>_printf_fp_infnan</STRONG> (Thumb, 112 bytes, Stack size 24 bytes, _printf_fp_infnan.o(.text))
<BR><BR>[Stack]<UL><LI>Max Depth = 24<LI>Call Chain = _printf_fp_infnan
</UL>
<BR>[Called By]<UL><LI><a href="#[7e]">&gt;&gt;</a>&nbsp;&nbsp;&nbsp;_printf_fp_dec_real
</UL>

<P><STRONG><a name="[79]"></a>_btod_etento</STRONG> (Thumb, 224 bytes, Stack size 72 bytes, bigflt0.o(.text))
<BR><BR>[Stack]<UL><LI>Max Depth = 124<LI>Call Chain = _btod_etento &rArr; _btod_emul &rArr; _e2e
</UL>
<BR>[Calls]<UL><LI><a href="#[7c]">&gt;&gt;</a>&nbsp;&nbsp;&nbsp;_btod_emul
<LI><a href="#[7b]">&gt;&gt;</a>&nbsp;&nbsp;&nbsp;_btod_ediv
</UL>
<BR>[Called By]<UL><LI><a href="#[78]">&gt;&gt;</a>&nbsp;&nbsp;&nbsp;_fp_digits
</UL>

<P><STRONG><a name="[82]"></a>ferror</STRONG> (Thumb, 8 bytes, Stack size 0 bytes, ferror.o(.text))
<BR><BR>[Called By]<UL><LI><a href="#[6d]">&gt;&gt;</a>&nbsp;&nbsp;&nbsp;_printf_char_file
</UL>

<P><STRONG><a name="[13e]"></a>__user_libspace</STRONG> (Thumb, 8 bytes, Stack size 0 bytes, libspace.o(.text), UNUSED)

<P><STRONG><a name="[83]"></a>__user_perproc_libspace</STRONG> (Thumb, 0 bytes, Stack size 0 bytes, libspace.o(.text))
<BR><BR>[Called By]<UL><LI><a href="#[61]">&gt;&gt;</a>&nbsp;&nbsp;&nbsp;__user_setup_stackheap
</UL>

<P><STRONG><a name="[13f]"></a>__user_perthread_libspace</STRONG> (Thumb, 0 bytes, Stack size 0 bytes, libspace.o(.text), UNUSED)

<P><STRONG><a name="[61]"></a>__user_setup_stackheap</STRONG> (Thumb, 74 bytes, Stack size 8 bytes, sys_stackheap_outer.o(.text))
<BR><BR>[Stack]<UL><LI>Max Depth = 8 + Unknown Stack Size
<LI>Call Chain = __user_setup_stackheap
</UL>
<BR>[Calls]<UL><LI><a href="#[84]">&gt;&gt;</a>&nbsp;&nbsp;&nbsp;__user_initial_stackheap
<LI><a href="#[83]">&gt;&gt;</a>&nbsp;&nbsp;&nbsp;__user_perproc_libspace
</UL>
<BR>[Called By]<UL><LI><a href="#[60]">&gt;&gt;</a>&nbsp;&nbsp;&nbsp;__rt_entry_sh
</UL>

<P><STRONG><a name="[66]"></a>exit</STRONG> (Thumb, 18 bytes, Stack size 8 bytes, exit.o(.text))
<BR><BR>[Stack]<UL><LI>Max Depth = 8 + Unknown Stack Size
<LI>Call Chain = exit
</UL>
<BR>[Calls]<UL><LI><a href="#[85]">&gt;&gt;</a>&nbsp;&nbsp;&nbsp;__rt_exit
</UL>
<BR>[Called By]<UL><LI><a href="#[64]">&gt;&gt;</a>&nbsp;&nbsp;&nbsp;__rt_entry_main
</UL>

<P><STRONG><a name="[105]"></a>strcmp</STRONG> (Thumb, 128 bytes, Stack size 0 bytes, strcmpv7m.o(.text))
<BR><BR>[Called By]<UL><LI><a href="#[5f]">&gt;&gt;</a>&nbsp;&nbsp;&nbsp;_get_lc_numeric
</UL>

<P><STRONG><a name="[7a]"></a>_btod_d2e</STRONG> (Thumb, 62 bytes, Stack size 0 bytes, btod.o(CL$$btod_d2e))
<BR><BR>[Calls]<UL><LI><a href="#[86]">&gt;&gt;</a>&nbsp;&nbsp;&nbsp;_d2e_norm_op1
</UL>
<BR>[Called By]<UL><LI><a href="#[78]">&gt;&gt;</a>&nbsp;&nbsp;&nbsp;_fp_digits
</UL>

<P><STRONG><a name="[87]"></a>_d2e_denorm_low</STRONG> (Thumb, 70 bytes, Stack size 0 bytes, btod.o(CL$$btod_d2e_denorm_low))
<BR><BR>[Called By]<UL><LI><a href="#[86]">&gt;&gt;</a>&nbsp;&nbsp;&nbsp;_d2e_norm_op1
</UL>

<P><STRONG><a name="[86]"></a>_d2e_norm_op1</STRONG> (Thumb, 96 bytes, Stack size 0 bytes, btod.o(CL$$btod_d2e_norm_op1))
<BR><BR>[Calls]<UL><LI><a href="#[87]">&gt;&gt;</a>&nbsp;&nbsp;&nbsp;_d2e_denorm_low
</UL>
<BR>[Called By]<UL><LI><a href="#[7a]">&gt;&gt;</a>&nbsp;&nbsp;&nbsp;_btod_d2e
</UL>

<P><STRONG><a name="[88]"></a>__btod_div_common</STRONG> (Thumb, 696 bytes, Stack size 24 bytes, btod.o(CL$$btod_div_common))
<BR><BR>[Stack]<UL><LI>Max Depth = 24<LI>Call Chain = __btod_div_common
</UL>
<BR>[Called By]<UL><LI><a href="#[7b]">&gt;&gt;</a>&nbsp;&nbsp;&nbsp;_btod_ediv
</UL>

<P><STRONG><a name="[89]"></a>_e2e</STRONG> (Thumb, 220 bytes, Stack size 24 bytes, btod.o(CL$$btod_e2e))
<BR><BR>[Stack]<UL><LI>Max Depth = 24<LI>Call Chain = _e2e
</UL>
<BR>[Called By]<UL><LI><a href="#[7c]">&gt;&gt;</a>&nbsp;&nbsp;&nbsp;_btod_emul
<LI><a href="#[7b]">&gt;&gt;</a>&nbsp;&nbsp;&nbsp;_btod_ediv
</UL>

<P><STRONG><a name="[7b]"></a>_btod_ediv</STRONG> (Thumb, 42 bytes, Stack size 28 bytes, btod.o(CL$$btod_ediv))
<BR><BR>[Stack]<UL><LI>Max Depth = 52<LI>Call Chain = _btod_ediv &rArr; _e2e
</UL>
<BR>[Calls]<UL><LI><a href="#[89]">&gt;&gt;</a>&nbsp;&nbsp;&nbsp;_e2e
<LI><a href="#[88]">&gt;&gt;</a>&nbsp;&nbsp;&nbsp;__btod_div_common
</UL>
<BR>[Called By]<UL><LI><a href="#[79]">&gt;&gt;</a>&nbsp;&nbsp;&nbsp;_btod_etento
<LI><a href="#[78]">&gt;&gt;</a>&nbsp;&nbsp;&nbsp;_fp_digits
</UL>

<P><STRONG><a name="[7c]"></a>_btod_emul</STRONG> (Thumb, 42 bytes, Stack size 28 bytes, btod.o(CL$$btod_emul))
<BR><BR>[Stack]<UL><LI>Max Depth = 52<LI>Call Chain = _btod_emul &rArr; _e2e
</UL>
<BR>[Calls]<UL><LI><a href="#[8a]">&gt;&gt;</a>&nbsp;&nbsp;&nbsp;__btod_mult_common
<LI><a href="#[89]">&gt;&gt;</a>&nbsp;&nbsp;&nbsp;_e2e
</UL>
<BR>[Called By]<UL><LI><a href="#[79]">&gt;&gt;</a>&nbsp;&nbsp;&nbsp;_btod_etento
<LI><a href="#[78]">&gt;&gt;</a>&nbsp;&nbsp;&nbsp;_fp_digits
</UL>

<P><STRONG><a name="[8a]"></a>__btod_mult_common</STRONG> (Thumb, 580 bytes, Stack size 16 bytes, btod.o(CL$$btod_mult_common))
<BR><BR>[Stack]<UL><LI>Max Depth = 16<LI>Call Chain = __btod_mult_common
</UL>
<BR>[Called By]<UL><LI><a href="#[7c]">&gt;&gt;</a>&nbsp;&nbsp;&nbsp;_btod_emul
</UL>

<P><STRONG><a name="[8]"></a>BusFault_Handler</STRONG> (Thumb, 4 bytes, Stack size 0 bytes, stm32f4xx_it.o(i.BusFault_Handler))
<BR>[Address Reference Count : 1]<UL><LI> startup_stm32f401xe.o(RESET)
</UL>
<P><STRONG><a name="[b]"></a>DebugMon_Handler</STRONG> (Thumb, 2 bytes, Stack size 0 bytes, stm32f4xx_it.o(i.DebugMon_Handler))
<BR>[Address Reference Count : 1]<UL><LI> startup_stm32f401xe.o(RESET)
</UL>
<P><STRONG><a name="[ba]"></a>Error_Handler</STRONG> (Thumb, 6 bytes, Stack size 0 bytes, main.o(i.Error_Handler))
<BR><BR>[Called By]<UL><LI><a href="#[b9]">&gt;&gt;</a>&nbsp;&nbsp;&nbsp;SystemClock_Config
</UL>

<P><STRONG><a name="[8b]"></a>HAL_DMA_Abort</STRONG> (Thumb, 170 bytes, Stack size 16 bytes, stm32f4xx_hal_dma.o(i.HAL_DMA_Abort))
<BR><BR>[Stack]<UL><LI>Max Depth = 16<LI>Call Chain = HAL_DMA_Abort
</UL>
<BR>[Calls]<UL><LI><a href="#[8c]">&gt;&gt;</a>&nbsp;&nbsp;&nbsp;HAL_GetTick
</UL>
<BR>[Called By]<UL><LI><a href="#[a4]">&gt;&gt;</a>&nbsp;&nbsp;&nbsp;HAL_UART_IRQHandler
</UL>

<P><STRONG><a name="[a7]"></a>HAL_DMA_Abort_IT</STRONG> (Thumb, 40 bytes, Stack size 0 bytes, stm32f4xx_hal_dma.o(i.HAL_DMA_Abort_IT))
<BR><BR>[Called By]<UL><LI><a href="#[a4]">&gt;&gt;</a>&nbsp;&nbsp;&nbsp;HAL_UART_IRQHandler
</UL>

<P><STRONG><a name="[af]"></a>HAL_GPIO_Init</STRONG> (Thumb, 440 bytes, Stack size 24 bytes, stm32f4xx_hal_gpio.o(i.HAL_GPIO_Init))
<BR><BR>[Stack]<UL><LI>Max Depth = 24<LI>Call Chain = HAL_GPIO_Init
</UL>
<BR>[Called By]<UL><LI><a href="#[b3]">&gt;&gt;</a>&nbsp;&nbsp;&nbsp;Led_Init
<LI><a href="#[ad]">&gt;&gt;</a>&nbsp;&nbsp;&nbsp;HAL_UART_MspInit
</UL>

<P><STRONG><a name="[b5]"></a>HAL_GPIO_WritePin</STRONG> (Thumb, 12 bytes, Stack size 0 bytes, stm32f4xx_hal_gpio.o(i.HAL_GPIO_WritePin))
<BR><BR>[Called By]<UL><LI><a href="#[b3]">&gt;&gt;</a>&nbsp;&nbsp;&nbsp;Led_Init
</UL>

<P><STRONG><a name="[8c]"></a>HAL_GetTick</STRONG> (Thumb, 6 bytes, Stack size 0 bytes, stm32f4xx_hal.o(i.HAL_GetTick))
<BR><BR>[Called By]<UL><LI><a href="#[9b]">&gt;&gt;</a>&nbsp;&nbsp;&nbsp;HAL_RCC_OscConfig
<LI><a href="#[95]">&gt;&gt;</a>&nbsp;&nbsp;&nbsp;HAL_RCC_ClockConfig
<LI><a href="#[8b]">&gt;&gt;</a>&nbsp;&nbsp;&nbsp;HAL_DMA_Abort
</UL>

<P><STRONG><a name="[b6]"></a>HAL_IncTick</STRONG> (Thumb, 16 bytes, Stack size 0 bytes, stm32f4xx_hal.o(i.HAL_IncTick))
<BR><BR>[Called By]<UL><LI><a href="#[d]">&gt;&gt;</a>&nbsp;&nbsp;&nbsp;SysTick_Handler
</UL>

<P><STRONG><a name="[8d]"></a>HAL_Init</STRONG> (Thumb, 54 bytes, Stack size 8 bytes, stm32f4xx_hal.o(i.HAL_Init))
<BR><BR>[Stack]<UL><LI>Max Depth = 72<LI>Call Chain = HAL_Init &rArr; HAL_InitTick &rArr; HAL_NVIC_SetPriority &rArr; __NVIC_SetPriority
</UL>
<BR>[Calls]<UL><LI><a href="#[90]">&gt;&gt;</a>&nbsp;&nbsp;&nbsp;HAL_MspInit
<LI><a href="#[8f]">&gt;&gt;</a>&nbsp;&nbsp;&nbsp;HAL_InitTick
<LI><a href="#[8e]">&gt;&gt;</a>&nbsp;&nbsp;&nbsp;HAL_NVIC_SetPriorityGrouping
</UL>
<BR>[Called By]<UL><LI><a href="#[65]">&gt;&gt;</a>&nbsp;&nbsp;&nbsp;main
</UL>

<P><STRONG><a name="[8f]"></a>HAL_InitTick</STRONG> (Thumb, 64 bytes, Stack size 16 bytes, stm32f4xx_hal.o(i.HAL_InitTick))
<BR><BR>[Stack]<UL><LI>Max Depth = 64<LI>Call Chain = HAL_InitTick &rArr; HAL_NVIC_SetPriority &rArr; __NVIC_SetPriority
</UL>
<BR>[Calls]<UL><LI><a href="#[91]">&gt;&gt;</a>&nbsp;&nbsp;&nbsp;HAL_SYSTICK_Config
<LI><a href="#[92]">&gt;&gt;</a>&nbsp;&nbsp;&nbsp;HAL_NVIC_SetPriority
</UL>
<BR>[Called By]<UL><LI><a href="#[95]">&gt;&gt;</a>&nbsp;&nbsp;&nbsp;HAL_RCC_ClockConfig
<LI><a href="#[8d]">&gt;&gt;</a>&nbsp;&nbsp;&nbsp;HAL_Init
</UL>

<P><STRONG><a name="[90]"></a>HAL_MspInit</STRONG> (Thumb, 2 bytes, Stack size 0 bytes, stm32f4xx_hal.o(i.HAL_MspInit))
<BR><BR>[Called By]<UL><LI><a href="#[8d]">&gt;&gt;</a>&nbsp;&nbsp;&nbsp;HAL_Init
</UL>

<P><STRONG><a name="[b0]"></a>HAL_NVIC_EnableIRQ</STRONG> (Thumb, 32 bytes, Stack size 0 bytes, stm32f4xx_hal_cortex.o(i.HAL_NVIC_EnableIRQ))
<BR><BR>[Called By]<UL><LI><a href="#[ad]">&gt;&gt;</a>&nbsp;&nbsp;&nbsp;HAL_UART_MspInit
</UL>

<P><STRONG><a name="[92]"></a>HAL_NVIC_SetPriority</STRONG> (Thumb, 124 bytes, Stack size 40 bytes, stm32f4xx_hal_cortex.o(i.HAL_NVIC_SetPriority))
<BR><BR>[Stack]<UL><LI>Max Depth = 48<LI>Call Chain = HAL_NVIC_SetPriority &rArr; __NVIC_SetPriority
</UL>
<BR>[Calls]<UL><LI><a href="#[94]">&gt;&gt;</a>&nbsp;&nbsp;&nbsp;__NVIC_SetPriority
<LI><a href="#[93]">&gt;&gt;</a>&nbsp;&nbsp;&nbsp;__NVIC_GetPriorityGrouping
</UL>
<BR>[Called By]<UL><LI><a href="#[8f]">&gt;&gt;</a>&nbsp;&nbsp;&nbsp;HAL_InitTick
<LI><a href="#[ad]">&gt;&gt;</a>&nbsp;&nbsp;&nbsp;HAL_UART_MspInit
</UL>

<P><STRONG><a name="[8e]"></a>HAL_NVIC_SetPriorityGrouping</STRONG> (Thumb, 32 bytes, Stack size 0 bytes, stm32f4xx_hal_cortex.o(i.HAL_NVIC_SetPriorityGrouping))
<BR><BR>[Called By]<UL><LI><a href="#[8d]">&gt;&gt;</a>&nbsp;&nbsp;&nbsp;HAL_Init
</UL>

<P><STRONG><a name="[95]"></a>HAL_RCC_ClockConfig</STRONG> (Thumb, 368 bytes, Stack size 16 bytes, stm32f4xx_hal_rcc.o(i.HAL_RCC_ClockConfig))
<BR><BR>[Stack]<UL><LI>Max Depth = 96<LI>Call Chain = HAL_RCC_ClockConfig &rArr; HAL_RCC_GetSysClockFreq &rArr; __aeabi_uldivmod
</UL>
<BR>[Calls]<UL><LI><a href="#[8f]">&gt;&gt;</a>&nbsp;&nbsp;&nbsp;HAL_InitTick
<LI><a href="#[8c]">&gt;&gt;</a>&nbsp;&nbsp;&nbsp;HAL_GetTick
<LI><a href="#[96]">&gt;&gt;</a>&nbsp;&nbsp;&nbsp;HAL_RCC_GetSysClockFreq
</UL>
<BR>[Called By]<UL><LI><a href="#[b9]">&gt;&gt;</a>&nbsp;&nbsp;&nbsp;SystemClock_Config
</UL>

<P><STRONG><a name="[98]"></a>HAL_RCC_GetHCLKFreq</STRONG> (Thumb, 6 bytes, Stack size 0 bytes, stm32f4xx_hal_rcc.o(i.HAL_RCC_GetHCLKFreq))
<BR><BR>[Called By]<UL><LI><a href="#[99]">&gt;&gt;</a>&nbsp;&nbsp;&nbsp;HAL_RCC_GetPCLK2Freq
<LI><a href="#[97]">&gt;&gt;</a>&nbsp;&nbsp;&nbsp;HAL_RCC_GetPCLK1Freq
</UL>

<P><STRONG><a name="[97]"></a>HAL_RCC_GetPCLK1Freq</STRONG> (Thumb, 22 bytes, Stack size 4 bytes, stm32f4xx_hal_rcc.o(i.HAL_RCC_GetPCLK1Freq))
<BR><BR>[Stack]<UL><LI>Max Depth = 4<LI>Call Chain = HAL_RCC_GetPCLK1Freq
</UL>
<BR>[Calls]<UL><LI><a href="#[98]">&gt;&gt;</a>&nbsp;&nbsp;&nbsp;HAL_RCC_GetHCLKFreq
</UL>
<BR>[Called By]<UL><LI><a href="#[ae]">&gt;&gt;</a>&nbsp;&nbsp;&nbsp;UART_SetConfig
</UL>

<P><STRONG><a name="[99]"></a>HAL_RCC_GetPCLK2Freq</STRONG> (Thumb, 22 bytes, Stack size 4 bytes, stm32f4xx_hal_rcc.o(i.HAL_RCC_GetPCLK2Freq))
<BR><BR>[Stack]<UL><LI>Max Depth = 4<LI>Call Chain = HAL_RCC_GetPCLK2Freq
</UL>
<BR>[Calls]<UL><LI><a href="#[98]">&gt;&gt;</a>&nbsp;&nbsp;&nbsp;HAL_RCC_GetHCLKFreq
</UL>
<BR>[Called By]<UL><LI><a href="#[ae]">&gt;&gt;</a>&nbsp;&nbsp;&nbsp;UART_SetConfig
</UL>

<P><STRONG><a name="[96]"></a>HAL_RCC_GetSysClockFreq</STRONG> (Thumb, 162 bytes, Stack size 32 bytes, stm32f4xx_hal_rcc.o(i.HAL_RCC_GetSysClockFreq))
<BR><BR>[Stack]<UL><LI>Max Depth = 80<LI>Call Chain = HAL_RCC_GetSysClockFreq &rArr; __aeabi_uldivmod
</UL>
<BR>[Calls]<UL><LI><a href="#[9a]">&gt;&gt;</a>&nbsp;&nbsp;&nbsp;__aeabi_uldivmod
</UL>
<BR>[Called By]<UL><LI><a href="#[95]">&gt;&gt;</a>&nbsp;&nbsp;&nbsp;HAL_RCC_ClockConfig
</UL>

<P><STRONG><a name="[9b]"></a>HAL_RCC_OscConfig</STRONG> (Thumb, 1172 bytes, Stack size 24 bytes, stm32f4xx_hal_rcc.o(i.HAL_RCC_OscConfig))
<BR><BR>[Stack]<UL><LI>Max Depth = 24<LI>Call Chain = HAL_RCC_OscConfig
</UL>
<BR>[Calls]<UL><LI><a href="#[8c]">&gt;&gt;</a>&nbsp;&nbsp;&nbsp;HAL_GetTick
</UL>
<BR>[Called By]<UL><LI><a href="#[b9]">&gt;&gt;</a>&nbsp;&nbsp;&nbsp;SystemClock_Config
</UL>

<P><STRONG><a name="[bf]"></a>HAL_SYSTICK_CLKSourceConfig</STRONG> (Thumb, 40 bytes, Stack size 0 bytes, stm32f4xx_hal_cortex.o(i.HAL_SYSTICK_CLKSourceConfig))
<BR><BR>[Called By]<UL><LI><a href="#[be]">&gt;&gt;</a>&nbsp;&nbsp;&nbsp;delay_init
</UL>

<P><STRONG><a name="[91]"></a>HAL_SYSTICK_Config</STRONG> (Thumb, 52 bytes, Stack size 16 bytes, stm32f4xx_hal_cortex.o(i.HAL_SYSTICK_Config))
<BR><BR>[Stack]<UL><LI>Max Depth = 24<LI>Call Chain = HAL_SYSTICK_Config &rArr; __NVIC_SetPriority
</UL>
<BR>[Calls]<UL><LI><a href="#[94]">&gt;&gt;</a>&nbsp;&nbsp;&nbsp;__NVIC_SetPriority
</UL>
<BR>[Called By]<UL><LI><a href="#[8f]">&gt;&gt;</a>&nbsp;&nbsp;&nbsp;HAL_InitTick
</UL>

<P><STRONG><a name="[a1]"></a>HAL_TIMEx_BreakCallback</STRONG> (Thumb, 2 bytes, Stack size 0 bytes, stm32f4xx_hal_tim_ex.o(i.HAL_TIMEx_BreakCallback))
<BR><BR>[Called By]<UL><LI><a href="#[9c]">&gt;&gt;</a>&nbsp;&nbsp;&nbsp;HAL_TIM_IRQHandler
</UL>

<P><STRONG><a name="[a3]"></a>HAL_TIMEx_CommutCallback</STRONG> (Thumb, 2 bytes, Stack size 0 bytes, stm32f4xx_hal_tim_ex.o(i.HAL_TIMEx_CommutCallback))
<BR><BR>[Called By]<UL><LI><a href="#[9c]">&gt;&gt;</a>&nbsp;&nbsp;&nbsp;HAL_TIM_IRQHandler
</UL>

<P><STRONG><a name="[9d]"></a>HAL_TIM_IC_CaptureCallback</STRONG> (Thumb, 2 bytes, Stack size 0 bytes, stm32f4xx_hal_tim.o(i.HAL_TIM_IC_CaptureCallback))
<BR><BR>[Called By]<UL><LI><a href="#[9c]">&gt;&gt;</a>&nbsp;&nbsp;&nbsp;HAL_TIM_IRQHandler
</UL>

<P><STRONG><a name="[9c]"></a>HAL_TIM_IRQHandler</STRONG> (Thumb, 406 bytes, Stack size 8 bytes, stm32f4xx_hal_tim.o(i.HAL_TIM_IRQHandler))
<BR><BR>[Stack]<UL><LI>Max Depth = 8<LI>Call Chain = HAL_TIM_IRQHandler
</UL>
<BR>[Calls]<UL><LI><a href="#[a0]">&gt;&gt;</a>&nbsp;&nbsp;&nbsp;HAL_TIM_PeriodElapsedCallback
<LI><a href="#[a2]">&gt;&gt;</a>&nbsp;&nbsp;&nbsp;HAL_TIM_TriggerCallback
<LI><a href="#[9f]">&gt;&gt;</a>&nbsp;&nbsp;&nbsp;HAL_TIM_PWM_PulseFinishedCallback
<LI><a href="#[9e]">&gt;&gt;</a>&nbsp;&nbsp;&nbsp;HAL_TIM_OC_DelayElapsedCallback
<LI><a href="#[9d]">&gt;&gt;</a>&nbsp;&nbsp;&nbsp;HAL_TIM_IC_CaptureCallback
<LI><a href="#[a3]">&gt;&gt;</a>&nbsp;&nbsp;&nbsp;HAL_TIMEx_CommutCallback
<LI><a href="#[a1]">&gt;&gt;</a>&nbsp;&nbsp;&nbsp;HAL_TIMEx_BreakCallback
</UL>
<BR>[Called By]<UL><LI><a href="#[27]">&gt;&gt;</a>&nbsp;&nbsp;&nbsp;TIM3_IRQHandler
</UL>

<P><STRONG><a name="[9e]"></a>HAL_TIM_OC_DelayElapsedCallback</STRONG> (Thumb, 2 bytes, Stack size 0 bytes, stm32f4xx_hal_tim.o(i.HAL_TIM_OC_DelayElapsedCallback))
<BR><BR>[Called By]<UL><LI><a href="#[9c]">&gt;&gt;</a>&nbsp;&nbsp;&nbsp;HAL_TIM_IRQHandler
</UL>

<P><STRONG><a name="[9f]"></a>HAL_TIM_PWM_PulseFinishedCallback</STRONG> (Thumb, 2 bytes, Stack size 0 bytes, stm32f4xx_hal_tim.o(i.HAL_TIM_PWM_PulseFinishedCallback))
<BR><BR>[Called By]<UL><LI><a href="#[9c]">&gt;&gt;</a>&nbsp;&nbsp;&nbsp;HAL_TIM_IRQHandler
</UL>

<P><STRONG><a name="[a0]"></a>HAL_TIM_PeriodElapsedCallback</STRONG> (Thumb, 20 bytes, Stack size 0 bytes, patch_delay_test.o(i.HAL_TIM_PeriodElapsedCallback))
<BR><BR>[Called By]<UL><LI><a href="#[9c]">&gt;&gt;</a>&nbsp;&nbsp;&nbsp;HAL_TIM_IRQHandler
</UL>

<P><STRONG><a name="[a2]"></a>HAL_TIM_TriggerCallback</STRONG> (Thumb, 2 bytes, Stack size 0 bytes, stm32f4xx_hal_tim.o(i.HAL_TIM_TriggerCallback))
<BR><BR>[Called By]<UL><LI><a href="#[9c]">&gt;&gt;</a>&nbsp;&nbsp;&nbsp;HAL_TIM_IRQHandler
</UL>

<P><STRONG><a name="[a9]"></a>HAL_UARTEx_RxEventCallback</STRONG> (Thumb, 2 bytes, Stack size 0 bytes, stm32f4xx_hal_uart.o(i.HAL_UARTEx_RxEventCallback))
<BR><BR>[Called By]<UL><LI><a href="#[a4]">&gt;&gt;</a>&nbsp;&nbsp;&nbsp;HAL_UART_IRQHandler
<LI><a href="#[a5]">&gt;&gt;</a>&nbsp;&nbsp;&nbsp;UART_Receive_IT
</UL>

<P><STRONG><a name="[a8]"></a>HAL_UART_ErrorCallback</STRONG> (Thumb, 2 bytes, Stack size 0 bytes, stm32f4xx_hal_uart.o(i.HAL_UART_ErrorCallback))
<BR><BR>[Called By]<UL><LI><a href="#[a4]">&gt;&gt;</a>&nbsp;&nbsp;&nbsp;HAL_UART_IRQHandler
<LI><a href="#[4a]">&gt;&gt;</a>&nbsp;&nbsp;&nbsp;UART_DMAAbortOnError
</UL>

<P><STRONG><a name="[bd]"></a>HAL_UART_GetState</STRONG> (Thumb, 20 bytes, Stack size 0 bytes, stm32f4xx_hal_uart.o(i.HAL_UART_GetState))
<BR><BR>[Called By]<UL><LI><a href="#[30]">&gt;&gt;</a>&nbsp;&nbsp;&nbsp;USART2_IRQHandler
</UL>

<P><STRONG><a name="[a4]"></a>HAL_UART_IRQHandler</STRONG> (Thumb, 586 bytes, Stack size 40 bytes, stm32f4xx_hal_uart.o(i.HAL_UART_IRQHandler))
<BR><BR>[Stack]<UL><LI>Max Depth = 56<LI>Call Chain = HAL_UART_IRQHandler &rArr; HAL_DMA_Abort
</UL>
<BR>[Calls]<UL><LI><a href="#[a7]">&gt;&gt;</a>&nbsp;&nbsp;&nbsp;HAL_DMA_Abort_IT
<LI><a href="#[8b]">&gt;&gt;</a>&nbsp;&nbsp;&nbsp;HAL_DMA_Abort
<LI><a href="#[a8]">&gt;&gt;</a>&nbsp;&nbsp;&nbsp;HAL_UART_ErrorCallback
<LI><a href="#[a9]">&gt;&gt;</a>&nbsp;&nbsp;&nbsp;HAL_UARTEx_RxEventCallback
<LI><a href="#[aa]">&gt;&gt;</a>&nbsp;&nbsp;&nbsp;UART_Transmit_IT
<LI><a href="#[a5]">&gt;&gt;</a>&nbsp;&nbsp;&nbsp;UART_Receive_IT
<LI><a href="#[ab]">&gt;&gt;</a>&nbsp;&nbsp;&nbsp;UART_EndTransmit_IT
<LI><a href="#[a6]">&gt;&gt;</a>&nbsp;&nbsp;&nbsp;UART_EndRxTransfer
</UL>
<BR>[Called By]<UL><LI><a href="#[30]">&gt;&gt;</a>&nbsp;&nbsp;&nbsp;USART2_IRQHandler
</UL>

<P><STRONG><a name="[ac]"></a>HAL_UART_Init</STRONG> (Thumb, 114 bytes, Stack size 8 bytes, stm32f4xx_hal_uart.o(i.HAL_UART_Init))
<BR><BR>[Stack]<UL><LI>Max Depth = 96<LI>Call Chain = HAL_UART_Init &rArr; UART_SetConfig &rArr; __aeabi_uldivmod
</UL>
<BR>[Calls]<UL><LI><a href="#[ae]">&gt;&gt;</a>&nbsp;&nbsp;&nbsp;UART_SetConfig
<LI><a href="#[ad]">&gt;&gt;</a>&nbsp;&nbsp;&nbsp;HAL_UART_MspInit
</UL>
<BR>[Called By]<UL><LI><a href="#[c3]">&gt;&gt;</a>&nbsp;&nbsp;&nbsp;usart_init
</UL>

<P><STRONG><a name="[ad]"></a>HAL_UART_MspInit</STRONG> (Thumb, 188 bytes, Stack size 32 bytes, usart.o(i.HAL_UART_MspInit))
<BR><BR>[Stack]<UL><LI>Max Depth = 80<LI>Call Chain = HAL_UART_MspInit &rArr; HAL_NVIC_SetPriority &rArr; __NVIC_SetPriority
</UL>
<BR>[Calls]<UL><LI><a href="#[af]">&gt;&gt;</a>&nbsp;&nbsp;&nbsp;HAL_GPIO_Init
<LI><a href="#[92]">&gt;&gt;</a>&nbsp;&nbsp;&nbsp;HAL_NVIC_SetPriority
<LI><a href="#[b0]">&gt;&gt;</a>&nbsp;&nbsp;&nbsp;HAL_NVIC_EnableIRQ
</UL>
<BR>[Called By]<UL><LI><a href="#[ac]">&gt;&gt;</a>&nbsp;&nbsp;&nbsp;HAL_UART_Init
</UL>

<P><STRONG><a name="[b1]"></a>HAL_UART_Receive_IT</STRONG> (Thumb, 66 bytes, Stack size 16 bytes, stm32f4xx_hal_uart.o(i.HAL_UART_Receive_IT))
<BR><BR>[Stack]<UL><LI>Max Depth = 24<LI>Call Chain = HAL_UART_Receive_IT &rArr; UART_Start_Receive_IT
</UL>
<BR>[Calls]<UL><LI><a href="#[b2]">&gt;&gt;</a>&nbsp;&nbsp;&nbsp;UART_Start_Receive_IT
</UL>
<BR>[Called By]<UL><LI><a href="#[30]">&gt;&gt;</a>&nbsp;&nbsp;&nbsp;USART2_IRQHandler
</UL>

<P><STRONG><a name="[bc]"></a>HAL_UART_RxCpltCallback</STRONG> (Thumb, 40 bytes, Stack size 0 bytes, usart.o(i.HAL_UART_RxCpltCallback))
<BR><BR>[Called By]<UL><LI><a href="#[a5]">&gt;&gt;</a>&nbsp;&nbsp;&nbsp;UART_Receive_IT
</UL>

<P><STRONG><a name="[bb]"></a>HAL_UART_TxCpltCallback</STRONG> (Thumb, 2 bytes, Stack size 0 bytes, stm32f4xx_hal_uart.o(i.HAL_UART_TxCpltCallback))
<BR><BR>[Called By]<UL><LI><a href="#[ab]">&gt;&gt;</a>&nbsp;&nbsp;&nbsp;UART_EndTransmit_IT
</UL>

<P><STRONG><a name="[b3]"></a>Led_Init</STRONG> (Thumb, 142 bytes, Stack size 32 bytes, led.o(i.Led_Init))
<BR><BR>[Stack]<UL><LI>Max Depth = 56<LI>Call Chain = Led_Init &rArr; HAL_GPIO_Init
</UL>
<BR>[Calls]<UL><LI><a href="#[af]">&gt;&gt;</a>&nbsp;&nbsp;&nbsp;HAL_GPIO_Init
<LI><a href="#[b5]">&gt;&gt;</a>&nbsp;&nbsp;&nbsp;HAL_GPIO_WritePin
<LI><a href="#[b4]">&gt;&gt;</a>&nbsp;&nbsp;&nbsp;__aeabi_memclr4
</UL>
<BR>[Called By]<UL><LI><a href="#[65]">&gt;&gt;</a>&nbsp;&nbsp;&nbsp;main
</UL>

<P><STRONG><a name="[7]"></a>MemManage_Handler</STRONG> (Thumb, 4 bytes, Stack size 0 bytes, stm32f4xx_it.o(i.MemManage_Handler))
<BR>[Address Reference Count : 1]<UL><LI> startup_stm32f401xe.o(RESET)
</UL>
<P><STRONG><a name="[5]"></a>NMI_Handler</STRONG> (Thumb, 2 bytes, Stack size 0 bytes, stm32f4xx_it.o(i.NMI_Handler))
<BR>[Address Reference Count : 1]<UL><LI> startup_stm32f401xe.o(RESET)
</UL>
<P><STRONG><a name="[d]"></a>SysTick_Handler</STRONG> (Thumb, 20 bytes, Stack size 8 bytes, delay.o(i.SysTick_Handler))
<BR><BR>[Stack]<UL><LI>Max Depth = 40<LI>Call Chain = SysTick_Handler &rArr; xPortSysTickHandler &rArr; xTaskIncrementTick
</UL>
<BR>[Calls]<UL><LI><a href="#[b6]">&gt;&gt;</a>&nbsp;&nbsp;&nbsp;HAL_IncTick
<LI><a href="#[b7]">&gt;&gt;</a>&nbsp;&nbsp;&nbsp;xTaskGetSchedulerState
<LI><a href="#[b8]">&gt;&gt;</a>&nbsp;&nbsp;&nbsp;xPortSysTickHandler
</UL>
<BR>[Address Reference Count : 1]<UL><LI> startup_stm32f401xe.o(RESET)
</UL>
<P><STRONG><a name="[b9]"></a>SystemClock_Config</STRONG> (Thumb, 172 bytes, Stack size 80 bytes, main.o(i.SystemClock_Config))
<BR><BR>[Stack]<UL><LI>Max Depth = 176<LI>Call Chain = SystemClock_Config &rArr; HAL_RCC_ClockConfig &rArr; HAL_RCC_GetSysClockFreq &rArr; __aeabi_uldivmod
</UL>
<BR>[Calls]<UL><LI><a href="#[9b]">&gt;&gt;</a>&nbsp;&nbsp;&nbsp;HAL_RCC_OscConfig
<LI><a href="#[95]">&gt;&gt;</a>&nbsp;&nbsp;&nbsp;HAL_RCC_ClockConfig
<LI><a href="#[ba]">&gt;&gt;</a>&nbsp;&nbsp;&nbsp;Error_Handler
<LI><a href="#[b4]">&gt;&gt;</a>&nbsp;&nbsp;&nbsp;__aeabi_memclr4
</UL>
<BR>[Called By]<UL><LI><a href="#[65]">&gt;&gt;</a>&nbsp;&nbsp;&nbsp;main
</UL>

<P><STRONG><a name="[46]"></a>SystemInit</STRONG> (Thumb, 14 bytes, Stack size 0 bytes, system_stm32f4xx.o(i.SystemInit))
<BR>[Address Reference Count : 1]<UL><LI> startup_stm32f401xe.o(.text)
</UL>
<P><STRONG><a name="[27]"></a>TIM3_IRQHandler</STRONG> (Thumb, 10 bytes, Stack size 8 bytes, patch_delay_test.o(i.TIM3_IRQHandler))
<BR><BR>[Stack]<UL><LI>Max Depth = 16<LI>Call Chain = TIM3_IRQHandler &rArr; HAL_TIM_IRQHandler
</UL>
<BR>[Calls]<UL><LI><a href="#[9c]">&gt;&gt;</a>&nbsp;&nbsp;&nbsp;HAL_TIM_IRQHandler
</UL>
<BR>[Address Reference Count : 1]<UL><LI> startup_stm32f401xe.o(RESET)
</UL>
<P><STRONG><a name="[b2]"></a>UART_Start_Receive_IT</STRONG> (Thumb, 70 bytes, Stack size 8 bytes, stm32f4xx_hal_uart.o(i.UART_Start_Receive_IT))
<BR><BR>[Stack]<UL><LI>Max Depth = 8<LI>Call Chain = UART_Start_Receive_IT
</UL>
<BR>[Called By]<UL><LI><a href="#[b1]">&gt;&gt;</a>&nbsp;&nbsp;&nbsp;HAL_UART_Receive_IT
</UL>

<P><STRONG><a name="[30]"></a>USART2_IRQHandler</STRONG> (Thumb, 66 bytes, Stack size 16 bytes, usart.o(i.USART2_IRQHandler))
<BR><BR>[Stack]<UL><LI>Max Depth = 72<LI>Call Chain = USART2_IRQHandler &rArr; HAL_UART_IRQHandler &rArr; HAL_DMA_Abort
</UL>
<BR>[Calls]<UL><LI><a href="#[b1]">&gt;&gt;</a>&nbsp;&nbsp;&nbsp;HAL_UART_Receive_IT
<LI><a href="#[a4]">&gt;&gt;</a>&nbsp;&nbsp;&nbsp;HAL_UART_IRQHandler
<LI><a href="#[bd]">&gt;&gt;</a>&nbsp;&nbsp;&nbsp;HAL_UART_GetState
</UL>
<BR>[Address Reference Count : 1]<UL><LI> startup_stm32f401xe.o(RESET)
</UL>
<P><STRONG><a name="[9]"></a>UsageFault_Handler</STRONG> (Thumb, 4 bytes, Stack size 0 bytes, stm32f4xx_it.o(i.UsageFault_Handler))
<BR>[Address Reference Count : 1]<UL><LI> startup_stm32f401xe.o(RESET)
</UL>
<P><STRONG><a name="[7f]"></a>__ARM_fpclassify</STRONG> (Thumb, 48 bytes, Stack size 8 bytes, fpclassify.o(i.__ARM_fpclassify))
<BR><BR>[Stack]<UL><LI>Max Depth = 8<LI>Call Chain = __ARM_fpclassify
</UL>
<BR>[Called By]<UL><LI><a href="#[7e]">&gt;&gt;</a>&nbsp;&nbsp;&nbsp;_printf_fp_dec_real
</UL>

<P><STRONG><a name="[70]"></a>_is_digit</STRONG> (Thumb, 14 bytes, Stack size 0 bytes, __printf_wp.o(i._is_digit))
<BR><BR>[Called By]<UL><LI><a href="#[6f]">&gt;&gt;</a>&nbsp;&nbsp;&nbsp;__printf
</UL>

<P><STRONG><a name="[6a]"></a>_sys_exit</STRONG> (Thumb, 4 bytes, Stack size 0 bytes, usart.o(i._sys_exit))
<BR><BR>[Called By]<UL><LI><a href="#[69]">&gt;&gt;</a>&nbsp;&nbsp;&nbsp;__rt_exit_exit
</UL>

<P><STRONG><a name="[f6]"></a>cycles_to_us</STRONG> (Thumb, 24 bytes, Stack size 0 bytes, patch_delay_test.o(i.cycles_to_us))
<BR><BR>[Called By]<UL><LI><a href="#[f2]">&gt;&gt;</a>&nbsp;&nbsp;&nbsp;test_cve2018_16601
</UL>

<P><STRONG><a name="[be]"></a>delay_init</STRONG> (Thumb, 52 bytes, Stack size 16 bytes, delay.o(i.delay_init))
<BR><BR>[Stack]<UL><LI>Max Depth = 16<LI>Call Chain = delay_init
</UL>
<BR>[Calls]<UL><LI><a href="#[bf]">&gt;&gt;</a>&nbsp;&nbsp;&nbsp;HAL_SYSTICK_CLKSourceConfig
</UL>
<BR>[Called By]<UL><LI><a href="#[65]">&gt;&gt;</a>&nbsp;&nbsp;&nbsp;main
</UL>

<P><STRONG><a name="[f8]"></a>dwt_deinit</STRONG> (Thumb, 30 bytes, Stack size 0 bytes, patch_delay_test.o(i.dwt_deinit))
<BR><BR>[Called By]<UL><LI><a href="#[f2]">&gt;&gt;</a>&nbsp;&nbsp;&nbsp;test_cve2018_16601
</UL>

<P><STRONG><a name="[f4]"></a>dwt_get_counter</STRONG> (Thumb, 6 bytes, Stack size 0 bytes, patch_delay_test.o(i.dwt_get_counter))
<BR><BR>[Called By]<UL><LI><a href="#[f2]">&gt;&gt;</a>&nbsp;&nbsp;&nbsp;test_cve2018_16601
</UL>

<P><STRONG><a name="[f3]"></a>dwt_init</STRONG> (Thumb, 36 bytes, Stack size 0 bytes, patch_delay_test.o(i.dwt_init))
<BR><BR>[Called By]<UL><LI><a href="#[f2]">&gt;&gt;</a>&nbsp;&nbsp;&nbsp;test_cve2018_16601
</UL>

<P><STRONG><a name="[49]"></a>fputc</STRONG> (Thumb, 24 bytes, Stack size 0 bytes, usart.o(i.fputc))
<BR>[Address Reference Count : 1]<UL><LI> _printf_char_file.o(.text)
</UL>
<P><STRONG><a name="[f5]"></a>freertos_cve2018_16601</STRONG> (Thumb, 20 bytes, Stack size 8 bytes, freertoscve.o(i.freertos_cve2018_16601))
<BR><BR>[Stack]<UL><LI>Max Depth = 8<LI>Call Chain = freertos_cve2018_16601
</UL>
<BR>[Called By]<UL><LI><a href="#[f2]">&gt;&gt;</a>&nbsp;&nbsp;&nbsp;test_cve2018_16601
</UL>

<P><STRONG><a name="[c0]"></a>freertos_demo</STRONG> (Thumb, 28 bytes, Stack size 16 bytes, freertos_demo.o(i.freertos_demo))
<BR><BR>[Stack]<UL><LI>Max Depth = 192 + Unknown Stack Size
<LI>Call Chain = freertos_demo &rArr; vTaskStartScheduler &rArr; xTimerCreateTimerTask &rArr; xTaskCreate &rArr; pvPortMalloc &rArr; xTaskResumeAll &rArr; xTaskIncrementTick
</UL>
<BR>[Calls]<UL><LI><a href="#[c1]">&gt;&gt;</a>&nbsp;&nbsp;&nbsp;xTaskCreate
<LI><a href="#[c2]">&gt;&gt;</a>&nbsp;&nbsp;&nbsp;vTaskStartScheduler
</UL>
<BR>[Called By]<UL><LI><a href="#[65]">&gt;&gt;</a>&nbsp;&nbsp;&nbsp;main
</UL>

<P><STRONG><a name="[65]"></a>main</STRONG> (Thumb, 42 bytes, Stack size 8 bytes, main.o(i.main))
<BR><BR>[Stack]<UL><LI>Max Depth = 200 + Unknown Stack Size
<LI>Call Chain = main &rArr; freertos_demo &rArr; vTaskStartScheduler &rArr; xTimerCreateTimerTask &rArr; xTaskCreate &rArr; pvPortMalloc &rArr; xTaskResumeAll &rArr; xTaskIncrementTick
</UL>
<BR>[Calls]<UL><LI><a href="#[c3]">&gt;&gt;</a>&nbsp;&nbsp;&nbsp;usart_init
<LI><a href="#[c0]">&gt;&gt;</a>&nbsp;&nbsp;&nbsp;freertos_demo
<LI><a href="#[be]">&gt;&gt;</a>&nbsp;&nbsp;&nbsp;delay_init
<LI><a href="#[b3]">&gt;&gt;</a>&nbsp;&nbsp;&nbsp;Led_Init
<LI><a href="#[8d]">&gt;&gt;</a>&nbsp;&nbsp;&nbsp;HAL_Init
<LI><a href="#[b9]">&gt;&gt;</a>&nbsp;&nbsp;&nbsp;SystemClock_Config
</UL>
<BR>[Called By]<UL><LI><a href="#[64]">&gt;&gt;</a>&nbsp;&nbsp;&nbsp;__rt_entry_main
</UL>

<P><STRONG><a name="[4e]"></a>patchtask</STRONG> (Thumb, 54 bytes, Stack size 16 bytes, freertos_demo.o(i.patchtask))
<BR><BR>[Stack]<UL><LI>Max Depth = 96<LI>Call Chain = patchtask &rArr; vTaskDelete &rArr; prvDeleteTCB &rArr; vPortFree &rArr; xTaskResumeAll &rArr; xTaskIncrementTick
</UL>
<BR>[Calls]<UL><LI><a href="#[c4]">&gt;&gt;</a>&nbsp;&nbsp;&nbsp;vTaskDelete
</UL>
<BR>[Address Reference Count : 1]<UL><LI> freertos_demo.o(i.start_task)
</UL>
<P><STRONG><a name="[ef]"></a>pvPortMalloc</STRONG> (Thumb, 244 bytes, Stack size 32 bytes, heap_4.o(i.pvPortMalloc))
<BR><BR>[Stack]<UL><LI>Max Depth = 72<LI>Call Chain = pvPortMalloc &rArr; xTaskResumeAll &rArr; xTaskIncrementTick
</UL>
<BR>[Calls]<UL><LI><a href="#[e8]">&gt;&gt;</a>&nbsp;&nbsp;&nbsp;xTaskResumeAll
<LI><a href="#[e7]">&gt;&gt;</a>&nbsp;&nbsp;&nbsp;vTaskSuspendAll
<LI><a href="#[f1]">&gt;&gt;</a>&nbsp;&nbsp;&nbsp;prvInsertBlockIntoFreeList
<LI><a href="#[f0]">&gt;&gt;</a>&nbsp;&nbsp;&nbsp;prvHeapInit
</UL>
<BR>[Called By]<UL><LI><a href="#[c1]">&gt;&gt;</a>&nbsp;&nbsp;&nbsp;xTaskCreate
<LI><a href="#[ce]">&gt;&gt;</a>&nbsp;&nbsp;&nbsp;xQueueGenericCreate
</UL>

<P><STRONG><a name="[db]"></a>pxPortInitialiseStack</STRONG> (Thumb, 38 bytes, Stack size 0 bytes, port.o(i.pxPortInitialiseStack))
<BR><BR>[Called By]<UL><LI><a href="#[d9]">&gt;&gt;</a>&nbsp;&nbsp;&nbsp;prvInitialiseNewTask
</UL>

<P><STRONG><a name="[4b]"></a>start_task</STRONG> (Thumb, 60 bytes, Stack size 16 bytes, freertos_demo.o(i.start_task))
<BR><BR>[Stack]<UL><LI>Max Depth = 160 + Unknown Stack Size
<LI>Call Chain = start_task &rArr; xTaskCreate &rArr; pvPortMalloc &rArr; xTaskResumeAll &rArr; xTaskIncrementTick
</UL>
<BR>[Calls]<UL><LI><a href="#[c1]">&gt;&gt;</a>&nbsp;&nbsp;&nbsp;xTaskCreate
<LI><a href="#[c4]">&gt;&gt;</a>&nbsp;&nbsp;&nbsp;vTaskDelete
<LI><a href="#[cb]">&gt;&gt;</a>&nbsp;&nbsp;&nbsp;vPortExitCritical
<LI><a href="#[c9]">&gt;&gt;</a>&nbsp;&nbsp;&nbsp;vPortEnterCritical
</UL>
<BR>[Address Reference Count : 1]<UL><LI> freertos_demo.o(i.freertos_demo)
</UL>
<P><STRONG><a name="[4d]"></a>task1</STRONG> (Thumb, 24 bytes, Stack size 0 bytes, freertos_demo.o(i.task1))
<BR><BR>[Stack]<UL><LI>Max Depth = 232 + Unknown Stack Size
<LI>Call Chain = task1 &rArr; test_cve2018_16601 &rArr; __2printf &rArr; _printf_char_file &rArr; _printf_char_common &rArr; __printf
</UL>
<BR>[Calls]<UL><LI><a href="#[f2]">&gt;&gt;</a>&nbsp;&nbsp;&nbsp;test_cve2018_16601
<LI><a href="#[6c]">&gt;&gt;</a>&nbsp;&nbsp;&nbsp;__2printf
</UL>
<BR>[Address Reference Count : 1]<UL><LI> freertos_demo.o(i.start_task)
</UL>
<P><STRONG><a name="[f2]"></a>test_cve2018_16601</STRONG> (Thumb, 132 bytes, Stack size 88 bytes, freertoscve.o(i.test_cve2018_16601))
<BR><BR>[Stack]<UL><LI>Max Depth = 232 + Unknown Stack Size
<LI>Call Chain = test_cve2018_16601 &rArr; __2printf &rArr; _printf_char_file &rArr; _printf_char_common &rArr; __printf
</UL>
<BR>[Calls]<UL><LI><a href="#[f3]">&gt;&gt;</a>&nbsp;&nbsp;&nbsp;dwt_init
<LI><a href="#[f4]">&gt;&gt;</a>&nbsp;&nbsp;&nbsp;dwt_get_counter
<LI><a href="#[f8]">&gt;&gt;</a>&nbsp;&nbsp;&nbsp;dwt_deinit
<LI><a href="#[f6]">&gt;&gt;</a>&nbsp;&nbsp;&nbsp;cycles_to_us
<LI><a href="#[f5]">&gt;&gt;</a>&nbsp;&nbsp;&nbsp;freertos_cve2018_16601
<LI><a href="#[6c]">&gt;&gt;</a>&nbsp;&nbsp;&nbsp;__2printf
<LI><a href="#[f7]">&gt;&gt;</a>&nbsp;&nbsp;&nbsp;__aeabi_f2d
<LI><a href="#[73]">&gt;&gt;</a>&nbsp;&nbsp;&nbsp;__aeabi_memcpy4
</UL>
<BR>[Called By]<UL><LI><a href="#[4d]">&gt;&gt;</a>&nbsp;&nbsp;&nbsp;task1
</UL>

<P><STRONG><a name="[c3]"></a>usart_init</STRONG> (Thumb, 34 bytes, Stack size 8 bytes, usart.o(i.usart_init))
<BR><BR>[Stack]<UL><LI>Max Depth = 104<LI>Call Chain = usart_init &rArr; HAL_UART_Init &rArr; UART_SetConfig &rArr; __aeabi_uldivmod
</UL>
<BR>[Calls]<UL><LI><a href="#[ac]">&gt;&gt;</a>&nbsp;&nbsp;&nbsp;HAL_UART_Init
</UL>
<BR>[Called By]<UL><LI><a href="#[65]">&gt;&gt;</a>&nbsp;&nbsp;&nbsp;main
</UL>

<P><STRONG><a name="[c6]"></a>uxListRemove</STRONG> (Thumb, 40 bytes, Stack size 0 bytes, list.o(i.uxListRemove))
<BR><BR>[Called By]<UL><LI><a href="#[c4]">&gt;&gt;</a>&nbsp;&nbsp;&nbsp;vTaskDelete
<LI><a href="#[d5]">&gt;&gt;</a>&nbsp;&nbsp;&nbsp;xTaskPriorityDisinherit
<LI><a href="#[e3]">&gt;&gt;</a>&nbsp;&nbsp;&nbsp;prvProcessReceivedCommands
<LI><a href="#[e1]">&gt;&gt;</a>&nbsp;&nbsp;&nbsp;prvProcessExpiredTimer
<LI><a href="#[d0]">&gt;&gt;</a>&nbsp;&nbsp;&nbsp;prvCheckTasksWaitingTermination
<LI><a href="#[c5]">&gt;&gt;</a>&nbsp;&nbsp;&nbsp;prvAddCurrentTaskToDelayedList
</UL>

<P><STRONG><a name="[e0]"></a>uxTaskGetNumberOfTasks</STRONG> (Thumb, 6 bytes, Stack size 0 bytes, tasks.o(i.uxTaskGetNumberOfTasks))
<BR><BR>[Called By]<UL><LI><a href="#[de]">&gt;&gt;</a>&nbsp;&nbsp;&nbsp;prvNotifyQueueSetContainer
</UL>

<P><STRONG><a name="[cd]"></a>vListInitialise</STRONG> (Thumb, 26 bytes, Stack size 0 bytes, list.o(i.vListInitialise))
<BR><BR>[Called By]<UL><LI><a href="#[d8]">&gt;&gt;</a>&nbsp;&nbsp;&nbsp;xQueueGenericReset
<LI><a href="#[cc]">&gt;&gt;</a>&nbsp;&nbsp;&nbsp;prvCheckForValidListAndQueue
<LI><a href="#[ca]">&gt;&gt;</a>&nbsp;&nbsp;&nbsp;prvInitialiseTaskLists
</UL>

<P><STRONG><a name="[da]"></a>vListInitialiseItem</STRONG> (Thumb, 6 bytes, Stack size 0 bytes, list.o(i.vListInitialiseItem))
<BR><BR>[Called By]<UL><LI><a href="#[d9]">&gt;&gt;</a>&nbsp;&nbsp;&nbsp;prvInitialiseNewTask
</UL>

<P><STRONG><a name="[c7]"></a>vListInsert</STRONG> (Thumb, 52 bytes, Stack size 8 bytes, list.o(i.vListInsert))
<BR><BR>[Stack]<UL><LI>Max Depth = 8<LI>Call Chain = vListInsert
</UL>
<BR>[Called By]<UL><LI><a href="#[fc]">&gt;&gt;</a>&nbsp;&nbsp;&nbsp;vTaskPlaceOnEventList
<LI><a href="#[dc]">&gt;&gt;</a>&nbsp;&nbsp;&nbsp;prvInsertTimerInActiveList
<LI><a href="#[c5]">&gt;&gt;</a>&nbsp;&nbsp;&nbsp;prvAddCurrentTaskToDelayedList
</UL>

<P><STRONG><a name="[fa]"></a>vListInsertEnd</STRONG> (Thumb, 24 bytes, Stack size 0 bytes, list.o(i.vListInsertEnd))
<BR><BR>[Called By]<UL><LI><a href="#[c4]">&gt;&gt;</a>&nbsp;&nbsp;&nbsp;vTaskDelete
</UL>

<P><STRONG><a name="[c9]"></a>vPortEnterCritical</STRONG> (Thumb, 58 bytes, Stack size 0 bytes, port.o(i.vPortEnterCritical))
<BR><BR>[Called By]<UL><LI><a href="#[c4]">&gt;&gt;</a>&nbsp;&nbsp;&nbsp;vTaskDelete
<LI><a href="#[4b]">&gt;&gt;</a>&nbsp;&nbsp;&nbsp;start_task
<LI><a href="#[104]">&gt;&gt;</a>&nbsp;&nbsp;&nbsp;xTaskCheckForTimeOut
<LI><a href="#[e5]">&gt;&gt;</a>&nbsp;&nbsp;&nbsp;xQueueReceive
<LI><a href="#[d8]">&gt;&gt;</a>&nbsp;&nbsp;&nbsp;xQueueGenericReset
<LI><a href="#[e9]">&gt;&gt;</a>&nbsp;&nbsp;&nbsp;vQueueWaitForMessageRestricted
<LI><a href="#[ed]">&gt;&gt;</a>&nbsp;&nbsp;&nbsp;prvUnlockQueue
<LI><a href="#[dd]">&gt;&gt;</a>&nbsp;&nbsp;&nbsp;prvIsQueueEmpty
<LI><a href="#[e8]">&gt;&gt;</a>&nbsp;&nbsp;&nbsp;xTaskResumeAll
<LI><a href="#[cc]">&gt;&gt;</a>&nbsp;&nbsp;&nbsp;prvCheckForValidListAndQueue
<LI><a href="#[d0]">&gt;&gt;</a>&nbsp;&nbsp;&nbsp;prvCheckTasksWaitingTermination
<LI><a href="#[c8]">&gt;&gt;</a>&nbsp;&nbsp;&nbsp;prvAddNewTaskToReadyList
</UL>

<P><STRONG><a name="[cb]"></a>vPortExitCritical</STRONG> (Thumb, 38 bytes, Stack size 0 bytes, port.o(i.vPortExitCritical))
<BR><BR>[Called By]<UL><LI><a href="#[c4]">&gt;&gt;</a>&nbsp;&nbsp;&nbsp;vTaskDelete
<LI><a href="#[4b]">&gt;&gt;</a>&nbsp;&nbsp;&nbsp;start_task
<LI><a href="#[104]">&gt;&gt;</a>&nbsp;&nbsp;&nbsp;xTaskCheckForTimeOut
<LI><a href="#[e5]">&gt;&gt;</a>&nbsp;&nbsp;&nbsp;xQueueReceive
<LI><a href="#[d8]">&gt;&gt;</a>&nbsp;&nbsp;&nbsp;xQueueGenericReset
<LI><a href="#[e9]">&gt;&gt;</a>&nbsp;&nbsp;&nbsp;vQueueWaitForMessageRestricted
<LI><a href="#[ed]">&gt;&gt;</a>&nbsp;&nbsp;&nbsp;prvUnlockQueue
<LI><a href="#[dd]">&gt;&gt;</a>&nbsp;&nbsp;&nbsp;prvIsQueueEmpty
<LI><a href="#[e8]">&gt;&gt;</a>&nbsp;&nbsp;&nbsp;xTaskResumeAll
<LI><a href="#[cc]">&gt;&gt;</a>&nbsp;&nbsp;&nbsp;prvCheckForValidListAndQueue
<LI><a href="#[d0]">&gt;&gt;</a>&nbsp;&nbsp;&nbsp;prvCheckTasksWaitingTermination
<LI><a href="#[c8]">&gt;&gt;</a>&nbsp;&nbsp;&nbsp;prvAddNewTaskToReadyList
</UL>

<P><STRONG><a name="[d6]"></a>vPortFree</STRONG> (Thumb, 94 bytes, Stack size 16 bytes, heap_4.o(i.vPortFree))
<BR><BR>[Stack]<UL><LI>Max Depth = 56<LI>Call Chain = vPortFree &rArr; xTaskResumeAll &rArr; xTaskIncrementTick
</UL>
<BR>[Calls]<UL><LI><a href="#[e8]">&gt;&gt;</a>&nbsp;&nbsp;&nbsp;xTaskResumeAll
<LI><a href="#[e7]">&gt;&gt;</a>&nbsp;&nbsp;&nbsp;vTaskSuspendAll
<LI><a href="#[f1]">&gt;&gt;</a>&nbsp;&nbsp;&nbsp;prvInsertBlockIntoFreeList
</UL>
<BR>[Called By]<UL><LI><a href="#[c1]">&gt;&gt;</a>&nbsp;&nbsp;&nbsp;xTaskCreate
<LI><a href="#[e3]">&gt;&gt;</a>&nbsp;&nbsp;&nbsp;prvProcessReceivedCommands
<LI><a href="#[d1]">&gt;&gt;</a>&nbsp;&nbsp;&nbsp;prvDeleteTCB
</UL>

<P><STRONG><a name="[ff]"></a>vPortSetupTimerInterrupt</STRONG> (Thumb, 36 bytes, Stack size 0 bytes, port.o(i.vPortSetupTimerInterrupt))
<BR><BR>[Called By]<UL><LI><a href="#[fe]">&gt;&gt;</a>&nbsp;&nbsp;&nbsp;xPortStartScheduler
</UL>

<P><STRONG><a name="[cf]"></a>vQueueAddToRegistry</STRONG> (Thumb, 72 bytes, Stack size 8 bytes, queue.o(i.vQueueAddToRegistry))
<BR><BR>[Stack]<UL><LI>Max Depth = 8<LI>Call Chain = vQueueAddToRegistry
</UL>
<BR>[Called By]<UL><LI><a href="#[cc]">&gt;&gt;</a>&nbsp;&nbsp;&nbsp;prvCheckForValidListAndQueue
</UL>

<P><STRONG><a name="[e9]"></a>vQueueWaitForMessageRestricted</STRONG> (Thumb, 74 bytes, Stack size 24 bytes, queue.o(i.vQueueWaitForMessageRestricted))
<BR><BR>[Stack]<UL><LI>Max Depth = 104<LI>Call Chain = vQueueWaitForMessageRestricted &rArr; prvUnlockQueue &rArr; prvNotifyQueueSetContainer &rArr; prvCopyDataToQueue &rArr; xTaskPriorityDisinherit
</UL>
<BR>[Calls]<UL><LI><a href="#[cb]">&gt;&gt;</a>&nbsp;&nbsp;&nbsp;vPortExitCritical
<LI><a href="#[c9]">&gt;&gt;</a>&nbsp;&nbsp;&nbsp;vPortEnterCritical
<LI><a href="#[f9]">&gt;&gt;</a>&nbsp;&nbsp;&nbsp;vTaskPlaceOnEventListRestricted
<LI><a href="#[ed]">&gt;&gt;</a>&nbsp;&nbsp;&nbsp;prvUnlockQueue
</UL>
<BR>[Called By]<UL><LI><a href="#[e6]">&gt;&gt;</a>&nbsp;&nbsp;&nbsp;prvProcessTimerOrBlockTask
</UL>

<P><STRONG><a name="[c4]"></a>vTaskDelete</STRONG> (Thumb, 192 bytes, Stack size 16 bytes, tasks.o(i.vTaskDelete))
<BR><BR>[Stack]<UL><LI>Max Depth = 80<LI>Call Chain = vTaskDelete &rArr; prvDeleteTCB &rArr; vPortFree &rArr; xTaskResumeAll &rArr; xTaskIncrementTick
</UL>
<BR>[Calls]<UL><LI><a href="#[cb]">&gt;&gt;</a>&nbsp;&nbsp;&nbsp;vPortExitCritical
[...]
<BR><BR>[Calls]<UL><LI><a href="#[107]">&gt;&gt;</a>&nbsp;&nbsp;&nbsp;__fpl_fnaninf
<LI><a href="#[108]">&gt;&gt;</a>&nbsp;&nbsp;&nbsp;__fpl_dretinf
</UL>

<P><STRONG><a name="[107]"></a>__fpl_fnaninf</STRONG> (Thumb, 140 bytes, Stack size 8 bytes, fnaninf.o(x$fpl$fnaninf), UNUSED)
<BR><BR>[Called By]<UL><LI><a href="#[106]">&gt;&gt;</a>&nbsp;&nbsp;&nbsp;_f2d
</UL>

<P><STRONG><a name="[5b]"></a>_fp_init</STRONG> (Thumb, 10 bytes, Stack size 0 bytes, fpinit.o(x$fpl$fpinit))
<BR><BR>[Called By]<UL><LI><a href="#[5a]">&gt;&gt;</a>&nbsp;&nbsp;&nbsp;__rt_lib_init_fp_1
</UL>

<P><STRONG><a name="[140]"></a>__fplib_config_fpu_vfp</STRONG> (Thumb, 0 bytes, Stack size unknown bytes, fpinit.o(x$fpl$fpinit), UNUSED)

<P><STRONG><a name="[141]"></a>__fplib_config_pureend_doubles</STRONG> (Thumb, 0 bytes, Stack size unknown bytes, fpinit.o(x$fpl$fpinit), UNUSED)

<P><STRONG><a name="[57]"></a>_printf_fp_dec</STRONG> (Thumb, 4 bytes, Stack size 0 bytes, printf1.o(x$fpl$printf1))
<BR><BR>[Stack]<UL><LI>Max Depth = 324<LI>Call Chain = _printf_fp_dec &rArr; _printf_fp_dec_real &rArr; _fp_digits &rArr; _btod_etento &rArr; _btod_emul &rArr; _e2e
</UL>
<BR>[Calls]<UL><LI><a href="#[7e]">&gt;&gt;</a>&nbsp;&nbsp;&nbsp;_printf_fp_dec_real
</UL>
<BR>[Called By]<UL><LI><a href="#[56]">&gt;&gt;</a>&nbsp;&nbsp;&nbsp;_printf_f
</UL>

<P><STRONG><a name="[52]"></a>HardFaultHandlerd_dispatch</STRONG> (Thumb, 38 bytes, Stack size 0 bytes, stm32f4xx_it.o(.ARM.__at_0x20007000), UNUSED, KEPT)
<P>
<H3>
Local Symbols
</H3>
<P><STRONG><a name="[93]"></a>__NVIC_GetPriorityGrouping</STRONG> (Thumb, 10 bytes, Stack size 0 bytes, stm32f4xx_hal_cortex.o(i.__NVIC_GetPriorityGrouping))
<BR><BR>[Called By]<UL><LI><a href="#[92]">&gt;&gt;</a>&nbsp;&nbsp;&nbsp;HAL_NVIC_SetPriority
</UL>

<P><STRONG><a name="[94]"></a>__NVIC_SetPriority</STRONG> (Thumb, 32 bytes, Stack size 8 bytes, stm32f4xx_hal_cortex.o(i.__NVIC_SetPriority))
<BR><BR>[Stack]<UL><LI>Max Depth = 8<LI>Call Chain = __NVIC_SetPriority
</UL>
<BR>[Called By]<UL><LI><a href="#[91]">&gt;&gt;</a>&nbsp;&nbsp;&nbsp;HAL_SYSTICK_Config
<LI><a href="#[92]">&gt;&gt;</a>&nbsp;&nbsp;&nbsp;HAL_NVIC_SetPriority
</UL>

<P><STRONG><a name="[4a]"></a>UART_DMAAbortOnError</STRONG> (Thumb, 20 bytes, Stack size 16 bytes, stm32f4xx_hal_uart.o(i.UART_DMAAbortOnError))
<BR><BR>[Stack]<UL><LI>Max Depth = 16<LI>Call Chain = UART_DMAAbortOnError
</UL>
<BR>[Calls]<UL><LI><a href="#[a8]">&gt;&gt;</a>&nbsp;&nbsp;&nbsp;HAL_UART_ErrorCallback
</UL>
<BR>[Address Reference Count : 1]<UL><LI> stm32f4xx_hal_uart.o(i.HAL_UART_IRQHandler)
</UL>
<P><STRONG><a name="[a6]"></a>UART_EndRxTransfer</STRONG> (Thumb, 54 bytes, Stack size 0 bytes, stm32f4xx_hal_uart.o(i.UART_EndRxTransfer))
<BR><BR>[Called By]<UL><LI><a href="#[a4]">&gt;&gt;</a>&nbsp;&nbsp;&nbsp;HAL_UART_IRQHandler
</UL>

<P><STRONG><a name="[ab]"></a>UART_EndTransmit_IT</STRONG> (Thumb, 32 bytes, Stack size 8 bytes, stm32f4xx_hal_uart.o(i.UART_EndTransmit_IT))
<BR><BR>[Stack]<UL><LI>Max Depth = 8<LI>Call Chain = UART_EndTransmit_IT
</UL>
<BR>[Calls]<UL><LI><a href="#[bb]">&gt;&gt;</a>&nbsp;&nbsp;&nbsp;HAL_UART_TxCpltCallback
</UL>
<BR>[Called By]<UL><LI><a href="#[a4]">&gt;&gt;</a>&nbsp;&nbsp;&nbsp;HAL_UART_IRQHandler
</UL>

<P><STRONG><a name="[a5]"></a>UART_Receive_IT</STRONG> (Thumb, 190 bytes, Stack size 16 bytes, stm32f4xx_hal_uart.o(i.UART_Receive_IT))
<BR><BR>[Stack]<UL><LI>Max Depth = 16<LI>Call Chain = UART_Receive_IT
</UL>
<BR>[Calls]<UL><LI><a href="#[a9]">&gt;&gt;</a>&nbsp;&nbsp;&nbsp;HAL_UARTEx_RxEventCallback
<LI><a href="#[bc]">&gt;&gt;</a>&nbsp;&nbsp;&nbsp;HAL_UART_RxCpltCallback
</UL>
<BR>[Called By]<UL><LI><a href="#[a4]">&gt;&gt;</a>&nbsp;&nbsp;&nbsp;HAL_UART_IRQHandler
</UL>

<P><STRONG><a name="[ae]"></a>UART_SetConfig</STRONG> (Thumb, 546 bytes, Stack size 40 bytes, stm32f4xx_hal_uart.o(i.UART_SetConfig))
<BR><BR>[Stack]<UL><LI>Max Depth = 88<LI>Call Chain = UART_SetConfig &rArr; __aeabi_uldivmod
</UL>
<BR>[Calls]<UL><LI><a href="#[99]">&gt;&gt;</a>&nbsp;&nbsp;&nbsp;HAL_RCC_GetPCLK2Freq
<LI><a href="#[97]">&gt;&gt;</a>&nbsp;&nbsp;&nbsp;HAL_RCC_GetPCLK1Freq
<LI><a href="#[9a]">&gt;&gt;</a>&nbsp;&nbsp;&nbsp;__aeabi_uldivmod
</UL>
<BR>[Called By]<UL><LI><a href="#[ac]">&gt;&gt;</a>&nbsp;&nbsp;&nbsp;HAL_UART_Init
</UL>

<P><STRONG><a name="[aa]"></a>UART_Transmit_IT</STRONG> (Thumb, 96 bytes, Stack size 0 bytes, stm32f4xx_hal_uart.o(i.UART_Transmit_IT))
<BR><BR>[Called By]<UL><LI><a href="#[a4]">&gt;&gt;</a>&nbsp;&nbsp;&nbsp;HAL_UART_IRQHandler
</UL>

<P><STRONG><a name="[4c]"></a>prvTaskExitError</STRONG> (Thumb, 42 bytes, Stack size 0 bytes, port.o(i.prvTaskExitError))
<BR>[Address Reference Count : 1]<UL><LI> port.o(i.pxPortInitialiseStack)
</UL>
<P><STRONG><a name="[f0]"></a>prvHeapInit</STRONG> (Thumb, 90 bytes, Stack size 12 bytes, heap_4.o(i.prvHeapInit))
<BR><BR>[Stack]<UL><LI>Max Depth = 12<LI>Call Chain = prvHeapInit
</UL>
<BR>[Called By]<UL><LI><a href="#[ef]">&gt;&gt;</a>&nbsp;&nbsp;&nbsp;pvPortMalloc
</UL>

<P><STRONG><a name="[f1]"></a>prvInsertBlockIntoFreeList</STRONG> (Thumb, 96 bytes, Stack size 8 bytes, heap_4.o(i.prvInsertBlockIntoFreeList))
<BR><BR>[Stack]<UL><LI>Max Depth = 8<LI>Call Chain = prvInsertBlockIntoFreeList
</UL>
<BR>[Called By]<UL><LI><a href="#[d6]">&gt;&gt;</a>&nbsp;&nbsp;&nbsp;vPortFree
<LI><a href="#[ef]">&gt;&gt;</a>&nbsp;&nbsp;&nbsp;pvPortMalloc
</UL>

<P><STRONG><a name="[d2]"></a>prvCopyDataFromQueue</STRONG> (Thumb, 42 bytes, Stack size 16 bytes, queue.o(i.prvCopyDataFromQueue))
<BR><BR>[Stack]<UL><LI>Max Depth = 16<LI>Call Chain = prvCopyDataFromQueue
</UL>
<BR>[Calls]<UL><LI><a href="#[d3]">&gt;&gt;</a>&nbsp;&nbsp;&nbsp;__aeabi_memcpy
</UL>
<BR>[Called By]<UL><LI><a href="#[e5]">&gt;&gt;</a>&nbsp;&nbsp;&nbsp;xQueueReceive
</UL>

<P><STRONG><a name="[d4]"></a>prvCopyDataToQueue</STRONG> (Thumb, 126 bytes, Stack size 24 bytes, queue.o(i.prvCopyDataToQueue))
<BR><BR>[Stack]<UL><LI>Max Depth = 40<LI>Call Chain = prvCopyDataToQueue &rArr; xTaskPriorityDisinherit
</UL>
<BR>[Calls]<UL><LI><a href="#[d5]">&gt;&gt;</a>&nbsp;&nbsp;&nbsp;xTaskPriorityDisinherit
<LI><a href="#[d3]">&gt;&gt;</a>&nbsp;&nbsp;&nbsp;__aeabi_memcpy
</UL>
<BR>[Called By]<UL><LI><a href="#[de]">&gt;&gt;</a>&nbsp;&nbsp;&nbsp;prvNotifyQueueSetContainer
</UL>

<P><STRONG><a name="[d7]"></a>prvInitialiseNewQueue</STRONG> (Thumb, 46 bytes, Stack size 24 bytes, queue.o(i.prvInitialiseNewQueue))
<BR><BR>[Stack]<UL><LI>Max Depth = 64<LI>Call Chain = prvInitialiseNewQueue &rArr; xQueueGenericReset &rArr; xTaskRemoveFromEventList
</UL>
<BR>[Calls]<UL><LI><a href="#[d8]">&gt;&gt;</a>&nbsp;&nbsp;&nbsp;xQueueGenericReset
</UL>
<BR>[Called By]<UL><LI><a href="#[ce]">&gt;&gt;</a>&nbsp;&nbsp;&nbsp;xQueueGenericCreate
</UL>

<P><STRONG><a name="[dd]"></a>prvIsQueueEmpty</STRONG> (Thumb, 26 bytes, Stack size 16 bytes, queue.o(i.prvIsQueueEmpty))
<BR><BR>[Stack]<UL><LI>Max Depth = 16<LI>Call Chain = prvIsQueueEmpty
</UL>
<BR>[Calls]<UL><LI><a href="#[cb]">&gt;&gt;</a>&nbsp;&nbsp;&nbsp;vPortExitCritical
<LI><a href="#[c9]">&gt;&gt;</a>&nbsp;&nbsp;&nbsp;vPortEnterCritical
</UL>
<BR>[Called By]<UL><LI><a href="#[e5]">&gt;&gt;</a>&nbsp;&nbsp;&nbsp;xQueueReceive
</UL>

<P><STRONG><a name="[de]"></a>prvNotifyQueueSetContainer</STRONG> (Thumb, 130 bytes, Stack size 24 bytes, queue.o(i.prvNotifyQueueSetContainer))
<BR><BR>[Stack]<UL><LI>Max Depth = 64<LI>Call Chain = prvNotifyQueueSetContainer &rArr; prvCopyDataToQueue &rArr; xTaskPriorityDisinherit
</UL>
<BR>[Calls]<UL><LI><a href="#[df]">&gt;&gt;</a>&nbsp;&nbsp;&nbsp;xTaskRemoveFromEventList
<LI><a href="#[e0]">&gt;&gt;</a>&nbsp;&nbsp;&nbsp;uxTaskGetNumberOfTasks
<LI><a href="#[d4]">&gt;&gt;</a>&nbsp;&nbsp;&nbsp;prvCopyDataToQueue
</UL>
<BR>[Called By]<UL><LI><a href="#[ed]">&gt;&gt;</a>&nbsp;&nbsp;&nbsp;prvUnlockQueue
</UL>

<P><STRONG><a name="[ed]"></a>prvUnlockQueue</STRONG> (Thumb, 144 bytes, Stack size 16 bytes, queue.o(i.prvUnlockQueue))
<BR><BR>[Stack]<UL><LI>Max Depth = 80<LI>Call Chain = prvUnlockQueue &rArr; prvNotifyQueueSetContainer &rArr; prvCopyDataToQueue &rArr; xTaskPriorityDisinherit
</UL>
<BR>[Calls]<UL><LI><a href="#[cb]">&gt;&gt;</a>&nbsp;&nbsp;&nbsp;vPortExitCritical
<LI><a href="#[c9]">&gt;&gt;</a>&nbsp;&nbsp;&nbsp;vPortEnterCritical
<LI><a href="#[df]">&gt;&gt;</a>&nbsp;&nbsp;&nbsp;xTaskRemoveFromEventList
<LI><a href="#[ee]">&gt;&gt;</a>&nbsp;&nbsp;&nbsp;vTaskMissedYield
<LI><a href="#[de]">&gt;&gt;</a>&nbsp;&nbsp;&nbsp;prvNotifyQueueSetContainer
</UL>
<BR>[Called By]<UL><LI><a href="#[e5]">&gt;&gt;</a>&nbsp;&nbsp;&nbsp;xQueueReceive
<LI><a href="#[e9]">&gt;&gt;</a>&nbsp;&nbsp;&nbsp;vQueueWaitForMessageRestricted
</UL>

<P><STRONG><a name="[c5]"></a>prvAddCurrentTaskToDelayedList</STRONG> (Thumb, 174 bytes, Stack size 24 bytes, tasks.o(i.prvAddCurrentTaskToDelayedList))
<BR><BR>[Stack]<UL><LI>Max Depth = 32<LI>Call Chain = prvAddCurrentTaskToDelayedList &rArr; vListInsert
</UL>
<BR>[Calls]<UL><LI><a href="#[c7]">&gt;&gt;</a>&nbsp;&nbsp;&nbsp;vListInsert
<LI><a href="#[c6]">&gt;&gt;</a>&nbsp;&nbsp;&nbsp;uxListRemove
</UL>
<BR>[Called By]<UL><LI><a href="#[f9]">&gt;&gt;</a>&nbsp;&nbsp;&nbsp;vTaskPlaceOnEventListRestricted
<LI><a href="#[fc]">&gt;&gt;</a>&nbsp;&nbsp;&nbsp;vTaskPlaceOnEventList
</UL>

<P><STRONG><a name="[c8]"></a>prvAddNewTaskToReadyList</STRONG> (Thumb, 206 bytes, Stack size 8 bytes, tasks.o(i.prvAddNewTaskToReadyList))
<BR><BR>[Stack]<UL><LI>Max Depth = 16<LI>Call Chain = prvAddNewTaskToReadyList &rArr; prvInitialiseTaskLists
</UL>
<BR>[Calls]<UL><LI><a href="#[cb]">&gt;&gt;</a>&nbsp;&nbsp;&nbsp;vPortExitCritical
<LI><a href="#[c9]">&gt;&gt;</a>&nbsp;&nbsp;&nbsp;vPortEnterCritical
<LI><a href="#[ca]">&gt;&gt;</a>&nbsp;&nbsp;&nbsp;prvInitialiseTaskLists
</UL>
<BR>[Called By]<UL><LI><a href="#[c1]">&gt;&gt;</a>&nbsp;&nbsp;&nbsp;xTaskCreate
</UL>

<P><STRONG><a name="[d0]"></a>prvCheckTasksWaitingTermination</STRONG> (Thumb, 60 bytes, Stack size 8 bytes, tasks.o(i.prvCheckTasksWaitingTermination))
<BR><BR>[Stack]<UL><LI>Max Depth = 72<LI>Call Chain = prvCheckTasksWaitingTermination &rArr; prvDeleteTCB &rArr; vPortFree &rArr; xTaskResumeAll &rArr; xTaskIncrementTick
</UL>
<BR>[Calls]<UL><LI><a href="#[cb]">&gt;&gt;</a>&nbsp;&nbsp;&nbsp;vPortExitCritical
<LI><a href="#[c9]">&gt;&gt;</a>&nbsp;&nbsp;&nbsp;vPortEnterCritical
<LI><a href="#[c6]">&gt;&gt;</a>&nbsp;&nbsp;&nbsp;uxListRemove
<LI><a href="#[d1]">&gt;&gt;</a>&nbsp;&nbsp;&nbsp;prvDeleteTCB
</UL>
<BR>[Called By]<UL><LI><a href="#[4f]">&gt;&gt;</a>&nbsp;&nbsp;&nbsp;prvIdleTask
</UL>

<P><STRONG><a name="[d1]"></a>prvDeleteTCB</STRONG> (Thumb, 18 bytes, Stack size 8 bytes, tasks.o(i.prvDeleteTCB))
<BR><BR>[Stack]<UL><LI>Max Depth = 64<LI>Call Chain = prvDeleteTCB &rArr; vPortFree &rArr; xTaskResumeAll &rArr; xTaskIncrementTick
</UL>
<BR>[Calls]<UL><LI><a href="#[d6]">&gt;&gt;</a>&nbsp;&nbsp;&nbsp;vPortFree
</UL>
<BR>[Called By]<UL><LI><a href="#[c4]">&gt;&gt;</a>&nbsp;&nbsp;&nbsp;vTaskDelete
<LI><a href="#[d0]">&gt;&gt;</a>&nbsp;&nbsp;&nbsp;prvCheckTasksWaitingTermination
</UL>

<P><STRONG><a name="[4f]"></a>prvIdleTask</STRONG> (Thumb, 32 bytes, Stack size 0 bytes, tasks.o(i.prvIdleTask))
<BR><BR>[Stack]<UL><LI>Max Depth = 72<LI>Call Chain = prvIdleTask &rArr; prvCheckTasksWaitingTermination &rArr; prvDeleteTCB &rArr; vPortFree &rArr; xTaskResumeAll &rArr; xTaskIncrementTick
</UL>
<BR>[Calls]<UL><LI><a href="#[d0]">&gt;&gt;</a>&nbsp;&nbsp;&nbsp;prvCheckTasksWaitingTermination
</UL>
<BR>[Address Reference Count : 1]<UL><LI> tasks.o(i.vTaskStartScheduler)
</UL>
<P><STRONG><a name="[d9]"></a>prvInitialiseNewTask</STRONG> (Thumb, 168 bytes, Stack size 40 bytes, tasks.o(i.prvInitialiseNewTask))
<BR><BR>[Stack]<UL><LI>Max Depth = 40 + Unknown Stack Size
<LI>Call Chain = prvInitialiseNewTask
</UL>
<BR>[Calls]<UL><LI><a href="#[da]">&gt;&gt;</a>&nbsp;&nbsp;&nbsp;vListInitialiseItem
<LI><a href="#[db]">&gt;&gt;</a>&nbsp;&nbsp;&nbsp;pxPortInitialiseStack
<LI><a href="#[74]">&gt;&gt;</a>&nbsp;&nbsp;&nbsp;__aeabi_memset
</UL>
<BR>[Called By]<UL><LI><a href="#[c1]">&gt;&gt;</a>&nbsp;&nbsp;&nbsp;xTaskCreate
</UL>

<P><STRONG><a name="[ca]"></a>prvInitialiseTaskLists</STRONG> (Thumb, 70 bytes, Stack size 8 bytes, tasks.o(i.prvInitialiseTaskLists))
<BR><BR>[Stack]<UL><LI>Max Depth = 8<LI>Call Chain = prvInitialiseTaskLists
</UL>
<BR>[Calls]<UL><LI><a href="#[cd]">&gt;&gt;</a>&nbsp;&nbsp;&nbsp;vListInitialise
</UL>
<BR>[Called By]<UL><LI><a href="#[c8]">&gt;&gt;</a>&nbsp;&nbsp;&nbsp;prvAddNewTaskToReadyList
</UL>

<P><STRONG><a name="[fb]"></a>prvResetNextTaskUnblockTime</STRONG> (Thumb, 40 bytes, Stack size 0 bytes, tasks.o(i.prvResetNextTaskUnblockTime))
<BR><BR>[Called By]<UL><LI><a href="#[c4]">&gt;&gt;</a>&nbsp;&nbsp;&nbsp;vTaskDelete
<LI><a href="#[e8]">&gt;&gt;</a>&nbsp;&nbsp;&nbsp;xTaskResumeAll
<LI><a href="#[102]">&gt;&gt;</a>&nbsp;&nbsp;&nbsp;xTaskIncrementTick
</UL>

<P><STRONG><a name="[cc]"></a>prvCheckForValidListAndQueue</STRONG> (Thumb, 72 bytes, Stack size 8 bytes, timers.o(i.prvCheckForValidListAndQueue))
<BR><BR>[Stack]<UL><LI>Max Depth = 112<LI>Call Chain = prvCheckForValidListAndQueue &rArr; xQueueGenericCreate &rArr; pvPortMalloc &rArr; xTaskResumeAll &rArr; xTaskIncrementTick
</UL>
<BR>[Calls]<UL><LI><a href="#[cb]">&gt;&gt;</a>&nbsp;&nbsp;&nbsp;vPortExitCritical
<LI><a href="#[c9]">&gt;&gt;</a>&nbsp;&nbsp;&nbsp;vPortEnterCritical
<LI><a href="#[ce]">&gt;&gt;</a>&nbsp;&nbsp;&nbsp;xQueueGenericCreate
<LI><a href="#[cf]">&gt;&gt;</a>&nbsp;&nbsp;&nbsp;vQueueAddToRegistry
<LI><a href="#[cd]">&gt;&gt;</a>&nbsp;&nbsp;&nbsp;vListInitialise
</UL>
<BR>[Called By]<UL><LI><a href="#[fd]">&gt;&gt;</a>&nbsp;&nbsp;&nbsp;xTimerCreateTimerTask
</UL>

<P><STRONG><a name="[ec]"></a>prvGetNextExpireTime</STRONG> (Thumb, 36 bytes, Stack size 0 bytes, timers.o(i.prvGetNextExpireTime))
<BR><BR>[Called By]<UL><LI><a href="#[50]">&gt;&gt;</a>&nbsp;&nbsp;&nbsp;prvTimerTask
</UL>

<P><STRONG><a name="[dc]"></a>prvInsertTimerInActiveList</STRONG> (Thumb, 80 bytes, Stack size 24 bytes, timers.o(i.prvInsertTimerInActiveList))
<BR><BR>[Stack]<UL><LI>Max Depth = 32<LI>Call Chain = prvInsertTimerInActiveList &rArr; vListInsert
</UL>
<BR>[Calls]<UL><LI><a href="#[c7]">&gt;&gt;</a>&nbsp;&nbsp;&nbsp;vListInsert
</UL>
<BR>[Called By]<UL><LI><a href="#[e2]">&gt;&gt;</a>&nbsp;&nbsp;&nbsp;prvReloadTimer
<LI><a href="#[e3]">&gt;&gt;</a>&nbsp;&nbsp;&nbsp;prvProcessReceivedCommands
</UL>

<P><STRONG><a name="[e1]"></a>prvProcessExpiredTimer</STRONG> (Thumb, 62 bytes, Stack size 16 bytes, timers.o(i.prvProcessExpiredTimer))
<BR><BR>[Stack]<UL><LI>Max Depth = 64<LI>Call Chain = prvProcessExpiredTimer &rArr; prvReloadTimer &rArr; prvInsertTimerInActiveList &rArr; vListInsert
</UL>
<BR>[Calls]<UL><LI><a href="#[c6]">&gt;&gt;</a>&nbsp;&nbsp;&nbsp;uxListRemove
<LI><a href="#[e2]">&gt;&gt;</a>&nbsp;&nbsp;&nbsp;prvReloadTimer
</UL>
<BR>[Called By]<UL><LI><a href="#[eb]">&gt;&gt;</a>&nbsp;&nbsp;&nbsp;prvSwitchTimerLists
<LI><a href="#[e6]">&gt;&gt;</a>&nbsp;&nbsp;&nbsp;prvProcessTimerOrBlockTask
</UL>

<P><STRONG><a name="[e3]"></a>prvProcessReceivedCommands</STRONG> (Thumb, 290 bytes, Stack size 40 bytes, timers.o(i.prvProcessReceivedCommands))
<BR><BR>[Stack]<UL><LI>Max Depth = 168<LI>Call Chain = prvProcessReceivedCommands &rArr; xQueueReceive &rArr; prvUnlockQueue &rArr; prvNotifyQueueSetContainer &rArr; prvCopyDataToQueue &rArr; xTaskPriorityDisinherit
</UL>
<BR>[Calls]<UL><LI><a href="#[e5]">&gt;&gt;</a>&nbsp;&nbsp;&nbsp;xQueueReceive
<LI><a href="#[c6]">&gt;&gt;</a>&nbsp;&nbsp;&nbsp;uxListRemove
<LI><a href="#[d6]">&gt;&gt;</a>&nbsp;&nbsp;&nbsp;vPortFree
<LI><a href="#[e4]">&gt;&gt;</a>&nbsp;&nbsp;&nbsp;prvSampleTimeNow
<LI><a href="#[e2]">&gt;&gt;</a>&nbsp;&nbsp;&nbsp;prvReloadTimer
<LI><a href="#[dc]">&gt;&gt;</a>&nbsp;&nbsp;&nbsp;prvInsertTimerInActiveList
</UL>
<BR>[Called By]<UL><LI><a href="#[50]">&gt;&gt;</a>&nbsp;&nbsp;&nbsp;prvTimerTask
</UL>

<P><STRONG><a name="[e6]"></a>prvProcessTimerOrBlockTask</STRONG> (Thumb, 102 bytes, Stack size 24 bytes, timers.o(i.prvProcessTimerOrBlockTask))
<BR><BR>[Stack]<UL><LI>Max Depth = 128<LI>Call Chain = prvProcessTimerOrBlockTask &rArr; vQueueWaitForMessageRestricted &rArr; prvUnlockQueue &rArr; prvNotifyQueueSetContainer &rArr; prvCopyDataToQueue &rArr; xTaskPriorityDisinherit
</UL>
<BR>[Calls]<UL><LI><a href="#[e9]">&gt;&gt;</a>&nbsp;&nbsp;&nbsp;vQueueWaitForMessageRestricted
<LI><a href="#[e8]">&gt;&gt;</a>&nbsp;&nbsp;&nbsp;xTaskResumeAll
<LI><a href="#[e7]">&gt;&gt;</a>&nbsp;&nbsp;&nbsp;vTaskSuspendAll
<LI><a href="#[e4]">&gt;&gt;</a>&nbsp;&nbsp;&nbsp;prvSampleTimeNow
<LI><a href="#[e1]">&gt;&gt;</a>&nbsp;&nbsp;&nbsp;prvProcessExpiredTimer
</UL>
<BR>[Called By]<UL><LI><a href="#[50]">&gt;&gt;</a>&nbsp;&nbsp;&nbsp;prvTimerTask
</UL>

<P><STRONG><a name="[e2]"></a>prvReloadTimer</STRONG> (Thumb, 40 bytes, Stack size 16 bytes, timers.o(i.prvReloadTimer))
<BR><BR>[Stack]<UL><LI>Max Depth = 48<LI>Call Chain = prvReloadTimer &rArr; prvInsertTimerInActiveList &rArr; vListInsert
</UL>
<BR>[Calls]<UL><LI><a href="#[dc]">&gt;&gt;</a>&nbsp;&nbsp;&nbsp;prvInsertTimerInActiveList
</UL>
<BR>[Called By]<UL><LI><a href="#[e3]">&gt;&gt;</a>&nbsp;&nbsp;&nbsp;prvProcessReceivedCommands
<LI><a href="#[e1]">&gt;&gt;</a>&nbsp;&nbsp;&nbsp;prvProcessExpiredTimer
</UL>

<P><STRONG><a name="[e4]"></a>prvSampleTimeNow</STRONG> (Thumb, 40 bytes, Stack size 16 bytes, timers.o(i.prvSampleTimeNow))
<BR><BR>[Stack]<UL><LI>Max Depth = 96<LI>Call Chain = prvSampleTimeNow &rArr; prvSwitchTimerLists &rArr; prvProcessExpiredTimer &rArr; prvReloadTimer &rArr; prvInsertTimerInActiveList &rArr; vListInsert
</UL>
<BR>[Calls]<UL><LI><a href="#[eb]">&gt;&gt;</a>&nbsp;&nbsp;&nbsp;prvSwitchTimerLists
<LI><a href="#[ea]">&gt;&gt;</a>&nbsp;&nbsp;&nbsp;xTaskGetTickCount
</UL>
<BR>[Called By]<UL><LI><a href="#[e6]">&gt;&gt;</a>&nbsp;&nbsp;&nbsp;prvProcessTimerOrBlockTask
<LI><a href="#[e3]">&gt;&gt;</a>&nbsp;&nbsp;&nbsp;prvProcessReceivedCommands
</UL>

<P><STRONG><a name="[eb]"></a>prvSwitchTimerLists</STRONG> (Thumb, 58 bytes, Stack size 16 bytes, timers.o(i.prvSwitchTimerLists))
<BR><BR>[Stack]<UL><LI>Max Depth = 80<LI>Call Chain = prvSwitchTimerLists &rArr; prvProcessExpiredTimer &rArr; prvReloadTimer &rArr; prvInsertTimerInActiveList &rArr; vListInsert
</UL>
<BR>[Calls]<UL><LI><a href="#[e1]">&gt;&gt;</a>&nbsp;&nbsp;&nbsp;prvProcessExpiredTimer
</UL>
<BR>[Called By]<UL><LI><a href="#[e4]">&gt;&gt;</a>&nbsp;&nbsp;&nbsp;prvSampleTimeNow
</UL>

<P><STRONG><a name="[50]"></a>prvTimerTask</STRONG> (Thumb, 26 bytes, Stack size 8 bytes, timers.o(i.prvTimerTask))
<BR><BR>[Stack]<UL><LI>Max Depth = 176<LI>Call Chain = prvTimerTask &rArr; prvProcessReceivedCommands &rArr; xQueueReceive &rArr; prvUnlockQueue &rArr; prvNotifyQueueSetContainer &rArr; prvCopyDataToQueue &rArr; xTaskPriorityDisinherit
</UL>
<BR>[Calls]<UL><LI><a href="#[e6]">&gt;&gt;</a>&nbsp;&nbsp;&nbsp;prvProcessTimerOrBlockTask
<LI><a href="#[e3]">&gt;&gt;</a>&nbsp;&nbsp;&nbsp;prvProcessReceivedCommands
<LI><a href="#[ec]">&gt;&gt;</a>&nbsp;&nbsp;&nbsp;prvGetNextExpireTime
</UL>
<BR>[Address Reference Count : 1]<UL><LI> timers.o(i.xTimerCreateTimerTask)
</UL>
<P><STRONG><a name="[78]"></a>_fp_digits</STRONG> (Thumb, 432 bytes, Stack size 96 bytes, _printf_fp_dec.o(.text))
<BR><BR>[Stack]<UL><LI>Max Depth = 220<LI>Call Chain = _fp_digits &rArr; _btod_etento &rArr; _btod_emul &rArr; _e2e
</UL>
<BR>[Calls]<UL><LI><a href="#[7c]">&gt;&gt;</a>&nbsp;&nbsp;&nbsp;_btod_emul
<LI><a href="#[7b]">&gt;&gt;</a>&nbsp;&nbsp;&nbsp;_btod_ediv
<LI><a href="#[7a]">&gt;&gt;</a>&nbsp;&nbsp;&nbsp;_btod_d2e
<LI><a href="#[79]">&gt;&gt;</a>&nbsp;&nbsp;&nbsp;_btod_etento
<LI><a href="#[7d]">&gt;&gt;</a>&nbsp;&nbsp;&nbsp;_ll_udiv10
</UL>
<BR>[Called By]<UL><LI><a href="#[7e]">&gt;&gt;</a>&nbsp;&nbsp;&nbsp;_printf_fp_dec_real
</UL>

<P><STRONG><a name="[48]"></a>_printf_input_char</STRONG> (Thumb, 10 bytes, Stack size 0 bytes, _printf_char_common.o(.text))
<BR>[Address Reference Count : 1]<UL><LI> _printf_char_common.o(.text)
</UL><P>
<H3>
Undefined Global Symbols
</H3><HR></body></html>
