<html>
<body>
<pre>
<h1>µVision Build Log</h1>
<h2>Tool Versions:</h2>
IDE-Version: ¦ÌVision V5.30.0.0
Copyright (C) 2020 ARM Ltd and ARM Germany GmbH. All rights reserved.
License Information: 123 Administrator, 123, LIC=8MZI6-DTMZT-WKJB8-37JV3-49UMX-IHGUM
 
Tool Versions:
Toolchain:       MDK-ARM Professional  Version: 5.30.0.0
Toolchain Path:  C:\Keil_v5\ARM\ARMCC\Bin
C Compiler:      Armcc.exe V5.06 update 6 (build 750)
Assembler:       Armasm.exe V5.06 update 6 (build 750)
Linker/Locator:  ArmLink.exe V5.06 update 6 (build 750)
Library Manager: ArmAr.exe V5.06 update 6 (build 750)
Hex Converter:   FromElf.exe V5.06 update 6 (build 750)
CPU DLL:         SARMCM3.DLL V5.30.0.0
Dialog DLL:      DCM.DLL V1.17.3.0
Target DLL:      STLink\ST-LINKIII-KEIL_SWO.dll V3.0.7.0
Dialog DLL:      TCM.DLL V1.42.0.0
 
<h2>Project:</h2>
D:\icProject\StackPatch\Evaluation\Performance\TotalPatchingDelay\software\Hook\Projects\MDK-ARM\f401re.uvprojx
Project File Date:  01/19/2026

<h2>Output:</h2>
*** Using Compiler 'V5.06 update 6 (build 750)', folder: 'C:\Keil_v5\ARM\ARMCC\Bin'
Build target 'template'
assembling startup_stm32f401xe.s...
compiling stm32f4xx_hal_cortex.c...
compiling stm32f4xx_hal_pwr_ex.c...
compiling system_stm32f4xx.c...
compiling stm32f4xx_hal_gpio.c...
compiling main.c...
compiling iap.c...
compiling stm32f4xx_hal_pwr.c...
compiling patch_delay_test.c...
..\..\User\patch_delay_test.h(12): warning:  #1295-D: Deprecated declaration dwt_init - give arg types
  void dwt_init();
..\..\User\patch_delay_test.h(13): warning:  #1295-D: Deprecated declaration dwt_deinit - give arg types
  void dwt_deinit();
..\..\User\patch_delay_test.h(14): warning:  #1295-D: Deprecated declaration dwt_get_counter - give arg types
  uint32_t dwt_get_counter();
..\..\User\patch_delay_test.h(18): warning:  #1295-D: Deprecated declaration MeasureTimeStart - give arg types
  void MeasureTimeStart();
..\..\User\patch_delay_test.h(21): warning:  #1-D: last line of file ends without a newline
  int MeasureTimeEnd();
..\..\User\patch_delay_test.h(21): warning:  #1295-D: Deprecated declaration MeasureTimeEnd - give arg types
  int MeasureTimeEnd();
..\..\User\patch_delay_test.c: 6 warnings, 0 errors
compiling stm32f4xx_it.c...
..\..\User\stm32f4xx_it.c(191): warning: A1581W: Added 2 bytes of padding at address 0x3e
compiling stm32f4xx_hal.c...
compiling stm32f4xx_hal_dma.c...
compiling stm32f4xx_hal_dma_ex.c...
compiling patch.c...
..\..\User\patch.c(13): warning:  #68-D: integer conversion resulted in a change of sign
  		*(pStack + 9u) = -1; //r0 = -1
..\..\User\patch.c: 1 warning, 0 errors
compiling freertoscve.c...
..\..\User\patch_delay_test.h(12): warning:  #1295-D: Deprecated declaration dwt_init - give arg types
  void dwt_init();
..\..\User\patch_delay_test.h(13): warning:  #1295-D: Deprecated declaration dwt_deinit - give arg types
  void dwt_deinit();
..\..\User\patch_delay_test.h(14): warning:  #1295-D: Deprecated declaration dwt_get_counter - give arg types
  uint32_t dwt_get_counter();
..\..\User\patch_delay_test.h(18): warning:  #1295-D: Deprecated declaration MeasureTimeStart - give arg types
  void MeasureTimeStart();
..\..\User\patch_delay_test.h(21): warning:  #1-D: last line of file ends without a newline
  int MeasureTimeEnd();
..\..\User\patch_delay_test.h(21): warning:  #1295-D: Deprecated declaration MeasureTimeEnd - give arg types
  int MeasureTimeEnd();
..\..\User\freertoscve.c(28): warning:  #177-D: variable "uxHeaderLength"  was declared but never referenced
  	uint32_t uxHeaderLength = ( uint32_t ) ( ( pxIPHeader->ucVersionHeaderLength & 0x0Fu ) << 2 );
..\..\User\freertoscve.c(29): warning:  #177-D: variable "ucProtocol"  was declared but never referenced
  	uint8_t ucProtocol;
..\..\User\freertoscve.c(47): warning:  #177-D: variable "ucProtocol"  was declared but never referenced
  	uint8_t ucProtocol;
..\..\User\freertoscve.c(112): warning:  #188-D: enumerated type mixed with another type
  	return 1;
..\..\User\freertoscve.c(96): warning:  #177-D: variable "eReturn"  was declared but never referenced
  eFrameProcessingResult_t eReturn;
..\..\User\freertoscve.c(98): warning:  #177-D: variable "uxHeaderLength"  was declared but never referenced
  UBaseType_t uxHeaderLength = ( UBaseType_t ) ( ( pxIPHeader->ucVersionHeaderLength & 0x0Fu ) << 2 );
..\..\User\freertoscve.c(99): warning:  #550-D: variable "ucProtocol"  was set but never used
  uint8_t ucProtocol;
..\..\User\freertoscve.c(172): warning:  #550-D: variable "i"  was set but never used
  	int i;
..\..\User\freertoscve.c(196): warning:  #550-D: variable "ucProtocol"  was set but never used
  uint8_t ucProtocol;
..\..\User\freertoscve.c(285): warning:  #177-D: variable "xRemainingOptionsBytes"  was declared but never referenced
          UBaseType_t xRemainingOptionsBytes = pucLast - pucPtr;
..\..\User\freertoscve.c(267): warning:  #177-D: variable "uxNewMSS"  was declared but never referenced
  UBaseType_t uxNewMSS;
..\..\User\freertoscve.c(316): warning:  #513-D: a value of type "TCPPacket_t *" cannot be assigned to an entity of type "uint8_t *"
  	testdata.pucEthernetBuffer = &prv;
..\..\User\freertoscve.c(332): warning:  #177-D: variable "uxNewMSS"  was declared but never referenced
  UBaseType_t uxNewMSS;
..\..\User\freertoscve.c(382): warning:  #513-D: a value of type "TCPPacket_t *" cannot be assigned to an entity of type "uint8_t *"
  	testdata.pucEthernetBuffer = &prv;
..\..\User\freertoscve.c(395): warning:  #177-D: variable "usFlags"  was declared but never referenced
  		uint16_t usFlags, usType, usClass;
..\..\User\freertoscve.c(395): warning:  #177-D: variable "usType"  was declared but never referenced
  		uint16_t usFlags, usType, usClass;
..\..\User\freertoscve.c(395): warning:  #177-D: variable "usClass"  was declared but never referenced
  		uint16_t usFlags, usType, usClass;
..\..\User\freertoscve.c(396): warning:  #177-D: variable "pucSource"  was declared but never referenced
  		uint8_t *pucSource, *pucTarget;
..\..\User\freertoscve.c(396): warning:  #177-D: variable "pucTarget"  was declared but never referenced
  		uint8_t *pucSource, *pucTarget;
..\..\User\freertoscve.c(397): warning:  #177-D: variable "ucByte"  was declared but never referenced
  		uint8_t ucByte;
..\..\User\freertoscve.c(398): warning:  #177-D: variable "ucNBNSName"  was declared but never referenced
  		uint8_t ucNBNSName[ 17 ];
..\..\User\freertoscve.c(459): warning:  #144-D: a value of type "EthernetHeader_t *" cannot be used to initialize an entity of type "uint8_t *"
  		.pucEthernetBuffer = &data,
..\..\User\freertoscve.c(509): warning:  #177-D: variable "pucQueueStorage"  was declared but never referenced
          uint8_t * pucQueueStorage;
..\..\User\freertoscve.c(564): warning:  #177-D: variable "xReturn"  was declared but never referenced
  			BaseType_t xReturn = pdPASS;
..\..\User\freertoscve.c(569): warning:  #940-D: missing return statement at end of non-void function "prvProcessDHCPReplies" 
  }
..\..\User\freertoscve.c(542): warning:  #177-D: variable "pucUDPPayload"  was declared but never referenced
  uint8_t *pucUDPPayload, *pucLastByte;
..\..\User\freertoscve.c(542): warning:  #177-D: variable "pucLastByte"  was declared but never referenced
  uint8_t *pucUDPPayload, *pucLastByte;
..\..\User\freertoscve.c(547): warning:  #177-D: variable "pucByte"  was declared but never referenced
  uint8_t *pucByte, ucOptionCode, ucLength;
..\..\User\freertoscve.c(547): warning:  #177-D: variable "ucOptionCode"  was declared but never referenced
  uint8_t *pucByte, ucOptionCode, ucLength;
..\..\User\freertoscve.c(547): warning:  #177-D: variable "ucLength"  was declared but never referenced
  uint8_t *pucByte, ucOptionCode, ucLength;
..\..\User\freertoscve.c(548): warning:  #177-D: variable "ulProcessed"  was declared but never referenced
  uint32_t ulProcessed, ulParameter;
..\..\User\freertoscve.c(548): warning:  #177-D: variable "ulParameter"  was declared but never referenced
  uint32_t ulProcessed, ulParameter;
..\..\User\freertoscve.c(550): warning:  #177-D: variable "ulMandatoryOptions"  was declared but never referenced
  const uint32_t ulMandatoryOptions = 2ul; /* DHCP server address, and the correct DHCP message type must be present in the options. */
..\..\User\freertoscve.c: 39 warnings, 0 errors
compiling freertos_demo.c...
..\..\User\patch_delay_test.h(12): warning:  #1295-D: Deprecated declaration dwt_init - give arg types
  void dwt_init();
..\..\User\patch_delay_test.h(13): warning:  #1295-D: Deprecated declaration dwt_deinit - give arg types
  void dwt_deinit();
..\..\User\patch_delay_test.h(14): warning:  #1295-D: Deprecated declaration dwt_get_counter - give arg types
  uint32_t dwt_get_counter();
..\..\User\patch_delay_test.h(18): warning:  #1295-D: Deprecated declaration MeasureTimeStart - give arg types
  void MeasureTimeStart();
..\..\User\patch_delay_test.h(21): warning:  #1-D: last line of file ends without a newline
  int MeasureTimeEnd();
..\..\User\patch_delay_test.h(21): warning:  #1295-D: Deprecated declaration MeasureTimeEnd - give arg types
  int MeasureTimeEnd();
..\..\User\freertos_demo.c(150): warning:  #188-D: enumerated type mixed with another type
  	return (((*dhcsr) & 0x1) != 0);
..\..\User\freertos_demo.c(156): warning:  #61-D: integer operation result is out of range
  	*scb_hfsr = (1 << 31);
..\..\User\freertos_demo.c(156): warning:  #68-D: integer conversion resulted in a change of sign
  	*scb_hfsr = (1 << 31);
..\..\User\freertos_demo.c(180): warning:  #68-D: integer conversion resulted in a change of sign
  	*shp8 = -1;
..\..\User\freertos_demo.c(139): warning:  #177-D: variable "REMAP_ADDR"  was declared but never referenced
  static FPB_REMAP REMAP_ADDR;
..\..\User\freertos_demo.c(145): warning:  #177-D: function "fpb_disable"  was declared but never referenced
  static void fpb_disable(void) {
..\..\User\freertos_demo.c(195): warning:  #177-D: variable "NoPatch"  was declared but never referenced
  static uint8_t NoPatch[] = ""
..\..\User\freertos_demo.c(201): warning:  #177-D: variable "patch2018_16601"  was declared but never referenced
  static uint8_t patch2018_16601[] = ""
..\..\User\freertos_demo.c(233): warning:  #177-D: variable "patch2018_16603"  was declared but never referenced
  static uint8_t patch2018_16603[] = ""
..\..\User\freertos_demo.c(239): warning:  #177-D: variable "patch16528"  was declared but never referenced
  static uint8_t patch16528[] = ""
..\..\User\freertos_demo.c(243): warning:  #177-D: variable "patch16526"  was declared but never referenced
  static uint8_t patch16526[] = ""
..\..\User\freertos_demo.c(247): warning:  #177-D: variable "patch16599"  was declared but never referenced
  static uint8_t patch16599[] = ""
..\..\User\freertos_demo.c(255): warning:  #177-D: variable "patch31532"  was declared but never referenced
  static uint8_t patch31532[] = ""
..\..\User\freertos_demo.c(262): warning:  #177-D: variable "patchcve2021_31571"  was declared but never referenced
  static uint8_t patchcve2021_31571[] = ""
..\..\User\freertos_demo.c(268): warning:  #177-D: variable "patchcve2018_16600"  was declared but never referenced
  static uint8_t patchcve2018_16600[] = ""
..\..\User\freertos_demo.c(273): warning:  #177-D: variable "patchcve2018_16523"  was declared but never referenced
  static uint8_t patchcve2018_16523[] = ""
..\..\User\freertos_demo.c(282): warning:  #177-D: variable "patchcve2018_16524"  was declared but never referenced
  static uint8_t patchcve2018_16524[] = ""
..\..\User\freertos_demo.c: 23 warnings, 0 errors
compiling stm32f4xx_hal_rcc_ex.c...
compiling stm32f4xx_hal_flash.c...
compiling stm32f4xx_hal_flash_ex.c...
compiling stm32f4xx_hal_flash_ramfunc.c...
compiling led.c...
compiling stm32f4xx_hal_usart.c...
compiling stm32f4xx_hal_uart.c...
compiling flash.c...
compiling stm32f4xx_hal_rcc.c...
compiling sys.c...
compiling delay.c...
compiling usart.c...
compiling stm32f4xx_hal_tim_ex.c...
compiling port.c...
compiling stm32f4xx_hal_tim.c...
compiling heap_4.c...
compiling croutine.c...
compiling event_groups.c...
compiling list.c...
compiling queue.c...
compiling stream_buffer.c...
compiling timers.c...
compiling tasks.c...
linking...
Program Size: Code=20004 RO-data=808 RW-data=948 ZI-data=13060  
After Build - User command #1: fromelf.exe --bin -o ..\..\Output\hhf401re.bin ..\..\Output\f401re.axf
"..\..\Output\f401re.axf" - 0 Error(s), 70 Warning(s).

<h2>Software Packages used:</h2>

Package Vendor: Keil
                https://www.keil.com/pack/Keil.STM32F4xx_DFP.3.1.1.pack
                Keil.STM32F4xx_DFP.3.1.1
                STMicroelectronics STM32F4 Series Device Support

<h2>Collection of Component include folders:</h2>
  .\RTE\_template

<h2>Collection of Component Files used:</h2>
Build Time Elapsed:  00:00:03
</pre>
</body>
</html>
