Component: ARM Compiler 5.06 update 6 (build 750) Tool: armlink [4d35ed]

==============================================================================

Section Cross References

    startup_stm32f401xe.o(STACK) refers (Special) to stm32f4xx_it.o(.ARM.__at_0x20007000) for HardFaultHandlerd_dispatch
    startup_stm32f401xe.o(STACK) refers (Special) to heapauxi.o(.text) for __use_two_region_memory
    startup_stm32f401xe.o(HEAP) refers (Special) to stm32f4xx_it.o(.ARM.__at_0x20007000) for HardFaultHandlerd_dispatch
    startup_stm32f401xe.o(HEAP) refers (Special) to heapauxi.o(.text) for __use_two_region_memory
    startup_stm32f401xe.o(RESET) refers (Special) to stm32f4xx_it.o(.ARM.__at_0x20007000) for HardFaultHandlerd_dispatch
    startup_stm32f401xe.o(RESET) refers (Special) to heapauxi.o(.text) for __use_two_region_memory
    startup_stm32f401xe.o(RESET) refers to startup_stm32f401xe.o(STACK) for __initial_sp
    startup_stm32f401xe.o(RESET) refers to startup_stm32f401xe.o(.text) for Reset_Handler
    startup_stm32f401xe.o(RESET) refers to stm32f4xx_it.o(i.NMI_Handler) for NMI_Handler
    startup_stm32f401xe.o(RESET) refers to stm32f4xx_it.o(i.MemManage_Handler) for MemManage_Handler
    startup_stm32f401xe.o(RESET) refers to stm32f4xx_it.o(i.BusFault_Handler) for BusFault_Handler
    startup_stm32f401xe.o(RESET) refers to stm32f4xx_it.o(i.UsageFault_Handler) for UsageFault_Handler
    startup_stm32f401xe.o(RESET) refers to port.o(.emb_text) for SVC_Handler
    startup_stm32f401xe.o(RESET) refers to stm32f4xx_it.o(i.DebugMon_Handler) for DebugMon_Handler
    startup_stm32f401xe.o(RESET) refers to delay.o(i.SysTick_Handler) for SysTick_Handler
    startup_stm32f401xe.o(RESET) refers to patch_delay_test.o(i.TIM3_IRQHandler) for TIM3_IRQHandler
    startup_stm32f401xe.o(RESET) refers to usart.o(i.USART2_IRQHandler) for USART2_IRQHandler
    startup_stm32f401xe.o(.text) refers (Special) to stm32f4xx_it.o(.ARM.__at_0x20007000) for HardFaultHandlerd_dispatch
    startup_stm32f401xe.o(.text) refers (Special) to heapauxi.o(.text) for __use_two_region_memory
    startup_stm32f401xe.o(.text) refers to system_stm32f4xx.o(i.SystemInit) for SystemInit
    startup_stm32f401xe.o(.text) refers to __main.o(!!!main) for __main
    startup_stm32f401xe.o(.text) refers to startup_stm32f401xe.o(HEAP) for Heap_Mem
    startup_stm32f401xe.o(.text) refers to startup_stm32f401xe.o(STACK) for Stack_Mem
    stm32f4xx_it.o(i.rt_hw_hard_fault_exception) refers to _printf_pad.o(.text) for _printf_pre_padding
    stm32f4xx_it.o(i.rt_hw_hard_fault_exception) refers to _printf_percent.o(.ARM.Collect$$_printf_percent$$00000000) for _printf_percent
    stm32f4xx_it.o(i.rt_hw_hard_fault_exception) refers to _printf_x.o(.ARM.Collect$$_printf_percent$$0000000C) for _printf_x
    stm32f4xx_it.o(i.rt_hw_hard_fault_exception) refers to _printf_hex_int.o(.text) for _printf_longlong_hex
    stm32f4xx_it.o(i.rt_hw_hard_fault_exception) refers to noretval__2printf.o(.text) for __2printf
    system_stm32f4xx.o(i.SystemCoreClockUpdate) refers to system_stm32f4xx.o(.data) for SystemCoreClock
    system_stm32f4xx.o(i.SystemCoreClockUpdate) refers to system_stm32f4xx.o(.constdata) for AHBPrescTable
    main.o(i.SystemClock_Config) refers to rt_memclr_w.o(.text) for __aeabi_memclr4
    main.o(i.SystemClock_Config) refers to stm32f4xx_hal_rcc.o(i.HAL_RCC_OscConfig) for HAL_RCC_OscConfig
    main.o(i.SystemClock_Config) refers to main.o(i.Error_Handler) for Error_Handler
    main.o(i.SystemClock_Config) refers to stm32f4xx_hal_rcc.o(i.HAL_RCC_ClockConfig) for HAL_RCC_ClockConfig
    main.o(i.main) refers to stm32f4xx_hal.o(i.HAL_Init) for HAL_Init
    main.o(i.main) refers to main.o(i.SystemClock_Config) for SystemClock_Config
    main.o(i.main) refers to led.o(i.Led_Init) for Led_Init
    main.o(i.main) refers to delay.o(i.delay_init) for delay_init
    main.o(i.main) refers to usart.o(i.usart_init) for usart_init
    main.o(i.main) refers to freertos_demo.o(i.freertos_demo) for freertos_demo
    iap.o(i.iap_load_app) refers to sys.o(i.sys_msr_msp) for sys_msr_msp
    iap.o(i.iap_load_app) refers to iap.o(.data) for jump2app
    iap.o(i.iap_write_appbin) refers to flash.o(i.stmflash_write) for stmflash_write
    iap.o(i.iap_write_appbin) refers to iap.o(.bss) for g_iapbuf
    freertos_demo.o(i.freertos_demo) refers to tasks.o(i.xTaskCreate) for xTaskCreate
    freertos_demo.o(i.freertos_demo) refers to tasks.o(i.vTaskStartScheduler) for vTaskStartScheduler
    freertos_demo.o(i.freertos_demo) refers to freertos_demo.o(.data) for start_task_handler
    freertos_demo.o(i.freertos_demo) refers to freertos_demo.o(i.start_task) for start_task
    freertos_demo.o(i.patchtask) refers to tasks.o(i.vTaskDelete) for vTaskDelete
    freertos_demo.o(i.patchtask) refers to freertos_demo.o(.data) for break_point_instruction_addr
    freertos_demo.o(i.start_task) refers to port.o(i.vPortEnterCritical) for vPortEnterCritical
[...]
    i.prvAddCurrentTaskToDelayedList         0x20004150   Section        0  tasks.o(i.prvAddCurrentTaskToDelayedList)
    prvAddCurrentTaskToDelayedList           0x20004151   Thumb Code   174  tasks.o(i.prvAddCurrentTaskToDelayedList)
    i.prvAddNewTaskToReadyList               0x2000421c   Section        0  tasks.o(i.prvAddNewTaskToReadyList)
    prvAddNewTaskToReadyList                 0x2000421d   Thumb Code   206  tasks.o(i.prvAddNewTaskToReadyList)
    i.prvCheckForValidListAndQueue           0x20004308   Section        0  timers.o(i.prvCheckForValidListAndQueue)
    prvCheckForValidListAndQueue             0x20004309   Thumb Code    72  timers.o(i.prvCheckForValidListAndQueue)
    i.prvCheckTasksWaitingTermination        0x2000436c   Section        0  tasks.o(i.prvCheckTasksWaitingTermination)
    prvCheckTasksWaitingTermination          0x2000436d   Thumb Code    60  tasks.o(i.prvCheckTasksWaitingTermination)
    i.prvCopyDataFromQueue                   0x200043b4   Section        0  queue.o(i.prvCopyDataFromQueue)
    prvCopyDataFromQueue                     0x200043b5   Thumb Code    42  queue.o(i.prvCopyDataFromQueue)
    i.prvCopyDataToQueue                     0x200043de   Section        0  queue.o(i.prvCopyDataToQueue)
    prvCopyDataToQueue                       0x200043df   Thumb Code   126  queue.o(i.prvCopyDataToQueue)
    i.prvDeleteTCB                           0x2000445c   Section        0  tasks.o(i.prvDeleteTCB)
    prvDeleteTCB                             0x2000445d   Thumb Code    18  tasks.o(i.prvDeleteTCB)
    i.prvGetNextExpireTime                   0x20004470   Section        0  timers.o(i.prvGetNextExpireTime)
    prvGetNextExpireTime                     0x20004471   Thumb Code    36  timers.o(i.prvGetNextExpireTime)
    i.prvHeapInit                            0x20004498   Section        0  heap_4.o(i.prvHeapInit)
    prvHeapInit                              0x20004499   Thumb Code    90  heap_4.o(i.prvHeapInit)
    i.prvIdleTask                            0x20004508   Section        0  tasks.o(i.prvIdleTask)
    prvIdleTask                              0x20004509   Thumb Code    32  tasks.o(i.prvIdleTask)
    i.prvInitialiseNewQueue                  0x20004530   Section        0  queue.o(i.prvInitialiseNewQueue)
    prvInitialiseNewQueue                    0x20004531   Thumb Code    46  queue.o(i.prvInitialiseNewQueue)
    i.prvInitialiseNewTask                   0x2000455e   Section        0  tasks.o(i.prvInitialiseNewTask)
    prvInitialiseNewTask                     0x2000455f   Thumb Code   168  tasks.o(i.prvInitialiseNewTask)
    i.prvInitialiseTaskLists                 0x20004608   Section        0  tasks.o(i.prvInitialiseTaskLists)
    prvInitialiseTaskLists                   0x20004609   Thumb Code    70  tasks.o(i.prvInitialiseTaskLists)
    i.prvInsertBlockIntoFreeList             0x20004670   Section        0  heap_4.o(i.prvInsertBlockIntoFreeList)
    prvInsertBlockIntoFreeList               0x20004671   Thumb Code    96  heap_4.o(i.prvInsertBlockIntoFreeList)
    i.prvInsertTimerInActiveList             0x200046d8   Section        0  timers.o(i.prvInsertTimerInActiveList)
    prvInsertTimerInActiveList               0x200046d9   Thumb Code    80  timers.o(i.prvInsertTimerInActiveList)
    i.prvIsQueueEmpty                        0x20004730   Section        0  queue.o(i.prvIsQueueEmpty)
    prvIsQueueEmpty                          0x20004731   Thumb Code    26  queue.o(i.prvIsQueueEmpty)
    i.prvNotifyQueueSetContainer             0x2000474a   Section        0  queue.o(i.prvNotifyQueueSetContainer)
    prvNotifyQueueSetContainer               0x2000474b   Thumb Code   130  queue.o(i.prvNotifyQueueSetContainer)
    i.prvProcessExpiredTimer                 0x200047cc   Section        0  timers.o(i.prvProcessExpiredTimer)
    prvProcessExpiredTimer                   0x200047cd   Thumb Code    62  timers.o(i.prvProcessExpiredTimer)
    i.prvProcessReceivedCommands             0x20004810   Section        0  timers.o(i.prvProcessReceivedCommands)
    prvProcessReceivedCommands               0x20004811   Thumb Code   290  timers.o(i.prvProcessReceivedCommands)
    i.prvProcessTimerOrBlockTask             0x20004938   Section        0  timers.o(i.prvProcessTimerOrBlockTask)
    prvProcessTimerOrBlockTask               0x20004939   Thumb Code   102  timers.o(i.prvProcessTimerOrBlockTask)
    i.prvReloadTimer                         0x200049ac   Section        0  timers.o(i.prvReloadTimer)
    prvReloadTimer                           0x200049ad   Thumb Code    40  timers.o(i.prvReloadTimer)
    i.prvResetNextTaskUnblockTime            0x200049d4   Section        0  tasks.o(i.prvResetNextTaskUnblockTime)
    prvResetNextTaskUnblockTime              0x200049d5   Thumb Code    40  tasks.o(i.prvResetNextTaskUnblockTime)
    i.prvSampleTimeNow                       0x20004a04   Section        0  timers.o(i.prvSampleTimeNow)
    prvSampleTimeNow                         0x20004a05   Thumb Code    40  timers.o(i.prvSampleTimeNow)
    i.prvSwitchTimerLists                    0x20004a30   Section        0  timers.o(i.prvSwitchTimerLists)
    prvSwitchTimerLists                      0x20004a31   Thumb Code    58  timers.o(i.prvSwitchTimerLists)
    i.prvTaskExitError                       0x20004a74   Section        0  port.o(i.prvTaskExitError)
    prvTaskExitError                         0x20004a75   Thumb Code    42  port.o(i.prvTaskExitError)
    i.prvTimerTask                           0x20004aa4   Section        0  timers.o(i.prvTimerTask)
    prvTimerTask                             0x20004aa5   Thumb Code    26  timers.o(i.prvTimerTask)
    i.prvUnlockQueue                         0x20004abe   Section        0  queue.o(i.prvUnlockQueue)
    prvUnlockQueue                           0x20004abf   Thumb Code   144  queue.o(i.prvUnlockQueue)
    i.pvPortMalloc                           0x20004b50   Section        0  heap_4.o(i.pvPortMalloc)
    i.pxPortInitialiseStack                  0x20004c58   Section        0  port.o(i.pxPortInitialiseStack)
    i.start_task                             0x20004c84   Section        0  freertos_demo.o(i.start_task)
    i.task1                                  0x20004ce4   Section        0  freertos_demo.o(i.task1)
    i.test_cve2018_16601                     0x20004d0c   Section        0  freertoscve.o(i.test_cve2018_16601)
    i.usart_init                             0x20004e00   Section        0  usart.o(i.usart_init)
    i.uxListRemove                           0x20004e2c   Section        0  list.o(i.uxListRemove)
    i.uxTaskGetNumberOfTasks                 0x20004e54   Section        0  tasks.o(i.uxTaskGetNumberOfTasks)
    i.vListInitialise                        0x20004e60   Section        0  list.o(i.vListInitialise)
    i.vListInitialiseItem                    0x20004e7a   Section        0  list.o(i.vListInitialiseItem)
    i.vListInsert                            0x20004e80   Section        0  list.o(i.vListInsert)
    i.vListInsertEnd                         0x20004eb4   Section        0  list.o(i.vListInsertEnd)
    i.vPortEnterCritical                     0x20004ecc   Section        0  port.o(i.vPortEnterCritical)
    i.vPortExitCritical                      0x20004f10   Section        0  port.o(i.vPortExitCritical)
    i.vPortFree                              0x20004f3c   Section        0  heap_4.o(i.vPortFree)
    i.vPortSetupTimerInterrupt               0x20004fa4   Section        0  port.o(i.vPortSetupTimerInterrupt)
    i.vQueueAddToRegistry                    0x20004fcc   Section        0  queue.o(i.vQueueAddToRegistry)
    i.vQueueWaitForMessageRestricted         0x20005018   Section        0  queue.o(i.vQueueWaitForMessageRestricted)
    i.vTaskDelete                            0x20005064   Section        0  tasks.o(i.vTaskDelete)
    i.vTaskInternalSetTimeOutState           0x2000514c   Section        0  tasks.o(i.vTaskInternalSetTimeOutState)
    i.vTaskMissedYield                       0x20005164   Section        0  tasks.o(i.vTaskMissedYield)
    i.vTaskPlaceOnEventList                  0x20005170   Section        0  tasks.o(i.vTaskPlaceOnEventList)
    i.vTaskPlaceOnEventListRestricted        0x20005198   Section        0  tasks.o(i.vTaskPlaceOnEventListRestricted)
    i.vTaskStartScheduler                    0x200051e8   Section        0  tasks.o(i.vTaskStartScheduler)
    i.vTaskSuspendAll                        0x20005270   Section        0  tasks.o(i.vTaskSuspendAll)
    i.vTaskSwitchContext                     0x20005280   Section        0  tasks.o(i.vTaskSwitchContext)
    i.xPortStartScheduler                    0x200052f8   Section        0  port.o(i.xPortStartScheduler)
    i.xPortSysTickHandler                    0x20005430   Section        0  port.o(i.xPortSysTickHandler)
    i.xQueueGenericCreate                    0x20005464   Section        0  queue.o(i.xQueueGenericCreate)
    i.xQueueGenericReset                     0x200054b8   Section        0  queue.o(i.xQueueGenericReset)
    i.xQueueReceive                          0x20005570   Section        0  queue.o(i.xQueueReceive)
    i.xTaskCheckForTimeOut                   0x200056a4   Section        0  tasks.o(i.xTaskCheckForTimeOut)
    i.xTaskCreate                            0x2000572c   Section        0  tasks.o(i.xTaskCreate)
    i.xTaskGetSchedulerState                 0x20005794   Section        0  tasks.o(i.xTaskGetSchedulerState)
    i.xTaskGetTickCount                      0x200057b4   Section        0  tasks.o(i.xTaskGetTickCount)
    i.xTaskIncrementTick                     0x200057c0   Section        0  tasks.o(i.xTaskIncrementTick)
    i.xTaskPriorityDisinherit                0x20005968   Section        0  tasks.o(i.xTaskPriorityDisinherit)
    i.xTaskRemoveFromEventList               0x20005a34   Section        0  tasks.o(i.xTaskRemoveFromEventList)
    i.xTaskResumeAll                         0x20005b44   Section        0  tasks.o(i.xTaskResumeAll)
    i.xTimerCreateTimerTask                  0x20005ca8   Section        0  timers.o(i.xTimerCreateTimerTask)
    locale$$code                             0x20005cec   Section       44  lc_numeric_c.o(locale$$code)
    x$fpl$dretinf                            0x20005d18   Section       12  dretinf.o(x$fpl$dretinf)
    $v0                                      0x20005d18   Number         0  dretinf.o(x$fpl$dretinf)
    x$fpl$f2d                                0x20005d24   Section       86  f2d.o(x$fpl$f2d)
    $v0                                      0x20005d24   Number         0  f2d.o(x$fpl$f2d)
    x$fpl$fnaninf                            0x20005d7a   Section      140  fnaninf.o(x$fpl$fnaninf)
    $v0                                      0x20005d7a   Number         0  fnaninf.o(x$fpl$fnaninf)
    x$fpl$fpinit                             0x20005e06   Section       10  fpinit.o(x$fpl$fpinit)
    $v0                                      0x20005e06   Number         0  fpinit.o(x$fpl$fpinit)
    x$fpl$printf1                            0x20005e10   Section        4  printf1.o(x$fpl$printf1)
    $v0                                      0x20005e10   Number         0  printf1.o(x$fpl$printf1)
    .constdata                               0x20005e14   Section       24  system_stm32f4xx.o(.constdata)
    x$fpl$usenofp                            0x20005e14   Section        0  usenofp.o(x$fpl$usenofp)
    .constdata                               0x20005e2c   Section      154  freertoscve.o(.constdata)
    .constdata                               0x20005ec6   Section       17  __printf_flags_wp.o(.constdata)
    maptable                                 0x20005ec6   Data          17  __printf_flags_wp.o(.constdata)
    .constdata                               0x20005ed8   Section      148  bigflt0.o(.constdata)
    tenpwrs_x                                0x20005ed8   Data          60  bigflt0.o(.constdata)
    tenpwrs_i                                0x20005f14   Data          64  bigflt0.o(.constdata)
    locale$$data                             0x20005f8c   Section       28  lc_numeric_c.o(locale$$data)
    __lcnum_c_name                           0x20005f90   Data           2  lc_numeric_c.o(locale$$data)
    __lcnum_c_start                          0x20005f98   Data           0  lc_numeric_c.o(locale$$data)
    __lcnum_c_point                          0x20005fa4   Data           0  lc_numeric_c.o(locale$$data)
    __lcnum_c_thousands                      0x20005fa6   Data           0  lc_numeric_c.o(locale$$data)
    __lcnum_c_grouping                       0x20005fa7   Data           0  lc_numeric_c.o(locale$$data)
    __lcnum_c_end                            0x20005fa8   Data           0  lc_numeric_c.o(locale$$data)
    .ARM.__at_0x20007000                     0x20007000   Section       64  stm32f4xx_it.o(.ARM.__at_0x20007000)
    $v0                                      0x20007000   Number         0  stm32f4xx_it.o(.ARM.__at_0x20007000)
    .data                                    0x2000a000   Section        4  system_stm32f4xx.o(.data)
    .data                                    0x2000a004   Section      505  freertos_demo.o(.data)
    NoPatch                                  0x2000a01c   Data          21  freertos_demo.o(.data)
    patch2018_16601                          0x2000a031   Data          53  freertos_demo.o(.data)
    patch2018_16603                          0x2000a066   Data          58  freertos_demo.o(.data)
    patch16528                               0x2000a0a0   Data          34  freertos_demo.o(.data)
    patch16526                               0x2000a0c2   Data          39  freertos_demo.o(.data)
    patch16599                               0x2000a0e9   Data          35  freertos_demo.o(.data)
    patch31572                               0x2000a10c   Data          51  freertos_demo.o(.data)
    patchcve2021_31571                       0x2000a13f   Data          41  freertos_demo.o(.data)
    patchcve2018_16600                       0x2000a168   Data          51  freertos_demo.o(.data)
    patchcve2018_16523                       0x2000a19b   Data          59  freertos_demo.o(.data)
    patchcve2018_16524                       0x2000a1d6   Data          39  freertos_demo.o(.data)
    .data                                    0x2000a200   Section       16  patch_delay_test.o(.data)
    ticks_per_us                             0x2000a200   Data           4  patch_delay_test.o(.data)
    .data                                    0x2000a210   Section        9  stm32f4xx_hal.o(.data)
    .data                                    0x2000a21c   Section        4  delay.o(.data)
    g_fac_us                                 0x2000a21c   Data           4  delay.o(.data)
    .data                                    0x2000a220   Section       12  usart.o(.data)
    .data                                    0x2000a22c   Section       12  port.o(.data)
    uxCriticalNesting                        0x2000a22c   Data           4  port.o(.data)
    ucMaxSysCallPriority                     0x2000a230   Data           1  port.o(.data)
    ulMaxPRIGROUPValue                       0x2000a234   Data           4  port.o(.data)
    .data                                    0x2000a238   Section       28  heap_4.o(.data)
    xStart                                   0x2000a238   Data           8  heap_4.o(.data)
    pxEnd                                    0x2000a240   Data           4  heap_4.o(.data)
    xFreeBytesRemaining                      0x2000a244   Data           4  heap_4.o(.data)
    xMinimumEverFreeBytesRemaining           0x2000a248   Data           4  heap_4.o(.data)
    xNumberOfSuccessfulAllocations           0x2000a24c   Data           4  heap_4.o(.data)
    xNumberOfSuccessfulFrees                 0x2000a250   Data           4  heap_4.o(.data)
    .data                                    0x2000a254   Section       64  tasks.o(.data)
    pxDelayedTaskList                        0x2000a258   Data           4  tasks.o(.data)
    pxOverflowDelayedTaskList                0x2000a25c   Data           4  tasks.o(.data)
    uxDeletedTasksWaitingCleanUp             0x2000a260   Data           4  tasks.o(.data)
    uxCurrentNumberOfTasks                   0x2000a264   Data           4  tasks.o(.data)
    xTickCount                               0x2000a268   Data           4  tasks.o(.data)
    uxTopReadyPriority                       0x2000a26c   Data           4  tasks.o(.data)
    xSchedulerRunning                        0x2000a270   Data           4  tasks.o(.data)
    xPendedTicks                             0x2000a274   Data           4  tasks.o(.data)
    xYieldPending                            0x2000a278   Data           4  tasks.o(.data)
    xNumOfOverflows                          0x2000a27c   Data           4  tasks.o(.data)
    uxTaskNumber                             0x2000a280   Data           4  tasks.o(.data)
    xNextTaskUnblockTime                     0x2000a284   Data           4  tasks.o(.data)
    xIdleTaskHandle                          0x2000a288   Data           4  tasks.o(.data)
    uxSchedulerSuspended                     0x2000a290   Data           4  tasks.o(.data)
    .data                                    0x2000a294   Section       20  timers.o(.data)
    pxCurrentTimerList                       0x2000a294   Data           4  timers.o(.data)
    pxOverflowTimerList                      0x2000a298   Data           4  timers.o(.data)
    xTimerQueue                              0x2000a29c   Data           4  timers.o(.data)
    xTimerTaskHandle                         0x2000a2a0   Data           4  timers.o(.data)
    xLastTime                                0x2000a2a4   Data           4  timers.o(.data)
    .bss                                     0x2000a2a8   Section       72  patch_delay_test.o(.bss)
    .bss                                     0x2000a2f0   Section      268  usart.o(.bss)
    .bss                                     0x2000a3fc   Section    10240  heap_4.o(.bss)
    ucHeap                                   0x2000a3fc   Data       10240  heap_4.o(.bss)
    .bss                                     0x2000cbfc   Section       64  queue.o(.bss)
    .bss                                     0x2000cc3c   Section      740  tasks.o(.bss)
    pxReadyTasksLists                        0x2000cc3c   Data         640  tasks.o(.bss)
    xDelayedTaskList1                        0x2000cebc   Data          20  tasks.o(.bss)
    xDelayedTaskList2                        0x2000ced0   Data          20  tasks.o(.bss)
    xPendingReadyList                        0x2000cee4   Data          20  tasks.o(.bss)
    xTasksWaitingTermination                 0x2000cef8   Data          20  tasks.o(.bss)
    xSuspendedTaskList                       0x2000cf0c   Data          20  tasks.o(.bss)
    .bss                                     0x2000cf20   Section       40  timers.o(.bss)
    xActiveTimerList1                        0x2000cf20   Data          20  timers.o(.bss)
    xActiveTimerList2                        0x2000cf34   Data          20  timers.o(.bss)
    .bss                                     0x2000cf48   Section       96  libspace.o(.bss)
    HEAP                                     0x2000cfa8   Section      512  startup_stm32f401xe.o(HEAP)
    Heap_Mem                                 0x2000cfa8   Data         512  startup_stm32f401xe.o(HEAP)
    STACK                                    0x2000d1a8   Section     1024  startup_stm32f401xe.o(STACK)
    Stack_Mem                                0x2000d1a8   Data        1024  startup_stm32f401xe.o(STACK)
    __initial_sp                             0x2000d5a8   Data           0  startup_stm32f401xe.o(STACK)

    Global Symbols

    Symbol Name                              Value     Ov Type        Size  Object(Section)

    BuildAttributes$$THM_ISAv4$E$P$D$K$B$S$7EM$VFPi3$EXTD16$VFPS$VFMA$PE$A:L22UL41UL21$X:L11$S22US41US21$IEEE1$IW$USESV6$~STKCKD$USESV7$~SHL$OTIME$ROPI$IEEEJ$EBA8$UX$STANDARDLIB$REQ8$PRES8$EABIv2 0x00000000   Number         0  anon$$obj.o ABSOLUTE
    __ARM_use_no_argv                        0x00000000   Number         0  main.o ABSOLUTE
    _printf_flags                            0x00000000   Number         0  printf_stubs.o ABSOLUTE
    _printf_return_value                     0x00000000   Number         0  printf_stubs.o ABSOLUTE
    _printf_sizespec                         0x00000000   Number         0  printf_stubs.o ABSOLUTE
    _printf_widthprec                        0x00000000   Number         0  printf_stubs.o ABSOLUTE
    __ARM_exceptions_init                     - Undefined Weak Reference
    __alloca_initialize                       - Undefined Weak Reference
    __arm_preinit_                            - Undefined Weak Reference
    __cpp_initialize__aeabi_                  - Undefined Weak Reference
    __cxa_finalize                            - Undefined Weak Reference
    __sigvec_lookup                           - Undefined Weak Reference
    _atexit_init                              - Undefined Weak Reference
    _call_atexit_fns                          - Undefined Weak Reference
    _clock_init                               - Undefined Weak Reference
    _fp_trap_init                             - Undefined Weak Reference
    _fp_trap_shutdown                         - Undefined Weak Reference
    _get_lc_collate                           - Undefined Weak Reference
    _get_lc_ctype                             - Undefined Weak Reference
    _get_lc_monetary                          - Undefined Weak Reference
    _get_lc_time                              - Undefined Weak Reference
    _getenv_init                              - Undefined Weak Reference
    _handle_redirection                       - Undefined Weak Reference
    _init_alloc                               - Undefined Weak Reference
    _init_user_alloc                          - Undefined Weak Reference
    _initio                                   - Undefined Weak Reference
    _mutex_acquire                            - Undefined Weak Reference
    _mutex_release                            - Undefined Weak Reference
    _printf_mbtowc                            - Undefined Weak Reference
    _printf_truncate_signed                   - Undefined Weak Reference
    _printf_truncate_unsigned                 - Undefined Weak Reference
    _rand_init                                - Undefined Weak Reference
    _signal_finish                            - Undefined Weak Reference
    _signal_init                              - Undefined Weak Reference
    _terminate_alloc                          - Undefined Weak Reference
    _terminate_user_alloc                     - Undefined Weak Reference
    _terminateio                              - Undefined Weak Reference
    __Vectors_Size                           0x00000194   Number         0  startup_stm32f401xe.o ABSOLUTE
    __Vectors                                0x20001000   Data           4  startup_stm32f401xe.o(RESET)
    __Vectors_End                            0x20001194   Data           0  startup_stm32f401xe.o(RESET)
    __main                                   0x20001195   Thumb Code     8  __main.o(!!!main)
    __scatterload                            0x2000119d   Thumb Code     0  __scatter.o(!!!scatter)
    __scatterload_rt2                        0x2000119d   Thumb Code    44  __scatter.o(!!!scatter)
    __scatterload_rt2_thumb_only             0x2000119d   Thumb Code     0  __scatter.o(!!!scatter)
    __scatterload_null                       0x200011ab   Thumb Code     0  __scatter.o(!!!scatter)
    __decompress                             0x200011d1   Thumb Code    90  __dczerorl2.o(!!dczerorl2)
    __decompress1                            0x200011d1   Thumb Code     0  __dczerorl2.o(!!dczerorl2)
    __scatterload_zeroinit                   0x2000122d   Thumb Code    28  __scatter_zi.o(!!handler_zi)
    _printf_f                                0x20001249   Thumb Code     0  _printf_f.o(.ARM.Collect$$_printf_percent$$00000003)
    _printf_percent                          0x20001249   Thumb Code     0  _printf_percent.o(.ARM.Collect$$_printf_percent$$00000000)
    _printf_u                                0x2000124f   Thumb Code     0  _printf_u.o(.ARM.Collect$$_printf_percent$$0000000A)
    _printf_percent_end                      0x20001255   Thumb Code     0  _printf_percent_end.o(.ARM.Collect$$_printf_percent$$00000017)
    __rt_lib_init                            0x20001259   Thumb Code     0  libinit.o(.ARM.Collect$$libinit$$00000000)
    __rt_lib_init_fp_1                       0x2000125b   Thumb Code     0  libinit2.o(.ARM.Collect$$libinit$$00000001)
    __rt_lib_init_heap_1                     0x2000125f   Thumb Code     0  libinit2.o(.ARM.Collect$$libinit$$0000000A)
    __rt_lib_init_lc_common                  0x2000125f   Thumb Code     0  libinit2.o(.ARM.Collect$$libinit$$0000000F)
    __rt_lib_init_preinit_1                  0x2000125f   Thumb Code     0  libinit2.o(.ARM.Collect$$libinit$$00000004)
    __rt_lib_init_rand_1                     0x2000125f   Thumb Code     0  libinit2.o(.ARM.Collect$$libinit$$0000000E)
    __rt_lib_init_user_alloc_1               0x2000125f   Thumb Code     0  libinit2.o(.ARM.Collect$$libinit$$0000000C)
    __rt_lib_init_lc_collate_1               0x20001265   Thumb Code     0  libinit2.o(.ARM.Collect$$libinit$$00000011)
    __rt_lib_init_lc_ctype_1                 0x20001265   Thumb Code     0  libinit2.o(.ARM.Collect$$libinit$$00000013)
    __rt_lib_init_lc_monetary_1              0x20001265   Thumb Code     0  libinit2.o(.ARM.Collect$$libinit$$00000015)
    __rt_lib_init_lc_numeric_2               0x20001265   Thumb Code     0  libinit2.o(.ARM.Collect$$libinit$$00000016)
    __rt_lib_init_alloca_1                   0x2000126f   Thumb Code     0  libinit2.o(.ARM.Collect$$libinit$$0000002E)
    __rt_lib_init_argv_1                     0x2000126f   Thumb Code     0  libinit2.o(.ARM.Collect$$libinit$$0000002C)
    __rt_lib_init_atexit_1                   0x2000126f   Thumb Code     0  libinit2.o(.ARM.Collect$$libinit$$0000001B)
    __rt_lib_init_clock_1                    0x2000126f   Thumb Code     0  libinit2.o(.ARM.Collect$$libinit$$00000021)
    __rt_lib_init_cpp_1                      0x2000126f   Thumb Code     0  libinit2.o(.ARM.Collect$$libinit$$00000032)
    __rt_lib_init_exceptions_1               0x2000126f   Thumb Code     0  libinit2.o(.ARM.Collect$$libinit$$00000030)
    __rt_lib_init_fp_trap_1                  0x2000126f   Thumb Code     0  libinit2.o(.ARM.Collect$$libinit$$0000001F)
    __rt_lib_init_getenv_1                   0x2000126f   Thumb Code     0  libinit2.o(.ARM.Collect$$libinit$$00000023)
    __rt_lib_init_lc_numeric_1               0x2000126f   Thumb Code     0  libinit2.o(.ARM.Collect$$libinit$$00000017)
    __rt_lib_init_lc_time_1                  0x2000126f   Thumb Code     0  libinit2.o(.ARM.Collect$$libinit$$00000019)
    __rt_lib_init_return                     0x2000126f   Thumb Code     0  libinit2.o(.ARM.Collect$$libinit$$00000033)
    __rt_lib_init_signal_1                   0x2000126f   Thumb Code     0  libinit2.o(.ARM.Collect$$libinit$$0000001D)
    __rt_lib_init_stdio_1                    0x2000126f   Thumb Code     0  libinit2.o(.ARM.Collect$$libinit$$00000025)
    __rt_lib_shutdown                        0x20001271   Thumb Code     0  libshutdown.o(.ARM.Collect$$libshutdown$$00000000)
    __rt_lib_shutdown_cpp_1                  0x20001273   Thumb Code     0  libshutdown2.o(.ARM.Collect$$libshutdown$$00000002)
    __rt_lib_shutdown_fp_trap_1              0x20001273   Thumb Code     0  libshutdown2.o(.ARM.Collect$$libshutdown$$00000007)
    __rt_lib_shutdown_heap_1                 0x20001273   Thumb Code     0  libshutdown2.o(.ARM.Collect$$libshutdown$$0000000F)
    __rt_lib_shutdown_return                 0x20001273   Thumb Code     0  libshutdown2.o(.ARM.Collect$$libshutdown$$00000010)
    __rt_lib_shutdown_signal_1               0x20001273   Thumb Code     0  libshutdown2.o(.ARM.Collect$$libshutdown$$0000000A)
    __rt_lib_shutdown_stdio_1                0x20001273   Thumb Code     0  libshutdown2.o(.ARM.Collect$$libshutdown$$00000004)
    __rt_lib_shutdown_user_alloc_1           0x20001273   Thumb Code     0  libshutdown2.o(.ARM.Collect$$libshutdown$$0000000C)
    __rt_entry                               0x20001275   Thumb Code     0  __rtentry.o(.ARM.Collect$$rtentry$$00000000)
    __rt_entry_presh_1                       0x20001275   Thumb Code     0  __rtentry2.o(.ARM.Collect$$rtentry$$00000002)
    __rt_entry_sh                            0x20001275   Thumb Code     0  __rtentry4.o(.ARM.Collect$$rtentry$$00000004)
    __rt_entry_li                            0x2000127b   Thumb Code     0  __rtentry2.o(.ARM.Collect$$rtentry$$0000000A)
    __rt_entry_postsh_1                      0x2000127b   Thumb Code     0  __rtentry2.o(.ARM.Collect$$rtentry$$00000009)
    __rt_entry_main                          0x2000127f   Thumb Code     0  __rtentry2.o(.ARM.Collect$$rtentry$$0000000D)
    __rt_entry_postli_1                      0x2000127f   Thumb Code     0  __rtentry2.o(.ARM.Collect$$rtentry$$0000000C)
    __rt_exit                                0x20001287   Thumb Code     0  rtexit.o(.ARM.Collect$$rtexit$$00000000)
    __rt_exit_ls                             0x20001289   Thumb Code     0  rtexit2.o(.ARM.Collect$$rtexit$$00000003)
    __rt_exit_prels_1                        0x20001289   Thumb Code     0  rtexit2.o(.ARM.Collect$$rtexit$$00000002)
    __rt_exit_exit                           0x2000128d   Thumb Code     0  rtexit2.o(.ARM.Collect$$rtexit$$00000004)
    SVC_Handler                              0x20001295   Thumb Code    28  port.o(.emb_text)
    __asm___6_port_c_39a90d8d__prvStartFirstTask 0x200012b5   Thumb Code    36  port.o(.emb_text)
    __asm___6_port_c_39a90d8d__prvEnableVFP  0x200012dd   Thumb Code    16  port.o(.emb_text)
    PendSV_Handler                           0x200012f1   Thumb Code    88  port.o(.emb_text)
    vPortGetIPSR                             0x2000134d   Thumb Code     6  port.o(.emb_text)
    Reset_Handler                            0x20001355   Thumb Code     8  startup_stm32f401xe.o(.text)
    HardFault_Handler                        0x2000135f   Thumb Code    78  startup_stm32f401xe.o(.text)
    ADC_IRQHandler                           0x200013bb   Thumb Code     0  startup_stm32f401xe.o(.text)
    DMA1_Stream0_IRQHandler                  0x200013bb   Thumb Code     0  startup_stm32f401xe.o(.text)
    DMA1_Stream1_IRQHandler                  0x200013bb   Thumb Code     0  startup_stm32f401xe.o(.text)
    DMA1_Stream2_IRQHandler                  0x200013bb   Thumb Code     0  startup_stm32f401xe.o(.text)
    DMA1_Stream3_IRQHandler                  0x200013bb   Thumb Code     0  startup_stm32f401xe.o(.text)
    DMA1_Stream4_IRQHandler                  0x200013bb   Thumb Code     0  startup_stm32f401xe.o(.text)
    DMA1_Stream5_IRQHandler                  0x200013bb   Thumb Code     0  startup_stm32f401xe.o(.text)
    DMA1_Stream6_IRQHandler                  0x200013bb   Thumb Code     0  startup_stm32f401xe.o(.text)
    DMA1_Stream7_IRQHandler                  0x200013bb   Thumb Code     0  startup_stm32f401xe.o(.text)
    DMA2_Stream0_IRQHandler                  0x200013bb   Thumb Code     0  startup_stm32f401xe.o(.text)
    DMA2_Stream1_IRQHandler                  0x200013bb   Thumb Code     0  startup_stm32f401xe.o(.text)
    DMA2_Stream2_IRQHandler                  0x200013bb   Thumb Code     0  startup_stm32f401xe.o(.text)
    DMA2_Stream3_IRQHandler                  0x200013bb   Thumb Code     0  startup_stm32f401xe.o(.text)
    DMA2_Stream4_IRQHandler                  0x200013bb   Thumb Code     0  startup_stm32f401xe.o(.text)
    DMA2_Stream5_IRQHandler                  0x200013bb   Thumb Code     0  startup_stm32f401xe.o(.text)
    DMA2_Stream6_IRQHandler                  0x200013bb   Thumb Code     0  startup_stm32f401xe.o(.text)
    DMA2_Stream7_IRQHandler                  0x200013bb   Thumb Code     0  startup_stm32f401xe.o(.text)
    EXTI0_IRQHandler                         0x200013bb   Thumb Code     0  startup_stm32f401xe.o(.text)
    EXTI15_10_IRQHandler                     0x200013bb   Thumb Code     0  startup_stm32f401xe.o(.text)
    EXTI1_IRQHandler                         0x200013bb   Thumb Code     0  startup_stm32f401xe.o(.text)
    EXTI2_IRQHandler                         0x200013bb   Thumb Code     0  startup_stm32f401xe.o(.text)
    EXTI3_IRQHandler                         0x200013bb   Thumb Code     0  startup_stm32f401xe.o(.text)
    EXTI4_IRQHandler                         0x200013bb   Thumb Code     0  startup_stm32f401xe.o(.text)
    EXTI9_5_IRQHandler                       0x200013bb   Thumb Code     0  startup_stm32f401xe.o(.text)
    FLASH_IRQHandler                         0x200013bb   Thumb Code     0  startup_stm32f401xe.o(.text)
    FPU_IRQHandler                           0x200013bb   Thumb Code     0  startup_stm32f401xe.o(.text)
    I2C1_ER_IRQHandler                       0x200013bb   Thumb Code     0  startup_stm32f401xe.o(.text)
    I2C1_EV_IRQHandler                       0x200013bb   Thumb Code     0  startup_stm32f401xe.o(.text)
    I2C2_ER_IRQHandler                       0x200013bb   Thumb Code     0  startup_stm32f401xe.o(.text)
    I2C2_EV_IRQHandler                       0x200013bb   Thumb Code     0  startup_stm32f401xe.o(.text)
    I2C3_ER_IRQHandler                       0x200013bb   Thumb Code     0  startup_stm32f401xe.o(.text)
    I2C3_EV_IRQHandler                       0x200013bb   Thumb Code     0  startup_stm32f401xe.o(.text)
    OTG_FS_IRQHandler                        0x200013bb   Thumb Code     0  startup_stm32f401xe.o(.text)
    OTG_FS_WKUP_IRQHandler                   0x200013bb   Thumb Code     0  startup_stm32f401xe.o(.text)
    PVD_IRQHandler                           0x200013bb   Thumb Code     0  startup_stm32f401xe.o(.text)
    RCC_IRQHandler                           0x200013bb   Thumb Code     0  startup_stm32f401xe.o(.text)
    RTC_Alarm_IRQHandler                     0x200013bb   Thumb Code     0  startup_stm32f401xe.o(.text)
    RTC_WKUP_IRQHandler                      0x200013bb   Thumb Code     0  startup_stm32f401xe.o(.text)
    SDIO_IRQHandler                          0x200013bb   Thumb Code     0  startup_stm32f401xe.o(.text)
    SPI1_IRQHandler                          0x200013bb   Thumb Code     0  startup_stm32f401xe.o(.text)
    SPI2_IRQHandler                          0x200013bb   Thumb Code     0  startup_stm32f401xe.o(.text)
    SPI3_IRQHandler                          0x200013bb   Thumb Code     0  startup_stm32f401xe.o(.text)
    SPI4_IRQHandler                          0x200013bb   Thumb Code     0  startup_stm32f401xe.o(.text)
    TAMP_STAMP_IRQHandler                    0x200013bb   Thumb Code     0  startup_stm32f401xe.o(.text)
    TIM1_BRK_TIM9_IRQHandler                 0x200013bb   Thumb Code     0  startup_stm32f401xe.o(.text)
    TIM1_CC_IRQHandler                       0x200013bb   Thumb Code     0  startup_stm32f401xe.o(.text)
    TIM1_TRG_COM_TIM11_IRQHandler            0x200013bb   Thumb Code     0  startup_stm32f401xe.o(.text)
    TIM1_UP_TIM10_IRQHandler                 0x200013bb   Thumb Code     0  startup_stm32f401xe.o(.text)
    TIM2_IRQHandler                          0x200013bb   Thumb Code     0  startup_stm32f401xe.o(.text)
    TIM4_IRQHandler                          0x200013bb   Thumb Code     0  startup_stm32f401xe.o(.text)
    TIM5_IRQHandler                          0x200013bb   Thumb Code     0  startup_stm32f401xe.o(.text)
    USART1_IRQHandler                        0x200013bb   Thumb Code     0  startup_stm32f401xe.o(.text)
    USART6_IRQHandler                        0x200013bb   Thumb Code     0  startup_stm32f401xe.o(.text)
    WWDG_IRQHandler                          0x200013bb   Thumb Code     0  startup_stm32f401xe.o(.text)
    __user_initial_stackheap                 0x200013bd   Thumb Code     0  startup_stm32f401xe.o(.text)
    __use_no_semihosting                     0x200013e5   Thumb Code     2  use_no_semi_2.o(.text)
    __aeabi_uldivmod                         0x200013e7   Thumb Code     0  lludivv7m.o(.text)
    _ll_udiv                                 0x200013e7   Thumb Code   238  lludivv7m.o(.text)
    __2printf                                0x200014d5   Thumb Code    20  noretval__2printf.o(.text)
    _printf_int_dec                          0x200014ed   Thumb Code   104  _printf_dec.o(.text)
    __printf                                 0x20001565   Thumb Code   308  __printf_flags_wp.o(.text)
    __aeabi_memcpy                           0x2000169d   Thumb Code     0  rt_memcpy_v6.o(.text)
    __rt_memcpy                              0x2000169d   Thumb Code   138  rt_memcpy_v6.o(.text)
    _memcpy_lastbytes                        0x20001703   Thumb Code     0  rt_memcpy_v6.o(.text)
    __aeabi_memcpy4                          0x20001727   Thumb Code     0  rt_memcpy_w.o(.text)
    __aeabi_memcpy8                          0x20001727   Thumb Code     0  rt_memcpy_w.o(.text)
    __rt_memcpy_w                            0x20001727   Thumb Code   100  rt_memcpy_w.o(.text)
    _memcpy_lastbytes_aligned                0x2000176f   Thumb Code     0  rt_memcpy_w.o(.text)
    __aeabi_memset                           0x2000178b   Thumb Code    16  aeabi_memset.o(.text)
    __aeabi_memclr                           0x2000179b   Thumb Code     0  rt_memclr.o(.text)
    __rt_memclr                              0x2000179b   Thumb Code    68  rt_memclr.o(.text)
    _memset                                  0x2000179f   Thumb Code     0  rt_memclr.o(.text)
    __aeabi_memclr4                          0x200017df   Thumb Code     0  rt_memclr_w.o(.text)
    __aeabi_memclr8                          0x200017df   Thumb Code     0  rt_memclr_w.o(.text)
    __rt_memclr_w                            0x200017df   Thumb Code    78  rt_memclr_w.o(.text)
    _memset_w                                0x200017e3   Thumb Code     0  rt_memclr_w.o(.text)
    __use_two_region_memory                  0x2000182d   Thumb Code     2  heapauxi.o(.text)
    __rt_heap_escrow$2region                 0x2000182f   Thumb Code     2  heapauxi.o(.text)
    __rt_heap_expand$2region                 0x20001831   Thumb Code     2  heapauxi.o(.text)
    __semihosting$guard                      0x20001833   Thumb Code     0  use_no_semi.o(.text)
    __use_no_semihosting_swi                 0x20001833   Thumb Code     2  use_no_semi.o(.text)
    _printf_int_common                       0x20001835   Thumb Code   178  _printf_intcommon.o(.text)
    __lib_sel_fp_printf                      0x200018e7   Thumb Code     2  _printf_fp_dec.o(.text)
    _printf_fp_dec_real                      0x20001a99   Thumb Code   620  _printf_fp_dec.o(.text)
    _printf_char_common                      0x20001d0f   Thumb Code    32  _printf_char_common.o(.text)
    _printf_char_file                        0x20001d35   Thumb Code    32  _printf_char_file.o(.text)
    __rt_locale                              0x20001d59   Thumb Code     8  rt_locale_intlibspace.o(.text)
    _ll_udiv10                               0x20001d61   Thumb Code   138  lludiv10.o(.text)
    _printf_fp_infnan                        0x20001ded   Thumb Code   112  _printf_fp_infnan.o(.text)
    _btod_etento                             0x20001e6d   Thumb Code   224  bigflt0.o(.text)
    ferror                                   0x20001f51   Thumb Code     8  ferror.o(.text)
    __user_libspace                          0x20001f59   Thumb Code     8  libspace.o(.text)
    __user_perproc_libspace                  0x20001f59   Thumb Code     0  libspace.o(.text)
    __user_perthread_libspace                0x20001f59   Thumb Code     0  libspace.o(.text)
    __user_setup_stackheap                   0x20001f61   Thumb Code    74  sys_stackheap_outer.o(.text)
    exit                                     0x20001fab   Thumb Code    18  exit.o(.text)
    strcmp                                   0x20001fbd   Thumb Code   128  strcmpv7m.o(.text)
    _btod_d2e                                0x2000203d   Thumb Code    62  btod.o(CL$$btod_d2e)
    _d2e_denorm_low                          0x2000207b   Thumb Code    70  btod.o(CL$$btod_d2e_denorm_low)
    _d2e_norm_op1                            0x200020c1   Thumb Code    96  btod.o(CL$$btod_d2e_norm_op1)
    __btod_div_common                        0x20002121   Thumb Code   696  btod.o(CL$$btod_div_common)
    _e2e                                     0x20002459   Thumb Code   220  btod.o(CL$$btod_e2e)
    _btod_ediv                               0x20002535   Thumb Code    42  btod.o(CL$$btod_ediv)
    _btod_emul                               0x2000255f   Thumb Code    42  btod.o(CL$$btod_emul)
    __btod_mult_common                       0x20002589   Thumb Code   580  btod.o(CL$$btod_mult_common)
    BusFault_Handler                         0x200027cd   Thumb Code     4  stm32f4xx_it.o(i.BusFault_Handler)
    DebugMon_Handler                         0x200027d1   Thumb Code     2  stm32f4xx_it.o(i.DebugMon_Handler)
    Error_Handler                            0x200027d3   Thumb Code     6  main.o(i.Error_Handler)
    HAL_DMA_Abort                            0x200027d9   Thumb Code   170  stm32f4xx_hal_dma.o(i.HAL_DMA_Abort)
    HAL_DMA_Abort_IT                         0x20002883   Thumb Code    40  stm32f4xx_hal_dma.o(i.HAL_DMA_Abort_IT)
    HAL_GPIO_Init                            0x200028ad   Thumb Code   440  stm32f4xx_hal_gpio.o(i.HAL_GPIO_Init)
    HAL_GPIO_WritePin                        0x20002a85   Thumb Code    12  stm32f4xx_hal_gpio.o(i.HAL_GPIO_WritePin)
    HAL_GetTick                              0x20002a91   Thumb Code     6  stm32f4xx_hal.o(i.HAL_GetTick)
    HAL_IncTick                              0x20002a9d   Thumb Code    16  stm32f4xx_hal.o(i.HAL_IncTick)
    HAL_Init                                 0x20002ab5   Thumb Code    54  stm32f4xx_hal.o(i.HAL_Init)
    HAL_InitTick                             0x20002af1   Thumb Code    64  stm32f4xx_hal.o(i.HAL_InitTick)
    HAL_MspInit                              0x20002b3d   Thumb Code     2  stm32f4xx_hal.o(i.HAL_MspInit)
    HAL_NVIC_EnableIRQ                       0x20002b3f   Thumb Code    32  stm32f4xx_hal_cortex.o(i.HAL_NVIC_EnableIRQ)
    HAL_NVIC_SetPriority                     0x20002b5f   Thumb Code   124  stm32f4xx_hal_cortex.o(i.HAL_NVIC_SetPriority)
    HAL_NVIC_SetPriorityGrouping             0x20002bdd   Thumb Code    32  stm32f4xx_hal_cortex.o(i.HAL_NVIC_SetPriorityGrouping)
    HAL_RCC_ClockConfig                      0x20002c05   Thumb Code   368  stm32f4xx_hal_rcc.o(i.HAL_RCC_ClockConfig)
    HAL_RCC_GetHCLKFreq                      0x20002d89   Thumb Code     6  stm32f4xx_hal_rcc.o(i.HAL_RCC_GetHCLKFreq)
    HAL_RCC_GetPCLK1Freq                     0x20002d95   Thumb Code    22  stm32f4xx_hal_rcc.o(i.HAL_RCC_GetPCLK1Freq)
    HAL_RCC_GetPCLK2Freq                     0x20002db5   Thumb Code    22  stm32f4xx_hal_rcc.o(i.HAL_RCC_GetPCLK2Freq)
    HAL_RCC_GetSysClockFreq                  0x20002dd5   Thumb Code   162  stm32f4xx_hal_rcc.o(i.HAL_RCC_GetSysClockFreq)
    HAL_RCC_OscConfig                        0x20002e85   Thumb Code  1172  stm32f4xx_hal_rcc.o(i.HAL_RCC_OscConfig)
    HAL_SYSTICK_CLKSourceConfig              0x20003321   Thumb Code    40  stm32f4xx_hal_cortex.o(i.HAL_SYSTICK_CLKSourceConfig)
    HAL_SYSTICK_Config                       0x20003349   Thumb Code    52  stm32f4xx_hal_cortex.o(i.HAL_SYSTICK_Config)
    HAL_TIMEx_BreakCallback                  0x2000337d   Thumb Code     2  stm32f4xx_hal_tim_ex.o(i.HAL_TIMEx_BreakCallback)
    HAL_TIMEx_CommutCallback                 0x2000337f   Thumb Code     2  stm32f4xx_hal_tim_ex.o(i.HAL_TIMEx_CommutCallback)
    HAL_TIM_IC_CaptureCallback               0x20003381   Thumb Code     2  stm32f4xx_hal_tim.o(i.HAL_TIM_IC_CaptureCallback)
    HAL_TIM_IRQHandler                       0x20003383   Thumb Code   406  stm32f4xx_hal_tim.o(i.HAL_TIM_IRQHandler)
    HAL_TIM_OC_DelayElapsedCallback          0x20003519   Thumb Code     2  stm32f4xx_hal_tim.o(i.HAL_TIM_OC_DelayElapsedCallback)
    HAL_TIM_PWM_PulseFinishedCallback        0x2000351b   Thumb Code     2  stm32f4xx_hal_tim.o(i.HAL_TIM_PWM_PulseFinishedCallback)
    HAL_TIM_PeriodElapsedCallback            0x2000351d   Thumb Code    20  patch_delay_test.o(i.HAL_TIM_PeriodElapsedCallback)
    HAL_TIM_TriggerCallback                  0x20003539   Thumb Code     2  stm32f4xx_hal_tim.o(i.HAL_TIM_TriggerCallback)
    HAL_UARTEx_RxEventCallback               0x2000353b   Thumb Code     2  stm32f4xx_hal_uart.o(i.HAL_UARTEx_RxEventCallback)
    HAL_UART_ErrorCallback                   0x2000353d   Thumb Code     2  stm32f4xx_hal_uart.o(i.HAL_UART_ErrorCallback)
    HAL_UART_GetState                        0x2000353f   Thumb Code    20  stm32f4xx_hal_uart.o(i.HAL_UART_GetState)
    HAL_UART_IRQHandler                      0x20003555   Thumb Code   586  stm32f4xx_hal_uart.o(i.HAL_UART_IRQHandler)
    HAL_UART_Init                            0x200037a5   Thumb Code   114  stm32f4xx_hal_uart.o(i.HAL_UART_Init)
    HAL_UART_MspInit                         0x20003819   Thumb Code   188  usart.o(i.HAL_UART_MspInit)
    HAL_UART_Receive_IT                      0x200038e1   Thumb Code    66  stm32f4xx_hal_uart.o(i.HAL_UART_Receive_IT)
    HAL_UART_RxCpltCallback                  0x20003925   Thumb Code    40  usart.o(i.HAL_UART_RxCpltCallback)
    HAL_UART_TxCpltCallback                  0x2000395d   Thumb Code     2  stm32f4xx_hal_uart.o(i.HAL_UART_TxCpltCallback)
    Led_Init                                 0x20003961   Thumb Code   142  led.o(i.Led_Init)
    MemManage_Handler                        0x200039f9   Thumb Code     4  stm32f4xx_it.o(i.MemManage_Handler)
    NMI_Handler                              0x200039fd   Thumb Code     2  stm32f4xx_it.o(i.NMI_Handler)
    SysTick_Handler                          0x200039ff   Thumb Code    20  delay.o(i.SysTick_Handler)
    SystemClock_Config                       0x20003a15   Thumb Code   172  main.o(i.SystemClock_Config)
    SystemInit                               0x20003ac9   Thumb Code    14  system_stm32f4xx.o(i.SystemInit)
    TIM3_IRQHandler                          0x20003add   Thumb Code    10  patch_delay_test.o(i.TIM3_IRQHandler)
    UART_Start_Receive_IT                    0x20003e41   Thumb Code    70  stm32f4xx_hal_uart.o(i.UART_Start_Receive_IT)
    USART2_IRQHandler                        0x20003ee9   Thumb Code    66  usart.o(i.USART2_IRQHandler)
    UsageFault_Handler                       0x20003f39   Thumb Code     4  stm32f4xx_it.o(i.UsageFault_Handler)
    __ARM_fpclassify                         0x20003f3d   Thumb Code    48  fpclassify.o(i.__ARM_fpclassify)
    _is_digit                                0x20003fa5   Thumb Code    14  __printf_wp.o(i._is_digit)
    _sys_exit                                0x20003fb3   Thumb Code     4  usart.o(i._sys_exit)
    cycles_to_us                             0x20003fb9   Thumb Code    24  patch_delay_test.o(i.cycles_to_us)
    delay_init                               0x20003fd5   Thumb Code    52  delay.o(i.delay_init)
    dwt_deinit                               0x2000400d   Thumb Code    30  patch_delay_test.o(i.dwt_deinit)
    dwt_get_counter                          0x20004035   Thumb Code     6  patch_delay_test.o(i.dwt_get_counter)
    dwt_init                                 0x20004041   Thumb Code    36  patch_delay_test.o(i.dwt_init)
    fputc                                    0x20004071   Thumb Code    24  usart.o(i.fputc)
    freertos_cve2018_16601                   0x2000408d   Thumb Code    20  freertoscve.o(i.freertos_cve2018_16601)
    freertos_demo                            0x200040a1   Thumb Code    28  freertos_demo.o(i.freertos_demo)
    main                                     0x200040d1   Thumb Code    42  main.o(i.main)
    patchtask                                0x20004105   Thumb Code    54  freertos_demo.o(i.patchtask)
    pvPortMalloc                             0x20004b51   Thumb Code   244  heap_4.o(i.pvPortMalloc)
    pxPortInitialiseStack                    0x20004c59   Thumb Code    38  port.o(i.pxPortInitialiseStack)
    start_task                               0x20004c85   Thumb Code    60  freertos_demo.o(i.start_task)
    task1                                    0x20004ce5   Thumb Code    24  freertos_demo.o(i.task1)
    test_cve2018_16601                       0x20004d0d   Thumb Code   132  freertoscve.o(i.test_cve2018_16601)
    usart_init                               0x20004e01   Thumb Code    34  usart.o(i.usart_init)
    uxListRemove                             0x20004e2d   Thumb Code    40  list.o(i.uxListRemove)
    uxTaskGetNumberOfTasks                   0x20004e55   Thumb Code     6  tasks.o(i.uxTaskGetNumberOfTasks)
    vListInitialise                          0x20004e61   Thumb Code    26  list.o(i.vListInitialise)
    vListInitialiseItem                      0x20004e7b   Thumb Code     6  list.o(i.vListInitialiseItem)
    vListInsert                              0x20004e81   Thumb Code    52  list.o(i.vListInsert)
    vListInsertEnd                           0x20004eb5   Thumb Code    24  list.o(i.vListInsertEnd)
    vPortEnterCritical                       0x20004ecd   Thumb Code    58  port.o(i.vPortEnterCritical)
    vPortExitCritical                        0x20004f11   Thumb Code    38  port.o(i.vPortExitCritical)
    vPortFree                                0x20004f3d   Thumb Code    94  heap_4.o(i.vPortFree)
    vPortSetupTimerInterrupt                 0x20004fa5   Thumb Code    36  port.o(i.vPortSetupTimerInterrupt)
    vQueueAddToRegistry                      0x20004fcd   Thumb Code    72  queue.o(i.vQueueAddToRegistry)
    vQueueWaitForMessageRestricted           0x20005019   Thumb Code    74  queue.o(i.vQueueWaitForMessageRestricted)
    vTaskDelete                              0x20005065   Thumb Code   192  tasks.o(i.vTaskDelete)
    vTaskInternalSetTimeOutState             0x2000514d   Thumb Code    14  tasks.o(i.vTaskInternalSetTimeOutState)
    vTaskMissedYield                         0x20005165   Thumb Code     8  tasks.o(i.vTaskMissedYield)
    vTaskPlaceOnEventList                    0x20005171   Thumb Code    34  tasks.o(i.vTaskPlaceOnEventList)
    vTaskPlaceOnEventListRestricted          0x20005199   Thumb Code    76  tasks.o(i.vTaskPlaceOnEventListRestricted)
    vTaskStartScheduler                      0x200051e9   Thumb Code   104  tasks.o(i.vTaskStartScheduler)
    vTaskSuspendAll                          0x20005271   Thumb Code    12  tasks.o(i.vTaskSuspendAll)
    vTaskSwitchContext                       0x20005281   Thumb Code   100  tasks.o(i.vTaskSwitchContext)
    xPortStartScheduler                      0x200052f9   Thumb Code   282  port.o(i.xPortStartScheduler)
    xPortSysTickHandler                      0x20005431   Thumb Code    46  port.o(i.xPortSysTickHandler)
    xQueueGenericCreate                      0x20005465   Thumb Code    84  queue.o(i.xQueueGenericCreate)
    xQueueGenericReset                       0x200054b9   Thumb Code   178  queue.o(i.xQueueGenericReset)
    xQueueReceive                            0x20005571   Thumb Code   302  queue.o(i.xQueueReceive)
    xTaskCheckForTimeOut                     0x200056a5   Thumb Code   124  tasks.o(i.xTaskCheckForTimeOut)
    xTaskCreate                              0x2000572d   Thumb Code   104  tasks.o(i.xTaskCreate)
    xTaskGetSchedulerState                   0x20005795   Thumb Code    24  tasks.o(i.xTaskGetSchedulerState)
    xTaskGetTickCount                        0x200057b5   Thumb Code     6  tasks.o(i.xTaskGetTickCount)
    xTaskIncrementTick                       0x200057c1   Thumb Code   380  tasks.o(i.xTaskIncrementTick)
    xTaskPriorityDisinherit                  0x20005969   Thumb Code   190  tasks.o(i.xTaskPriorityDisinherit)
    xTaskRemoveFromEventList                 0x20005a35   Thumb Code   246  tasks.o(i.xTaskRemoveFromEventList)
    xTaskResumeAll                           0x20005b45   Thumb Code   320  tasks.o(i.xTaskResumeAll)
    xTimerCreateTimerTask                    0x20005ca9   Thumb Code    48  timers.o(i.xTimerCreateTimerTask)
    _get_lc_numeric                          0x20005ced   Thumb Code    44  lc_numeric_c.o(locale$$code)
    __fpl_dretinf                            0x20005d19   Thumb Code    12  dretinf.o(x$fpl$dretinf)
    __aeabi_f2d                              0x20005d25   Thumb Code     0  f2d.o(x$fpl$f2d)
    _f2d                                     0x20005d25   Thumb Code    86  f2d.o(x$fpl$f2d)
    __fpl_fnaninf                            0x20005d7b   Thumb Code   140  fnaninf.o(x$fpl$fnaninf)
    _fp_init                                 0x20005e07   Thumb Code    10  fpinit.o(x$fpl$fpinit)
    __fplib_config_fpu_vfp                   0x20005e0f   Thumb Code     0  fpinit.o(x$fpl$fpinit)
    __fplib_config_pureend_doubles           0x20005e0f   Thumb Code     0  fpinit.o(x$fpl$fpinit)
    _printf_fp_dec                           0x20005e11   Thumb Code     4  printf1.o(x$fpl$printf1)
    AHBPrescTable                            0x20005e14   Data          16  system_stm32f4xx.o(.constdata)
    __I$use$fp                               0x20005e14   Number         0  usenofp.o(x$fpl$usenofp)
    APBPrescTable                            0x20005e24   Data           8  system_stm32f4xx.o(.constdata)
    Region$$Table$$Base                      0x20005f6c   Number         0  anon$$obj.o(Region$$Table)
    Region$$Table$$Limit                     0x20005f8c   Number         0  anon$$obj.o(Region$$Table)
    HardFaultHandlerd_dispatch               0x20007001   Thumb Code    38  stm32f4xx_it.o(.ARM.__at_0x20007000)
    SystemCoreClock                          0x2000a000   Data           4  system_stm32f4xx.o(.data)
    start_task_handler                       0x2000a004   Data           4  freertos_demo.o(.data)
    task1_handler                            0x2000a008   Data           4  freertos_demo.o(.data)
    task2_handler                            0x2000a00c   Data           4  freertos_demo.o(.data)
    patch_address                            0x2000a010   Data           4  freertos_demo.o(.data)
    break_point_instruction_addr             0x2000a014   Data           4  freertos_demo.o(.data)
    back_instruction_address                 0x2000a018   Data           4  freertos_demo.o(.data)
    cntPeriod                                0x2000a204   Data           4  patch_delay_test.o(.data)
    cntstart                                 0x2000a208   Data           4  patch_delay_test.o(.data)
    cntend                                   0x2000a20c   Data           4  patch_delay_test.o(.data)
    uwTick                                   0x2000a210   Data           4  stm32f4xx_hal.o(.data)
    uwTickPrio                               0x2000a214   Data           4  stm32f4xx_hal.o(.data)
    uwTickFreq                               0x2000a218   Data           1  stm32f4xx_hal.o(.data)
    __stdout                                 0x2000a220   Data           4  usart.o(.data)
    g_usart_rx_sta                           0x2000a224   Data           2  usart.o(.data)
    g_rx_buffer                              0x2000a226   Data           1  usart.o(.data)
    g_usart_rx_cnt                           0x2000a228   Data           4  usart.o(.data)
    pxCurrentTCB                             0x2000a254   Data           4  tasks.o(.data)
    uxTopUsedPriority                        0x2000a28c   Data           4  tasks.o(.data)
    g_timx_handler                           0x2000a2a8   Data          72  patch_delay_test.o(.bss)
    patch                                    0x2000a2f0   Data         200  usart.o(.bss)
    g_uart1_handle                           0x2000a3b8   Data          68  usart.o(.bss)
    xQueueRegistry                           0x2000cbfc   Data          64  queue.o(.bss)
    __libspace_start                         0x2000cf48   Data          96  libspace.o(.bss)
    __temporary_stack_top$libspace           0x2000cfa8   Data           0  libspace.o(.bss)



==============================================================================

Memory Map of the image

  Image Entry point : 0x20001195

  Load Region LR_IROM1 (Base: 0x20001000, Size: 0x000062e8, Max: 0x00009000, ABSOLUTE, COMPRESSED[0x0000616c])

    Execution Region ER_IROM1 (Exec base: 0x20001000, Load base: 0x20001000, Size: 0x00006040, Max: 0x00009000, ABSOLUTE)

    Exec Addr    Load Addr    Size         Type   Attr      Idx    E Section Name        Object

    0x20001000   0x20001000   0x00000194   Data   RO            3    RESET               startup_stm32f401xe.o
    0x20001194   0x20001194   0x00000008   Code   RO         5541  * !!!main             c_w.l(__main.o)
    0x2000119c   0x2000119c   0x00000034   Code   RO         5774    !!!scatter          c_w.l(__scatter.o)
    0x200011d0   0x200011d0   0x0000005a   Code   RO         5772    !!dczerorl2         c_w.l(__dczerorl2.o)
    0x2000122a   0x2000122a   0x00000002   PAD
    0x2000122c   0x2000122c   0x0000001c   Code   RO         5776    !!handler_zi        c_w.l(__scatter_zi.o)
    0x20001248   0x20001248   0x00000000   Code   RO         5522    .ARM.Collect$$_printf_percent$$00000000  c_w.l(_printf_percent.o)
    0x20001248   0x20001248   0x00000006   Code   RO         5521    .ARM.Collect$$_printf_percent$$00000003  c_w.l(_printf_f.o)
    0x2000124e   0x2000124e   0x00000006   Code   RO         5520    .ARM.Collect$$_printf_percent$$0000000A  c_w.l(_printf_u.o)
    0x20001254   0x20001254   0x00000004   Code   RO         5566    .ARM.Collect$$_printf_percent$$00000017  c_w.l(_printf_percent_end.o)
    0x20001258   0x20001258   0x00000002   Code   RO         5654    .ARM.Collect$$libinit$$00000000  c_w.l(libinit.o)
    0x2000125a   0x2000125a   0x00000004   Code   RO         5655    .ARM.Collect$$libinit$$00000001  c_w.l(libinit2.o)
    0x2000125e   0x2000125e   0x00000000   Code   RO         5658    .ARM.Collect$$libinit$$00000004  c_w.l(libinit2.o)
    0x2000125e   0x2000125e   0x00000000   Code   RO         5661    .ARM.Collect$$libinit$$0000000A  c_w.l(libinit2.o)
    0x2000125e   0x2000125e   0x00000000   Code   RO         5663    .ARM.Collect$$libinit$$0000000C  c_w.l(libinit2.o)
    0x2000125e   0x2000125e   0x00000000   Code   RO         5665    .ARM.Collect$$libinit$$0000000E  c_w.l(libinit2.o)
    0x2000125e   0x2000125e   0x00000006   Code   RO         5666    .ARM.Collect$$libinit$$0000000F  c_w.l(libinit2.o)
    0x20001264   0x20001264   0x00000000   Code   RO         5668    .ARM.Collect$$libinit$$00000011  c_w.l(libinit2.o)
    0x20001264   0x20001264   0x00000000   Code   RO         5670    .ARM.Collect$$libinit$$00000013  c_w.l(libinit2.o)
    0x20001264   0x20001264   0x00000000   Code   RO         5672    .ARM.Collect$$libinit$$00000015  c_w.l(libinit2.o)
    0x20001264   0x20001264   0x0000000a   Code   RO         5673    .ARM.Collect$$libinit$$00000016  c_w.l(libinit2.o)
    0x2000126e   0x2000126e   0x00000000   Code   RO         5674    .ARM.Collect$$libinit$$00000017  c_w.l(libinit2.o)
    0x2000126e   0x2000126e   0x00000000   Code   RO         5676    .ARM.Collect$$libinit$$00000019  c_w.l(libinit2.o)
    0x2000126e   0x2000126e   0x00000000   Code   RO         5678    .ARM.Collect$$libinit$$0000001B  c_w.l(libinit2.o)
    0x2000126e   0x2000126e   0x00000000   Code   RO         5680    .ARM.Collect$$libinit$$0000001D  c_w.l(libinit2.o)
    0x2000126e   0x2000126e   0x00000000   Code   RO         5682    .ARM.Collect$$libinit$$0000001F  c_w.l(libinit2.o)
    0x2000126e   0x2000126e   0x00000000   Code   RO         5684    .ARM.Collect$$libinit$$00000021  c_w.l(libinit2.o)
    0x2000126e   0x2000126e   0x00000000   Code   RO         5686    .ARM.Collect$$libinit$$00000023  c_w.l(libinit2.o)
    0x2000126e   0x2000126e   0x00000000   Code   RO         5688    .ARM.Collect$$libinit$$00000025  c_w.l(libinit2.o)
    0x2000126e   0x2000126e   0x00000000   Code   RO         5692    .ARM.Collect$$libinit$$0000002C  c_w.l(libinit2.o)
    0x2000126e   0x2000126e   0x00000000   Code   RO         5694    .ARM.Collect$$libinit$$0000002E  c_w.l(libinit2.o)
    0x2000126e   0x2000126e   0x00000000   Code   RO         5696    .ARM.Collect$$libinit$$00000030  c_w.l(libinit2.o)
    0x2000126e   0x2000126e   0x00000000   Code   RO         5698    .ARM.Collect$$libinit$$00000032  c_w.l(libinit2.o)
    0x2000126e   0x2000126e   0x00000002   Code   RO         5699    .ARM.Collect$$libinit$$00000033  c_w.l(libinit2.o)
    0x20001270   0x20001270   0x00000002   Code   RO         5737    .ARM.Collect$$libshutdown$$00000000  c_w.l(libshutdown.o)
    0x20001272   0x20001272   0x00000000   Code   RO         5755    .ARM.Collect$$libshutdown$$00000002  c_w.l(libshutdown2.o)
    0x20001272   0x20001272   0x00000000   Code   RO         5757    .ARM.Collect$$libshutdown$$00000004  c_w.l(libshutdown2.o)
    0x20001272   0x20001272   0x00000000   Code   RO         5760    .ARM.Collect$$libshutdown$$00000007  c_w.l(libshutdown2.o)
    0x20001272   0x20001272   0x00000000   Code   RO         5763    .ARM.Collect$$libshutdown$$0000000A  c_w.l(libshutdown2.o)
    0x20001272   0x20001272   0x00000000   Code   RO         5765    .ARM.Collect$$libshutdown$$0000000C  c_w.l(libshutdown2.o)
    0x20001272   0x20001272   0x00000000   Code   RO         5768    .ARM.Collect$$libshutdown$$0000000F  c_w.l(libshutdown2.o)
    0x20001272   0x20001272   0x00000002   Code   RO         5769    .ARM.Collect$$libshutdown$$00000010  c_w.l(libshutdown2.o)
    0x20001274   0x20001274   0x00000000   Code   RO         5549    .ARM.Collect$$rtentry$$00000000  c_w.l(__rtentry.o)
    0x20001274   0x20001274   0x00000000   Code   RO         5573    .ARM.Collect$$rtentry$$00000002  c_w.l(__rtentry2.o)
    0x20001274   0x20001274   0x00000006   Code   RO         5585    .ARM.Collect$$rtentry$$00000004  c_w.l(__rtentry4.o)
    0x2000127a   0x2000127a   0x00000000   Code   RO         5575    .ARM.Collect$$rtentry$$00000009  c_w.l(__rtentry2.o)
    0x2000127a   0x2000127a   0x00000004   Code   RO         5576    .ARM.Collect$$rtentry$$0000000A  c_w.l(__rtentry2.o)
    0x2000127e   0x2000127e   0x00000000   Code   RO         5578    .ARM.Collect$$rtentry$$0000000C  c_w.l(__rtentry2.o)
    0x2000127e   0x2000127e   0x00000008   Code   RO         5579    .ARM.Collect$$rtentry$$0000000D  c_w.l(__rtentry2.o)
    0x20001286   0x20001286   0x00000002   Code   RO         5700    .ARM.Collect$$rtexit$$00000000  c_w.l(rtexit.o)
    0x20001288   0x20001288   0x00000000   Code   RO         5713    .ARM.Collect$$rtexit$$00000002  c_w.l(rtexit2.o)
    0x20001288   0x20001288   0x00000004   Code   RO         5714    .ARM.Collect$$rtexit$$00000003  c_w.l(rtexit2.o)
    0x2000128c   0x2000128c   0x00000006   Code   RO         5715    .ARM.Collect$$rtexit$$00000004  c_w.l(rtexit2.o)
    0x20001292   0x20001292   0x00000002   PAD
    0x20001294   0x20001294   0x000000be   Code   RO         4014    .emb_text           port.o
    0x20001352   0x20001352   0x00000002   PAD
    0x20001354   0x20001354   0x00000090   Code   RO            4    .text               startup_stm32f401xe.o
    0x200013e4   0x200013e4   0x00000002   Code   RO         5456    .text               c_w.l(use_no_semi_2.o)
    0x200013e6   0x200013e6   0x000000ee   Code   RO         5458    .text               c_w.l(lludivv7m.o)
    0x200014d4   0x200014d4   0x00000018   Code   RO         5464    .text               c_w.l(noretval__2printf.o)
    0x200014ec   0x200014ec   0x00000078   Code   RO         5474    .text               c_w.l(_printf_dec.o)
    0x20001564   0x20001564   0x00000138   Code   RO         5509    .text               c_w.l(__printf_flags_wp.o)
    0x2000169c   0x2000169c   0x0000008a   Code   RO         5527    .text               c_w.l(rt_memcpy_v6.o)
    0x20001726   0x20001726   0x00000064   Code   RO         5529    .text               c_w.l(rt_memcpy_w.o)
    0x2000178a   0x2000178a   0x00000010   Code   RO         5533    .text               c_w.l(aeabi_memset.o)
    0x2000179a   0x2000179a   0x00000044   Code   RO         5535    .text               c_w.l(rt_memclr.o)
    0x200017de   0x200017de   0x0000004e   Code   RO         5537    .text               c_w.l(rt_memclr_w.o)
    0x2000182c   0x2000182c   0x00000006   Code   RO         5539    .text               c_w.l(heapauxi.o)
    0x20001832   0x20001832   0x00000002   Code   RO         5547    .text               c_w.l(use_no_semi.o)
    0x20001834   0x20001834   0x000000b2   Code   RO         5554    .text               c_w.l(_printf_intcommon.o)
    0x200018e6   0x200018e6   0x0000041e   Code   RO         5556    .text               c_w.l(_printf_fp_dec.o)
    0x20001d04   0x20001d04   0x00000030   Code   RO         5558    .text               c_w.l(_printf_char_common.o)
    0x20001d34   0x20001d34   0x00000024   Code   RO         5564    .text               c_w.l(_printf_char_file.o)
    0x20001d58   0x20001d58   0x00000008   Code   RO         5592    .text               c_w.l(rt_locale_intlibspace.o)
    0x20001d60   0x20001d60   0x0000008a   Code   RO         5594    .text               c_w.l(lludiv10.o)
    0x20001dea   0x20001dea   0x00000002   PAD
    0x20001dec   0x20001dec   0x00000080   Code   RO         5596    .text               c_w.l(_printf_fp_infnan.o)
    0x20001e6c   0x20001e6c   0x000000e4   Code   RO         5600    .text               c_w.l(bigflt0.o)
    0x20001f50   0x20001f50   0x00000008   Code   RO         5625    .text               c_w.l(ferror.o)
    0x20001f58   0x20001f58   0x00000008   Code   RO         5636    .text               c_w.l(libspace.o)
    0x20001f60   0x20001f60   0x0000004a   Code   RO         5639    .text               c_w.l(sys_stackheap_outer.o)
    0x20001faa   0x20001faa   0x00000012   Code   RO         5641    .text               c_w.l(exit.o)
    0x20001fbc   0x20001fbc   0x00000080   Code   RO         5647    .text               c_w.l(strcmpv7m.o)
    0x2000203c   0x2000203c   0x0000003e   Code   RO         5603    CL$$btod_d2e        c_w.l(btod.o)
    0x2000207a   0x2000207a   0x00000046   Code   RO         5605    CL$$btod_d2e_denorm_low  c_w.l(btod.o)
    0x200020c0   0x200020c0   0x00000060   Code   RO         5604    CL$$btod_d2e_norm_op1  c_w.l(btod.o)
    0x20002120   0x20002120   0x00000338   Code   RO         5613    CL$$btod_div_common  c_w.l(btod.o)
    0x20002458   0x20002458   0x000000dc   Code   RO         5610    CL$$btod_e2e        c_w.l(btod.o)
    0x20002534   0x20002534   0x0000002a   Code   RO         5607    CL$$btod_ediv       c_w.l(btod.o)
    0x2000255e   0x2000255e   0x0000002a   Code   RO         5606    CL$$btod_emul       c_w.l(btod.o)
    0x20002588   0x20002588   0x00000244   Code   RO         5612    CL$$btod_mult_common  c_w.l(btod.o)
    0x200027cc   0x200027cc   0x00000004   Code   RO           14    i.BusFault_Handler  stm32f4xx_it.o
    0x200027d0   0x200027d0   0x00000002   Code   RO           15    i.DebugMon_Handler  stm32f4xx_it.o
    0x200027d2   0x200027d2   0x00000006   Code   RO          411    i.Error_Handler     main.o
    0x200027d8   0x200027d8   0x000000aa   Code   RO         1272    i.HAL_DMA_Abort     stm32f4xx_hal_dma.o
    0x20002882   0x20002882   0x00000028   Code   RO         1273    i.HAL_DMA_Abort_IT  stm32f4xx_hal_dma.o
    0x200028aa   0x200028aa   0x00000002   PAD
    0x200028ac   0x200028ac   0x000001d8   Code   RO         1419    i.HAL_GPIO_Init     stm32f4xx_hal_gpio.o
    0x20002a84   0x20002a84   0x0000000c   Code   RO         1423    i.HAL_GPIO_WritePin  stm32f4xx_hal_gpio.o
    0x20002a90   0x20002a90   0x0000000c   Code   RO          956    i.HAL_GetTick       stm32f4xx_hal.o
    0x20002a9c   0x20002a9c   0x00000018   Code   RO          962    i.HAL_IncTick       stm32f4xx_hal.o
    0x20002ab4   0x20002ab4   0x0000003c   Code   RO          963    i.HAL_Init          stm32f4xx_hal.o
    0x20002af0   0x20002af0   0x0000004c   Code   RO          964    i.HAL_InitTick      stm32f4xx_hal.o
    0x20002b3c   0x20002b3c   0x00000002   Code   RO          966    i.HAL_MspInit       stm32f4xx_hal.o
    0x20002b3e   0x20002b3e   0x00000020   Code   RO         1134    i.HAL_NVIC_EnableIRQ  stm32f4xx_hal_cortex.o
    0x20002b5e   0x20002b5e   0x0000007c   Code   RO         1140    i.HAL_NVIC_SetPriority  stm32f4xx_hal_cortex.o
    0x20002bda   0x20002bda   0x00000002   PAD
    0x20002bdc   0x20002bdc   0x00000028   Code   RO         1141    i.HAL_NVIC_SetPriorityGrouping  stm32f4xx_hal_cortex.o
    0x20002c04   0x20002c04   0x00000184   Code   RO         1681    i.HAL_RCC_ClockConfig  stm32f4xx_hal_rcc.o
    0x20002d88   0x20002d88   0x0000000c   Code   RO         1686    i.HAL_RCC_GetHCLKFreq  stm32f4xx_hal_rcc.o
    0x20002d94   0x20002d94   0x00000020   Code   RO         1688    i.HAL_RCC_GetPCLK1Freq  stm32f4xx_hal_rcc.o
    0x20002db4   0x20002db4   0x00000020   Code   RO         1689    i.HAL_RCC_GetPCLK2Freq  stm32f4xx_hal_rcc.o
    0x20002dd4   0x20002dd4   0x000000b0   Code   RO         1690    i.HAL_RCC_GetSysClockFreq  stm32f4xx_hal_rcc.o
    0x20002e84   0x20002e84   0x0000049c   Code   RO         1693    i.HAL_RCC_OscConfig  stm32f4xx_hal_rcc.o
    0x20003320   0x20003320   0x00000028   Code   RO         1143    i.HAL_SYSTICK_CLKSourceConfig  stm32f4xx_hal_cortex.o
    0x20003348   0x20003348   0x00000034   Code   RO         1145    i.HAL_SYSTICK_Config  stm32f4xx_hal_cortex.o
    0x2000337c   0x2000337c   0x00000002   Code   RO         3461    i.HAL_TIMEx_BreakCallback  stm32f4xx_hal_tim_ex.o
    0x2000337e   0x2000337e   0x00000002   Code   RO         3462    i.HAL_TIMEx_CommutCallback  stm32f4xx_hal_tim_ex.o
    0x20003380   0x20003380   0x00000002   Code   RO         2780    i.HAL_TIM_IC_CaptureCallback  stm32f4xx_hal_tim.o
    0x20003382   0x20003382   0x00000196   Code   RO         2794    i.HAL_TIM_IRQHandler  stm32f4xx_hal_tim.o
    0x20003518   0x20003518   0x00000002   Code   RO         2797    i.HAL_TIM_OC_DelayElapsedCallback  stm32f4xx_hal_tim.o
    0x2000351a   0x2000351a   0x00000002   Code   RO         2824    i.HAL_TIM_PWM_PulseFinishedCallback  stm32f4xx_hal_tim.o
    0x2000351c   0x2000351c   0x0000001c   Code   RO          858    i.HAL_TIM_PeriodElapsedCallback  patch_delay_test.o
    0x20003538   0x20003538   0x00000002   Code   RO         2837    i.HAL_TIM_TriggerCallback  stm32f4xx_hal_tim.o
    0x2000353a   0x2000353a   0x00000002   Code   RO         1847    i.HAL_UARTEx_RxEventCallback  stm32f4xx_hal_uart.o
    0x2000353c   0x2000353c   0x00000002   Code   RO         1861    i.HAL_UART_ErrorCallback  stm32f4xx_hal_uart.o
    0x2000353e   0x2000353e   0x00000014   Code   RO         1863    i.HAL_UART_GetState  stm32f4xx_hal_uart.o
    0x20003552   0x20003552   0x00000002   PAD
    0x20003554   0x20003554   0x00000250   Code   RO         1864    i.HAL_UART_IRQHandler  stm32f4xx_hal_uart.o
    0x200037a4   0x200037a4   0x00000072   Code   RO         1865    i.HAL_UART_Init     stm32f4xx_hal_uart.o
    0x20003816   0x20003816   0x00000002   PAD
    0x20003818   0x20003818   0x000000c8   Code   RO         3937    i.HAL_UART_MspInit  usart.o
    0x200038e0   0x200038e0   0x00000042   Code   RO         1870    i.HAL_UART_Receive_IT  stm32f4xx_hal_uart.o
    0x20003922   0x20003922   0x00000002   PAD
    0x20003924   0x20003924   0x00000038   Code   RO         3938    i.HAL_UART_RxCpltCallback  usart.o
    0x2000395c   0x2000395c   0x00000002   Code   RO         1876    i.HAL_UART_TxCpltCallback  stm32f4xx_hal_uart.o
    0x2000395e   0x2000395e   0x00000002   PAD
    0x20003960   0x20003960   0x00000098   Code   RO         3728    i.Led_Init          led.o
    0x200039f8   0x200039f8   0x00000004   Code   RO           16    i.MemManage_Handler  stm32f4xx_it.o
    0x200039fc   0x200039fc   0x00000002   Code   RO           17    i.NMI_Handler       stm32f4xx_it.o
    0x200039fe   0x200039fe   0x00000014   Code   RO         3816    i.SysTick_Handler   delay.o
    0x20003a12   0x20003a12   0x00000002   PAD
    0x20003a14   0x20003a14   0x000000b4   Code   RO          412    i.SystemClock_Config  main.o
    0x20003ac8   0x20003ac8   0x00000014   Code   RO          268    i.SystemInit        system_stm32f4xx.o
    0x20003adc   0x20003adc   0x00000010   Code   RO          861    i.TIM3_IRQHandler   patch_delay_test.o
    0x20003aec   0x20003aec   0x00000014   Code   RO         1878    i.UART_DMAAbortOnError  stm32f4xx_hal_uart.o
    0x20003b00   0x20003b00   0x00000036   Code   RO         1888    i.UART_EndRxTransfer  stm32f4xx_hal_uart.o
    0x20003b36   0x20003b36   0x00000020   Code   RO         1889    i.UART_EndTransmit_IT  stm32f4xx_hal_uart.o
    0x20003b56   0x20003b56   0x000000be   Code   RO         1891    i.UART_Receive_IT   stm32f4xx_hal_uart.o
    0x20003c14   0x20003c14   0x0000022c   Code   RO         1892    i.UART_SetConfig    stm32f4xx_hal_uart.o
    0x20003e40   0x20003e40   0x00000046   Code   RO         1894    i.UART_Start_Receive_IT  stm32f4xx_hal_uart.o
    0x20003e86   0x20003e86   0x00000060   Code   RO         1895    i.UART_Transmit_IT  stm32f4xx_hal_uart.o
    0x20003ee6   0x20003ee6   0x00000002   PAD
    0x20003ee8   0x20003ee8   0x00000050   Code   RO         3939    i.USART2_IRQHandler  usart.o
    0x20003f38   0x20003f38   0x00000004   Code   RO           18    i.UsageFault_Handler  stm32f4xx_it.o
    0x20003f3c   0x20003f3c   0x00000030   Code   RO         5634    i.__ARM_fpclassify  m_wm.l(fpclassify.o)
    0x20003f6c   0x20003f6c   0x00000010   Code   RO         1147    i.__NVIC_GetPriorityGrouping  stm32f4xx_hal_cortex.o
    0x20003f7c   0x20003f7c   0x00000028   Code   RO         1148    i.__NVIC_SetPriority  stm32f4xx_hal_cortex.o
    0x20003fa4   0x20003fa4   0x0000000e   Code   RO         5507    i._is_digit         c_w.l(__printf_wp.o)
    0x20003fb2   0x20003fb2   0x00000004   Code   RO         3941    i._sys_exit         usart.o
    0x20003fb6   0x20003fb6   0x00000002   PAD
    0x20003fb8   0x20003fb8   0x0000001c   Code   RO          863    i.cycles_to_us      patch_delay_test.o
    0x20003fd4   0x20003fd4   0x00000038   Code   RO         3817    i.delay_init        delay.o
    0x2000400c   0x2000400c   0x00000028   Code   RO          864    i.dwt_deinit        patch_delay_test.o
    0x20004034   0x20004034   0x0000000c   Code   RO          865    i.dwt_get_counter   patch_delay_test.o
    0x20004040   0x20004040   0x00000030   Code   RO          866    i.dwt_init          patch_delay_test.o
    0x20004070   0x20004070   0x0000001c   Code   RO         3943    i.fputc             usart.o
    0x2000408c   0x2000408c   0x00000014   Code   RO          616    i.freertos_cve2018_16601  freertoscve.o
    0x200040a0   0x200040a0   0x00000030   Code   RO          514    i.freertos_demo     freertos_demo.o
    0x200040d0   0x200040d0   0x00000034   Code   RO          413    i.main              main.o
    0x20004104   0x20004104   0x0000004c   Code   RO          516    i.patchtask         freertos_demo.o
    0x20004150   0x20004150   0x000000cc   Code   RO         4841    i.prvAddCurrentTaskToDelayedList  tasks.o
    0x2000421c   0x2000421c   0x000000ec   Code   RO         4842    i.prvAddNewTaskToReadyList  tasks.o
    0x20004308   0x20004308   0x00000064   Code   RO         5270    i.prvCheckForValidListAndQueue  timers.o
    0x2000436c   0x2000436c   0x00000048   Code   RO         4843    i.prvCheckTasksWaitingTermination  tasks.o
    0x200043b4   0x200043b4   0x0000002a   Code   RO         4400    i.prvCopyDataFromQueue  queue.o
    0x200043de   0x200043de   0x0000007e   Code   RO         4401    i.prvCopyDataToQueue  queue.o
    0x2000445c   0x2000445c   0x00000012   Code   RO         4844    i.prvDeleteTCB      tasks.o
    0x2000446e   0x2000446e   0x00000002   PAD
    0x20004470   0x20004470   0x00000028   Code   RO         5271    i.prvGetNextExpireTime  timers.o
    0x20004498   0x20004498   0x00000070   Code   RO         4107    i.prvHeapInit       heap_4.o
    0x20004508   0x20004508   0x00000028   Code   RO         4845    i.prvIdleTask       tasks.o
    0x20004530   0x20004530   0x0000002e   Code   RO         4404    i.prvInitialiseNewQueue  queue.o
    0x2000455e   0x2000455e   0x000000a8   Code   RO         4846    i.prvInitialiseNewTask  tasks.o
    0x20004606   0x20004606   0x00000002   PAD
    0x20004608   0x20004608   0x00000068   Code   RO         4847    i.prvInitialiseTaskLists  tasks.o
    0x20004670   0x20004670   0x00000068   Code   RO         4108    i.prvInsertBlockIntoFreeList  heap_4.o
    0x200046d8   0x200046d8   0x00000058   Code   RO         5273    i.prvInsertTimerInActiveList  timers.o
    0x20004730   0x20004730   0x0000001a   Code   RO         4405    i.prvIsQueueEmpty   queue.o
    0x2000474a   0x2000474a   0x00000082   Code   RO         4407    i.prvNotifyQueueSetContainer  queue.o
    0x200047cc   0x200047cc   0x00000044   Code   RO         5274    i.prvProcessExpiredTimer  timers.o
    0x20004810   0x20004810   0x00000128   Code   RO         5275    i.prvProcessReceivedCommands  timers.o
    0x20004938   0x20004938   0x00000074   Code   RO         5276    i.prvProcessTimerOrBlockTask  timers.o
    0x200049ac   0x200049ac   0x00000028   Code   RO         5277    i.prvReloadTimer    timers.o
    0x200049d4   0x200049d4   0x00000030   Code   RO         4849    i.prvResetNextTaskUnblockTime  tasks.o
    0x20004a04   0x20004a04   0x0000002c   Code   RO         5278    i.prvSampleTimeNow  timers.o
    0x20004a30   0x20004a30   0x00000044   Code   RO         5279    i.prvSwitchTimerLists  timers.o
    0x20004a74   0x20004a74   0x00000030   Code   RO         4015    i.prvTaskExitError  port.o
    0x20004aa4   0x20004aa4   0x0000001a   Code   RO         5280    i.prvTimerTask      timers.o
    0x20004abe   0x20004abe   0x00000090   Code   RO         4408    i.prvUnlockQueue    queue.o
    0x20004b4e   0x20004b4e   0x00000002   PAD
    0x20004b50   0x20004b50   0x00000108   Code   RO         4110    i.pvPortMalloc      heap_4.o
    0x20004c58   0x20004c58   0x0000002c   Code   RO         4016    i.pxPortInitialiseStack  port.o
    0x20004c84   0x20004c84   0x00000060   Code   RO          517    i.start_task        freertos_demo.o
    0x20004ce4   0x20004ce4   0x00000028   Code   RO          518    i.task1             freertos_demo.o
    0x20004d0c   0x20004d0c   0x000000f4   Code   RO          626    i.test_cve2018_16601  freertoscve.o
    0x20004e00   0x20004e00   0x0000002c   Code   RO         3944    i.usart_init        usart.o
    0x20004e2c   0x20004e2c   0x00000028   Code   RO         4347    i.uxListRemove      list.o
    0x20004e54   0x20004e54   0x0000000c   Code   RO         4857    i.uxTaskGetNumberOfTasks  tasks.o
    0x20004e60   0x20004e60   0x0000001a   Code   RO         4348    i.vListInitialise   list.o
    0x20004e7a   0x20004e7a   0x00000006   Code   RO         4349    i.vListInitialiseItem  list.o
    0x20004e80   0x20004e80   0x00000034   Code   RO         4350    i.vListInsert       list.o
    0x20004eb4   0x20004eb4   0x00000018   Code   RO         4351    i.vListInsertEnd    list.o
    0x20004ecc   0x20004ecc   0x00000044   Code   RO         4018    i.vPortEnterCritical  port.o
    0x20004f10   0x20004f10   0x0000002c   Code   RO         4019    i.vPortExitCritical  port.o
    0x20004f3c   0x20004f3c   0x00000068   Code   RO         4111    i.vPortFree         heap_4.o
    0x20004fa4   0x20004fa4   0x00000028   Code   RO         4020    i.vPortSetupTimerInterrupt  port.o
    0x20004fcc   0x20004fcc   0x0000004c   Code   RO         4414    i.vQueueAddToRegistry  queue.o
    0x20005018   0x20005018   0x0000004a   Code   RO         4418    i.vQueueWaitForMessageRestricted  queue.o
    0x20005062   0x20005062   0x00000002   PAD
    0x20005064   0x20005064   0x000000e8   Code   RO         4865    i.vTaskDelete       tasks.o
    0x2000514c   0x2000514c   0x00000018   Code   RO         4869    i.vTaskInternalSetTimeOutState  tasks.o
    0x20005164   0x20005164   0x0000000c   Code   RO         4871    i.vTaskMissedYield  tasks.o
    0x20005170   0x20005170   0x00000028   Code   RO         4872    i.vTaskPlaceOnEventList  tasks.o
    0x20005198   0x20005198   0x00000050   Code   RO         4873    i.vTaskPlaceOnEventListRestricted  tasks.o
    0x200051e8   0x200051e8   0x00000088   Code   RO         4881    i.vTaskStartScheduler  tasks.o
    0x20005270   0x20005270   0x00000010   Code   RO         4883    i.vTaskSuspendAll   tasks.o
    0x20005280   0x20005280   0x00000078   Code   RO         4884    i.vTaskSwitchContext  tasks.o
    0x200052f8   0x200052f8   0x00000138   Code   RO         4022    i.xPortStartScheduler  port.o
    0x20005430   0x20005430   0x00000034   Code   RO         4023    i.xPortSysTickHandler  port.o
    0x20005464   0x20005464   0x00000054   Code   RO         4423    i.xQueueGenericCreate  queue.o
    0x200054b8   0x200054b8   0x000000b8   Code   RO         4424    i.xQueueGenericReset  queue.o
    0x20005570   0x20005570   0x00000134   Code   RO         4433    i.xQueueReceive     queue.o
    0x200056a4   0x200056a4   0x00000088   Code   RO         4887    i.xTaskCheckForTimeOut  tasks.o
    0x2000572c   0x2000572c   0x00000068   Code   RO         4888    i.xTaskCreate       tasks.o
    0x20005794   0x20005794   0x00000020   Code   RO         4897    i.xTaskGetSchedulerState  tasks.o
    0x200057b4   0x200057b4   0x0000000c   Code   RO         4898    i.xTaskGetTickCount  tasks.o
    0x200057c0   0x200057c0   0x000001a8   Code   RO         4900    i.xTaskIncrementTick  tasks.o
    0x20005968   0x20005968   0x000000cc   Code   RO         4901    i.xTaskPriorityDisinherit  tasks.o
    0x20005a34   0x20005a34   0x00000110   Code   RO         4903    i.xTaskRemoveFromEventList  tasks.o
    0x20005b44   0x20005b44   0x00000164   Code   RO         4904    i.xTaskResumeAll    tasks.o
    0x20005ca8   0x20005ca8   0x00000044   Code   RO         5288    i.xTimerCreateTimerTask  timers.o
    0x20005cec   0x20005cec   0x0000002c   Code   RO         5630    locale$$code        c_w.l(lc_numeric_c.o)
    0x20005d18   0x20005d18   0x0000000c   Code   RO         5567    x$fpl$dretinf       fz_wm.l(dretinf.o)
    0x20005d24   0x20005d24   0x00000056   Code   RO         5543    x$fpl$f2d           fz_wm.l(f2d.o)
    0x20005d7a   0x20005d7a   0x0000008c   Code   RO         5569    x$fpl$fnaninf       fz_wm.l(fnaninf.o)
    0x20005e06   0x20005e06   0x0000000a   Code   RO         5710    x$fpl$fpinit        fz_wm.l(fpinit.o)
    0x20005e10   0x20005e10   0x00000004   Code   RO         5545    x$fpl$printf1       fz_wm.l(printf1.o)
    0x20005e14   0x20005e14   0x00000000   Code   RO         5571    x$fpl$usenofp       fz_wm.l(usenofp.o)
    0x20005e14   0x20005e14   0x00000018   Data   RO          269    .constdata          system_stm32f4xx.o
    0x20005e2c   0x20005e2c   0x0000009a   Data   RO          631    .constdata          freertoscve.o
    0x20005ec6   0x20005ec6   0x00000011   Data   RO         5510    .constdata          c_w.l(__printf_flags_wp.o)
    0x20005ed7   0x20005ed7   0x00000001   PAD
    0x20005ed8   0x20005ed8   0x00000094   Data   RO         5601    .constdata          c_w.l(bigflt0.o)
    0x20005f6c   0x20005f6c   0x00000020   Data   RO         5770    Region$$Table       anon$$obj.o
    0x20005f8c   0x20005f8c   0x0000001c   Data   RO         5629    locale$$data        c_w.l(lc_numeric_c.o)
    0x20005fa8   0x20005fa8   0x00001058   PAD
    0x20007000   0x20007000   0x00000040   Code   RO           13    .ARM.__at_0x20007000  stm32f4xx_it.o


    Execution Region RW_IRAM1 (Exec base: 0x2000a000, Load base: 0x20007040, Size: 0x000035a8, Max: 0x0000e000, ABSOLUTE, COMPRESSED[0x0000012c])

    Exec Addr    Load Addr    Size         Type   Attr      Idx    E Section Name        Object

    0x2000a000   COMPRESSED   0x00000004   Data   RW          270    .data               system_stm32f4xx.o
    0x2000a004   COMPRESSED   0x000001f9   Data   RW          519    .data               freertos_demo.o
    0x2000a1fd   COMPRESSED   0x00000003   PAD
    0x2000a200   COMPRESSED   0x00000010   Data   RW          868    .data               patch_delay_test.o
    0x2000a210   COMPRESSED   0x00000009   Data   RW          970    .data               stm32f4xx_hal.o
    0x2000a219   COMPRESSED   0x00000003   PAD
    0x2000a21c   COMPRESSED   0x00000004   Data   RW         3820    .data               delay.o
    0x2000a220   COMPRESSED   0x0000000c   Data   RW         3946    .data               usart.o
    0x2000a22c   COMPRESSED   0x0000000c   Data   RW         4024    .data               port.o
    0x2000a238   COMPRESSED   0x0000001c   Data   RW         4117    .data               heap_4.o
    0x2000a254   COMPRESSED   0x00000040   Data   RW         4907    .data               tasks.o
    0x2000a294   COMPRESSED   0x00000014   Data   RW         5298    .data               timers.o
    0x2000a2a8        -       0x00000048   Zero   RW          867    .bss                patch_delay_test.o
    0x2000a2f0        -       0x0000010c   Zero   RW         3945    .bss                usart.o
    0x2000a3fc        -       0x00002800   Zero   RW         4116    .bss                heap_4.o
    0x2000cbfc        -       0x00000040   Zero   RW         4440    .bss                queue.o
    0x2000cc3c        -       0x000002e4   Zero   RW         4906    .bss                tasks.o
    0x2000cf20        -       0x00000028   Zero   RW         5297    .bss                timers.o
    0x2000cf48        -       0x00000060   Zero   RW         5637    .bss                c_w.l(libspace.o)
    0x2000cfa8        -       0x00000200   Zero   RW            2    HEAP                startup_stm32f401xe.o
    0x2000d1a8        -       0x00000400   Zero   RW            1    STACK               startup_stm32f401xe.o


==============================================================================

Image component sizes


      Code (inc. data)   RO Data    RW Data    ZI Data      Debug   Object Name

        76          4          0          4          0       1499   delay.o
         0          0          0          0          0      12348   event_groups.o
       260         94          0        505          0      18854   freertos_demo.o
       264        112        154          0          0       6434   freertoscve.o
       584         60          0         28      10240       7895   heap_4.o
       152         10          0          0          0       1231   led.o
       148          0          0          0          0       3962   list.o
       238         18          0          0          0       2604   main.o
       172         46          0         16         72       4610   patch_delay_test.o
       798         84          0         12          0      11288   port.o
      1240         16          0          0         64      14563   queue.o
       144         30        404          0       1536       1060   startup_stm32f401xe.o
       174         32          0          9          0       9811   stm32f4xx_hal.o
       344         22          0          0          0      35649   stm32f4xx_hal_cortex.o
       210          0          0          0          0       2295   stm32f4xx_hal_dma.o
       484         32          0          0          0       2420   stm32f4xx_hal_gpio.o
      1820         84          0          0          0       6244   stm32f4xx_hal_rcc.o
       414          0          0          0          0       4198   stm32f4xx_hal_tim.o
         4          0          0          0          0       1909   stm32f4xx_hal_tim_ex.o
      1816         16          0          0          0      11640   stm32f4xx_hal_uart.o
        80         26          0          0          0     404177   stm32f4xx_it.o
        20          6         24          4          0     412759   system_stm32f4xx.o
      3102        394          0         64        740      35910   tasks.o
       954        110          0         20         40      14724   timers.o
       412         56          0         12        268       6315   usart.o

    ----------------------------------------------------------------------
     13938       1252        614        680      12960    1034399   Object Totals
         0          0         32          0          0          0   (incl. Generated)
        28          0          0          6          0          0   (incl. Padding)

    ----------------------------------------------------------------------

      Code (inc. data)   RO Data    RW Data    ZI Data      Debug   Library Member Name

        90          0          0          0          0          0   __dczerorl2.o
         8          0          0          0          0         68   __main.o
       312          4         17          0          0         92   __printf_flags_wp.o
        14          0          0          0          0         68   __printf_wp.o
         0          0          0          0          0          0   __rtentry.o
        12          0          0          0          0          0   __rtentry2.o
         6          0          0          0          0          0   __rtentry4.o
        52          8          0          0          0          0   __scatter.o
        28          0          0          0          0          0   __scatter_zi.o
        48          6          0          0          0         96   _printf_char_common.o
        36          4          0          0          0         80   _printf_char_file.o
       120         16          0          0          0         92   _printf_dec.o
         6          0          0          0          0          0   _printf_f.o
      1054          0          0          0          0        216   _printf_fp_dec.o
       128         16          0          0          0         84   _printf_fp_infnan.o
       178          0          0          0          0         88   _printf_intcommon.o
         0          0          0          0          0          0   _printf_percent.o
         4          0          0          0          0          0   _printf_percent_end.o
         6          0          0          0          0          0   _printf_u.o
        16          0          0          0          0         68   aeabi_memset.o
       228          4        148          0          0         96   bigflt0.o
      1936        128          0          0          0        672   btod.o
        18          0          0          0          0         80   exit.o
         8          0          0          0          0         68   ferror.o
         6          0          0          0          0        152   heapauxi.o
        44         10         28          0          0         76   lc_numeric_c.o
         2          0          0          0          0          0   libinit.o
        22          0          0          0          0          0   libinit2.o
         2          0          0          0          0          0   libshutdown.o
         2          0          0          0          0          0   libshutdown2.o
         8          4          0          0         96         68   libspace.o
       138          0          0          0          0         80   lludiv10.o
       238          0          0          0          0        100   lludivv7m.o
        24          4          0          0          0         84   noretval__2printf.o
         8          4          0          0          0         68   rt_locale_intlibspace.o
        68          0          0          0          0         68   rt_memclr.o
        78          0          0          0          0         80   rt_memclr_w.o
       138          0          0          0          0         68   rt_memcpy_v6.o
       100          0          0          0          0         80   rt_memcpy_w.o
         2          0          0          0          0          0   rtexit.o
        10          0          0          0          0          0   rtexit2.o
       128          0          0          0          0         68   strcmpv7m.o
        74          0          0          0          0         80   sys_stackheap_outer.o
         2          0          0          0          0         68   use_no_semi.o
         2          0          0          0          0         68   use_no_semi_2.o
        12          0          0          0          0        116   dretinf.o
        86          4          0          0          0        132   f2d.o
       140          4          0          0          0        132   fnaninf.o
        10          0          0          0          0        116   fpinit.o
         4          0          0          0          0        116   printf1.o
         0          0          0          0          0          0   usenofp.o
        48          0          0          0          0        124   fpclassify.o

    ----------------------------------------------------------------------
      5710        216       4378          0         96       3812   Library Totals
         6          0       4185          0          0          0   (incl. Padding)

    ----------------------------------------------------------------------

      Code (inc. data)   RO Data    RW Data    ZI Data      Debug   Library Name

      5404        208        193          0         96       3076   c_w.l
       252          8          0          0          0        612   fz_wm.l
        48          0          0          0          0        124   m_wm.l

    ----------------------------------------------------------------------
      5710        216       4378          0         96       3812   Library Totals

    ----------------------------------------------------------------------

==============================================================================


      Code (inc. data)   RO Data    RW Data    ZI Data      Debug   

     19648       1468       4992        680      13056    1022895   Grand Totals
     19648       1468       4992        300      13056    1022895   ELF Image Totals (compressed)
     19648       1468       4992        300          0          0   ROM Totals

==============================================================================

    Total RO  Size (Code + RO Data)                24640 (  24.06kB)
    Total RW  Size (RW Data + ZI Data)             13736 (  13.41kB)
    Total ROM Size (Code + RO Data + RW Data)      24940 (  24.36kB)

==============================================================================

