Component: ARM Compiler 5.06 update 7 (build 960) Tool: armlink [4d3601]

==============================================================================

Section Cross References

    startup_stm32f401xe.o(STACK) refers (Special) to heapauxi.o(.text) for __use_two_region_memory
    startup_stm32f401xe.o(HEAP) refers (Special) to heapauxi.o(.text) for __use_two_region_memory
    startup_stm32f401xe.o(RESET) refers (Special) to heapauxi.o(.text) for __use_two_region_memory
    startup_stm32f401xe.o(RESET) refers to startup_stm32f401xe.o(STACK) for __initial_sp
    startup_stm32f401xe.o(RESET) refers to startup_stm32f401xe.o(.text) for Reset_Handler
    startup_stm32f401xe.o(RESET) refers to stm32f4xx_it.o(i.NMI_Handler) for NMI_Handler
    startup_stm32f401xe.o(RESET) refers to stm32f4xx_it.o(i.MemManage_Handler) for MemManage_Handler
    startup_stm32f401xe.o(RESET) refers to stm32f4xx_it.o(i.BusFault_Handler) for BusFault_Handler
    startup_stm32f401xe.o(RESET) refers to stm32f4xx_it.o(i.UsageFault_Handler) for UsageFault_Handler
    startup_stm32f401xe.o(RESET) refers to port.o(.emb_text) for SVC_Handler
    startup_stm32f401xe.o(RESET) refers to delay.o(i.SysTick_Handler) for SysTick_Handler
    startup_stm32f401xe.o(RESET) refers to patch_delay_test.o(i.TIM3_IRQHandler) for TIM3_IRQHandler
    startup_stm32f401xe.o(RESET) refers to usart.o(i.USART2_IRQHandler) for USART2_IRQHandler
    startup_stm32f401xe.o(.text) refers (Special) to heapauxi.o(.text) for __use_two_region_memory
    startup_stm32f401xe.o(.text) refers to stm32f4xx_it.o(i.rt_hw_hard_fault_exception) for rt_hw_hard_fault_exception
    startup_stm32f401xe.o(.text) refers to system_stm32f4xx.o(i.SystemInit) for SystemInit
    startup_stm32f401xe.o(.text) refers to __main.o(!!!main) for __main
    startup_stm32f401xe.o(.text) refers to startup_stm32f401xe.o(HEAP) for Heap_Mem
    startup_stm32f401xe.o(.text) refers to startup_stm32f401xe.o(STACK) for Stack_Mem
    system_stm32f4xx.o(i.SystemCoreClockUpdate) refers to system_stm32f4xx.o(.data) for SystemCoreClock
    system_stm32f4xx.o(i.SystemCoreClockUpdate) refers to system_stm32f4xx.o(.constdata) for AHBPrescTable
    main.o(i.SystemClock_Config) refers to rt_memclr_w.o(.text) for __aeabi_memclr4
    main.o(i.SystemClock_Config) refers to stm32f4xx_hal_rcc.o(i.HAL_RCC_OscConfig) for HAL_RCC_OscConfig
    main.o(i.SystemClock_Config) refers to main.o(i.Error_Handler) for Error_Handler
    main.o(i.SystemClock_Config) refers to stm32f4xx_hal_rcc.o(i.HAL_RCC_ClockConfig) for HAL_RCC_ClockConfig
    main.o(i.main) refers to _printf_percent.o(.ARM.Collect$$_printf_percent$$00000000) for _printf_percent
    main.o(i.main) refers to _printf_d.o(.ARM.Collect$$_printf_percent$$00000009) for _printf_d
    main.o(i.main) refers to _printf_dec.o(.text) for _printf_int_dec
    main.o(i.main) refers to stm32f4xx_hal.o(i.HAL_Init) for HAL_Init
    main.o(i.main) refers to main.o(i.SystemClock_Config) for SystemClock_Config
    main.o(i.main) refers to led.o(i.Led_Init) for Led_Init
    main.o(i.main) refers to delay.o(i.delay_init) for delay_init
    main.o(i.main) refers to usart.o(i.usart_init) for usart_init
    main.o(i.main) refers to max30102.o(i.max30102_init) for max30102_init
    main.o(i.main) refers to noretval__2printf.o(.text) for __2printf
    main.o(i.main) refers to stm32f4xx_hal_gpio.o(i.HAL_GPIO_ReadPin) for HAL_GPIO_ReadPin
    main.o(i.main) refers to max30102.o(i.max30102_FIFO_ReadBytes) for max30102_FIFO_ReadBytes
    main.o(i.main) refers to main.o(.data) for n_ir_buffer_length
    main.o(i.main) refers to main.o(.bss) for aun_red_buffer
    iap.o(i.iap_load_app) refers to sys.o(i.sys_msr_msp) for sys_msr_msp
    iap.o(i.iap_load_app) refers to iap.o(.data) for jump2app
    iap.o(i.iap_write_appbin) refers to flash.o(i.stmflash_write) for stmflash_write
    iap.o(i.iap_write_appbin) refers to iap.o(.bss) for g_iapbuf
    freertos_demo.o(i.debug_monitor_init) refers to freertos_demo.o(i.halting_debug_enabled) for halting_debug_enabled
    freertos_demo.o(i.debug_monitor_init) refers to noretval__2printf.o(.text) for __2printf
    freertos_demo.o(i.debug_monitor_init) refers to freertos_demo.o(i.fpb_enable) for fpb_enable
    freertos_demo.o(i.freertos_demo) refers to tasks.o(i.xTaskCreate) for xTaskCreate
    freertos_demo.o(i.freertos_demo) refers to tasks.o(i.vTaskStartScheduler) for vTaskStartScheduler
    freertos_demo.o(i.freertos_demo) refers to freertos_demo.o(.data) for start_task_handler
    freertos_demo.o(i.freertos_demo) refers to freertos_demo.o(i.start_task) for start_task
    freertos_demo.o(i.ledblinktask) refers to tasks.o(i.vTaskDelay) for vTaskDelay
    freertos_demo.o(i.ledblinktask) refers to led.o(i.Led_ON) for Led_ON
    freertos_demo.o(i.ledblinktask) refers to led.o(i.Led_OFF) for Led_OFF
    freertos_demo.o(i.patchtask) refers to tasks.o(i.vTaskDelay) for vTaskDelay
[...]
    ../clib/printf.c                         0x00000000   Number         0  _printf_hex_ll_ptr.o ABSOLUTE
    ../clib/printf.c                         0x00000000   Number         0  _printf_hex_int_ptr.o ABSOLUTE
    ../clib/printf.c                         0x00000000   Number         0  _printf_hex_ptr.o ABSOLUTE
    ../clib/printf.c                         0x00000000   Number         0  _printf_hex_int_ll.o ABSOLUTE
    ../clib/printf.c                         0x00000000   Number         0  _printf_hex_int.o ABSOLUTE
    ../clib/printf.c                         0x00000000   Number         0  _printf_hex_ll.o ABSOLUTE
    ../clib/printf.c                         0x00000000   Number         0  _printf_dec.o ABSOLUTE
    ../clib/printf.c                         0x00000000   Number         0  _printf_str.o ABSOLUTE
    ../clib/printf.c                         0x00000000   Number         0  _printf_pad.o ABSOLUTE
    ../clib/printf.c                         0x00000000   Number         0  __printf.o ABSOLUTE
    ../clib/printf.c                         0x00000000   Number         0  noretval__2sprintf.o ABSOLUTE
    ../clib/printf.c                         0x00000000   Number         0  __2sprintf.o ABSOLUTE
    ../clib/printf.c                         0x00000000   Number         0  __2printf.o ABSOLUTE
    ../clib/printf.c                         0x00000000   Number         0  noretval__2printf.o ABSOLUTE
    ../clib/printf.c                         0x00000000   Number         0  __printf_nopercent.o ABSOLUTE
    ../clib/printf.c                         0x00000000   Number         0  _printf_fp_infnan.o ABSOLUTE
    ../clib/printf_percent.s                 0x00000000   Number         0  _printf_f.o ABSOLUTE
    ../clib/printf_percent.s                 0x00000000   Number         0  _printf_percent.o ABSOLUTE
    ../clib/printf_percent.s                 0x00000000   Number         0  _printf_c.o ABSOLUTE
    ../clib/printf_percent.s                 0x00000000   Number         0  _printf_percent_end.o ABSOLUTE
    ../clib/printf_percent.s                 0x00000000   Number         0  _printf_d.o ABSOLUTE
    ../clib/printf_percent.s                 0x00000000   Number         0  _printf_x.o ABSOLUTE
    ../clib/printf_percent.s                 0x00000000   Number         0  _printf_u.o ABSOLUTE
    ../clib/signal.c                         0x00000000   Number         0  defsig_general.o ABSOLUTE
    ../clib/signal.c                         0x00000000   Number         0  __raise.o ABSOLUTE
    ../clib/signal.c                         0x00000000   Number         0  defsig_other.o ABSOLUTE
    ../clib/signal.c                         0x00000000   Number         0  defsig_segv_inner.o ABSOLUTE
    ../clib/signal.c                         0x00000000   Number         0  defsig_fpe_inner.o ABSOLUTE
    ../clib/signal.c                         0x00000000   Number         0  defsig_exit.o ABSOLUTE
    ../clib/signal.c                         0x00000000   Number         0  defsig_cppl_inner.o ABSOLUTE
    ../clib/signal.c                         0x00000000   Number         0  defsig_pvfn_inner.o ABSOLUTE
    ../clib/signal.c                         0x00000000   Number         0  defsig_stak_inner.o ABSOLUTE
    ../clib/signal.c                         0x00000000   Number         0  defsig_rtmem_inner.o ABSOLUTE
    ../clib/signal.c                         0x00000000   Number         0  defsig_rtred_inner.o ABSOLUTE
    ../clib/signal.c                         0x00000000   Number         0  defsig_abrt_inner.o ABSOLUTE
    ../clib/signal.c                         0x00000000   Number         0  defsig_rtmem_outer.o ABSOLUTE
    ../clib/signal.c                         0x00000000   Number         0  defsig_rtmem_formal.o ABSOLUTE
    ../clib/signal.c                         0x00000000   Number         0  defsig_fpe_outer.o ABSOLUTE
    ../clib/signal.c                         0x00000000   Number         0  defsig_fpe_formal.o ABSOLUTE
    ../clib/signal.s                         0x00000000   Number         0  defsig.o ABSOLUTE
    ../clib/stdio.c                          0x00000000   Number         0  ferror.o ABSOLUTE
    ../clib/stdio.c                          0x00000000   Number         0  ferror_locked.o ABSOLUTE
    ../clib/stdlib.c                         0x00000000   Number         0  exit.o ABSOLUTE
    ../clib/string.c                         0x00000000   Number         0  strlen.o ABSOLUTE
    ../clib/string.c                         0x00000000   Number         0  strcpy.o ABSOLUTE
    ../fplib/dretinf.s                       0x00000000   Number         0  dretinf.o ABSOLUTE
    ../fplib/f2d.s                           0x00000000   Number         0  f2d.o ABSOLUTE
    ../fplib/fnaninf.s                       0x00000000   Number         0  fnaninf.o ABSOLUTE
    ../fplib/fpinit.s                        0x00000000   Number         0  fpinit.o ABSOLUTE
    ../fplib/istatus.s                       0x00000000   Number         0  istatus.o ABSOLUTE
    ../fplib/printf1.s                       0x00000000   Number         0  printf1.o ABSOLUTE
    ../fplib/usenofp.s                       0x00000000   Number         0  usenofp.o ABSOLUTE
    ../mathlib/fpclassify.c                  0x00000000   Number         0  fpclassify.o ABSOLUTE
    ..\..\Drivers\CMSIS\Device\ST\STM32F4xx\Source\Templates\arm\startup_stm32f401xe.s 0x00000000   Number         0  startup_stm32f401xe.o ABSOLUTE
    ..\..\Drivers\CMSIS\Device\ST\STM32F4xx\Source\Templates\system_stm32f4xx.c 0x00000000   Number         0  system_stm32f4xx.o ABSOLUTE
    ..\..\Drivers\MY_Driver\flash.c          0x00000000   Number         0  flash.o ABSOLUTE
    ..\..\Drivers\MY_Driver\fpb.c            0x00000000   Number         0  fpb.o ABSOLUTE
    ..\..\Drivers\MY_Driver\led.c            0x00000000   Number         0  led.o ABSOLUTE
    ..\..\Drivers\STM32F4xx_HAL_Driver\Src\stm32f4xx_hal.c 0x00000000   Number         0  stm32f4xx_hal.o ABSOLUTE
    ..\..\Drivers\STM32F4xx_HAL_Driver\Src\stm32f4xx_hal_cortex.c 0x00000000   Number         0  stm32f4xx_hal_cortex.o ABSOLUTE
    ..\..\Drivers\STM32F4xx_HAL_Driver\Src\stm32f4xx_hal_dma.c 0x00000000   Number         0  stm32f4xx_hal_dma.o ABSOLUTE
    ..\..\Drivers\STM32F4xx_HAL_Driver\Src\stm32f4xx_hal_dma_ex.c 0x00000000   Number         0  stm32f4xx_hal_dma_ex.o ABSOLUTE
    ..\..\Drivers\STM32F4xx_HAL_Driver\Src\stm32f4xx_hal_flash.c 0x00000000   Number         0  stm32f4xx_hal_flash.o ABSOLUTE
    ..\..\Drivers\STM32F4xx_HAL_Driver\Src\stm32f4xx_hal_flash_ex.c 0x00000000   Number         0  stm32f4xx_hal_flash_ex.o ABSOLUTE
    ..\..\Drivers\STM32F4xx_HAL_Driver\Src\stm32f4xx_hal_flash_ramfunc.c 0x00000000   Number         0  stm32f4xx_hal_flash_ramfunc.o ABSOLUTE
    ..\..\Drivers\STM32F4xx_HAL_Driver\Src\stm32f4xx_hal_gpio.c 0x00000000   Number         0  stm32f4xx_hal_gpio.o ABSOLUTE
    ..\..\Drivers\STM32F4xx_HAL_Driver\Src\stm32f4xx_hal_pwr.c 0x00000000   Number         0  stm32f4xx_hal_pwr.o ABSOLUTE
    ..\..\Drivers\STM32F4xx_HAL_Driver\Src\stm32f4xx_hal_pwr_ex.c 0x00000000   Number         0  stm32f4xx_hal_pwr_ex.o ABSOLUTE
    ..\..\Drivers\STM32F4xx_HAL_Driver\Src\stm32f4xx_hal_rcc.c 0x00000000   Number         0  stm32f4xx_hal_rcc.o ABSOLUTE
    ..\..\Drivers\STM32F4xx_HAL_Driver\Src\stm32f4xx_hal_rcc_ex.c 0x00000000   Number         0  stm32f4xx_hal_rcc_ex.o ABSOLUTE
    ..\..\Drivers\STM32F4xx_HAL_Driver\Src\stm32f4xx_hal_tim.c 0x00000000   Number         0  stm32f4xx_hal_tim.o ABSOLUTE
    ..\..\Drivers\STM32F4xx_HAL_Driver\Src\stm32f4xx_hal_tim_ex.c 0x00000000   Number         0  stm32f4xx_hal_tim_ex.o ABSOLUTE
    ..\..\Drivers\STM32F4xx_HAL_Driver\Src\stm32f4xx_hal_uart.c 0x00000000   Number         0  stm32f4xx_hal_uart.o ABSOLUTE
    ..\..\Drivers\STM32F4xx_HAL_Driver\Src\stm32f4xx_hal_usart.c 0x00000000   Number         0  stm32f4xx_hal_usart.o ABSOLUTE
    ..\..\Drivers\SYSTEM\delay\delay.c       0x00000000   Number         0  delay.o ABSOLUTE
    ..\..\Drivers\SYSTEM\sys\sys.c           0x00000000   Number         0  sys.o ABSOLUTE
    ..\..\Drivers\SYSTEM\usart\usart.c       0x00000000   Number         0  usart.o ABSOLUTE
    ..\..\Middlewares\FreeRTOS\croutine.c    0x00000000   Number         0  croutine.o ABSOLUTE
    ..\..\Middlewares\FreeRTOS\event_groups.c 0x00000000   Number         0  event_groups.o ABSOLUTE
    ..\..\Middlewares\FreeRTOS\list.c        0x00000000   Number         0  list.o ABSOLUTE
    ..\..\Middlewares\FreeRTOS\portable\MemMang\heap_4.c 0x00000000   Number         0  heap_4.o ABSOLUTE
    ..\..\Middlewares\FreeRTOS\portable\RVDS\ARM_CM4F\port.c 0x00000000   Number         0  port.o ABSOLUTE
    ..\..\Middlewares\FreeRTOS\queue.c       0x00000000   Number         0  queue.o ABSOLUTE
    ..\..\Middlewares\FreeRTOS\stream_buffer.c 0x00000000   Number         0  stream_buffer.o ABSOLUTE
    ..\..\Middlewares\FreeRTOS\tasks.c       0x00000000   Number         0  tasks.o ABSOLUTE
    ..\..\Middlewares\FreeRTOS\timers.c      0x00000000   Number         0  timers.o ABSOLUTE
    ..\..\User\algorithm.c                   0x00000000   Number         0  algorithm.o ABSOLUTE
    ..\..\User\freertos_demo.c               0x00000000   Number         0  freertos_demo.o ABSOLUTE
    ..\..\User\freertoscve.c                 0x00000000   Number         0  freertoscve.o ABSOLUTE
    ..\..\User\iap.c                         0x00000000   Number         0  iap.o ABSOLUTE
    ..\..\User\main.c                        0x00000000   Number         0  main.o ABSOLUTE
    ..\..\User\max30102.c                    0x00000000   Number         0  max30102.o ABSOLUTE
    ..\..\User\myiic.c                       0x00000000   Number         0  myiic.o ABSOLUTE
    ..\..\User\patch.c                       0x00000000   Number         0  patch.o ABSOLUTE
    ..\..\User\patch_delay_test.c            0x00000000   Number         0  patch_delay_test.o ABSOLUTE
    ..\..\User\stm32f4xx_it.c                0x00000000   Number         0  stm32f4xx_it.o ABSOLUTE
    ..\\..\\Drivers\\CMSIS\\Device\\ST\\STM32F4xx\\Source\\Templates\\system_stm32f4xx.c 0x00000000   Number         0  system_stm32f4xx.o ABSOLUTE
    ..\\..\\Drivers\\MY_Driver\\flash.c      0x00000000   Number         0  flash.o ABSOLUTE
    ..\\..\\Drivers\\MY_Driver\\fpb.c        0x00000000   Number         0  fpb.o ABSOLUTE
    ..\\..\\Drivers\\MY_Driver\\led.c        0x00000000   Number         0  led.o ABSOLUTE
    ..\\..\\Drivers\\STM32F4xx_HAL_Driver\\Src\\stm32f4xx_hal.c 0x00000000   Number         0  stm32f4xx_hal.o ABSOLUTE
    ..\\..\\Drivers\\STM32F4xx_HAL_Driver\\Src\\stm32f4xx_hal_cortex.c 0x00000000   Number         0  stm32f4xx_hal_cortex.o ABSOLUTE
    ..\\..\\Drivers\\STM32F4xx_HAL_Driver\\Src\\stm32f4xx_hal_dma.c 0x00000000   Number         0  stm32f4xx_hal_dma.o ABSOLUTE
    ..\\..\\Drivers\\STM32F4xx_HAL_Driver\\Src\\stm32f4xx_hal_dma_ex.c 0x00000000   Number         0  stm32f4xx_hal_dma_ex.o ABSOLUTE
    ..\\..\\Drivers\\STM32F4xx_HAL_Driver\\Src\\stm32f4xx_hal_flash.c 0x00000000   Number         0  stm32f4xx_hal_flash.o ABSOLUTE
    ..\\..\\Drivers\\STM32F4xx_HAL_Driver\\Src\\stm32f4xx_hal_flash_ex.c 0x00000000   Number         0  stm32f4xx_hal_flash_ex.o ABSOLUTE
    ..\\..\\Drivers\\STM32F4xx_HAL_Driver\\Src\\stm32f4xx_hal_flash_ramfunc.c 0x00000000   Number         0  stm32f4xx_hal_flash_ramfunc.o ABSOLUTE
    ..\\..\\Drivers\\STM32F4xx_HAL_Driver\\Src\\stm32f4xx_hal_gpio.c 0x00000000   Number         0  stm32f4xx_hal_gpio.o ABSOLUTE
    ..\\..\\Drivers\\STM32F4xx_HAL_Driver\\Src\\stm32f4xx_hal_pwr.c 0x00000000   Number         0  stm32f4xx_hal_pwr.o ABSOLUTE
    ..\\..\\Drivers\\STM32F4xx_HAL_Driver\\Src\\stm32f4xx_hal_pwr_ex.c 0x00000000   Number         0  stm32f4xx_hal_pwr_ex.o ABSOLUTE
    ..\\..\\Drivers\\STM32F4xx_HAL_Driver\\Src\\stm32f4xx_hal_rcc.c 0x00000000   Number         0  stm32f4xx_hal_rcc.o ABSOLUTE
    ..\\..\\Drivers\\STM32F4xx_HAL_Driver\\Src\\stm32f4xx_hal_rcc_ex.c 0x00000000   Number         0  stm32f4xx_hal_rcc_ex.o ABSOLUTE
    ..\\..\\Drivers\\STM32F4xx_HAL_Driver\\Src\\stm32f4xx_hal_tim.c 0x00000000   Number         0  stm32f4xx_hal_tim.o ABSOLUTE
    ..\\..\\Drivers\\STM32F4xx_HAL_Driver\\Src\\stm32f4xx_hal_tim_ex.c 0x00000000   Number         0  stm32f4xx_hal_tim_ex.o ABSOLUTE
    ..\\..\\Drivers\\STM32F4xx_HAL_Driver\\Src\\stm32f4xx_hal_uart.c 0x00000000   Number         0  stm32f4xx_hal_uart.o ABSOLUTE
    ..\\..\\Drivers\\STM32F4xx_HAL_Driver\\Src\\stm32f4xx_hal_usart.c 0x00000000   Number         0  stm32f4xx_hal_usart.o ABSOLUTE
    ..\\..\\Drivers\\SYSTEM\\delay\\delay.c  0x00000000   Number         0  delay.o ABSOLUTE
    ..\\..\\Drivers\\SYSTEM\\sys\\sys.c      0x00000000   Number         0  sys.o ABSOLUTE
    ..\\..\\Drivers\\SYSTEM\\usart\\usart.c  0x00000000   Number         0  usart.o ABSOLUTE
    ..\\..\\Middlewares\\FreeRTOS\\croutine.c 0x00000000   Number         0  croutine.o ABSOLUTE
    ..\\..\\Middlewares\\FreeRTOS\\event_groups.c 0x00000000   Number         0  event_groups.o ABSOLUTE
    ..\\..\\Middlewares\\FreeRTOS\\list.c    0x00000000   Number         0  list.o ABSOLUTE
    ..\\..\\Middlewares\\FreeRTOS\\portable\\MemMang\\heap_4.c 0x00000000   Number         0  heap_4.o ABSOLUTE
    ..\\..\\Middlewares\\FreeRTOS\\portable\\RVDS\\ARM_CM4F\\port.c 0x00000000   Number         0  port.o ABSOLUTE
    ..\\..\\Middlewares\\FreeRTOS\\queue.c   0x00000000   Number         0  queue.o ABSOLUTE
    ..\\..\\Middlewares\\FreeRTOS\\stream_buffer.c 0x00000000   Number         0  stream_buffer.o ABSOLUTE
    ..\\..\\Middlewares\\FreeRTOS\\tasks.c   0x00000000   Number         0  tasks.o ABSOLUTE
    ..\\..\\Middlewares\\FreeRTOS\\timers.c  0x00000000   Number         0  timers.o ABSOLUTE
    ..\\..\\User\\algorithm.c                0x00000000   Number         0  algorithm.o ABSOLUTE
    ..\\..\\User\\freertos_demo.c            0x00000000   Number         0  freertos_demo.o ABSOLUTE
    ..\\..\\User\\freertoscve.c              0x00000000   Number         0  freertoscve.o ABSOLUTE
    ..\\..\\User\\iap.c                      0x00000000   Number         0  iap.o ABSOLUTE
    ..\\..\\User\\main.c                     0x00000000   Number         0  main.o ABSOLUTE
    ..\\..\\User\\max30102.c                 0x00000000   Number         0  max30102.o ABSOLUTE
    ..\\..\\User\\myiic.c                    0x00000000   Number         0  myiic.o ABSOLUTE
    ..\\..\\User\\patch.c                    0x00000000   Number         0  patch.o ABSOLUTE
    ..\\..\\User\\patch_delay_test.c         0x00000000   Number         0  patch_delay_test.o ABSOLUTE
    ..\\..\\User\\stm32f4xx_it.c             0x00000000   Number         0  stm32f4xx_it.o ABSOLUTE
    dc.s                                     0x00000000   Number         0  dc.o ABSOLUTE
    RESET                                    0x08000000   Section      404  startup_stm32f401xe.o(RESET)
    !!!main                                  0x08000194   Section        8  __main.o(!!!main)
    !!!scatter                               0x0800019c   Section       52  __scatter.o(!!!scatter)
    !!handler_copy                           0x080001d0   Section       26  __scatter_copy.o(!!handler_copy)
    !!handler_zi                             0x080001ec   Section       28  __scatter_zi.o(!!handler_zi)
    .ARM.Collect$$_printf_percent$$00000000  0x08000208   Section        0  _printf_percent.o(.ARM.Collect$$_printf_percent$$00000000)
    .ARM.Collect$$_printf_percent$$00000009  0x08000208   Section        6  _printf_d.o(.ARM.Collect$$_printf_percent$$00000009)
    .ARM.Collect$$_printf_percent$$00000017  0x0800020e   Section        4  _printf_percent_end.o(.ARM.Collect$$_printf_percent$$00000017)
    .ARM.Collect$$libinit$$00000000          0x08000212   Section        2  libinit.o(.ARM.Collect$$libinit$$00000000)
    .ARM.Collect$$libinit$$00000001          0x08000214   Section        4  libinit2.o(.ARM.Collect$$libinit$$00000001)
    .ARM.Collect$$libinit$$00000004          0x08000218   Section        0  libinit2.o(.ARM.Collect$$libinit$$00000004)
    .ARM.Collect$$libinit$$0000000A          0x08000218   Section        0  libinit2.o(.ARM.Collect$$libinit$$0000000A)
    .ARM.Collect$$libinit$$0000000C          0x08000218   Section        0  libinit2.o(.ARM.Collect$$libinit$$0000000C)
    .ARM.Collect$$libinit$$0000000E          0x08000218   Section        0  libinit2.o(.ARM.Collect$$libinit$$0000000E)
    .ARM.Collect$$libinit$$00000011          0x08000218   Section        0  libinit2.o(.ARM.Collect$$libinit$$00000011)
    .ARM.Collect$$libinit$$00000013          0x08000218   Section        0  libinit2.o(.ARM.Collect$$libinit$$00000013)
    .ARM.Collect$$libinit$$00000015          0x08000218   Section        0  libinit2.o(.ARM.Collect$$libinit$$00000015)
    .ARM.Collect$$libinit$$00000017          0x08000218   Section        0  libinit2.o(.ARM.Collect$$libinit$$00000017)
    .ARM.Collect$$libinit$$00000019          0x08000218   Section        0  libinit2.o(.ARM.Collect$$libinit$$00000019)
    .ARM.Collect$$libinit$$0000001B          0x08000218   Section        0  libinit2.o(.ARM.Collect$$libinit$$0000001B)
    .ARM.Collect$$libinit$$0000001D          0x08000218   Section        0  libinit2.o(.ARM.Collect$$libinit$$0000001D)
    .ARM.Collect$$libinit$$0000001F          0x08000218   Section        0  libinit2.o(.ARM.Collect$$libinit$$0000001F)
    .ARM.Collect$$libinit$$00000021          0x08000218   Section        0  libinit2.o(.ARM.Collect$$libinit$$00000021)
    .ARM.Collect$$libinit$$00000023          0x08000218   Section        0  libinit2.o(.ARM.Collect$$libinit$$00000023)
    .ARM.Collect$$libinit$$00000025          0x08000218   Section        0  libinit2.o(.ARM.Collect$$libinit$$00000025)
    .ARM.Collect$$libinit$$0000002C          0x08000218   Section        0  libinit2.o(.ARM.Collect$$libinit$$0000002C)
    .ARM.Collect$$libinit$$0000002E          0x08000218   Section        0  libinit2.o(.ARM.Collect$$libinit$$0000002E)
    .ARM.Collect$$libinit$$00000030          0x08000218   Section        0  libinit2.o(.ARM.Collect$$libinit$$00000030)
    .ARM.Collect$$libinit$$00000032          0x08000218   Section        0  libinit2.o(.ARM.Collect$$libinit$$00000032)
    .ARM.Collect$$libinit$$00000033          0x08000218   Section        2  libinit2.o(.ARM.Collect$$libinit$$00000033)
    .ARM.Collect$$libshutdown$$00000000      0x0800021a   Section        2  libshutdown.o(.ARM.Collect$$libshutdown$$00000000)
    .ARM.Collect$$libshutdown$$00000002      0x0800021c   Section        0  libshutdown2.o(.ARM.Collect$$libshutdown$$00000002)
    .ARM.Collect$$libshutdown$$00000004      0x0800021c   Section        0  libshutdown2.o(.ARM.Collect$$libshutdown$$00000004)
    .ARM.Collect$$libshutdown$$00000006      0x0800021c   Section        0  libshutdown2.o(.ARM.Collect$$libshutdown$$00000006)
    .ARM.Collect$$libshutdown$$00000009      0x0800021c   Section        0  libshutdown2.o(.ARM.Collect$$libshutdown$$00000009)
    .ARM.Collect$$libshutdown$$0000000C      0x0800021c   Section        0  libshutdown2.o(.ARM.Collect$$libshutdown$$0000000C)
    .ARM.Collect$$libshutdown$$0000000E      0x0800021c   Section        0  libshutdown2.o(.ARM.Collect$$libshutdown$$0000000E)
    .ARM.Collect$$libshutdown$$00000011      0x0800021c   Section        0  libshutdown2.o(.ARM.Collect$$libshutdown$$00000011)
    .ARM.Collect$$libshutdown$$00000012      0x0800021c   Section        2  libshutdown2.o(.ARM.Collect$$libshutdown$$00000012)
    .ARM.Collect$$rtentry$$00000000          0x0800021e   Section        0  __rtentry.o(.ARM.Collect$$rtentry$$00000000)
    .ARM.Collect$$rtentry$$00000002          0x0800021e   Section        0  __rtentry2.o(.ARM.Collect$$rtentry$$00000002)
    .ARM.Collect$$rtentry$$00000004          0x0800021e   Section        6  __rtentry4.o(.ARM.Collect$$rtentry$$00000004)
    .ARM.Collect$$rtentry$$00000009          0x08000224   Section        0  __rtentry2.o(.ARM.Collect$$rtentry$$00000009)
    .ARM.Collect$$rtentry$$0000000A          0x08000224   Section        4  __rtentry2.o(.ARM.Collect$$rtentry$$0000000A)
    .ARM.Collect$$rtentry$$0000000C          0x08000228   Section        0  __rtentry2.o(.ARM.Collect$$rtentry$$0000000C)
    .ARM.Collect$$rtentry$$0000000D          0x08000228   Section        8  __rtentry2.o(.ARM.Collect$$rtentry$$0000000D)
    .ARM.Collect$$rtexit$$00000000           0x08000230   Section        2  rtexit.o(.ARM.Collect$$rtexit$$00000000)
    .ARM.Collect$$rtexit$$00000002           0x08000232   Section        0  rtexit2.o(.ARM.Collect$$rtexit$$00000002)
    .ARM.Collect$$rtexit$$00000003           0x08000232   Section        4  rtexit2.o(.ARM.Collect$$rtexit$$00000003)
    .ARM.Collect$$rtexit$$00000004           0x08000236   Section        6  rtexit2.o(.ARM.Collect$$rtexit$$00000004)
    .emb_text                                0x0800023c   Section      190  port.o(.emb_text)
    $v0                                      0x0800023c   Number         0  port.o(.emb_text)
    .text                                    0x080002fc   Section      216  startup_stm32f401xe.o(.text)
    $v0                                      0x080002fc   Number         0  startup_stm32f401xe.o(.text)
    .text                                    0x080003d4   Section        2  use_no_semi_2.o(.text)
    .text                                    0x080003d6   Section      238  lludivv7m.o(.text)
    .text                                    0x080004c4   Section        0  noretval__2printf.o(.text)
    .text                                    0x080004dc   Section        0  _printf_dec.o(.text)
    .text                                    0x08000554   Section        0  __printf_flags_wp.o(.text)
    .text                                    0x0800068c   Section       78  rt_memclr_w.o(.text)
    .text                                    0x080006da   Section        0  heapauxi.o(.text)
    .text                                    0x080006e0   Section        2  use_no_semi.o(.text)
    .text                                    0x080006e2   Section        0  _printf_intcommon.o(.text)
    .text                                    0x08000794   Section        0  _printf_char_common.o(.text)
    _printf_input_char                       0x08000795   Thumb Code    10  _printf_char_common.o(.text)
    .text                                    0x080007c4   Section        0  _printf_char_file.o(.text)
    .text                                    0x080007e8   Section        0  ferror.o(.text)
    .text                                    0x080007f0   Section        8  libspace.o(.text)
    .text                                    0x080007f8   Section       74  sys_stackheap_outer.o(.text)
    .text                                    0x08000842   Section        0  exit.o(.text)
    i.BusFault_Handler                       0x08000854   Section        0  stm32f4xx_it.o(i.BusFault_Handler)
    i.Error_Handler                          0x08000858   Section        0  main.o(i.Error_Handler)
    i.HAL_DMA_Abort                          0x0800085e   Section        0  stm32f4xx_hal_dma.o(i.HAL_DMA_Abort)
    i.HAL_DMA_Abort_IT                       0x08000908   Section        0  stm32f4xx_hal_dma.o(i.HAL_DMA_Abort_IT)
    i.HAL_GPIO_Init                          0x08000930   Section        0  stm32f4xx_hal_gpio.o(i.HAL_GPIO_Init)
    i.HAL_GPIO_ReadPin                       0x08000b08   Section        0  stm32f4xx_hal_gpio.o(i.HAL_GPIO_ReadPin)
    i.HAL_GPIO_WritePin                      0x08000b18   Section        0  stm32f4xx_hal_gpio.o(i.HAL_GPIO_WritePin)
    i.HAL_GetTick                            0x08000b24   Section        0  stm32f4xx_hal.o(i.HAL_GetTick)
    i.HAL_IncTick                            0x08000b30   Section        0  stm32f4xx_hal.o(i.HAL_IncTick)
    i.HAL_Init                               0x08000b48   Section        0  stm32f4xx_hal.o(i.HAL_Init)
    i.HAL_InitTick                           0x08000b84   Section        0  stm32f4xx_hal.o(i.HAL_InitTick)
    i.HAL_MspInit                            0x08000bd0   Section        0  stm32f4xx_hal.o(i.HAL_MspInit)
    i.HAL_NVIC_EnableIRQ                     0x08000bd2   Section        0  stm32f4xx_hal_cortex.o(i.HAL_NVIC_EnableIRQ)
    i.HAL_NVIC_SetPriority                   0x08000bf2   Section        0  stm32f4xx_hal_cortex.o(i.HAL_NVIC_SetPriority)
    i.HAL_NVIC_SetPriorityGrouping           0x08000c70   Section        0  stm32f4xx_hal_cortex.o(i.HAL_NVIC_SetPriorityGrouping)
    i.HAL_RCC_ClockConfig                    0x08000c98   Section        0  stm32f4xx_hal_rcc.o(i.HAL_RCC_ClockConfig)
    i.HAL_RCC_GetHCLKFreq                    0x08000e1c   Section        0  stm32f4xx_hal_rcc.o(i.HAL_RCC_GetHCLKFreq)
    i.HAL_RCC_GetPCLK1Freq                   0x08000e28   Section        0  stm32f4xx_hal_rcc.o(i.HAL_RCC_GetPCLK1Freq)
    i.HAL_RCC_GetPCLK2Freq                   0x08000e48   Section        0  stm32f4xx_hal_rcc.o(i.HAL_RCC_GetPCLK2Freq)
    i.HAL_RCC_GetSysClockFreq                0x08000e68   Section        0  stm32f4xx_hal_rcc.o(i.HAL_RCC_GetSysClockFreq)
    i.HAL_RCC_OscConfig                      0x08000f18   Section        0  stm32f4xx_hal_rcc.o(i.HAL_RCC_OscConfig)
    i.HAL_SYSTICK_CLKSourceConfig            0x080013b4   Section        0  stm32f4xx_hal_cortex.o(i.HAL_SYSTICK_CLKSourceConfig)
    i.HAL_SYSTICK_Config                     0x080013dc   Section        0  stm32f4xx_hal_cortex.o(i.HAL_SYSTICK_Config)
    i.HAL_TIMEx_BreakCallback                0x08001410   Section        0  stm32f4xx_hal_tim_ex.o(i.HAL_TIMEx_BreakCallback)
    i.HAL_TIMEx_CommutCallback               0x08001412   Section        0  stm32f4xx_hal_tim_ex.o(i.HAL_TIMEx_CommutCallback)
    i.HAL_TIM_IC_CaptureCallback             0x08001414   Section        0  stm32f4xx_hal_tim.o(i.HAL_TIM_IC_CaptureCallback)
    i.HAL_TIM_IRQHandler                     0x08001416   Section        0  stm32f4xx_hal_tim.o(i.HAL_TIM_IRQHandler)
    i.HAL_TIM_OC_DelayElapsedCallback        0x080015ac   Section        0  stm32f4xx_hal_tim.o(i.HAL_TIM_OC_DelayElapsedCallback)
    i.HAL_TIM_PWM_PulseFinishedCallback      0x080015ae   Section        0  stm32f4xx_hal_tim.o(i.HAL_TIM_PWM_PulseFinishedCallback)
    i.HAL_TIM_PeriodElapsedCallback          0x080015b0   Section        0  patch_delay_test.o(i.HAL_TIM_PeriodElapsedCallback)
    i.HAL_TIM_TriggerCallback                0x080015cc   Section        0  stm32f4xx_hal_tim.o(i.HAL_TIM_TriggerCallback)
    i.HAL_UARTEx_RxEventCallback             0x080015ce   Section        0  stm32f4xx_hal_uart.o(i.HAL_UARTEx_RxEventCallback)
    i.HAL_UART_ErrorCallback                 0x080015d0   Section        0  stm32f4xx_hal_uart.o(i.HAL_UART_ErrorCallback)
    i.HAL_UART_GetState                      0x080015d2   Section        0  stm32f4xx_hal_uart.o(i.HAL_UART_GetState)
    i.HAL_UART_IRQHandler                    0x080015e8   Section        0  stm32f4xx_hal_uart.o(i.HAL_UART_IRQHandler)
    i.HAL_UART_Init                          0x08001838   Section        0  stm32f4xx_hal_uart.o(i.HAL_UART_Init)
    i.HAL_UART_MspInit                       0x080018ac   Section        0  usart.o(i.HAL_UART_MspInit)
    i.HAL_UART_Receive_IT                    0x08001974   Section        0  stm32f4xx_hal_uart.o(i.HAL_UART_Receive_IT)
    i.HAL_UART_RxCpltCallback                0x080019b8   Section        0  usart.o(i.HAL_UART_RxCpltCallback)
    i.HAL_UART_TxCpltCallback                0x080019f0   Section        0  stm32f4xx_hal_uart.o(i.HAL_UART_TxCpltCallback)
    i.Led_Init                               0x080019f4   Section        0  led.o(i.Led_Init)
    i.MemManage_Handler                      0x08001a8c   Section        0  stm32f4xx_it.o(i.MemManage_Handler)
    i.NMI_Handler                            0x08001a90   Section        0  stm32f4xx_it.o(i.NMI_Handler)
    i.SysTick_Handler                        0x08001a92   Section        0  delay.o(i.SysTick_Handler)
    i.SystemClock_Config                     0x08001aa8   Section        0  main.o(i.SystemClock_Config)
    i.SystemInit                             0x08001b5c   Section        0  system_stm32f4xx.o(i.SystemInit)
    i.TIM3_IRQHandler                        0x08001b70   Section        0  patch_delay_test.o(i.TIM3_IRQHandler)
    i.UART_DMAAbortOnError                   0x08001b80   Section        0  stm32f4xx_hal_uart.o(i.UART_DMAAbortOnError)
    UART_DMAAbortOnError                     0x08001b81   Thumb Code    20  stm32f4xx_hal_uart.o(i.UART_DMAAbortOnError)
    i.UART_EndRxTransfer                     0x08001b94   Section        0  stm32f4xx_hal_uart.o(i.UART_EndRxTransfer)
    UART_EndRxTransfer                       0x08001b95   Thumb Code    54  stm32f4xx_hal_uart.o(i.UART_EndRxTransfer)
    i.UART_EndTransmit_IT                    0x08001bca   Section        0  stm32f4xx_hal_uart.o(i.UART_EndTransmit_IT)
    UART_EndTransmit_IT                      0x08001bcb   Thumb Code    32  stm32f4xx_hal_uart.o(i.UART_EndTransmit_IT)
    i.UART_Receive_IT                        0x08001bea   Section        0  stm32f4xx_hal_uart.o(i.UART_Receive_IT)
    UART_Receive_IT                          0x08001beb   Thumb Code   190  stm32f4xx_hal_uart.o(i.UART_Receive_IT)
    i.UART_SetConfig                         0x08001ca8   Section        0  stm32f4xx_hal_uart.o(i.UART_SetConfig)
    UART_SetConfig                           0x08001ca9   Thumb Code   546  stm32f4xx_hal_uart.o(i.UART_SetConfig)
    i.UART_Start_Receive_IT                  0x08001ed4   Section        0  stm32f4xx_hal_uart.o(i.UART_Start_Receive_IT)
    i.UART_Transmit_IT                       0x08001f1a   Section        0  stm32f4xx_hal_uart.o(i.UART_Transmit_IT)
    UART_Transmit_IT                         0x08001f1b   Thumb Code    96  stm32f4xx_hal_uart.o(i.UART_Transmit_IT)
    i.USART2_IRQHandler                      0x08001f7c   Section        0  usart.o(i.USART2_IRQHandler)
    i.UsageFault_Handler                     0x08001fcc   Section        0  stm32f4xx_it.o(i.UsageFault_Handler)
    i.__NVIC_GetPriorityGrouping             0x08001fd0   Section        0  stm32f4xx_hal_cortex.o(i.__NVIC_GetPriorityGrouping)
    __NVIC_GetPriorityGrouping               0x08001fd1   Thumb Code    10  stm32f4xx_hal_cortex.o(i.__NVIC_GetPriorityGrouping)
    i.__NVIC_SetPriority                     0x08001fe0   Section        0  stm32f4xx_hal_cortex.o(i.__NVIC_SetPriority)
    __NVIC_SetPriority                       0x08001fe1   Thumb Code    32  stm32f4xx_hal_cortex.o(i.__NVIC_SetPriority)
    i._is_digit                              0x08002008   Section        0  __printf_wp.o(i._is_digit)
    i._sys_exit                              0x08002016   Section        0  usart.o(i._sys_exit)
    i.delay_init                             0x0800201c   Section        0  delay.o(i.delay_init)
    i.delay_us                               0x08002054   Section        0  delay.o(i.delay_us)
    i.fputc                                  0x0800209c   Section        0  usart.o(i.fputc)
    i.iic_ack                                0x080020b8   Section        0  myiic.o(i.iic_ack)
    i.iic_delay                              0x0800210c   Section        0  myiic.o(i.iic_delay)
    iic_delay                                0x0800210d   Thumb Code    10  myiic.o(i.iic_delay)
    i.iic_init                               0x08002118   Section        0  myiic.o(i.iic_init)
    i.iic_nack                               0x0800219c   Section        0  myiic.o(i.iic_nack)
    i.iic_read_byte                          0x080021dc   Section        0  myiic.o(i.iic_read_byte)
    i.iic_send_byte                          0x0800223c   Section        0  myiic.o(i.iic_send_byte)
    i.iic_start                              0x080022ac   Section        0  myiic.o(i.iic_start)
    i.iic_stop                               0x080022fc   Section        0  myiic.o(i.iic_stop)
    i.iic_wait_ack                           0x0800233c   Section        0  myiic.o(i.iic_wait_ack)
    i.main                                   0x080023a4   Section        0  main.o(i.main)
    i.max30102_Bus_Read                      0x0800261c   Section        0  max30102.o(i.max30102_Bus_Read)
    i.max30102_Bus_Write                     0x0800266e   Section        0  max30102.o(i.max30102_Bus_Write)
    i.max30102_FIFO_ReadBytes                0x080026b2   Section        0  max30102.o(i.max30102_FIFO_ReadBytes)
    i.max30102_init                          0x08002732   Section        0  max30102.o(i.max30102_init)
    i.max30102_reset                         0x08002796   Section        0  max30102.o(i.max30102_reset)
    i.prvResetNextTaskUnblockTime            0x080027ac   Section        0  tasks.o(i.prvResetNextTaskUnblockTime)
    prvResetNextTaskUnblockTime              0x080027ad   Thumb Code    40  tasks.o(i.prvResetNextTaskUnblockTime)
    i.rt_hw_hard_fault_exception             0x080027dc   Section        0  stm32f4xx_it.o(i.rt_hw_hard_fault_exception)
    i.usart_init                             0x080027fc   Section        0  usart.o(i.usart_init)
    i.vTaskSwitchContext                     0x08002828   Section        0  tasks.o(i.vTaskSwitchContext)
    i.xPortSysTickHandler                    0x080028a0   Section        0  port.o(i.xPortSysTickHandler)
    i.xTaskGetSchedulerState                 0x080028d4   Section        0  tasks.o(i.xTaskGetSchedulerState)
    i.xTaskIncrementTick                     0x080028f4   Section        0  tasks.o(i.xTaskIncrementTick)
    x$fpl$fpinit                             0x08002a9c   Section       10  fpinit.o(x$fpl$fpinit)
    $v0                                      0x08002a9c   Number         0  fpinit.o(x$fpl$fpinit)
    .constdata                               0x08002aa6   Section       24  system_stm32f4xx.o(.constdata)
    .constdata                               0x08002abe   Section       17  __printf_flags_wp.o(.constdata)
    maptable                                 0x08002abe   Data          17  __printf_flags_wp.o(.constdata)
    .data                                    0x20000000   Section        4  system_stm32f4xx.o(.data)
    .data                                    0x20000004   Section       33  main.o(.data)
    .data                                    0x20000028   Section       16  patch_delay_test.o(.data)
    ticks_per_us                             0x20000028   Data           4  patch_delay_test.o(.data)
    .data                                    0x20000038   Section        9  stm32f4xx_hal.o(.data)
    .data                                    0x20000044   Section        4  delay.o(.data)
    g_fac_us                                 0x20000044   Data           4  delay.o(.data)
    .data                                    0x20000048   Section       12  usart.o(.data)
    .data                                    0x20000054   Section       64  tasks.o(.data)
    pxDelayedTaskList                        0x20000058   Data           4  tasks.o(.data)
    pxOverflowDelayedTaskList                0x2000005c   Data           4  tasks.o(.data)
    uxDeletedTasksWaitingCleanUp             0x20000060   Data           4  tasks.o(.data)
    uxCurrentNumberOfTasks                   0x20000064   Data           4  tasks.o(.data)
    xTickCount                               0x20000068   Data           4  tasks.o(.data)
    uxTopReadyPriority                       0x2000006c   Data           4  tasks.o(.data)
    xSchedulerRunning                        0x20000070   Data           4  tasks.o(.data)
    xPendedTicks                             0x20000074   Data           4  tasks.o(.data)
    xYieldPending                            0x20000078   Data           4  tasks.o(.data)
    xNumOfOverflows                          0x2000007c   Data           4  tasks.o(.data)
    uxTaskNumber                             0x20000080   Data           4  tasks.o(.data)
    xNextTaskUnblockTime                     0x20000084   Data           4  tasks.o(.data)
    xIdleTaskHandle                          0x20000088   Data           4  tasks.o(.data)
    uxSchedulerSuspended                     0x20000090   Data           4  tasks.o(.data)
    .bss                                     0x20000094   Section     4000  main.o(.bss)
    .bss                                     0x20001034   Section       72  patch_delay_test.o(.bss)
    .bss                                     0x2000107c   Section      268  usart.o(.bss)
    .bss                                     0x20001188   Section      740  tasks.o(.bss)
    pxReadyTasksLists                        0x20001188   Data         640  tasks.o(.bss)
    xDelayedTaskList1                        0x20001408   Data          20  tasks.o(.bss)
    xDelayedTaskList2                        0x2000141c   Data          20  tasks.o(.bss)
    xPendingReadyList                        0x20001430   Data          20  tasks.o(.bss)
    xTasksWaitingTermination                 0x20001444   Data          20  tasks.o(.bss)
    xSuspendedTaskList                       0x20001458   Data          20  tasks.o(.bss)
    .bss                                     0x2000146c   Section       96  libspace.o(.bss)
    HEAP                                     0x200014d0   Section      512  startup_stm32f401xe.o(HEAP)
    Heap_Mem                                 0x200014d0   Data         512  startup_stm32f401xe.o(HEAP)
    STACK                                    0x200016d0   Section     1024  startup_stm32f401xe.o(STACK)
    Stack_Mem                                0x200016d0   Data        1024  startup_stm32f401xe.o(STACK)
    __initial_sp                             0x20001ad0   Data           0  startup_stm32f401xe.o(STACK)

    Global Symbols

    Symbol Name                              Value     Ov Type        Size  Object(Section)

    BuildAttributes$$THM_ISAv4$E$P$D$K$B$S$7EM$VFPi3$EXTD16$VFPS$VFMA$PE$A:L22UL41UL21$X:L11$S22US41US21$IEEE1$IW$USESV6$~STKCKD$USESV7$~SHL$OTIME$ROPI$IEEEJ$EBA8$UX$STANDARDLIB$REQ8$PRES8$EABIv2 0x00000000   Number         0  anon$$obj.o ABSOLUTE
    __ARM_use_no_argv                        0x00000000   Number         0  main.o ABSOLUTE
    _printf_flags                            0x00000000   Number         0  printf_stubs.o ABSOLUTE
    _printf_return_value                     0x00000000   Number         0  printf_stubs.o ABSOLUTE
    _printf_sizespec                         0x00000000   Number         0  printf_stubs.o ABSOLUTE
    _printf_widthprec                        0x00000000   Number         0  printf_stubs.o ABSOLUTE
    __ARM_exceptions_init                     - Undefined Weak Reference
    __alloca_initialize                       - Undefined Weak Reference
    __arm_fini_                               - Undefined Weak Reference
    __arm_preinit_                            - Undefined Weak Reference
    __cpp_initialize__aeabi_                  - Undefined Weak Reference
    __cxa_finalize                            - Undefined Weak Reference
    __sigvec_lookup                           - Undefined Weak Reference
    _atexit_init                              - Undefined Weak Reference
    _call_atexit_fns                          - Undefined Weak Reference
    _clock_init                               - Undefined Weak Reference
    _fp_trap_init                             - Undefined Weak Reference
    _fp_trap_shutdown                         - Undefined Weak Reference
    _get_lc_collate                           - Undefined Weak Reference
    _get_lc_ctype                             - Undefined Weak Reference
    _get_lc_monetary                          - Undefined Weak Reference
    _get_lc_time                              - Undefined Weak Reference
    _getenv_init                              - Undefined Weak Reference
    _handle_redirection                       - Undefined Weak Reference
    _init_alloc                               - Undefined Weak Reference
    _init_user_alloc                          - Undefined Weak Reference
    _initio                                   - Undefined Weak Reference
    _mutex_acquire                            - Undefined Weak Reference
    _mutex_release                            - Undefined Weak Reference
    _printf_mbtowc                            - Undefined Weak Reference
    _printf_truncate_signed                   - Undefined Weak Reference
    _printf_truncate_unsigned                 - Undefined Weak Reference
    _rand_init                                - Undefined Weak Reference
    _signal_finish                            - Undefined Weak Reference
    _signal_init                              - Undefined Weak Reference
    _terminate_alloc                          - Undefined Weak Reference
    _terminate_user_alloc                     - Undefined Weak Reference
    _terminateio                              - Undefined Weak Reference
    __Vectors_Size                           0x00000194   Number         0  startup_stm32f401xe.o ABSOLUTE
    __Vectors                                0x08000000   Data           4  startup_stm32f401xe.o(RESET)
    __Vectors_End                            0x08000194   Data           0  startup_stm32f401xe.o(RESET)
    __main                                   0x08000195   Thumb Code     8  __main.o(!!!main)
    __scatterload                            0x0800019d   Thumb Code     0  __scatter.o(!!!scatter)
    __scatterload_rt2                        0x0800019d   Thumb Code    44  __scatter.o(!!!scatter)
    __scatterload_rt2_thumb_only             0x0800019d   Thumb Code     0  __scatter.o(!!!scatter)
    __scatterload_null                       0x080001ab   Thumb Code     0  __scatter.o(!!!scatter)
    __scatterload_copy                       0x080001d1   Thumb Code    26  __scatter_copy.o(!!handler_copy)
    __scatterload_zeroinit                   0x080001ed   Thumb Code    28  __scatter_zi.o(!!handler_zi)
    _printf_d                                0x08000209   Thumb Code     0  _printf_d.o(.ARM.Collect$$_printf_percent$$00000009)
    _printf_percent                          0x08000209   Thumb Code     0  _printf_percent.o(.ARM.Collect$$_printf_percent$$00000000)
    _printf_percent_end                      0x0800020f   Thumb Code     0  _printf_percent_end.o(.ARM.Collect$$_printf_percent$$00000017)
    __rt_lib_init                            0x08000213   Thumb Code     0  libinit.o(.ARM.Collect$$libinit$$00000000)
    __rt_lib_init_fp_1                       0x08000215   Thumb Code     0  libinit2.o(.ARM.Collect$$libinit$$00000001)
    __rt_lib_init_alloca_1                   0x08000219   Thumb Code     0  libinit2.o(.ARM.Collect$$libinit$$0000002E)
    __rt_lib_init_argv_1                     0x08000219   Thumb Code     0  libinit2.o(.ARM.Collect$$libinit$$0000002C)
    __rt_lib_init_atexit_1                   0x08000219   Thumb Code     0  libinit2.o(.ARM.Collect$$libinit$$0000001B)
    __rt_lib_init_clock_1                    0x08000219   Thumb Code     0  libinit2.o(.ARM.Collect$$libinit$$00000021)
    __rt_lib_init_cpp_1                      0x08000219   Thumb Code     0  libinit2.o(.ARM.Collect$$libinit$$00000032)
    __rt_lib_init_exceptions_1               0x08000219   Thumb Code     0  libinit2.o(.ARM.Collect$$libinit$$00000030)
    __rt_lib_init_fp_trap_1                  0x08000219   Thumb Code     0  libinit2.o(.ARM.Collect$$libinit$$0000001F)
    __rt_lib_init_getenv_1                   0x08000219   Thumb Code     0  libinit2.o(.ARM.Collect$$libinit$$00000023)
    __rt_lib_init_heap_1                     0x08000219   Thumb Code     0  libinit2.o(.ARM.Collect$$libinit$$0000000A)
    __rt_lib_init_lc_collate_1               0x08000219   Thumb Code     0  libinit2.o(.ARM.Collect$$libinit$$00000011)
    __rt_lib_init_lc_ctype_1                 0x08000219   Thumb Code     0  libinit2.o(.ARM.Collect$$libinit$$00000013)
    __rt_lib_init_lc_monetary_1              0x08000219   Thumb Code     0  libinit2.o(.ARM.Collect$$libinit$$00000015)
    __rt_lib_init_lc_numeric_1               0x08000219   Thumb Code     0  libinit2.o(.ARM.Collect$$libinit$$00000017)
    __rt_lib_init_lc_time_1                  0x08000219   Thumb Code     0  libinit2.o(.ARM.Collect$$libinit$$00000019)
    __rt_lib_init_preinit_1                  0x08000219   Thumb Code     0  libinit2.o(.ARM.Collect$$libinit$$00000004)
    __rt_lib_init_rand_1                     0x08000219   Thumb Code     0  libinit2.o(.ARM.Collect$$libinit$$0000000E)
    __rt_lib_init_return                     0x08000219   Thumb Code     0  libinit2.o(.ARM.Collect$$libinit$$00000033)
    __rt_lib_init_signal_1                   0x08000219   Thumb Code     0  libinit2.o(.ARM.Collect$$libinit$$0000001D)
    __rt_lib_init_stdio_1                    0x08000219   Thumb Code     0  libinit2.o(.ARM.Collect$$libinit$$00000025)
    __rt_lib_init_user_alloc_1               0x08000219   Thumb Code     0  libinit2.o(.ARM.Collect$$libinit$$0000000C)
    __rt_lib_shutdown                        0x0800021b   Thumb Code     0  libshutdown.o(.ARM.Collect$$libshutdown$$00000000)
    __rt_lib_shutdown_cpp_1                  0x0800021d   Thumb Code     0  libshutdown2.o(.ARM.Collect$$libshutdown$$00000004)
    __rt_lib_shutdown_fini_1                 0x0800021d   Thumb Code     0  libshutdown2.o(.ARM.Collect$$libshutdown$$00000002)
    __rt_lib_shutdown_fp_trap_1              0x0800021d   Thumb Code     0  libshutdown2.o(.ARM.Collect$$libshutdown$$00000009)
    __rt_lib_shutdown_heap_1                 0x0800021d   Thumb Code     0  libshutdown2.o(.ARM.Collect$$libshutdown$$00000011)
    __rt_lib_shutdown_return                 0x0800021d   Thumb Code     0  libshutdown2.o(.ARM.Collect$$libshutdown$$00000012)
    __rt_lib_shutdown_signal_1               0x0800021d   Thumb Code     0  libshutdown2.o(.ARM.Collect$$libshutdown$$0000000C)
    __rt_lib_shutdown_stdio_1                0x0800021d   Thumb Code     0  libshutdown2.o(.ARM.Collect$$libshutdown$$00000006)
    __rt_lib_shutdown_user_alloc_1           0x0800021d   Thumb Code     0  libshutdown2.o(.ARM.Collect$$libshutdown$$0000000E)
    __rt_entry                               0x0800021f   Thumb Code     0  __rtentry.o(.ARM.Collect$$rtentry$$00000000)
    __rt_entry_presh_1                       0x0800021f   Thumb Code     0  __rtentry2.o(.ARM.Collect$$rtentry$$00000002)
    __rt_entry_sh                            0x0800021f   Thumb Code     0  __rtentry4.o(.ARM.Collect$$rtentry$$00000004)
    __rt_entry_li                            0x08000225   Thumb Code     0  __rtentry2.o(.ARM.Collect$$rtentry$$0000000A)
    __rt_entry_postsh_1                      0x08000225   Thumb Code     0  __rtentry2.o(.ARM.Collect$$rtentry$$00000009)
    __rt_entry_main                          0x08000229   Thumb Code     0  __rtentry2.o(.ARM.Collect$$rtentry$$0000000D)
    __rt_entry_postli_1                      0x08000229   Thumb Code     0  __rtentry2.o(.ARM.Collect$$rtentry$$0000000C)
    __rt_exit                                0x08000231   Thumb Code     0  rtexit.o(.ARM.Collect$$rtexit$$00000000)
    __rt_exit_ls                             0x08000233   Thumb Code     0  rtexit2.o(.ARM.Collect$$rtexit$$00000003)
    __rt_exit_prels_1                        0x08000233   Thumb Code     0  rtexit2.o(.ARM.Collect$$rtexit$$00000002)
    __rt_exit_exit                           0x08000237   Thumb Code     0  rtexit2.o(.ARM.Collect$$rtexit$$00000004)
    SVC_Handler                              0x0800023d   Thumb Code    28  port.o(.emb_text)
    __asm___6_port_c_39a90d8d__prvStartFirstTask 0x0800025d   Thumb Code    36  port.o(.emb_text)
    __asm___6_port_c_39a90d8d__prvEnableVFP  0x08000285   Thumb Code    16  port.o(.emb_text)
    PendSV_Handler                           0x08000299   Thumb Code    88  port.o(.emb_text)
    vPortGetIPSR                             0x080002f5   Thumb Code     6  port.o(.emb_text)
    Reset_Handler                            0x080002fd   Thumb Code     8  startup_stm32f401xe.o(.text)
    HardFault_Handler                        0x08000307   Thumb Code    78  startup_stm32f401xe.o(.text)
    DebugMon_Handler                         0x0800035d   Thumb Code    78  startup_stm32f401xe.o(.text)
    ADC_IRQHandler                           0x080003af   Thumb Code     0  startup_stm32f401xe.o(.text)
    DMA1_Stream0_IRQHandler                  0x080003af   Thumb Code     0  startup_stm32f401xe.o(.text)
    DMA1_Stream1_IRQHandler                  0x080003af   Thumb Code     0  startup_stm32f401xe.o(.text)
    DMA1_Stream2_IRQHandler                  0x080003af   Thumb Code     0  startup_stm32f401xe.o(.text)
    DMA1_Stream3_IRQHandler                  0x080003af   Thumb Code     0  startup_stm32f401xe.o(.text)
    DMA1_Stream4_IRQHandler                  0x080003af   Thumb Code     0  startup_stm32f401xe.o(.text)
    DMA1_Stream5_IRQHandler                  0x080003af   Thumb Code     0  startup_stm32f401xe.o(.text)
    DMA1_Stream6_IRQHandler                  0x080003af   Thumb Code     0  startup_stm32f401xe.o(.text)
    DMA1_Stream7_IRQHandler                  0x080003af   Thumb Code     0  startup_stm32f401xe.o(.text)
    DMA2_Stream0_IRQHandler                  0x080003af   Thumb Code     0  startup_stm32f401xe.o(.text)
    DMA2_Stream1_IRQHandler                  0x080003af   Thumb Code     0  startup_stm32f401xe.o(.text)
    DMA2_Stream2_IRQHandler                  0x080003af   Thumb Code     0  startup_stm32f401xe.o(.text)
    DMA2_Stream3_IRQHandler                  0x080003af   Thumb Code     0  startup_stm32f401xe.o(.text)
    DMA2_Stream4_IRQHandler                  0x080003af   Thumb Code     0  startup_stm32f401xe.o(.text)
    DMA2_Stream5_IRQHandler                  0x080003af   Thumb Code     0  startup_stm32f401xe.o(.text)
    DMA2_Stream6_IRQHandler                  0x080003af   Thumb Code     0  startup_stm32f401xe.o(.text)
    DMA2_Stream7_IRQHandler                  0x080003af   Thumb Code     0  startup_stm32f401xe.o(.text)
    EXTI0_IRQHandler                         0x080003af   Thumb Code     0  startup_stm32f401xe.o(.text)
    EXTI15_10_IRQHandler                     0x080003af   Thumb Code     0  startup_stm32f401xe.o(.text)
    EXTI1_IRQHandler                         0x080003af   Thumb Code     0  startup_stm32f401xe.o(.text)
    EXTI2_IRQHandler                         0x080003af   Thumb Code     0  startup_stm32f401xe.o(.text)
    EXTI3_IRQHandler                         0x080003af   Thumb Code     0  startup_stm32f401xe.o(.text)
    EXTI4_IRQHandler                         0x080003af   Thumb Code     0  startup_stm32f401xe.o(.text)
    EXTI9_5_IRQHandler                       0x080003af   Thumb Code     0  startup_stm32f401xe.o(.text)
    FLASH_IRQHandler                         0x080003af   Thumb Code     0  startup_stm32f401xe.o(.text)
    FPU_IRQHandler                           0x080003af   Thumb Code     0  startup_stm32f401xe.o(.text)
    I2C1_ER_IRQHandler                       0x080003af   Thumb Code     0  startup_stm32f401xe.o(.text)
    I2C1_EV_IRQHandler                       0x080003af   Thumb Code     0  startup_stm32f401xe.o(.text)
    I2C2_ER_IRQHandler                       0x080003af   Thumb Code     0  startup_stm32f401xe.o(.text)
    I2C2_EV_IRQHandler                       0x080003af   Thumb Code     0  startup_stm32f401xe.o(.text)
    I2C3_ER_IRQHandler                       0x080003af   Thumb Code     0  startup_stm32f401xe.o(.text)
    I2C3_EV_IRQHandler                       0x080003af   Thumb Code     0  startup_stm32f401xe.o(.text)
    OTG_FS_IRQHandler                        0x080003af   Thumb Code     0  startup_stm32f401xe.o(.text)
    OTG_FS_WKUP_IRQHandler                   0x080003af   Thumb Code     0  startup_stm32f401xe.o(.text)
    PVD_IRQHandler                           0x080003af   Thumb Code     0  startup_stm32f401xe.o(.text)
    RCC_IRQHandler                           0x080003af   Thumb Code     0  startup_stm32f401xe.o(.text)
    RTC_Alarm_IRQHandler                     0x080003af   Thumb Code     0  startup_stm32f401xe.o(.text)
    RTC_WKUP_IRQHandler                      0x080003af   Thumb Code     0  startup_stm32f401xe.o(.text)
    SDIO_IRQHandler                          0x080003af   Thumb Code     0  startup_stm32f401xe.o(.text)
    SPI1_IRQHandler                          0x080003af   Thumb Code     0  startup_stm32f401xe.o(.text)
    SPI2_IRQHandler                          0x080003af   Thumb Code     0  startup_stm32f401xe.o(.text)
    SPI3_IRQHandler                          0x080003af   Thumb Code     0  startup_stm32f401xe.o(.text)
    SPI4_IRQHandler                          0x080003af   Thumb Code     0  startup_stm32f401xe.o(.text)
    TAMP_STAMP_IRQHandler                    0x080003af   Thumb Code     0  startup_stm32f401xe.o(.text)
    TIM1_BRK_TIM9_IRQHandler                 0x080003af   Thumb Code     0  startup_stm32f401xe.o(.text)
    TIM1_CC_IRQHandler                       0x080003af   Thumb Code     0  startup_stm32f401xe.o(.text)
    TIM1_TRG_COM_TIM11_IRQHandler            0x080003af   Thumb Code     0  startup_stm32f401xe.o(.text)
    TIM1_UP_TIM10_IRQHandler                 0x080003af   Thumb Code     0  startup_stm32f401xe.o(.text)
    TIM2_IRQHandler                          0x080003af   Thumb Code     0  startup_stm32f401xe.o(.text)
    TIM4_IRQHandler                          0x080003af   Thumb Code     0  startup_stm32f401xe.o(.text)
    TIM5_IRQHandler                          0x080003af   Thumb Code     0  startup_stm32f401xe.o(.text)
    USART1_IRQHandler                        0x080003af   Thumb Code     0  startup_stm32f401xe.o(.text)
    USART6_IRQHandler                        0x080003af   Thumb Code     0  startup_stm32f401xe.o(.text)
    WWDG_IRQHandler                          0x080003af   Thumb Code     0  startup_stm32f401xe.o(.text)
    __user_initial_stackheap                 0x080003b1   Thumb Code     0  startup_stm32f401xe.o(.text)
    __use_no_semihosting                     0x080003d5   Thumb Code     2  use_no_semi_2.o(.text)
    __aeabi_uldivmod                         0x080003d7   Thumb Code     0  lludivv7m.o(.text)
    _ll_udiv                                 0x080003d7   Thumb Code   238  lludivv7m.o(.text)
    __2printf                                0x080004c5   Thumb Code    20  noretval__2printf.o(.text)
    _printf_int_dec                          0x080004dd   Thumb Code   104  _printf_dec.o(.text)
    __printf                                 0x08000555   Thumb Code   308  __printf_flags_wp.o(.text)
    __aeabi_memclr4                          0x0800068d   Thumb Code     0  rt_memclr_w.o(.text)
    __aeabi_memclr8                          0x0800068d   Thumb Code     0  rt_memclr_w.o(.text)
    __rt_memclr_w                            0x0800068d   Thumb Code    78  rt_memclr_w.o(.text)
    _memset_w                                0x08000691   Thumb Code     0  rt_memclr_w.o(.text)
    __use_two_region_memory                  0x080006db   Thumb Code     2  heapauxi.o(.text)
    __rt_heap_escrow$2region                 0x080006dd   Thumb Code     2  heapauxi.o(.text)
    __rt_heap_expand$2region                 0x080006df   Thumb Code     2  heapauxi.o(.text)
    __semihosting$guard                      0x080006e1   Thumb Code     0  use_no_semi.o(.text)
    __use_no_semihosting_swi                 0x080006e1   Thumb Code     2  use_no_semi.o(.text)
    _printf_int_common                       0x080006e3   Thumb Code   178  _printf_intcommon.o(.text)
    _printf_char_common                      0x0800079f   Thumb Code    32  _printf_char_common.o(.text)
    _printf_char_file                        0x080007c5   Thumb Code    32  _printf_char_file.o(.text)
    ferror                                   0x080007e9   Thumb Code     8  ferror.o(.text)
    __user_libspace                          0x080007f1   Thumb Code     8  libspace.o(.text)
    __user_perproc_libspace                  0x080007f1   Thumb Code     0  libspace.o(.text)
    __user_perthread_libspace                0x080007f1   Thumb Code     0  libspace.o(.text)
    __user_setup_stackheap                   0x080007f9   Thumb Code    74  sys_stackheap_outer.o(.text)
    exit                                     0x08000843   Thumb Code    18  exit.o(.text)
    BusFault_Handler                         0x08000855   Thumb Code     4  stm32f4xx_it.o(i.BusFault_Handler)
    Error_Handler                            0x08000859   Thumb Code     6  main.o(i.Error_Handler)
    HAL_DMA_Abort                            0x0800085f   Thumb Code   170  stm32f4xx_hal_dma.o(i.HAL_DMA_Abort)
    HAL_DMA_Abort_IT                         0x08000909   Thumb Code    40  stm32f4xx_hal_dma.o(i.HAL_DMA_Abort_IT)
    HAL_GPIO_Init                            0x08000931   Thumb Code   440  stm32f4xx_hal_gpio.o(i.HAL_GPIO_Init)
    HAL_GPIO_ReadPin                         0x08000b09   Thumb Code    16  stm32f4xx_hal_gpio.o(i.HAL_GPIO_ReadPin)
    HAL_GPIO_WritePin                        0x08000b19   Thumb Code    12  stm32f4xx_hal_gpio.o(i.HAL_GPIO_WritePin)
    HAL_GetTick                              0x08000b25   Thumb Code     6  stm32f4xx_hal.o(i.HAL_GetTick)
    HAL_IncTick                              0x08000b31   Thumb Code    16  stm32f4xx_hal.o(i.HAL_IncTick)
    HAL_Init                                 0x08000b49   Thumb Code    54  stm32f4xx_hal.o(i.HAL_Init)
    HAL_InitTick                             0x08000b85   Thumb Code    64  stm32f4xx_hal.o(i.HAL_InitTick)
    HAL_MspInit                              0x08000bd1   Thumb Code     2  stm32f4xx_hal.o(i.HAL_MspInit)
    HAL_NVIC_EnableIRQ                       0x08000bd3   Thumb Code    32  stm32f4xx_hal_cortex.o(i.HAL_NVIC_EnableIRQ)
    HAL_NVIC_SetPriority                     0x08000bf3   Thumb Code   124  stm32f4xx_hal_cortex.o(i.HAL_NVIC_SetPriority)
    HAL_NVIC_SetPriorityGrouping             0x08000c71   Thumb Code    32  stm32f4xx_hal_cortex.o(i.HAL_NVIC_SetPriorityGrouping)
    HAL_RCC_ClockConfig                      0x08000c99   Thumb Code   368  stm32f4xx_hal_rcc.o(i.HAL_RCC_ClockConfig)
    HAL_RCC_GetHCLKFreq                      0x08000e1d   Thumb Code     6  stm32f4xx_hal_rcc.o(i.HAL_RCC_GetHCLKFreq)
    HAL_RCC_GetPCLK1Freq                     0x08000e29   Thumb Code    22  stm32f4xx_hal_rcc.o(i.HAL_RCC_GetPCLK1Freq)
    HAL_RCC_GetPCLK2Freq                     0x08000e49   Thumb Code    22  stm32f4xx_hal_rcc.o(i.HAL_RCC_GetPCLK2Freq)
    HAL_RCC_GetSysClockFreq                  0x08000e69   Thumb Code   162  stm32f4xx_hal_rcc.o(i.HAL_RCC_GetSysClockFreq)
    HAL_RCC_OscConfig                        0x08000f19   Thumb Code  1172  stm32f4xx_hal_rcc.o(i.HAL_RCC_OscConfig)
    HAL_SYSTICK_CLKSourceConfig              0x080013b5   Thumb Code    40  stm32f4xx_hal_cortex.o(i.HAL_SYSTICK_CLKSourceConfig)
    HAL_SYSTICK_Config                       0x080013dd   Thumb Code    52  stm32f4xx_hal_cortex.o(i.HAL_SYSTICK_Config)
    HAL_TIMEx_BreakCallback                  0x08001411   Thumb Code     2  stm32f4xx_hal_tim_ex.o(i.HAL_TIMEx_BreakCallback)
    HAL_TIMEx_CommutCallback                 0x08001413   Thumb Code     2  stm32f4xx_hal_tim_ex.o(i.HAL_TIMEx_CommutCallback)
    HAL_TIM_IC_CaptureCallback               0x08001415   Thumb Code     2  stm32f4xx_hal_tim.o(i.HAL_TIM_IC_CaptureCallback)
    HAL_TIM_IRQHandler                       0x08001417   Thumb Code   406  stm32f4xx_hal_tim.o(i.HAL_TIM_IRQHandler)
    HAL_TIM_OC_DelayElapsedCallback          0x080015ad   Thumb Code     2  stm32f4xx_hal_tim.o(i.HAL_TIM_OC_DelayElapsedCallback)
    HAL_TIM_PWM_PulseFinishedCallback        0x080015af   Thumb Code     2  stm32f4xx_hal_tim.o(i.HAL_TIM_PWM_PulseFinishedCallback)
    HAL_TIM_PeriodElapsedCallback            0x080015b1   Thumb Code    20  patch_delay_test.o(i.HAL_TIM_PeriodElapsedCallback)
    HAL_TIM_TriggerCallback                  0x080015cd   Thumb Code     2  stm32f4xx_hal_tim.o(i.HAL_TIM_TriggerCallback)
    HAL_UARTEx_RxEventCallback               0x080015cf   Thumb Code     2  stm32f4xx_hal_uart.o(i.HAL_UARTEx_RxEventCallback)
    HAL_UART_ErrorCallback                   0x080015d1   Thumb Code     2  stm32f4xx_hal_uart.o(i.HAL_UART_ErrorCallback)
    HAL_UART_GetState                        0x080015d3   Thumb Code    20  stm32f4xx_hal_uart.o(i.HAL_UART_GetState)
    HAL_UART_IRQHandler                      0x080015e9   Thumb Code   586  stm32f4xx_hal_uart.o(i.HAL_UART_IRQHandler)
    HAL_UART_Init                            0x08001839   Thumb Code   114  stm32f4xx_hal_uart.o(i.HAL_UART_Init)
    HAL_UART_MspInit                         0x080018ad   Thumb Code   188  usart.o(i.HAL_UART_MspInit)
    HAL_UART_Receive_IT                      0x08001975   Thumb Code    66  stm32f4xx_hal_uart.o(i.HAL_UART_Receive_IT)
    HAL_UART_RxCpltCallback                  0x080019b9   Thumb Code    40  usart.o(i.HAL_UART_RxCpltCallback)
    HAL_UART_TxCpltCallback                  0x080019f1   Thumb Code     2  stm32f4xx_hal_uart.o(i.HAL_UART_TxCpltCallback)
    Led_Init                                 0x080019f5   Thumb Code   142  led.o(i.Led_Init)
    MemManage_Handler                        0x08001a8d   Thumb Code     4  stm32f4xx_it.o(i.MemManage_Handler)
    NMI_Handler                              0x08001a91   Thumb Code     2  stm32f4xx_it.o(i.NMI_Handler)
    SysTick_Handler                          0x08001a93   Thumb Code    20  delay.o(i.SysTick_Handler)
    SystemClock_Config                       0x08001aa9   Thumb Code   172  main.o(i.SystemClock_Config)
    SystemInit                               0x08001b5d   Thumb Code    14  system_stm32f4xx.o(i.SystemInit)
    TIM3_IRQHandler                          0x08001b71   Thumb Code    10  patch_delay_test.o(i.TIM3_IRQHandler)
    UART_Start_Receive_IT                    0x08001ed5   Thumb Code    70  stm32f4xx_hal_uart.o(i.UART_Start_Receive_IT)
    USART2_IRQHandler                        0x08001f7d   Thumb Code    66  usart.o(i.USART2_IRQHandler)
    UsageFault_Handler                       0x08001fcd   Thumb Code     4  stm32f4xx_it.o(i.UsageFault_Handler)
    _is_digit                                0x08002009   Thumb Code    14  __printf_wp.o(i._is_digit)
    _sys_exit                                0x08002017   Thumb Code     4  usart.o(i._sys_exit)
    delay_init                               0x0800201d   Thumb Code    52  delay.o(i.delay_init)
    delay_us                                 0x08002055   Thumb Code    68  delay.o(i.delay_us)
    fputc                                    0x0800209d   Thumb Code    24  usart.o(i.fputc)
    iic_ack                                  0x080020b9   Thumb Code    80  myiic.o(i.iic_ack)
    iic_init                                 0x08002119   Thumb Code   122  myiic.o(i.iic_init)
    iic_nack                                 0x0800219d   Thumb Code    60  myiic.o(i.iic_nack)
    iic_read_byte                            0x080021dd   Thumb Code    92  myiic.o(i.iic_read_byte)
    iic_send_byte                            0x0800223d   Thumb Code   106  myiic.o(i.iic_send_byte)
    iic_start                                0x080022ad   Thumb Code    76  myiic.o(i.iic_start)
    iic_stop                                 0x080022fd   Thumb Code    60  myiic.o(i.iic_stop)
    iic_wait_ack                             0x0800233d   Thumb Code   100  myiic.o(i.iic_wait_ack)
    main                                     0x080023a5   Thumb Code   558  main.o(i.main)
    max30102_Bus_Read                        0x0800261d   Thumb Code    82  max30102.o(i.max30102_Bus_Read)
    max30102_Bus_Write                       0x0800266f   Thumb Code    68  max30102.o(i.max30102_Bus_Write)
    max30102_FIFO_ReadBytes                  0x080026b3   Thumb Code   128  max30102.o(i.max30102_FIFO_ReadBytes)
    max30102_init                            0x08002733   Thumb Code   100  max30102.o(i.max30102_init)
    max30102_reset                           0x08002797   Thumb Code    20  max30102.o(i.max30102_reset)
    rt_hw_hard_fault_exception               0x080027dd   Thumb Code    26  stm32f4xx_it.o(i.rt_hw_hard_fault_exception)
    usart_init                               0x080027fd   Thumb Code    34  usart.o(i.usart_init)
    vTaskSwitchContext                       0x08002829   Thumb Code   100  tasks.o(i.vTaskSwitchContext)
    xPortSysTickHandler                      0x080028a1   Thumb Code    46  port.o(i.xPortSysTickHandler)
    xTaskGetSchedulerState                   0x080028d5   Thumb Code    24  tasks.o(i.xTaskGetSchedulerState)
    xTaskIncrementTick                       0x080028f5   Thumb Code   380  tasks.o(i.xTaskIncrementTick)
    _fp_init                                 0x08002a9d   Thumb Code    10  fpinit.o(x$fpl$fpinit)
    __fplib_config_fpu_vfp                   0x08002aa5   Thumb Code     0  fpinit.o(x$fpl$fpinit)
    __fplib_config_pureend_doubles           0x08002aa5   Thumb Code     0  fpinit.o(x$fpl$fpinit)
    AHBPrescTable                            0x08002aa6   Data          16  system_stm32f4xx.o(.constdata)
    APBPrescTable                            0x08002ab6   Data           8  system_stm32f4xx.o(.constdata)
    Region$$Table$$Base                      0x08002ad0   Number         0  anon$$obj.o(Region$$Table)
    Region$$Table$$Limit                     0x08002af0   Number         0  anon$$obj.o(Region$$Table)
    SystemCoreClock                          0x20000000   Data           4  system_stm32f4xx.o(.data)
    senddate                                 0x20000004   Data          16  main.o(.data)
    n_ir_buffer_length                       0x20000014   Data           4  main.o(.data)
    n_sp02                                   0x20000018   Data           4  main.o(.data)
    ch_spo2_valid                            0x2000001c   Data           1  main.o(.data)
    n_heart_rate                             0x20000020   Data           4  main.o(.data)
    ch_hr_valid                              0x20000024   Data           1  main.o(.data)
    cntPeriod                                0x2000002c   Data           4  patch_delay_test.o(.data)
    cntstart                                 0x20000030   Data           4  patch_delay_test.o(.data)
    cntend                                   0x20000034   Data           4  patch_delay_test.o(.data)
    uwTick                                   0x20000038   Data           4  stm32f4xx_hal.o(.data)
    uwTickPrio                               0x2000003c   Data           4  stm32f4xx_hal.o(.data)
    uwTickFreq                               0x20000040   Data           1  stm32f4xx_hal.o(.data)
    __stdout                                 0x20000048   Data           4  usart.o(.data)
    g_usart_rx_sta                           0x2000004c   Data           2  usart.o(.data)
    g_rx_buffer                              0x2000004e   Data           1  usart.o(.data)
    g_usart_rx_cnt                           0x20000050   Data           4  usart.o(.data)
    pxCurrentTCB                             0x20000054   Data           4  tasks.o(.data)
    uxTopUsedPriority                        0x2000008c   Data           4  tasks.o(.data)
    aun_ir_buffer                            0x20000094   Data        2000  main.o(.bss)
    aun_red_buffer                           0x20000864   Data        2000  main.o(.bss)
    g_timx_handler                           0x20001034   Data          72  patch_delay_test.o(.bss)
    patch                                    0x2000107c   Data         200  usart.o(.bss)
    g_uart1_handle                           0x20001144   Data          68  usart.o(.bss)
    __libspace_start                         0x2000146c   Data          96  libspace.o(.bss)
    __temporary_stack_top$libspace           0x200014cc   Data           0  libspace.o(.bss)



==============================================================================

Memory Map of the image

  Image Entry point : 0x08000195

  Load Region LR_IROM1 (Base: 0x08000000, Size: 0x00002b84, Max: 0x00080000, ABSOLUTE)

    Execution Region ER_IROM1 (Exec base: 0x08000000, Load base: 0x08000000, Size: 0x00002af0, Max: 0x00080000, ABSOLUTE)

    Exec Addr    Load Addr    Size         Type   Attr      Idx    E Section Name        Object

    0x08000000   0x08000000   0x00000194   Data   RO            3    RESET               startup_stm32f401xe.o
    0x08000194   0x08000194   0x00000008   Code   RO         6227  * !!!main             c_w.l(__main.o)
    0x0800019c   0x0800019c   0x00000034   Code   RO         6460    !!!scatter          c_w.l(__scatter.o)
    0x080001d0   0x080001d0   0x0000001a   Code   RO         6462    !!handler_copy      c_w.l(__scatter_copy.o)
    0x080001ea   0x080001ea   0x00000002   PAD
    0x080001ec   0x080001ec   0x0000001c   Code   RO         6464    !!handler_zi        c_w.l(__scatter_zi.o)
    0x08000208   0x08000208   0x00000000   Code   RO         6208    .ARM.Collect$$_printf_percent$$00000000  c_w.l(_printf_percent.o)
    0x08000208   0x08000208   0x00000006   Code   RO         6205    .ARM.Collect$$_printf_percent$$00000009  c_w.l(_printf_d.o)
    0x0800020e   0x0800020e   0x00000004   Code   RO         6252    .ARM.Collect$$_printf_percent$$00000017  c_w.l(_printf_percent_end.o)
    0x08000212   0x08000212   0x00000002   Code   RO         6340    .ARM.Collect$$libinit$$00000000  c_w.l(libinit.o)
    0x08000214   0x08000214   0x00000004   Code   RO         6341    .ARM.Collect$$libinit$$00000001  c_w.l(libinit2.o)
    0x08000218   0x08000218   0x00000000   Code   RO         6344    .ARM.Collect$$libinit$$00000004  c_w.l(libinit2.o)
    0x08000218   0x08000218   0x00000000   Code   RO         6347    .ARM.Collect$$libinit$$0000000A  c_w.l(libinit2.o)
    0x08000218   0x08000218   0x00000000   Code   RO         6349    .ARM.Collect$$libinit$$0000000C  c_w.l(libinit2.o)
    0x08000218   0x08000218   0x00000000   Code   RO         6351    .ARM.Collect$$libinit$$0000000E  c_w.l(libinit2.o)
    0x08000218   0x08000218   0x00000000   Code   RO         6354    .ARM.Collect$$libinit$$00000011  c_w.l(libinit2.o)
    0x08000218   0x08000218   0x00000000   Code   RO         6356    .ARM.Collect$$libinit$$00000013  c_w.l(libinit2.o)
    0x08000218   0x08000218   0x00000000   Code   RO         6358    .ARM.Collect$$libinit$$00000015  c_w.l(libinit2.o)
    0x08000218   0x08000218   0x00000000   Code   RO         6360    .ARM.Collect$$libinit$$00000017  c_w.l(libinit2.o)
    0x08000218   0x08000218   0x00000000   Code   RO         6362    .ARM.Collect$$libinit$$00000019  c_w.l(libinit2.o)
    0x08000218   0x08000218   0x00000000   Code   RO         6364    .ARM.Collect$$libinit$$0000001B  c_w.l(libinit2.o)
    0x08000218   0x08000218   0x00000000   Code   RO         6366    .ARM.Collect$$libinit$$0000001D  c_w.l(libinit2.o)
    0x08000218   0x08000218   0x00000000   Code   RO         6368    .ARM.Collect$$libinit$$0000001F  c_w.l(libinit2.o)
    0x08000218   0x08000218   0x00000000   Code   RO         6370    .ARM.Collect$$libinit$$00000021  c_w.l(libinit2.o)
    0x08000218   0x08000218   0x00000000   Code   RO         6372    .ARM.Collect$$libinit$$00000023  c_w.l(libinit2.o)
    0x08000218   0x08000218   0x00000000   Code   RO         6374    .ARM.Collect$$libinit$$00000025  c_w.l(libinit2.o)
    0x08000218   0x08000218   0x00000000   Code   RO         6378    .ARM.Collect$$libinit$$0000002C  c_w.l(libinit2.o)
    0x08000218   0x08000218   0x00000000   Code   RO         6380    .ARM.Collect$$libinit$$0000002E  c_w.l(libinit2.o)
    0x08000218   0x08000218   0x00000000   Code   RO         6382    .ARM.Collect$$libinit$$00000030  c_w.l(libinit2.o)
    0x08000218   0x08000218   0x00000000   Code   RO         6384    .ARM.Collect$$libinit$$00000032  c_w.l(libinit2.o)
    0x08000218   0x08000218   0x00000002   Code   RO         6385    .ARM.Collect$$libinit$$00000033  c_w.l(libinit2.o)
    0x0800021a   0x0800021a   0x00000002   Code   RO         6423    .ARM.Collect$$libshutdown$$00000000  c_w.l(libshutdown.o)
    0x0800021c   0x0800021c   0x00000000   Code   RO         6441    .ARM.Collect$$libshutdown$$00000002  c_w.l(libshutdown2.o)
    0x0800021c   0x0800021c   0x00000000   Code   RO         6443    .ARM.Collect$$libshutdown$$00000004  c_w.l(libshutdown2.o)
    0x0800021c   0x0800021c   0x00000000   Code   RO         6445    .ARM.Collect$$libshutdown$$00000006  c_w.l(libshutdown2.o)
    0x0800021c   0x0800021c   0x00000000   Code   RO         6448    .ARM.Collect$$libshutdown$$00000009  c_w.l(libshutdown2.o)
    0x0800021c   0x0800021c   0x00000000   Code   RO         6451    .ARM.Collect$$libshutdown$$0000000C  c_w.l(libshutdown2.o)
    0x0800021c   0x0800021c   0x00000000   Code   RO         6453    .ARM.Collect$$libshutdown$$0000000E  c_w.l(libshutdown2.o)
    0x0800021c   0x0800021c   0x00000000   Code   RO         6456    .ARM.Collect$$libshutdown$$00000011  c_w.l(libshutdown2.o)
    0x0800021c   0x0800021c   0x00000002   Code   RO         6457    .ARM.Collect$$libshutdown$$00000012  c_w.l(libshutdown2.o)
    0x0800021e   0x0800021e   0x00000000   Code   RO         6235    .ARM.Collect$$rtentry$$00000000  c_w.l(__rtentry.o)
    0x0800021e   0x0800021e   0x00000000   Code   RO         6259    .ARM.Collect$$rtentry$$00000002  c_w.l(__rtentry2.o)
    0x0800021e   0x0800021e   0x00000006   Code   RO         6271    .ARM.Collect$$rtentry$$00000004  c_w.l(__rtentry4.o)
    0x08000224   0x08000224   0x00000000   Code   RO         6261    .ARM.Collect$$rtentry$$00000009  c_w.l(__rtentry2.o)
    0x08000224   0x08000224   0x00000004   Code   RO         6262    .ARM.Collect$$rtentry$$0000000A  c_w.l(__rtentry2.o)
    0x08000228   0x08000228   0x00000000   Code   RO         6264    .ARM.Collect$$rtentry$$0000000C  c_w.l(__rtentry2.o)
    0x08000228   0x08000228   0x00000008   Code   RO         6265    .ARM.Collect$$rtentry$$0000000D  c_w.l(__rtentry2.o)
    0x08000230   0x08000230   0x00000002   Code   RO         6386    .ARM.Collect$$rtexit$$00000000  c_w.l(rtexit.o)
    0x08000232   0x08000232   0x00000000   Code   RO         6399    .ARM.Collect$$rtexit$$00000002  c_w.l(rtexit2.o)
    0x08000232   0x08000232   0x00000004   Code   RO         6400    .ARM.Collect$$rtexit$$00000003  c_w.l(rtexit2.o)
    0x08000236   0x08000236   0x00000006   Code   RO         6401    .ARM.Collect$$rtexit$$00000004  c_w.l(rtexit2.o)
    0x0800023c   0x0800023c   0x000000be   Code   RO         4700    .emb_text           port.o
    0x080002fa   0x080002fa   0x00000002   PAD
    0x080002fc   0x080002fc   0x000000d8   Code   RO            4    .text               startup_stm32f401xe.o
    0x080003d4   0x080003d4   0x00000002   Code   RO         6142    .text               c_w.l(use_no_semi_2.o)
    0x080003d6   0x080003d6   0x000000ee   Code   RO         6144    .text               c_w.l(lludivv7m.o)
    0x080004c4   0x080004c4   0x00000018   Code   RO         6150    .text               c_w.l(noretval__2printf.o)
    0x080004dc   0x080004dc   0x00000078   Code   RO         6160    .text               c_w.l(_printf_dec.o)
    0x08000554   0x08000554   0x00000138   Code   RO         6195    .text               c_w.l(__printf_flags_wp.o)
    0x0800068c   0x0800068c   0x0000004e   Code   RO         6223    .text               c_w.l(rt_memclr_w.o)
    0x080006da   0x080006da   0x00000006   Code   RO         6225    .text               c_w.l(heapauxi.o)
    0x080006e0   0x080006e0   0x00000002   Code   RO         6233    .text               c_w.l(use_no_semi.o)
    0x080006e2   0x080006e2   0x000000b2   Code   RO         6240    .text               c_w.l(_printf_intcommon.o)
    0x08000794   0x08000794   0x00000030   Code   RO         6244    .text               c_w.l(_printf_char_common.o)
    0x080007c4   0x080007c4   0x00000024   Code   RO         6250    .text               c_w.l(_printf_char_file.o)
    0x080007e8   0x080007e8   0x00000008   Code   RO         6311    .text               c_w.l(ferror.o)
    0x080007f0   0x080007f0   0x00000008   Code   RO         6322    .text               c_w.l(libspace.o)
    0x080007f8   0x080007f8   0x0000004a   Code   RO         6325    .text               c_w.l(sys_stackheap_outer.o)
    0x08000842   0x08000842   0x00000012   Code   RO         6327    .text               c_w.l(exit.o)
    0x08000854   0x08000854   0x00000004   Code   RO           14    i.BusFault_Handler  stm32f4xx_it.o
    0x08000858   0x08000858   0x00000006   Code   RO          416    i.Error_Handler     main.o
    0x0800085e   0x0800085e   0x000000aa   Code   RO         1645    i.HAL_DMA_Abort     stm32f4xx_hal_dma.o
    0x08000908   0x08000908   0x00000028   Code   RO         1646    i.HAL_DMA_Abort_IT  stm32f4xx_hal_dma.o
    0x08000930   0x08000930   0x000001d8   Code   RO         1792    i.HAL_GPIO_Init     stm32f4xx_hal_gpio.o
    0x08000b08   0x08000b08   0x00000010   Code   RO         1794    i.HAL_GPIO_ReadPin  stm32f4xx_hal_gpio.o
    0x08000b18   0x08000b18   0x0000000c   Code   RO         1796    i.HAL_GPIO_WritePin  stm32f4xx_hal_gpio.o
    0x08000b24   0x08000b24   0x0000000c   Code   RO         1329    i.HAL_GetTick       stm32f4xx_hal.o
    0x08000b30   0x08000b30   0x00000018   Code   RO         1335    i.HAL_IncTick       stm32f4xx_hal.o
    0x08000b48   0x08000b48   0x0000003c   Code   RO         1336    i.HAL_Init          stm32f4xx_hal.o
    0x08000b84   0x08000b84   0x0000004c   Code   RO         1337    i.HAL_InitTick      stm32f4xx_hal.o
    0x08000bd0   0x08000bd0   0x00000002   Code   RO         1339    i.HAL_MspInit       stm32f4xx_hal.o
    0x08000bd2   0x08000bd2   0x00000020   Code   RO         1507    i.HAL_NVIC_EnableIRQ  stm32f4xx_hal_cortex.o
    0x08000bf2   0x08000bf2   0x0000007c   Code   RO         1513    i.HAL_NVIC_SetPriority  stm32f4xx_hal_cortex.o
    0x08000c6e   0x08000c6e   0x00000002   PAD
    0x08000c70   0x08000c70   0x00000028   Code   RO         1514    i.HAL_NVIC_SetPriorityGrouping  stm32f4xx_hal_cortex.o
    0x08000c98   0x08000c98   0x00000184   Code   RO         2054    i.HAL_RCC_ClockConfig  stm32f4xx_hal_rcc.o
    0x08000e1c   0x08000e1c   0x0000000c   Code   RO         2059    i.HAL_RCC_GetHCLKFreq  stm32f4xx_hal_rcc.o
    0x08000e28   0x08000e28   0x00000020   Code   RO         2061    i.HAL_RCC_GetPCLK1Freq  stm32f4xx_hal_rcc.o
    0x08000e48   0x08000e48   0x00000020   Code   RO         2062    i.HAL_RCC_GetPCLK2Freq  stm32f4xx_hal_rcc.o
    0x08000e68   0x08000e68   0x000000b0   Code   RO         2063    i.HAL_RCC_GetSysClockFreq  stm32f4xx_hal_rcc.o
    0x08000f18   0x08000f18   0x0000049c   Code   RO         2066    i.HAL_RCC_OscConfig  stm32f4xx_hal_rcc.o
    0x080013b4   0x080013b4   0x00000028   Code   RO         1516    i.HAL_SYSTICK_CLKSourceConfig  stm32f4xx_hal_cortex.o
    0x080013dc   0x080013dc   0x00000034   Code   RO         1518    i.HAL_SYSTICK_Config  stm32f4xx_hal_cortex.o
    0x08001410   0x08001410   0x00000002   Code   RO         3834    i.HAL_TIMEx_BreakCallback  stm32f4xx_hal_tim_ex.o
    0x08001412   0x08001412   0x00000002   Code   RO         3835    i.HAL_TIMEx_CommutCallback  stm32f4xx_hal_tim_ex.o
    0x08001414   0x08001414   0x00000002   Code   RO         3153    i.HAL_TIM_IC_CaptureCallback  stm32f4xx_hal_tim.o
    0x08001416   0x08001416   0x00000196   Code   RO         3167    i.HAL_TIM_IRQHandler  stm32f4xx_hal_tim.o
    0x080015ac   0x080015ac   0x00000002   Code   RO         3170    i.HAL_TIM_OC_DelayElapsedCallback  stm32f4xx_hal_tim.o
    0x080015ae   0x080015ae   0x00000002   Code   RO         3197    i.HAL_TIM_PWM_PulseFinishedCallback  stm32f4xx_hal_tim.o
    0x080015b0   0x080015b0   0x0000001c   Code   RO         1231    i.HAL_TIM_PeriodElapsedCallback  patch_delay_test.o
    0x080015cc   0x080015cc   0x00000002   Code   RO         3210    i.HAL_TIM_TriggerCallback  stm32f4xx_hal_tim.o
    0x080015ce   0x080015ce   0x00000002   Code   RO         2220    i.HAL_UARTEx_RxEventCallback  stm32f4xx_hal_uart.o
    0x080015d0   0x080015d0   0x00000002   Code   RO         2234    i.HAL_UART_ErrorCallback  stm32f4xx_hal_uart.o
    0x080015d2   0x080015d2   0x00000014   Code   RO         2236    i.HAL_UART_GetState  stm32f4xx_hal_uart.o
    0x080015e6   0x080015e6   0x00000002   PAD
    0x080015e8   0x080015e8   0x00000250   Code   RO         2237    i.HAL_UART_IRQHandler  stm32f4xx_hal_uart.o
    0x08001838   0x08001838   0x00000072   Code   RO         2238    i.HAL_UART_Init     stm32f4xx_hal_uart.o
    0x080018aa   0x080018aa   0x00000002   PAD
    0x080018ac   0x080018ac   0x000000c8   Code   RO         4623    i.HAL_UART_MspInit  usart.o
    0x08001974   0x08001974   0x00000042   Code   RO         2243    i.HAL_UART_Receive_IT  stm32f4xx_hal_uart.o
    0x080019b6   0x080019b6   0x00000002   PAD
    0x080019b8   0x080019b8   0x00000038   Code   RO         4624    i.HAL_UART_RxCpltCallback  usart.o
    0x080019f0   0x080019f0   0x00000002   Code   RO         2249    i.HAL_UART_TxCpltCallback  stm32f4xx_hal_uart.o
    0x080019f2   0x080019f2   0x00000002   PAD
    0x080019f4   0x080019f4   0x00000098   Code   RO         4101    i.Led_Init          led.o
    0x08001a8c   0x08001a8c   0x00000004   Code   RO           16    i.MemManage_Handler  stm32f4xx_it.o
    0x08001a90   0x08001a90   0x00000002   Code   RO           17    i.NMI_Handler       stm32f4xx_it.o
    0x08001a92   0x08001a92   0x00000014   Code   RO         4496    i.SysTick_Handler   delay.o
    0x08001aa6   0x08001aa6   0x00000002   PAD
    0x08001aa8   0x08001aa8   0x000000b4   Code   RO          417    i.SystemClock_Config  main.o
    0x08001b5c   0x08001b5c   0x00000014   Code   RO          273    i.SystemInit        system_stm32f4xx.o
    0x08001b70   0x08001b70   0x00000010   Code   RO         1234    i.TIM3_IRQHandler   patch_delay_test.o
    0x08001b80   0x08001b80   0x00000014   Code   RO         2251    i.UART_DMAAbortOnError  stm32f4xx_hal_uart.o
    0x08001b94   0x08001b94   0x00000036   Code   RO         2261    i.UART_EndRxTransfer  stm32f4xx_hal_uart.o
    0x08001bca   0x08001bca   0x00000020   Code   RO         2262    i.UART_EndTransmit_IT  stm32f4xx_hal_uart.o
    0x08001bea   0x08001bea   0x000000be   Code   RO         2264    i.UART_Receive_IT   stm32f4xx_hal_uart.o
    0x08001ca8   0x08001ca8   0x0000022c   Code   RO         2265    i.UART_SetConfig    stm32f4xx_hal_uart.o
    0x08001ed4   0x08001ed4   0x00000046   Code   RO         2267    i.UART_Start_Receive_IT  stm32f4xx_hal_uart.o
    0x08001f1a   0x08001f1a   0x00000060   Code   RO         2268    i.UART_Transmit_IT  stm32f4xx_hal_uart.o
    0x08001f7a   0x08001f7a   0x00000002   PAD
    0x08001f7c   0x08001f7c   0x00000050   Code   RO         4625    i.USART2_IRQHandler  usart.o
    0x08001fcc   0x08001fcc   0x00000004   Code   RO           18    i.UsageFault_Handler  stm32f4xx_it.o
    0x08001fd0   0x08001fd0   0x00000010   Code   RO         1520    i.__NVIC_GetPriorityGrouping  stm32f4xx_hal_cortex.o
    0x08001fe0   0x08001fe0   0x00000028   Code   RO         1521    i.__NVIC_SetPriority  stm32f4xx_hal_cortex.o
    0x08002008   0x08002008   0x0000000e   Code   RO         6193    i._is_digit         c_w.l(__printf_wp.o)
    0x08002016   0x08002016   0x00000004   Code   RO         4627    i._sys_exit         usart.o
    0x0800201a   0x0800201a   0x00000002   PAD
    0x0800201c   0x0800201c   0x00000038   Code   RO         4497    i.delay_init        delay.o
    0x08002054   0x08002054   0x00000048   Code   RO         4499    i.delay_us          delay.o
    0x0800209c   0x0800209c   0x0000001c   Code   RO         4629    i.fputc             usart.o
    0x080020b8   0x080020b8   0x00000054   Code   RO         4260    i.iic_ack           myiic.o
    0x0800210c   0x0800210c   0x0000000a   Code   RO         4261    i.iic_delay         myiic.o
    0x08002116   0x08002116   0x00000002   PAD
    0x08002118   0x08002118   0x00000084   Code   RO         4262    i.iic_init          myiic.o
    0x0800219c   0x0800219c   0x00000040   Code   RO         4263    i.iic_nack          myiic.o
    0x080021dc   0x080021dc   0x00000060   Code   RO         4264    i.iic_read_byte     myiic.o
    0x0800223c   0x0800223c   0x00000070   Code   RO         4265    i.iic_send_byte     myiic.o
    0x080022ac   0x080022ac   0x00000050   Code   RO         4266    i.iic_start         myiic.o
    0x080022fc   0x080022fc   0x00000040   Code   RO         4267    i.iic_stop          myiic.o
    0x0800233c   0x0800233c   0x00000068   Code   RO         4268    i.iic_wait_ack      myiic.o
    0x080023a4   0x080023a4   0x00000278   Code   RO          418    i.main              main.o
    0x0800261c   0x0800261c   0x00000052   Code   RO         4421    i.max30102_Bus_Read  max30102.o
    0x0800266e   0x0800266e   0x00000044   Code   RO         4422    i.max30102_Bus_Write  max30102.o
    0x080026b2   0x080026b2   0x00000080   Code   RO         4423    i.max30102_FIFO_ReadBytes  max30102.o
    0x08002732   0x08002732   0x00000064   Code   RO         4425    i.max30102_init     max30102.o
    0x08002796   0x08002796   0x00000014   Code   RO         4426    i.max30102_reset    max30102.o
    0x080027aa   0x080027aa   0x00000002   PAD
    0x080027ac   0x080027ac   0x00000030   Code   RO         5535    i.prvResetNextTaskUnblockTime  tasks.o
    0x080027dc   0x080027dc   0x00000020   Code   RO           19    i.rt_hw_hard_fault_exception  stm32f4xx_it.o
    0x080027fc   0x080027fc   0x0000002c   Code   RO         4630    i.usart_init        usart.o
    0x08002828   0x08002828   0x00000078   Code   RO         5570    i.vTaskSwitchContext  tasks.o
    0x080028a0   0x080028a0   0x00000034   Code   RO         4709    i.xPortSysTickHandler  port.o
    0x080028d4   0x080028d4   0x00000020   Code   RO         5583    i.xTaskGetSchedulerState  tasks.o
    0x080028f4   0x080028f4   0x000001a8   Code   RO         5586    i.xTaskIncrementTick  tasks.o
    0x08002a9c   0x08002a9c   0x0000000a   Code   RO         6396    x$fpl$fpinit        fz_wm.l(fpinit.o)
    0x08002aa6   0x08002aa6   0x00000018   Data   RO          274    .constdata          system_stm32f4xx.o
    0x08002abe   0x08002abe   0x00000011   Data   RO         6196    .constdata          c_w.l(__printf_flags_wp.o)
    0x08002acf   0x08002acf   0x00000001   PAD
    0x08002ad0   0x08002ad0   0x00000020   Data   RO         6458    Region$$Table       anon$$obj.o


    Execution Region RW_IRAM1 (Exec base: 0x20000000, Load base: 0x08002af0, Size: 0x00001ad0, Max: 0x00018000, ABSOLUTE)

    Exec Addr    Load Addr    Size         Type   Attr      Idx    E Section Name        Object

    0x20000000   0x08002af0   0x00000004   Data   RW          275    .data               system_stm32f4xx.o
    0x20000004   0x08002af4   0x00000021   Data   RW          420    .data               main.o
    0x20000025   0x08002b15   0x00000003   PAD
    0x20000028   0x08002b18   0x00000010   Data   RW         1241    .data               patch_delay_test.o
    0x20000038   0x08002b28   0x00000009   Data   RW         1343    .data               stm32f4xx_hal.o
    0x20000041   0x08002b31   0x00000003   PAD
    0x20000044   0x08002b34   0x00000004   Data   RW         4500    .data               delay.o
    0x20000048   0x08002b38   0x0000000c   Data   RW         4632    .data               usart.o
    0x20000054   0x08002b44   0x00000040   Data   RW         5593    .data               tasks.o
    0x20000094        -       0x00000fa0   Zero   RW          419    .bss                main.o
    0x20001034        -       0x00000048   Zero   RW         1240    .bss                patch_delay_test.o
    0x2000107c        -       0x0000010c   Zero   RW         4631    .bss                usart.o
    0x20001188        -       0x000002e4   Zero   RW         5592    .bss                tasks.o
    0x2000146c        -       0x00000060   Zero   RW         6323    .bss                c_w.l(libspace.o)
    0x200014cc   0x08002b84   0x00000004   PAD
    0x200014d0        -       0x00000200   Zero   RW            2    HEAP                startup_stm32f401xe.o
    0x200016d0        -       0x00000400   Zero   RW            1    STACK               startup_stm32f401xe.o


==============================================================================

Image component sizes


      Code (inc. data)   RO Data    RW Data    ZI Data      Debug   Object Name

       148          8          0          4          0       2086   delay.o
         0          0          0          0          0       2212   freertoscve.o
       152         10          0          0          0       1151   led.o
       818         82          0         33       4000      46949   main.o
       398          0          0          0          0       3792   max30102.o
       746         40          0          0          0       5558   myiic.o
        44         14          0         16         72       2221   patch_delay_test.o
       242         22          0          0          0       4070   port.o
       216         26        404          0       1536       1040   startup_stm32f401xe.o
       174         32          0          9          0       9499   stm32f4xx_hal.o
       344         22          0          0          0      35341   stm32f4xx_hal_cortex.o
       210          0          0          0          0       2183   stm32f4xx_hal_dma.o
       500         32          0          0          0       3019   stm32f4xx_hal_gpio.o
      1820         84          0          0          0       5976   stm32f4xx_hal_rcc.o
       414          0          0          0          0       3974   stm32f4xx_hal_tim.o
         4          0          0          0          0       1793   stm32f4xx_hal_tim_ex.o
      1816         16          0          0          0      11068   stm32f4xx_hal_uart.o
        46          6          0          0          0     363907   stm32f4xx_it.o
        20          6         24          4          0     412295   system_stm32f4xx.o
       624         80          0         64        740      19256   tasks.o
       412         56          0         12        268       6019   usart.o

    ----------------------------------------------------------------------
      9170        536        460        148       6616     943409   Object Totals
         0          0         32          0          0          0   (incl. Generated)
        22          0          0          6          0          0   (incl. Padding)

    ----------------------------------------------------------------------

      Code (inc. data)   RO Data    RW Data    ZI Data      Debug   Library Member Name

         8          0          0          0          0         68   __main.o
       312          4         17          0          0         92   __printf_flags_wp.o
        14          0          0          0          0         68   __printf_wp.o
         0          0          0          0          0          0   __rtentry.o
        12          0          0          0          0          0   __rtentry2.o
         6          0          0          0          0          0   __rtentry4.o
        52          8          0          0          0          0   __scatter.o
        26          0          0          0          0          0   __scatter_copy.o
        28          0          0          0          0          0   __scatter_zi.o
        48          6          0          0          0         96   _printf_char_common.o
        36          4          0          0          0         80   _printf_char_file.o
         6          0          0          0          0          0   _printf_d.o
       120         16          0          0          0         92   _printf_dec.o
       178          0          0          0          0         88   _printf_intcommon.o
         0          0          0          0          0          0   _printf_percent.o
         4          0          0          0          0          0   _printf_percent_end.o
        18          0          0          0          0         80   exit.o
         8          0          0          0          0         68   ferror.o
         6          0          0          0          0        152   heapauxi.o
         2          0          0          0          0          0   libinit.o
         6          0          0          0          0          0   libinit2.o
         2          0          0          0          0          0   libshutdown.o
         2          0          0          0          0          0   libshutdown2.o
         8          4          0          0         96         68   libspace.o
       238          0          0          0          0        100   lludivv7m.o
        24          4          0          0          0         84   noretval__2printf.o
        78          0          0          0          0         80   rt_memclr_w.o
         2          0          0          0          0          0   rtexit.o
        10          0          0          0          0          0   rtexit2.o
        74          0          0          0          0         80   sys_stackheap_outer.o
         2          0          0          0          0         68   use_no_semi.o
         2          0          0          0          0         68   use_no_semi_2.o
        10          0          0          0          0        116   fpinit.o

    ----------------------------------------------------------------------
      1344         46         18          0        100       1548   Library Totals
         2          0          1          0          4          0   (incl. Padding)

    ----------------------------------------------------------------------

      Code (inc. data)   RO Data    RW Data    ZI Data      Debug   Library Name

      1332         46         17          0         96       1432   c_w.l
        10          0          0          0          0        116   fz_wm.l

    ----------------------------------------------------------------------
      1344         46         18          0        100       1548   Library Totals

    ----------------------------------------------------------------------

==============================================================================


      Code (inc. data)   RO Data    RW Data    ZI Data      Debug   

     10514        582        478        148       6716     936381   Grand Totals
     10514        582        478        148       6716     936381   ELF Image Totals
     10514        582        478        148          0          0   ROM Totals

==============================================================================

    Total RO  Size (Code + RO Data)                10992 (  10.73kB)
    Total RW  Size (RW Data + ZI Data)              6864 (   6.70kB)
    Total ROM Size (Code + RO Data + RW Data)      11140 (  10.88kB)

==============================================================================

