<html>
<body>
<pre>
<h1>µVision Build Log</h1>
<h2>Tool Versions:</h2>
IDE-Version: ¦ÌVision V5.38.0.0
Copyright (C) 2022 ARM Ltd and ARM Germany GmbH. All rights reserved.
License Information: °¡ 534299650@qq.com,  , LIC=VGXG8-3PBYS-QD9KD-8W7I1-WCZLV-LRJ1C
 
Tool Versions:
Toolchain:       MDK-ARM Plus  Version: 5.38.0.0
Toolchain Path:  E:\Keil_v5\ARM\ARMCC\Bin
C Compiler:      Armcc.exe V5.06 update 7 (build 960)
Assembler:       Armasm.exe V5.06 update 7 (build 960)
Linker/Locator:  ArmLink.exe V5.06 update 7 (build 960)
Library Manager: ArmAr.exe V5.06 update 7 (build 960)
Hex Converter:   FromElf.exe V5.06 update 7 (build 960)
CPU DLL:         SARMCM3.DLL V5.38.0.0
Dialog DLL:      DCM.DLL V1.17.5.0
Target DLL:      STLink\ST-LINKIII-KEIL_SWO.dll V3.1.0.0
Dialog DLL:      TCM.DLL V1.56.4.0
 
<h2>Project:</h2>
H:\stm32f401re\StackPatchAE\VulDevice\STM32F401RE\srampatch\sram_cve\Projects\MDK-ARM\f401re.uvprojx
Project File Date:  08/28/2025

<h2>Output:</h2>
*** Using Compiler 'V5.06 update 7 (build 960)', folder: 'E:\Keil_v5\ARM\ARMCC\Bin'
Build target 'template'
compiling cvefunc.c...
..\..\User\cvefunc.h(122): warning:  #381-D: extra ";" ignored
  	_POLL_EVENT;
..\..\User\cvefunc.h(123): warning:  #381-D: extra ";" ignored
  	_OBJECT_TRACING_NEXT_PTR(k_sem);
..\..\User\cvefunc.c(63): warning:  #188-D: enumerated type mixed with another type
  			status = 0;
..\..\User\cvefunc.c(120): warning:  #177-D: variable "fa"  was declared but never referenced
  				const struct flash_area *fa;
..\..\User\cvefunc.c(102): warning:  #177-D: variable "ret"  was declared but never referenced
  	int ret;
..\..\User\cvefunc.c(262): warning:  #177-D: variable "addr"  was declared but never referenced
  	struct addrinfo *addr;
..\..\User\cvefunc.c(263): warning:  #550-D: variable "hints"  was set but never used
  	struct addrinfo hints;
..\..\User\cvefunc.c(264): warning:  #177-D: variable "resolve_attempts"  was declared but never referenced
  	int resolve_attempts = 10;
..\..\User\cvefunc.c(265): warning:  #177-D: variable "ret"  was declared but never referenced
  	int ret = -1;
..\..\User\cvefunc.c(276): warning:  #177-D: variable "verify"  was declared but never referenced
  	int verify = 0;
..\..\User\cvefunc.c(277): warning:  #177-D: variable "sec_list"  was declared but never referenced
  	sec_tag_t sec_list[] = { CA_CERTIFICATE_TAG };
..\..\User\cvefunc.c(278): warning:  #177-D: variable "protocol"  was declared but never referenced
  	int protocol = IPPROTO_DTLS_1_2;
..\..\User\cvefunc.c(279): warning:  #177-D: variable "port"  was declared but never referenced
  	char port[] = "5684";
..\..\User\cvefunc.c(317): warning:  #550-D: variable "buf"  was set but never used
  	struct net_buf *buf;
..\..\User\cvefunc.c(338): warning:  #177-D: variable "conn_offset_us"  was declared but never referenced
  	u32_t conn_offset_us, conn_interval_us;
..\..\User\cvefunc.c(338): warning:  #177-D: variable "conn_interval_us"  was declared but never referenced
  	u32_t conn_offset_us, conn_interval_us;
..\..\User\cvefunc.c(339): warning:  #177-D: variable "ticker_id_adv"  was declared but never referenced
  	u8_t ticker_id_adv, ticker_id_conn;
..\..\User\cvefunc.c(339): warning:  #177-D: variable "ticker_id_conn"  was declared but never referenced
  	u8_t ticker_id_adv, ticker_id_conn;
..\..\User\cvefunc.c(340): warning:  #177-D: variable "peer_addr"  was declared but never referenced
  	u8_t peer_addr[BDADDR_SIZE];
..\..\User\cvefunc.c(341): warning:  #177-D: variable "ticks_slot_overhead"  was declared but never referenced
  	u32_t ticks_slot_overhead;
..\..\User\cvefunc.c(342): warning:  #177-D: variable "ticks_slot_offset"  was declared but never referenced
  	u32_t ticks_slot_offset;
..\..\User\cvefunc.c(344): warning:  #550-D: variable "adv"  was set but never used
  	struct ll_adv_set *adv;
..\..\User\cvefunc.c(345): warning:  #177-D: variable "cc"  was declared but never referenced
  	struct node_rx_cc *cc;
..\..\User\cvefunc.c(346): warning:  #550-D: variable "conn"  was set but never used
  	struct ll_conn *conn;
..\..\User\cvefunc.c(347): warning:  #177-D: variable "ticker_status"  was declared but never referenced
  	u32_t ticker_status;
..\..\User\cvefunc.c(348): warning:  #177-D: variable "peer_addr_type"  was declared but never referenced
  	u8_t peer_addr_type;
..\..\User\cvefunc.c(349): warning:  #177-D: variable "win_offset"  was declared but never referenced
  	u16_t win_offset;
..\..\User\cvefunc.c(350): warning:  #177-D: variable "timeout"  was declared but never referenced
  	u16_t timeout;
..\..\User\cvefunc.c(352): warning:  #177-D: variable "chan_sel"  was declared but never referenced
  	u8_t chan_sel;
..\..\User\cvefunc.c(386): warning:  #177-D: variable "shift"  was declared but never referenced
  	u8_t shift = 0U;
..\..\User\cvefunc.c(535): warning:  #940-D: missing return statement at end of non-void function "mqtt_read_message_chunk" 
  }
..\..\User\cvefunc.c(516): warning:  #177-D: variable "len"  was declared but never referenced
  	int len;
..\..\User\cvefunc.c(700): warning:  #177-D: variable "prev"  was declared but never referenced
  	struct pdu_adv *prev;
..\..\User\cvefunc.c(701): warning:  #177-D: variable "pdu"  was declared but never referenced
  	struct pdu_adv *pdu;
..\..\User\cvefunc.c(702): warning:  #177-D: variable "idx"  was declared but never referenced
  	uint8_t idx;
..\..\User\cvefunc.c(730): warning:  #550-D: variable "ext_data"  was set but never used
  	uint32_t ext_data = 0;
..\..\User\cvefunc.c(752): warning:  #191-D: type qualifier is meaningless on cast type
  	struct nrf5_802154_data *nrf5_radio = NRF5_802154_DATA(dev);
..\..\User\cvefunc.c(755): warning:  #177-D: variable "ret"  was declared but never referenced
  	bool ret = true;
..\..\User\cvefunc.c(812): warning:  #177-D: variable "t"  was declared but never referenced
      struct pico_socket_tcp *t = (struct pico_socket_tcp *)f->sock;
..\..\User\cvefunc.c(887): warning:  #940-D: missing return statement at end of non-void function "ProcessReplyEx" 
  }
..\..\User\cvefunc.c(892): warning:  #1-D: last line of file ends without a newline
                  
..\..\User\cvefunc.c(99): warning:  #177-D: function "dfu_class_handle_req"  was declared but never referenced
  static int dfu_class_handle_req(struct usb_setup_packet *pSetup,
..\..\User\cvefunc.c(140): warning:  #177-D: function "infoTransfer"  was declared but never referenced
  static bool infoTransfer(void)
..\..\User\cvefunc.c(260): warning:  #177-D: function "start_coap_client"  was declared but never referenced
  static bool start_coap_client(void)
..\..\User\cvefunc.c(315): warning:  #177-D: function "send_cmd"  was declared but never referenced
  static void send_cmd(void)
..\..\User\cvefunc.c(436): warning:  #177-D: function "u16_add_overflow"  was declared but never referenced
  static inline bool u16_add_overflow(u16_t a, u16_t b, u16_t *result)
..\..\User\cvefunc.c(445): warning:  #177-D: function "parse_option"  was declared but never referenced
  static int parse_option(u8_t *data, u16_t offset, u16_t *pos,
..\..\User\cvefunc.c(511): warning:  #177-D: function "mqtt_read_message_chunk"  was declared but never referenced
  static int mqtt_read_message_chunk(struct mqtt_client *client,
..\..\User\cvefunc.c(548): warning:  #177-D: function "is_mount_point"  was declared but never referenced
  static bool is_mount_point(const char *path)
..\..\User\cvefunc.c(609): warning:  #177-D: function "cmd_write"  was declared but never referenced
  static int cmd_write(const struct shell *shell_ptr, size_t argc, char *argv[])
..\..\User\cvefunc.c(660): warning:  #177-D: function "tcp_flags"  was declared but never referenced
  static const char *tcp_flags(uint8_t flags)
..\..\User\cvefunc.c(716): warning:  #177-D: function "send"  was declared but never referenced
  static int send(const struct device *dev, int wait, uint32_t id,
..\..\User\cvefunc.c(747): warning:  #177-D: function "nrf5_tx"  was declared but never referenced
  static int nrf5_tx(const struct device *dev,
..\..\User\cvefunc.c(810): warning:  #177-D: function "tcp_parse_options"  was declared but never referenced
  static int tcp_parse_options(struct pico_frame *f)
..\..\User\cvefunc.c: 54 warnings, 0 errors
compiling main.c...
..\..\User\cvefunc.h(122): warning:  #381-D: extra ";" ignored
  	_POLL_EVENT;
..\..\User\cvefunc.h(123): warning:  #381-D: extra ";" ignored
  	_OBJECT_TRACING_NEXT_PTR(k_sem);
..\..\User\main.c(12): warning:  #177-D: variable "patch_2017_14199_1"  was declared but never referenced
  static uint8_t patch_2017_14199_1[] = ""
..\..\User\main.c(17): warning:  #177-D: variable "patch_2017_14199_2"  was declared but never referenced
  static uint8_t patch_2017_14199_2[] = ""
..\..\User\main.c(28): warning:  #177-D: variable "patch_2020_10021"  was declared but never referenced
  static uint8_t patch_2020_10021[] = ""
..\..\User\main.c(33): warning:  #177-D: variable "patch_2020_10023"  was declared but never referenced
  static uint8_t patch_2020_10023[] = ""
..\..\User\main.c(37): warning:  #177-D: variable "patch_2020_10059"  was declared but never referenced
  static uint8_t patch_2020_10059[] = ""
..\..\User\main.c(41): warning:  #177-D: variable "patch_2020_10066"  was declared but never referenced
  static uint8_t patch_2020_10066[] = ""
..\..\User\main.c(45): warning:  #177-D: variable "patch_2020_10069"  was declared but never referenced
  static uint8_t patch_2020_10069[] = ""
..\..\User\main.c(52): warning:  #177-D: variable "patch_2020_10062"  was declared but never referenced
  static uint8_t patch_2020_10062[] = ""
..\..\User\main.c(59): warning:  #177-D: variable "patch_2020_10063"  was declared but never referenced
  static uint8_t patch_2020_10063[] = ""
..\..\User\main.c(66): warning:  #177-D: variable "patch_2020_10070_1"  was declared but never referenced
  static uint8_t patch_2020_10070_1[] = ""
..\..\User\main.c(72): warning:  #177-D: variable "patch_2020_10070_2"  was declared but never referenced
  static uint8_t patch_2020_10070_2[] = ""
..\..\User\main.c(78): warning:  #177-D: variable "patch_2023_6749"  was declared but never referenced
  static uint8_t patch_2023_6749[] = ""
..\..\User\main.c(83): warning:  #177-D: variable "patch_2022_1841"  was declared but never referenced
  static uint8_t patch_2022_1841[] = ""
..\..\User\main.c(88): warning:  #177-D: variable "patch_2021_3581"  was declared but never referenced
  static uint8_t patch_2021_3581[] = ""
..\..\User\main.c(94): warning:  #177-D: variable "patch_2023_5184"  was declared but never referenced
  static uint8_t patch_2023_5184[] = ""
..\..\User\main.c(98): warning:  #177-D: variable "patch_2023_4263"  was declared but never referenced
  static uint8_t patch_2023_4263[] = ""
..\..\User\main.c(103): warning:  #177-D: variable "patch_2020_17445"  was declared but never referenced
  static uint8_t patch_2020_17445[] = ""
..\..\User\main.c(110): warning:  #177-D: variable "patch_2020_24337"  was declared but never referenced
  static uint8_t patch_2020_24337[] = ""
..\..\User\main.c(119): warning:  #177-D: variable "patch_2024_0901"  was declared but never referenced
  static uint8_t patch_2024_0901[] = ""
..\..\User\main.c: 21 warnings, 0 errors
compiling stm32f4xx_hal.c...
compiling patch.c...
..\..\User\cvefunc.h(122): warning:  #381-D: extra ";" ignored
  	_POLL_EVENT;
..\..\User\cvefunc.h(123): warning:  #381-D: extra ";" ignored
  	_OBJECT_TRACING_NEXT_PTR(k_sem);
..\..\User\patch.c(177): warning:  #186-D: pointless comparison of unsigned integer with zero
  		if( *(pStack + 1u)<0){ 
..\..\User\patch.c(192): warning:  #68-D: integer conversion resulted in a change of sign
  			  *(pStack + 9u) = -EMSGSIZE;
..\..\User\patch.c(206): warning:  #68-D: integer conversion resulted in a change of sign
  			  *(pStack + 9u) = -1;
..\..\User\patch.c(221): warning:  #68-D: integer conversion resulted in a change of sign
  			  *(pStack + 9u) = -1;
..\..\User\patch.c: 6 warnings, 0 errors
compiling stm32f4xx_it.c...
compiling stm32f4xx_hal_dma.c...
compiling system_stm32f4xx.c...
compiling stm32f4xx_hal_cortex.c...
compiling stm32f4xx_hal_dma_ex.c...
compiling stm32f4xx_hal_pwr.c...
compiling stm32f4xx_hal_gpio.c...
compiling stm32f4xx_hal_pwr_ex.c...
compiling stm32f4xx_hal_uart.c...
compiling stm32f4xx_hal_rcc.c...
compiling stm32f4xx_hal_rcc_ex.c...
compiling stm32f4xx_hal_usart.c...
compiling stm32f4xx_hal_flash.c...
compiling stm32f4xx_hal_flash_ex.c...
compiling stm32f4xx_hal_flash_ramfunc.c...
compiling flash.c...
compiling led.c...
compiling delay.c...
compiling sys.c...
compiling usart.c...
linking...
Program Size: Code=7486 RO-data=518 RW-data=812 ZI-data=1900  
After Build - User command #1: fromelf.exe --bin -o ..\..\Output\f401re.bin ..\..\Output\f401re.axf
"..\..\Output\f401re.axf" - 0 Error(s), 81 Warning(s).

<h2>Software Packages used:</h2>

Package Vendor: Keil
                https://www.keil.com/pack/Keil.STM32F4xx_DFP.2.17.1.pack
                Keil.STM32F4xx_DFP.2.17.1
                STMicroelectronics STM32F4 Series Device Support, Drivers and Examples

<h2>Collection of Component include folders:</h2>
  E:/Users/53429/AppData/Local/Arm/Packs/Keil/STM32F4xx_DFP/2.17.1/Drivers/CMSIS/Device/ST/STM32F4xx/Include

<h2>Collection of Component Files used:</h2>
Build Time Elapsed:  00:00:27
</pre>
</body>
</html>
