<html>
<body>
<pre>
<h1>µVision Build Log</h1>
<h2>Tool Versions:</h2>
IDE-Version: ¦ÌVision V5.38.0.0
Copyright (C) 2022 ARM Ltd and ARM Germany GmbH. All rights reserved.
License Information: °¡ 534299650@qq.com,  , LIC=VGXG8-3PBYS-QD9KD-8W7I1-WCZLV-LRJ1C
 
Tool Versions:
Toolchain:       MDK-ARM Plus  Version: 5.38.0.0
Toolchain Path:  E:\Keil_v5\ARM\ARMCC\Bin
C Compiler:      Armcc.exe V5.06 update 7 (build 960)
Assembler:       Armasm.exe V5.06 update 7 (build 960)
Linker/Locator:  ArmLink.exe V5.06 update 7 (build 960)
Library Manager: ArmAr.exe V5.06 update 7 (build 960)
Hex Converter:   FromElf.exe V5.06 update 7 (build 960)
CPU DLL:         SARMCM3.DLL V5.38.0.0
Dialog DLL:      DCM.DLL V1.17.5.0
Target DLL:      STLink\ST-LINKIII-KEIL_SWO.dll V3.1.0.0
Dialog DLL:      TCM.DLL V1.56.4.0
 
<h2>Project:</h2>
H:\stm32f401re\StackPatch\evaluation\compare\hardware\dwtflashpatch\Projects\MDK-ARM\f401re.uvprojx
Project File Date:  06/04/2024

<h2>Output:</h2>
*** Using Compiler 'V5.06 update 7 (build 960)', folder: 'E:\Keil_v5\ARM\ARMCC\Bin'
Build target 'template'
compiling patch_delay_test.c...
..\..\User\patch_delay_test.h(12): warning:  #1295-D: Deprecated declaration dwt_init - give arg types
  void dwt_init();
..\..\User\patch_delay_test.h(13): warning:  #1295-D: Deprecated declaration dwt_deinit - give arg types
  void dwt_deinit();
..\..\User\patch_delay_test.h(14): warning:  #1295-D: Deprecated declaration dwt_get_counter - give arg types
  uint32_t dwt_get_counter();
..\..\User\patch_delay_test.h(18): warning:  #1295-D: Deprecated declaration MeasureTimeStart - give arg types
  void MeasureTimeStart();
..\..\User\patch_delay_test.h(21): warning:  #1-D: last line of file ends without a newline
  int MeasureTimeEnd();
..\..\User\patch_delay_test.h(21): warning:  #1295-D: Deprecated declaration MeasureTimeEnd - give arg types
  int MeasureTimeEnd();
..\..\User\patch_delay_test.c: 6 warnings, 0 errors
linking...
Program Size: Code=20476 RO-data=848 RW-data=900 ZI-data=13060  
After Build - User command #1: fromelf.exe --bin -o ..\..\Output\hhf401re.bin ..\..\Output\f401re.axf
Error: Q0147E: Failed to create Directory ..\..\Output\hhf401re.bin\ER_IROM1: File exists
Finished: 0 information, 0 warning and 1 error messages.
"..\..\Output\f401re.axf" - 0 Error(s), 6 Warning(s).

<h2>Software Packages used:</h2>

Package Vendor: Keil
                https://www.keil.com/pack/Keil.STM32F4xx_DFP.2.17.1.pack
                Keil.STM32F4xx_DFP.2.17.1
                STMicroelectronics STM32F4 Series Device Support, Drivers and Examples

<h2>Collection of Component include folders:</h2>
  E:/Users/53429/AppData/Local/Arm/Packs/Keil/STM32F4xx_DFP/2.17.1/Drivers/CMSIS/Device/ST/STM32F4xx/Include

<h2>Collection of Component Files used:</h2>
Build Time Elapsed:  00:00:01
</pre>
</body>
</html>
