<html>
<body>
<pre>
<h1>µVision Build Log</h1>
<h2>Tool Versions:</h2>
IDE-Version: ¦ÌVision V5.25.2.0
Copyright (C) 2018 ARM Ltd and ARM Germany GmbH. All rights reserved.
License Information: Administrator,  , LIC=GMZCX-HTB93-Y7XRW-QC4RL-NQ06N-L00A2
 
Tool Versions:
Toolchain:       MDK-ARM Plus  Version: 5.25.2.0
Toolchain Path:  D:\MDK525\ARM\ARMCC\Bin
C Compiler:      Armcc.exe V5.06 update 6 (build 750)
Assembler:       Armasm.exe V5.06 update 6 (build 750)
Linker/Locator:  ArmLink.exe V5.06 update 6 (build 750)
Library Manager: ArmAr.exe V5.06 update 6 (build 750)
Hex Converter:   FromElf.exe V5.06 update 6 (build 750)
CPU DLL:         SARMCM3.DLL V5.25.2.0
Dialog DLL:      DCM.DLL V1.17.1.0
Target DLL:      STLink\ST-LINKIII-KEIL_SWO.dll V3.0.1.0
Dialog DLL:      TCM.DLL V1.35.1.0
 
<h2>Project:</h2>
D:\CubeMX\package\en.fp-ind-plcwifi1\STM32CubeFunctionPack_PLCWIFI1_V1.0.1\Projects\Multi\Applications\FP_IND_PLCWIFI1\MDK-ARM\STM32F401RE-Nucleo\Project.uvprojx
Project File Date:  12/21/2018

<h2>Output:</h2>
*** Using Compiler 'V5.06 update 6 (build 750)', folder: 'D:\MDK525\ARM\ARMCC\Bin'
Build target 'OUT01A1'
compiling CLT01_38S.c...
compiling ISO8200BQ.c...
compiling VNI8200XP.c...
compiling system_stm32f4xx.c...
compiling console.c...
compiling stm32f4xx_nucleo.c...
compiling X_NUCLEO_PLC01A1.c...
../../../../../../Drivers/BSP/X-NUCLEO/X-NUCLEO-PLC01A1/X_NUCLEO_PLC01A1.c(965): warning:  #1035-D: single-precision operand implicitly converted to double-precision
    if(num3>0.5)
../../../../../../Drivers/BSP/X-NUCLEO/X-NUCLEO-PLC01A1/X_NUCLEO_PLC01A1.c: 1 warning, 0 errors
compiling stm32f4xx_hal_pwr_ex.c...
compiling X_NUCLEO_01A1.c...
compiling stm32f4xx_hal_flash.c...
compiling stm32_spwf_wifi.c...
compiling stm32_xx_it.c...
compiling stm32f4xx_hal_flash_ex.c...
compiling stm32_xx_hal_msp.c...
compiling PLC_Handling.c...
compiling main.c...
compiling wifi_interface.c...
compiling wifi_module.c...
compiling stm32f4xx_hal_gpio.c...
compiling stm32f4xx_hal_usart.c...
compiling stm32f4xx_hal_flash_ramfunc.c...
compiling stm32f4xx_hal_dma.c...
compiling stm32f4xx_hal_rcc_ex.c...
compiling stm32f4xx_hal.c...
compiling stm32f4xx_hal_cortex.c...
compiling stm32f4xx_hal_pwr.c...
compiling stm32f4xx_hal_tim_ex.c...
compiling stm32f4xx_hal_adc_ex.c...
compiling stm32f4xx_hal_rcc.c...
compiling stm32f4xx_hal_adc.c...
compiling stm32f4xx_hal_uart.c...
compiling stm32f4xx_hal_spi.c...
assembling startup_stm32f401xe.s...
compiling stm32f4xx_hal_tim.c...
compiling event_buffer.c...
compiling ring_buffer.c...
compiling wifi_globals.c...
compiling Ladder_Lib.c...
linking...
Program Size: Code=37888 RO-data=648 RW-data=344 ZI-data=25176  
FromELF: creating hex file...
"OUT01A1\OUT01A1.axf" - 0 Error(s), 1 Warning(s).

<h2>Software Packages used:</h2>

Package Vendor: ARM
                http://www.keil.com/pack/ARM.CMSIS.5.4.0.pack
                ARM.CMSIS.5.4.0
                CMSIS (Cortex Microcontroller Software Interface Standard)
   * Component: CORE Version: 5.1.2

Package Vendor: Keil
                http://www.keil.com/pack/Keil.STM32F4xx_DFP.2.13.0.pack
                Keil.STM32F4xx_DFP.2.13.0
                STMicroelectronics STM32F4 Series Device Support, Drivers and Examples

<h2>Collection of Component include folders:</h2>
  .\RTE\_OUT01A1
  D:\MDK525\ARM\PACK\ARM\CMSIS\5.4.0\CMSIS\Core\Include
  D:\MDK525\ARM\PACK\Keil\STM32F4xx_DFP\2.13.0\Drivers\CMSIS\Device\ST\STM32F4xx\Include

<h2>Collection of Component Files used:</h2>

   * Component: ARM::CMSIS:CORE:5.1.2
Build Time Elapsed:  00:00:10
</pre>
</body>
</html>
