<html>
<body>
<pre>
<h1>µVision Build Log</h1>
<h2>Tool Versions:</h2>
IDE-Version: ¦ÌVision V5.38.0.0
Copyright (C) 2022 ARM Ltd and ARM Germany GmbH. All rights reserved.
License Information: °¡ 534299650@qq.com,  , LIC=VGXG8-3PBYS-QD9KD-8W7I1-WCZLV-LRJ1C
 
Tool Versions:
Toolchain:       MDK-ARM Plus  Version: 5.38.0.0
Toolchain Path:  E:\Keil_v5\ARM\ARMCC\Bin
C Compiler:      Armcc.exe V5.06 update 7 (build 960)
Assembler:       Armasm.exe V5.06 update 7 (build 960)
Linker/Locator:  ArmLink.exe V5.06 update 7 (build 960)
Library Manager: ArmAr.exe V5.06 update 7 (build 960)
Hex Converter:   FromElf.exe V5.06 update 7 (build 960)
CPU DLL:         SARMCM3.DLL V5.38.0.0
Dialog DLL:      DCM.DLL V1.17.5.0
Target DLL:      STLink\ST-LINKIII-KEIL_SWO.dll V3.1.0.0
Dialog DLL:      TCM.DLL V1.56.4.0
 
<h2>Project:</h2>
H:\stm32f401re\evaluation\dispatchdelaynew\Projects\MDK-ARM\f401re.uvprojx
Project File Date:  06/10/2024

<h2>Output:</h2>
*** Using Compiler 'V5.06 update 7 (build 960)', folder: 'E:\Keil_v5\ARM\ARMCC\Bin'
Build target 'template'
compiling patch_delay_test.c...
..\..\User\patch_delay_test.h(12): warning:  #1295-D: Deprecated declaration dwt_init - give arg types
  void dwt_init();
..\..\User\patch_delay_test.h(13): warning:  #1295-D: Deprecated declaration dwt_deinit - give arg types
  void dwt_deinit();
..\..\User\patch_delay_test.h(14): warning:  #1295-D: Deprecated declaration dwt_get_counter - give arg types
  uint32_t dwt_get_counter();
..\..\User\patch_delay_test.h(18): warning:  #1295-D: Deprecated declaration MeasureTimeStart - give arg types
  void MeasureTimeStart();
..\..\User\patch_delay_test.h(21): warning:  #1-D: last line of file ends without a newline
  int MeasureTimeEnd();
..\..\User\patch_delay_test.h(21): warning:  #1295-D: Deprecated declaration MeasureTimeEnd - give arg types
  int MeasureTimeEnd();
..\..\User\patch_delay_test.c: 6 warnings, 0 errors
compiling freertoscve.c...
..\..\User\patch_delay_test.h(12): warning:  #1295-D: Deprecated declaration dwt_init - give arg types
  void dwt_init();
..\..\User\patch_delay_test.h(13): warning:  #1295-D: Deprecated declaration dwt_deinit - give arg types
  void dwt_deinit();
..\..\User\patch_delay_test.h(14): warning:  #1295-D: Deprecated declaration dwt_get_counter - give arg types
  uint32_t dwt_get_counter();
..\..\User\patch_delay_test.h(18): warning:  #1295-D: Deprecated declaration MeasureTimeStart - give arg types
  void MeasureTimeStart();
..\..\User\patch_delay_test.h(21): warning:  #1-D: last line of file ends without a newline
  int MeasureTimeEnd();
..\..\User\patch_delay_test.h(21): warning:  #1295-D: Deprecated declaration MeasureTimeEnd - give arg types
  int MeasureTimeEnd();
..\..\User\freertoscve.c(27): warning:  #177-D: variable "uxHeaderLength"  was declared but never referenced
  	uint32_t uxHeaderLength = ( uint32_t ) ( ( pxIPHeader->ucVersionHeaderLength & 0x0Fu ) << 2 );
..\..\User\freertoscve.c(28): warning:  #177-D: variable "ucProtocol"  was declared but never referenced
  	uint8_t ucProtocol;
..\..\User\freertoscve.c(92): warning:  #188-D: enumerated type mixed with another type
  	return 1;
..\..\User\freertoscve.c(76): warning:  #177-D: variable "eReturn"  was declared but never referenced
  eFrameProcessingResult_t eReturn;
..\..\User\freertoscve.c(78): warning:  #177-D: variable "uxHeaderLength"  was declared but never referenced
  UBaseType_t uxHeaderLength = ( UBaseType_t ) ( ( pxIPHeader->ucVersionHeaderLength & 0x0Fu ) << 2 );
..\..\User\freertoscve.c(79): warning:  #550-D: variable "ucProtocol"  was set but never used
  uint8_t ucProtocol;
..\..\User\freertoscve.c(152): warning:  #550-D: variable "i"  was set but never used
  	int i;
..\..\User\freertoscve.c(176): warning:  #550-D: variable "ucProtocol"  was set but never used
  uint8_t ucProtocol;
..\..\User\freertoscve.c(265): warning:  #177-D: variable "xRemainingOptionsBytes"  was declared but never referenced
          UBaseType_t xRemainingOptionsBytes = pucLast - pucPtr;
..\..\User\freertoscve.c(247): warning:  #177-D: variable "uxNewMSS"  was declared but never referenced
  UBaseType_t uxNewMSS;
..\..\User\freertoscve.c(296): warning:  #513-D: a value of type "TCPPacket_t *" cannot be assigned to an entity of type "uint8_t *"
  	testdata.pucEthernetBuffer = &prv;
..\..\User\freertoscve.c(312): warning:  #177-D: variable "uxNewMSS"  was declared but never referenced
  UBaseType_t uxNewMSS;
..\..\User\freertoscve.c(362): warning:  #513-D: a value of type "TCPPacket_t *" cannot be assigned to an entity of type "uint8_t *"
  	testdata.pucEthernetBuffer = &prv;
..\..\User\freertoscve.c(375): warning:  #177-D: variable "usFlags"  was declared but never referenced
  		uint16_t usFlags, usType, usClass;
..\..\User\freertoscve.c(375): warning:  #177-D: variable "usType"  was declared but never referenced
  		uint16_t usFlags, usType, usClass;
..\..\User\freertoscve.c(375): warning:  #177-D: variable "usClass"  was declared but never referenced
  		uint16_t usFlags, usType, usClass;
..\..\User\freertoscve.c(376): warning:  #177-D: variable "pucSource"  was declared but never referenced
  		uint8_t *pucSource, *pucTarget;
..\..\User\freertoscve.c(376): warning:  #177-D: variable "pucTarget"  was declared but never referenced
  		uint8_t *pucSource, *pucTarget;
..\..\User\freertoscve.c(377): warning:  #177-D: variable "ucByte"  was declared but never referenced
  		uint8_t ucByte;
..\..\User\freertoscve.c(378): warning:  #177-D: variable "ucNBNSName"  was declared but never referenced
  		uint8_t ucNBNSName[ 17 ];
..\..\User\freertoscve.c(439): warning:  #144-D: a value of type "EthernetHeader_t *" cannot be used to initialize an entity of type "uint8_t *"
  		.pucEthernetBuffer = &data,
..\..\User\freertoscve.c(489): warning:  #177-D: variable "pucQueueStorage"  was declared but never referenced
          uint8_t * pucQueueStorage;
..\..\User\freertoscve.c(544): warning:  #177-D: variable "xReturn"  was declared but never referenced
  			BaseType_t xReturn = pdPASS;
..\..\User\freertoscve.c(549): warning:  #940-D: missing return statement at end of non-void function "prvProcessDHCPReplies" 
  }
..\..\User\freertoscve.c(522): warning:  #177-D: variable "pucUDPPayload"  was declared but never referenced
  uint8_t *pucUDPPayload, *pucLastByte;
..\..\User\freertoscve.c(522): warning:  #177-D: variable "pucLastByte"  was declared but never referenced
  uint8_t *pucUDPPayload, *pucLastByte;
..\..\User\freertoscve.c(527): warning:  #177-D: variable "pucByte"  was declared but never referenced
  uint8_t *pucByte, ucOptionCode, ucLength;
..\..\User\freertoscve.c(527): warning:  #177-D: variable "ucOptionCode"  was declared but never referenced
  uint8_t *pucByte, ucOptionCode, ucLength;
..\..\User\freertoscve.c(527): warning:  #177-D: variable "ucLength"  was declared but never referenced
  uint8_t *pucByte, ucOptionCode, ucLength;
..\..\User\freertoscve.c(528): warning:  #177-D: variable "ulProcessed"  was declared but never referenced
  uint32_t ulProcessed, ulParameter;
..\..\User\freertoscve.c(528): warning:  #177-D: variable "ulParameter"  was declared but never referenced
  uint32_t ulProcessed, ulParameter;
..\..\User\freertoscve.c(530): warning:  #177-D: variable "ulMandatoryOptions"  was declared but never referenced
  const uint32_t ulMandatoryOptions = 2ul; /* DHCP server address, and the correct DHCP message type must be present in the options. */
..\..\User\freertoscve.c: 38 warnings, 0 errors
linking...
Program Size: Code=21040 RO-data=656 RW-data=960 ZI-data=13568  
After Build - User command #1: fromelf.exe --bin -o ..\..\Output\hhf401re.bin ..\..\Output\f401re.axf
"..\..\Output\f401re.axf" - 0 Error(s), 44 Warning(s).

<h2>Software Packages used:</h2>

Package Vendor: Keil
                https://www.keil.com/pack/Keil.STM32F4xx_DFP.2.17.1.pack
                Keil.STM32F4xx_DFP.2.17.1
                STMicroelectronics STM32F4 Series Device Support, Drivers and Examples

<h2>Collection of Component include folders:</h2>
  E:/Users/53429/AppData/Local/Arm/Packs/Keil/STM32F4xx_DFP/2.17.1/Drivers/CMSIS/Device/ST/STM32F4xx/Include

<h2>Collection of Component Files used:</h2>
Build Time Elapsed:  00:00:02
</pre>
</body>
</html>
